make  all-recursive
make[1]: Entering directory `/home/hank.fisher/MET9_0_1_nopython/met-9.0.1'
Making all in data
make[2]: Entering directory `/home/hank.fisher/MET9_0_1_nopython/met-9.0.1/data'
Making all in colortables
make[3]: Entering directory `/home/hank.fisher/MET9_0_1_nopython/met-9.0.1/data/colortables'
Making all in NCL_colortables
make[4]: Entering directory `/home/hank.fisher/MET9_0_1_nopython/met-9.0.1/data/colortables/NCL_colortables'
make[4]: Nothing to be done for `all'.
make[4]: Leaving directory `/home/hank.fisher/MET9_0_1_nopython/met-9.0.1/data/colortables/NCL_colortables'
make[4]: Entering directory `/home/hank.fisher/MET9_0_1_nopython/met-9.0.1/data/colortables'
make[4]: Nothing to be done for `all-am'.
make[4]: Leaving directory `/home/hank.fisher/MET9_0_1_nopython/met-9.0.1/data/colortables'
make[3]: Leaving directory `/home/hank.fisher/MET9_0_1_nopython/met-9.0.1/data/colortables'
Making all in config
make[3]: Entering directory `/home/hank.fisher/MET9_0_1_nopython/met-9.0.1/data/config'
make[3]: Nothing to be done for `all'.
make[3]: Leaving directory `/home/hank.fisher/MET9_0_1_nopython/met-9.0.1/data/config'
Making all in map
make[3]: Entering directory `/home/hank.fisher/MET9_0_1_nopython/met-9.0.1/data/map'
Making all in admin_by_country
make[4]: Entering directory `/home/hank.fisher/MET9_0_1_nopython/met-9.0.1/data/map/admin_by_country'
make[4]: Nothing to be done for `all'.
make[4]: Leaving directory `/home/hank.fisher/MET9_0_1_nopython/met-9.0.1/data/map/admin_by_country'
make[4]: Entering directory `/home/hank.fisher/MET9_0_1_nopython/met-9.0.1/data/map'
make[4]: Nothing to be done for `all-am'.
make[4]: Leaving directory `/home/hank.fisher/MET9_0_1_nopython/met-9.0.1/data/map'
make[3]: Leaving directory `/home/hank.fisher/MET9_0_1_nopython/met-9.0.1/data/map'
Making all in poly
make[3]: Entering directory `/home/hank.fisher/MET9_0_1_nopython/met-9.0.1/data/poly'
Making all in HMT_masks
make[4]: Entering directory `/home/hank.fisher/MET9_0_1_nopython/met-9.0.1/data/poly/HMT_masks'
make[4]: Nothing to be done for `all'.
make[4]: Leaving directory `/home/hank.fisher/MET9_0_1_nopython/met-9.0.1/data/poly/HMT_masks'
Making all in NCEP_masks
make[4]: Entering directory `/home/hank.fisher/MET9_0_1_nopython/met-9.0.1/data/poly/NCEP_masks'
make[4]: Nothing to be done for `all'.
make[4]: Leaving directory `/home/hank.fisher/MET9_0_1_nopython/met-9.0.1/data/poly/NCEP_masks'
make[4]: Entering directory `/home/hank.fisher/MET9_0_1_nopython/met-9.0.1/data/poly'
make[4]: Nothing to be done for `all-am'.
make[4]: Leaving directory `/home/hank.fisher/MET9_0_1_nopython/met-9.0.1/data/poly'
make[3]: Leaving directory `/home/hank.fisher/MET9_0_1_nopython/met-9.0.1/data/poly'
Making all in ps
make[3]: Entering directory `/home/hank.fisher/MET9_0_1_nopython/met-9.0.1/data/ps'
make[3]: Nothing to be done for `all'.
make[3]: Leaving directory `/home/hank.fisher/MET9_0_1_nopython/met-9.0.1/data/ps'
Making all in table_files
make[3]: Entering directory `/home/hank.fisher/MET9_0_1_nopython/met-9.0.1/data/table_files'
make[3]: Nothing to be done for `all'.
make[3]: Leaving directory `/home/hank.fisher/MET9_0_1_nopython/met-9.0.1/data/table_files'
Making all in tc_data
make[3]: Entering directory `/home/hank.fisher/MET9_0_1_nopython/met-9.0.1/data/tc_data'
make[3]: Nothing to be done for `all'.
make[3]: Leaving directory `/home/hank.fisher/MET9_0_1_nopython/met-9.0.1/data/tc_data'
Making all in wrappers
make[3]: Entering directory `/home/hank.fisher/MET9_0_1_nopython/met-9.0.1/data/wrappers'
make[4]: Entering directory `/home/hank.fisher/MET9_0_1_nopython/met-9.0.1/data/wrappers'
make[4]: Nothing to be done for `all-am'.
make[4]: Leaving directory `/home/hank.fisher/MET9_0_1_nopython/met-9.0.1/data/wrappers'
make[3]: Leaving directory `/home/hank.fisher/MET9_0_1_nopython/met-9.0.1/data/wrappers'
make[3]: Entering directory `/home/hank.fisher/MET9_0_1_nopython/met-9.0.1/data'
make[3]: Nothing to be done for `all-am'.
make[3]: Leaving directory `/home/hank.fisher/MET9_0_1_nopython/met-9.0.1/data'
make[2]: Leaving directory `/home/hank.fisher/MET9_0_1_nopython/met-9.0.1/data'
Making all in src
make[2]: Entering directory `/home/hank.fisher/MET9_0_1_nopython/met-9.0.1/src'
Making all in basic
make[3]: Entering directory `/home/hank.fisher/MET9_0_1_nopython/met-9.0.1/src/basic'
Making all in vx_log
make[4]: Entering directory `/home/hank.fisher/MET9_0_1_nopython/met-9.0.1/src/basic/vx_log'
/bin/g++ -DHAVE_CONFIG_H -I. -I../../..   -I/home/hank.fisher/MET/external_libs/include -I/home/hank.fisher/MET9_0_1_nopython/external_libs/include -I/home/hank.fisher/MET9_0_1_nopython/external_libs/include -I/home/hank.fisher/MET9_0_1_nopython/external_libs/include -I/home/hank.fisher/MET9_0_1_nopython/external_libs/include -I/home/hank.fisher/MET9_0_1_nopython/external_libs/include -I/home/hank.fisher/MET9_0_1_nopython/external_libs/include -DBLOCK4 -DWITH_GRIB2 -DMET_BASE="\"/home/hank.fisher/MET9_0_1_nopython/share/met\""  -g -MT concat_string.o -MD -MP -MF .deps/concat_string.Tpo -c -o concat_string.o concat_string.cc
mv -f .deps/concat_string.Tpo .deps/concat_string.Po
/bin/g++ -DHAVE_CONFIG_H -I. -I../../..   -I/home/hank.fisher/MET/external_libs/include -I/home/hank.fisher/MET9_0_1_nopython/external_libs/include -I/home/hank.fisher/MET9_0_1_nopython/external_libs/include -I/home/hank.fisher/MET9_0_1_nopython/external_libs/include -I/home/hank.fisher/MET9_0_1_nopython/external_libs/include -I/home/hank.fisher/MET9_0_1_nopython/external_libs/include -I/home/hank.fisher/MET9_0_1_nopython/external_libs/include -DBLOCK4 -DWITH_GRIB2 -DMET_BASE="\"/home/hank.fisher/MET9_0_1_nopython/share/met\""  -g -MT file_fxns.o -MD -MP -MF .deps/file_fxns.Tpo -c -o file_fxns.o file_fxns.cc
mv -f .deps/file_fxns.Tpo .deps/file_fxns.Po
/bin/g++ -DHAVE_CONFIG_H -I. -I../../..   -I/home/hank.fisher/MET/external_libs/include -I/home/hank.fisher/MET9_0_1_nopython/external_libs/include -I/home/hank.fisher/MET9_0_1_nopython/external_libs/include -I/home/hank.fisher/MET9_0_1_nopython/external_libs/include -I/home/hank.fisher/MET9_0_1_nopython/external_libs/include -I/home/hank.fisher/MET9_0_1_nopython/external_libs/include -I/home/hank.fisher/MET9_0_1_nopython/external_libs/include -DBLOCK4 -DWITH_GRIB2 -DMET_BASE="\"/home/hank.fisher/MET9_0_1_nopython/share/met\""  -g -MT indent.o -MD -MP -MF .deps/indent.Tpo -c -o indent.o indent.cc
mv -f .deps/indent.Tpo .deps/indent.Po
/bin/g++ -DHAVE_CONFIG_H -I. -I../../..   -I/home/hank.fisher/MET/external_libs/include -I/home/hank.fisher/MET9_0_1_nopython/external_libs/include -I/home/hank.fisher/MET9_0_1_nopython/external_libs/include -I/home/hank.fisher/MET9_0_1_nopython/external_libs/include -I/home/hank.fisher/MET9_0_1_nopython/external_libs/include -I/home/hank.fisher/MET9_0_1_nopython/external_libs/include -I/home/hank.fisher/MET9_0_1_nopython/external_libs/include -DBLOCK4 -DWITH_GRIB2 -DMET_BASE="\"/home/hank.fisher/MET9_0_1_nopython/share/met\""  -g -MT logger.o -MD -MP -MF .deps/logger.Tpo -c -o logger.o logger.cc
mv -f .deps/logger.Tpo .deps/logger.Po
/bin/g++ -DHAVE_CONFIG_H -I. -I../../..   -I/home/hank.fisher/MET/external_libs/include -I/home/hank.fisher/MET9_0_1_nopython/external_libs/include -I/home/hank.fisher/MET9_0_1_nopython/external_libs/include -I/home/hank.fisher/MET9_0_1_nopython/external_libs/include -I/home/hank.fisher/MET9_0_1_nopython/external_libs/include -I/home/hank.fisher/MET9_0_1_nopython/external_libs/include -I/home/hank.fisher/MET9_0_1_nopython/external_libs/include -DBLOCK4 -DWITH_GRIB2 -DMET_BASE="\"/home/hank.fisher/MET9_0_1_nopython/share/met\""  -g -MT string_array.o -MD -MP -MF .deps/string_array.Tpo -c -o string_array.o string_array.cc
mv -f .deps/string_array.Tpo .deps/string_array.Po
rm -f libvx_log.a
ar cru libvx_log.a concat_string.o file_fxns.o indent.o logger.o string_array.o 
ranlib libvx_log.a
make[4]: Leaving directory `/home/hank.fisher/MET9_0_1_nopython/met-9.0.1/src/basic/vx_log'
Making all in vx_cal
make[4]: Entering directory `/home/hank.fisher/MET9_0_1_nopython/met-9.0.1/src/basic/vx_cal'
/bin/g++ -DHAVE_CONFIG_H -I. -I../../..  -I../../../src/basic/vx_cal -I../../../src/basic/vx_config -I../../../src/basic/vx_log -I../../../src/basic/vx_math -I../../../src/basic/vx_util -I../../../src/libcode/vx_afm -I../../../src/libcode/vx_analysis_util -I../../../src/libcode/vx_color -I../../../src/libcode/vx_data2d -I../../../src/libcode/vx_data2d_factory -I../../../src/libcode/vx_data2d_grib -I../../../src/libcode/vx_data2d_grib2 -I../../../src/libcode/vx_data2d_nccf -I../../../src/libcode/vx_data2d_nc_met -I../../../src/libcode/vx_data2d_nc_pinterp -I../../../src/libcode/vx_data2d_python -I../../../src/libcode/vx_python3_utils -I../../../src/libcode/vx_geodesy -I../../../src/libcode/vx_gis -I../../../src/libcode/vx_gnomon -I../../../src/libcode/vx_grid -I../../../src/libcode/vx_gsl_prob -I../../../src/libcode/vx_nav -I../../../src/libcode/vx_nc_obs -I../../../src/libcode/vx_nc_util -I../../../src/libcode/vx_pb_util -I../../../src/libcode/vx_plot_util -I../../../src/libcode/vx_ps -I../../../src/libcode/vx_pxm -I../../../src/libcode/vx_render -I../../../src/libcode/vx_regrid -I../../../src/libcode/vx_shapedata -I../../../src/libcode/vx_solar -I../../../src/libcode/vx_statistics -I../../../src/libcode/vx_stat_out -I../../../src/libcode/vx_summary -I../../../src/libcode/vx_time_series -I../../../src/libcode/vx_series_data -I../../../src/libcode/vx_tc_util -I/home/hank.fisher/MET/external_libs/include -I/home/hank.fisher/MET9_0_1_nopython/external_libs/include -I/home/hank.fisher/MET9_0_1_nopython/external_libs/include -I/home/hank.fisher/MET9_0_1_nopython/external_libs/include -I/home/hank.fisher/MET9_0_1_nopython/external_libs/include -I/home/hank.fisher/MET9_0_1_nopython/external_libs/include -I/home/hank.fisher/MET9_0_1_nopython/external_libs/include -DBLOCK4 -DWITH_GRIB2 -DMET_BASE="\"/home/hank.fisher/MET9_0_1_nopython/share/met\""  -g -MT libvx_cal_a-date_to_mjd.o -MD -MP -MF .deps/libvx_cal_a-date_to_mjd.Tpo -c -o libvx_cal_a-date_to_mjd.o `test -f 'date_to_mjd.cc' || echo './'`date_to_mjd.cc
mv -f .deps/libvx_cal_a-date_to_mjd.Tpo .deps/libvx_cal_a-date_to_mjd.Po
/bin/g++ -DHAVE_CONFIG_H -I. -I../../..  -I../../../src/basic/vx_cal -I../../../src/basic/vx_config -I../../../src/basic/vx_log -I../../../src/basic/vx_math -I../../../src/basic/vx_util -I../../../src/libcode/vx_afm -I../../../src/libcode/vx_analysis_util -I../../../src/libcode/vx_color -I../../../src/libcode/vx_data2d -I../../../src/libcode/vx_data2d_factory -I../../../src/libcode/vx_data2d_grib -I../../../src/libcode/vx_data2d_grib2 -I../../../src/libcode/vx_data2d_nccf -I../../../src/libcode/vx_data2d_nc_met -I../../../src/libcode/vx_data2d_nc_pinterp -I../../../src/libcode/vx_data2d_python -I../../../src/libcode/vx_python3_utils -I../../../src/libcode/vx_geodesy -I../../../src/libcode/vx_gis -I../../../src/libcode/vx_gnomon -I../../../src/libcode/vx_grid -I../../../src/libcode/vx_gsl_prob -I../../../src/libcode/vx_nav -I../../../src/libcode/vx_nc_obs -I../../../src/libcode/vx_nc_util -I../../../src/libcode/vx_pb_util -I../../../src/libcode/vx_plot_util -I../../../src/libcode/vx_ps -I../../../src/libcode/vx_pxm -I../../../src/libcode/vx_render -I../../../src/libcode/vx_regrid -I../../../src/libcode/vx_shapedata -I../../../src/libcode/vx_solar -I../../../src/libcode/vx_statistics -I../../../src/libcode/vx_stat_out -I../../../src/libcode/vx_summary -I../../../src/libcode/vx_time_series -I../../../src/libcode/vx_series_data -I../../../src/libcode/vx_tc_util -I/home/hank.fisher/MET/external_libs/include -I/home/hank.fisher/MET9_0_1_nopython/external_libs/include -I/home/hank.fisher/MET9_0_1_nopython/external_libs/include -I/home/hank.fisher/MET9_0_1_nopython/external_libs/include -I/home/hank.fisher/MET9_0_1_nopython/external_libs/include -I/home/hank.fisher/MET9_0_1_nopython/external_libs/include -I/home/hank.fisher/MET9_0_1_nopython/external_libs/include -DBLOCK4 -DWITH_GRIB2 -DMET_BASE="\"/home/hank.fisher/MET9_0_1_nopython/share/met\""  -g -MT libvx_cal_a-day_dif.o -MD -MP -MF .deps/libvx_cal_a-day_dif.Tpo -c -o libvx_cal_a-day_dif.o `test -f 'day_dif.cc' || echo './'`day_dif.cc
mv -f .deps/libvx_cal_a-day_dif.Tpo .deps/libvx_cal_a-day_dif.Po
/bin/g++ -DHAVE_CONFIG_H -I. -I../../..  -I../../../src/basic/vx_cal -I../../../src/basic/vx_config -I../../../src/basic/vx_log -I../../../src/basic/vx_math -I../../../src/basic/vx_util -I../../../src/libcode/vx_afm -I../../../src/libcode/vx_analysis_util -I../../../src/libcode/vx_color -I../../../src/libcode/vx_data2d -I../../../src/libcode/vx_data2d_factory -I../../../src/libcode/vx_data2d_grib -I../../../src/libcode/vx_data2d_grib2 -I../../../src/libcode/vx_data2d_nccf -I../../../src/libcode/vx_data2d_nc_met -I../../../src/libcode/vx_data2d_nc_pinterp -I../../../src/libcode/vx_data2d_python -I../../../src/libcode/vx_python3_utils -I../../../src/libcode/vx_geodesy -I../../../src/libcode/vx_gis -I../../../src/libcode/vx_gnomon -I../../../src/libcode/vx_grid -I../../../src/libcode/vx_gsl_prob -I../../../src/libcode/vx_nav -I../../../src/libcode/vx_nc_obs -I../../../src/libcode/vx_nc_util -I../../../src/libcode/vx_pb_util -I../../../src/libcode/vx_plot_util -I../../../src/libcode/vx_ps -I../../../src/libcode/vx_pxm -I../../../src/libcode/vx_render -I../../../src/libcode/vx_regrid -I../../../src/libcode/vx_shapedata -I../../../src/libcode/vx_solar -I../../../src/libcode/vx_statistics -I../../../src/libcode/vx_stat_out -I../../../src/libcode/vx_summary -I../../../src/libcode/vx_time_series -I../../../src/libcode/vx_series_data -I../../../src/libcode/vx_tc_util -I/home/hank.fisher/MET/external_libs/include -I/home/hank.fisher/MET9_0_1_nopython/external_libs/include -I/home/hank.fisher/MET9_0_1_nopython/external_libs/include -I/home/hank.fisher/MET9_0_1_nopython/external_libs/include -I/home/hank.fisher/MET9_0_1_nopython/external_libs/include -I/home/hank.fisher/MET9_0_1_nopython/external_libs/include -I/home/hank.fisher/MET9_0_1_nopython/external_libs/include -DBLOCK4 -DWITH_GRIB2 -DMET_BASE="\"/home/hank.fisher/MET9_0_1_nopython/share/met\""  -g -MT libvx_cal_a-day_of_week.o -MD -MP -MF .deps/libvx_cal_a-day_of_week.Tpo -c -o libvx_cal_a-day_of_week.o `test -f 'day_of_week.cc' || echo './'`day_of_week.cc
mv -f .deps/libvx_cal_a-day_of_week.Tpo .deps/libvx_cal_a-day_of_week.Po
/bin/g++ -DHAVE_CONFIG_H -I. -I../../..  -I../../../src/basic/vx_cal -I../../../src/basic/vx_config -I../../../src/basic/vx_log -I../../../src/basic/vx_math -I../../../src/basic/vx_util -I../../../src/libcode/vx_afm -I../../../src/libcode/vx_analysis_util -I../../../src/libcode/vx_color -I../../../src/libcode/vx_data2d -I../../../src/libcode/vx_data2d_factory -I../../../src/libcode/vx_data2d_grib -I../../../src/libcode/vx_data2d_grib2 -I../../../src/libcode/vx_data2d_nccf -I../../../src/libcode/vx_data2d_nc_met -I../../../src/libcode/vx_data2d_nc_pinterp -I../../../src/libcode/vx_data2d_python -I../../../src/libcode/vx_python3_utils -I../../../src/libcode/vx_geodesy -I../../../src/libcode/vx_gis -I../../../src/libcode/vx_gnomon -I../../../src/libcode/vx_grid -I../../../src/libcode/vx_gsl_prob -I../../../src/libcode/vx_nav -I../../../src/libcode/vx_nc_obs -I../../../src/libcode/vx_nc_util -I../../../src/libcode/vx_pb_util -I../../../src/libcode/vx_plot_util -I../../../src/libcode/vx_ps -I../../../src/libcode/vx_pxm -I../../../src/libcode/vx_render -I../../../src/libcode/vx_regrid -I../../../src/libcode/vx_shapedata -I../../../src/libcode/vx_solar -I../../../src/libcode/vx_statistics -I../../../src/libcode/vx_stat_out -I../../../src/libcode/vx_summary -I../../../src/libcode/vx_time_series -I../../../src/libcode/vx_series_data -I../../../src/libcode/vx_tc_util -I/home/hank.fisher/MET/external_libs/include -I/home/hank.fisher/MET9_0_1_nopython/external_libs/include -I/home/hank.fisher/MET9_0_1_nopython/external_libs/include -I/home/hank.fisher/MET9_0_1_nopython/external_libs/include -I/home/hank.fisher/MET9_0_1_nopython/external_libs/include -I/home/hank.fisher/MET9_0_1_nopython/external_libs/include -I/home/hank.fisher/MET9_0_1_nopython/external_libs/include -DBLOCK4 -DWITH_GRIB2 -DMET_BASE="\"/home/hank.fisher/MET9_0_1_nopython/share/met\""  -g -MT libvx_cal_a-doyhms_to_unix.o -MD -MP -MF .deps/libvx_cal_a-doyhms_to_unix.Tpo -c -o libvx_cal_a-doyhms_to_unix.o `test -f 'doyhms_to_unix.cc' || echo './'`doyhms_to_unix.cc
mv -f .deps/libvx_cal_a-doyhms_to_unix.Tpo .deps/libvx_cal_a-doyhms_to_unix.Po
/bin/g++ -DHAVE_CONFIG_H -I. -I../../..  -I../../../src/basic/vx_cal -I../../../src/basic/vx_config -I../../../src/basic/vx_log -I../../../src/basic/vx_math -I../../../src/basic/vx_util -I../../../src/libcode/vx_afm -I../../../src/libcode/vx_analysis_util -I../../../src/libcode/vx_color -I../../../src/libcode/vx_data2d -I../../../src/libcode/vx_data2d_factory -I../../../src/libcode/vx_data2d_grib -I../../../src/libcode/vx_data2d_grib2 -I../../../src/libcode/vx_data2d_nccf -I../../../src/libcode/vx_data2d_nc_met -I../../../src/libcode/vx_data2d_nc_pinterp -I../../../src/libcode/vx_data2d_python -I../../../src/libcode/vx_python3_utils -I../../../src/libcode/vx_geodesy -I../../../src/libcode/vx_gis -I../../../src/libcode/vx_gnomon -I../../../src/libcode/vx_grid -I../../../src/libcode/vx_gsl_prob -I../../../src/libcode/vx_nav -I../../../src/libcode/vx_nc_obs -I../../../src/libcode/vx_nc_util -I../../../src/libcode/vx_pb_util -I../../../src/libcode/vx_plot_util -I../../../src/libcode/vx_ps -I../../../src/libcode/vx_pxm -I../../../src/libcode/vx_render -I../../../src/libcode/vx_regrid -I../../../src/libcode/vx_shapedata -I../../../src/libcode/vx_solar -I../../../src/libcode/vx_statistics -I../../../src/libcode/vx_stat_out -I../../../src/libcode/vx_summary -I../../../src/libcode/vx_time_series -I../../../src/libcode/vx_series_data -I../../../src/libcode/vx_tc_util -I/home/hank.fisher/MET/external_libs/include -I/home/hank.fisher/MET9_0_1_nopython/external_libs/include -I/home/hank.fisher/MET9_0_1_nopython/external_libs/include -I/home/hank.fisher/MET9_0_1_nopython/external_libs/include -I/home/hank.fisher/MET9_0_1_nopython/external_libs/include -I/home/hank.fisher/MET9_0_1_nopython/external_libs/include -I/home/hank.fisher/MET9_0_1_nopython/external_libs/include -DBLOCK4 -DWITH_GRIB2 -DMET_BASE="\"/home/hank.fisher/MET9_0_1_nopython/share/met\""  -g -MT libvx_cal_a-is_dst.o -MD -MP -MF .deps/libvx_cal_a-is_dst.Tpo -c -o libvx_cal_a-is_dst.o `test -f 'is_dst.cc' || echo './'`is_dst.cc
mv -f .deps/libvx_cal_a-is_dst.Tpo .deps/libvx_cal_a-is_dst.Po
/bin/g++ -DHAVE_CONFIG_H -I. -I../../..  -I../../../src/basic/vx_cal -I../../../src/basic/vx_config -I../../../src/basic/vx_log -I../../../src/basic/vx_math -I../../../src/basic/vx_util -I../../../src/libcode/vx_afm -I../../../src/libcode/vx_analysis_util -I../../../src/libcode/vx_color -I../../../src/libcode/vx_data2d -I../../../src/libcode/vx_data2d_factory -I../../../src/libcode/vx_data2d_grib -I../../../src/libcode/vx_data2d_grib2 -I../../../src/libcode/vx_data2d_nccf -I../../../src/libcode/vx_data2d_nc_met -I../../../src/libcode/vx_data2d_nc_pinterp -I../../../src/libcode/vx_data2d_python -I../../../src/libcode/vx_python3_utils -I../../../src/libcode/vx_geodesy -I../../../src/libcode/vx_gis -I../../../src/libcode/vx_gnomon -I../../../src/libcode/vx_grid -I../../../src/libcode/vx_gsl_prob -I../../../src/libcode/vx_nav -I../../../src/libcode/vx_nc_obs -I../../../src/libcode/vx_nc_util -I../../../src/libcode/vx_pb_util -I../../../src/libcode/vx_plot_util -I../../../src/libcode/vx_ps -I../../../src/libcode/vx_pxm -I../../../src/libcode/vx_render -I../../../src/libcode/vx_regrid -I../../../src/libcode/vx_shapedata -I../../../src/libcode/vx_solar -I../../../src/libcode/vx_statistics -I../../../src/libcode/vx_stat_out -I../../../src/libcode/vx_summary -I../../../src/libcode/vx_time_series -I../../../src/libcode/vx_series_data -I../../../src/libcode/vx_tc_util -I/home/hank.fisher/MET/external_libs/include -I/home/hank.fisher/MET9_0_1_nopython/external_libs/include -I/home/hank.fisher/MET9_0_1_nopython/external_libs/include -I/home/hank.fisher/MET9_0_1_nopython/external_libs/include -I/home/hank.fisher/MET9_0_1_nopython/external_libs/include -I/home/hank.fisher/MET9_0_1_nopython/external_libs/include -I/home/hank.fisher/MET9_0_1_nopython/external_libs/include -DBLOCK4 -DWITH_GRIB2 -DMET_BASE="\"/home/hank.fisher/MET9_0_1_nopython/share/met\""  -g -MT libvx_cal_a-is_leap_year.o -MD -MP -MF .deps/libvx_cal_a-is_leap_year.Tpo -c -o libvx_cal_a-is_leap_year.o `test -f 'is_leap_year.cc' || echo './'`is_leap_year.cc
mv -f .deps/libvx_cal_a-is_leap_year.Tpo .deps/libvx_cal_a-is_leap_year.Po
/bin/g++ -DHAVE_CONFIG_H -I. -I../../..  -I../../../src/basic/vx_cal -I../../../src/basic/vx_config -I../../../src/basic/vx_log -I../../../src/basic/vx_math -I../../../src/basic/vx_util -I../../../src/libcode/vx_afm -I../../../src/libcode/vx_analysis_util -I../../../src/libcode/vx_color -I../../../src/libcode/vx_data2d -I../../../src/libcode/vx_data2d_factory -I../../../src/libcode/vx_data2d_grib -I../../../src/libcode/vx_data2d_grib2 -I../../../src/libcode/vx_data2d_nccf -I../../../src/libcode/vx_data2d_nc_met -I../../../src/libcode/vx_data2d_nc_pinterp -I../../../src/libcode/vx_data2d_python -I../../../src/libcode/vx_python3_utils -I../../../src/libcode/vx_geodesy -I../../../src/libcode/vx_gis -I../../../src/libcode/vx_gnomon -I../../../src/libcode/vx_grid -I../../../src/libcode/vx_gsl_prob -I../../../src/libcode/vx_nav -I../../../src/libcode/vx_nc_obs -I../../../src/libcode/vx_nc_util -I../../../src/libcode/vx_pb_util -I../../../src/libcode/vx_plot_util -I../../../src/libcode/vx_ps -I../../../src/libcode/vx_pxm -I../../../src/libcode/vx_render -I../../../src/libcode/vx_regrid -I../../../src/libcode/vx_shapedata -I../../../src/libcode/vx_solar -I../../../src/libcode/vx_statistics -I../../../src/libcode/vx_stat_out -I../../../src/libcode/vx_summary -I../../../src/libcode/vx_time_series -I../../../src/libcode/vx_series_data -I../../../src/libcode/vx_tc_util -I/home/hank.fisher/MET/external_libs/include -I/home/hank.fisher/MET9_0_1_nopython/external_libs/include -I/home/hank.fisher/MET9_0_1_nopython/external_libs/include -I/home/hank.fisher/MET9_0_1_nopython/external_libs/include -I/home/hank.fisher/MET9_0_1_nopython/external_libs/include -I/home/hank.fisher/MET9_0_1_nopython/external_libs/include -I/home/hank.fisher/MET9_0_1_nopython/external_libs/include -DBLOCK4 -DWITH_GRIB2 -DMET_BASE="\"/home/hank.fisher/MET9_0_1_nopython/share/met\""  -g -MT libvx_cal_a-mdyhms_to_unix.o -MD -MP -MF .deps/libvx_cal_a-mdyhms_to_unix.Tpo -c -o libvx_cal_a-mdyhms_to_unix.o `test -f 'mdyhms_to_unix.cc' || echo './'`mdyhms_to_unix.cc
mv -f .deps/libvx_cal_a-mdyhms_to_unix.Tpo .deps/libvx_cal_a-mdyhms_to_unix.Po
/bin/g++ -DHAVE_CONFIG_H -I. -I../../..  -I../../../src/basic/vx_cal -I../../../src/basic/vx_config -I../../../src/basic/vx_log -I../../../src/basic/vx_math -I../../../src/basic/vx_util -I../../../src/libcode/vx_afm -I../../../src/libcode/vx_analysis_util -I../../../src/libcode/vx_color -I../../../src/libcode/vx_data2d -I../../../src/libcode/vx_data2d_factory -I../../../src/libcode/vx_data2d_grib -I../../../src/libcode/vx_data2d_grib2 -I../../../src/libcode/vx_data2d_nccf -I../../../src/libcode/vx_data2d_nc_met -I../../../src/libcode/vx_data2d_nc_pinterp -I../../../src/libcode/vx_data2d_python -I../../../src/libcode/vx_python3_utils -I../../../src/libcode/vx_geodesy -I../../../src/libcode/vx_gis -I../../../src/libcode/vx_gnomon -I../../../src/libcode/vx_grid -I../../../src/libcode/vx_gsl_prob -I../../../src/libcode/vx_nav -I../../../src/libcode/vx_nc_obs -I../../../src/libcode/vx_nc_util -I../../../src/libcode/vx_pb_util -I../../../src/libcode/vx_plot_util -I../../../src/libcode/vx_ps -I../../../src/libcode/vx_pxm -I../../../src/libcode/vx_render -I../../../src/libcode/vx_regrid -I../../../src/libcode/vx_shapedata -I../../../src/libcode/vx_solar -I../../../src/libcode/vx_statistics -I../../../src/libcode/vx_stat_out -I../../../src/libcode/vx_summary -I../../../src/libcode/vx_time_series -I../../../src/libcode/vx_series_data -I../../../src/libcode/vx_tc_util -I/home/hank.fisher/MET/external_libs/include -I/home/hank.fisher/MET9_0_1_nopython/external_libs/include -I/home/hank.fisher/MET9_0_1_nopython/external_libs/include -I/home/hank.fisher/MET9_0_1_nopython/external_libs/include -I/home/hank.fisher/MET9_0_1_nopython/external_libs/include -I/home/hank.fisher/MET9_0_1_nopython/external_libs/include -I/home/hank.fisher/MET9_0_1_nopython/external_libs/include -DBLOCK4 -DWITH_GRIB2 -DMET_BASE="\"/home/hank.fisher/MET9_0_1_nopython/share/met\""  -g -MT libvx_cal_a-mjd_to_date.o -MD -MP -MF .deps/libvx_cal_a-mjd_to_date.Tpo -c -o libvx_cal_a-mjd_to_date.o `test -f 'mjd_to_date.cc' || echo './'`mjd_to_date.cc
mv -f .deps/libvx_cal_a-mjd_to_date.Tpo .deps/libvx_cal_a-mjd_to_date.Po
/bin/g++ -DHAVE_CONFIG_H -I. -I../../..  -I../../../src/basic/vx_cal -I../../../src/basic/vx_config -I../../../src/basic/vx_log -I../../../src/basic/vx_math -I../../../src/basic/vx_util -I../../../src/libcode/vx_afm -I../../../src/libcode/vx_analysis_util -I../../../src/libcode/vx_color -I../../../src/libcode/vx_data2d -I../../../src/libcode/vx_data2d_factory -I../../../src/libcode/vx_data2d_grib -I../../../src/libcode/vx_data2d_grib2 -I../../../src/libcode/vx_data2d_nccf -I../../../src/libcode/vx_data2d_nc_met -I../../../src/libcode/vx_data2d_nc_pinterp -I../../../src/libcode/vx_data2d_python -I../../../src/libcode/vx_python3_utils -I../../../src/libcode/vx_geodesy -I../../../src/libcode/vx_gis -I../../../src/libcode/vx_gnomon -I../../../src/libcode/vx_grid -I../../../src/libcode/vx_gsl_prob -I../../../src/libcode/vx_nav -I../../../src/libcode/vx_nc_obs -I../../../src/libcode/vx_nc_util -I../../../src/libcode/vx_pb_util -I../../../src/libcode/vx_plot_util -I../../../src/libcode/vx_ps -I../../../src/libcode/vx_pxm -I../../../src/libcode/vx_render -I../../../src/libcode/vx_regrid -I../../../src/libcode/vx_shapedata -I../../../src/libcode/vx_solar -I../../../src/libcode/vx_statistics -I../../../src/libcode/vx_stat_out -I../../../src/libcode/vx_summary -I../../../src/libcode/vx_time_series -I../../../src/libcode/vx_series_data -I../../../src/libcode/vx_tc_util -I/home/hank.fisher/MET/external_libs/include -I/home/hank.fisher/MET9_0_1_nopython/external_libs/include -I/home/hank.fisher/MET9_0_1_nopython/external_libs/include -I/home/hank.fisher/MET9_0_1_nopython/external_libs/include -I/home/hank.fisher/MET9_0_1_nopython/external_libs/include -I/home/hank.fisher/MET9_0_1_nopython/external_libs/include -I/home/hank.fisher/MET9_0_1_nopython/external_libs/include -DBLOCK4 -DWITH_GRIB2 -DMET_BASE="\"/home/hank.fisher/MET9_0_1_nopython/share/met\""  -g -MT libvx_cal_a-time_array.o -MD -MP -MF .deps/libvx_cal_a-time_array.Tpo -c -o libvx_cal_a-time_array.o `test -f 'time_array.cc' || echo './'`time_array.cc
mv -f .deps/libvx_cal_a-time_array.Tpo .deps/libvx_cal_a-time_array.Po
/bin/g++ -DHAVE_CONFIG_H -I. -I../../..  -I../../../src/basic/vx_cal -I../../../src/basic/vx_config -I../../../src/basic/vx_log -I../../../src/basic/vx_math -I../../../src/basic/vx_util -I../../../src/libcode/vx_afm -I../../../src/libcode/vx_analysis_util -I../../../src/libcode/vx_color -I../../../src/libcode/vx_data2d -I../../../src/libcode/vx_data2d_factory -I../../../src/libcode/vx_data2d_grib -I../../../src/libcode/vx_data2d_grib2 -I../../../src/libcode/vx_data2d_nccf -I../../../src/libcode/vx_data2d_nc_met -I../../../src/libcode/vx_data2d_nc_pinterp -I../../../src/libcode/vx_data2d_python -I../../../src/libcode/vx_python3_utils -I../../../src/libcode/vx_geodesy -I../../../src/libcode/vx_gis -I../../../src/libcode/vx_gnomon -I../../../src/libcode/vx_grid -I../../../src/libcode/vx_gsl_prob -I../../../src/libcode/vx_nav -I../../../src/libcode/vx_nc_obs -I../../../src/libcode/vx_nc_util -I../../../src/libcode/vx_pb_util -I../../../src/libcode/vx_plot_util -I../../../src/libcode/vx_ps -I../../../src/libcode/vx_pxm -I../../../src/libcode/vx_render -I../../../src/libcode/vx_regrid -I../../../src/libcode/vx_shapedata -I../../../src/libcode/vx_solar -I../../../src/libcode/vx_statistics -I../../../src/libcode/vx_stat_out -I../../../src/libcode/vx_summary -I../../../src/libcode/vx_time_series -I../../../src/libcode/vx_series_data -I../../../src/libcode/vx_tc_util -I/home/hank.fisher/MET/external_libs/include -I/home/hank.fisher/MET9_0_1_nopython/external_libs/include -I/home/hank.fisher/MET9_0_1_nopython/external_libs/include -I/home/hank.fisher/MET9_0_1_nopython/external_libs/include -I/home/hank.fisher/MET9_0_1_nopython/external_libs/include -I/home/hank.fisher/MET9_0_1_nopython/external_libs/include -I/home/hank.fisher/MET9_0_1_nopython/external_libs/include -DBLOCK4 -DWITH_GRIB2 -DMET_BASE="\"/home/hank.fisher/MET9_0_1_nopython/share/met\""  -g -MT libvx_cal_a-time_strings.o -MD -MP -MF .deps/libvx_cal_a-time_strings.Tpo -c -o libvx_cal_a-time_strings.o `test -f 'time_strings.cc' || echo './'`time_strings.cc
mv -f .deps/libvx_cal_a-time_strings.Tpo .deps/libvx_cal_a-time_strings.Po
/bin/g++ -DHAVE_CONFIG_H -I. -I../../..  -I../../../src/basic/vx_cal -I../../../src/basic/vx_config -I../../../src/basic/vx_log -I../../../src/basic/vx_math -I../../../src/basic/vx_util -I../../../src/libcode/vx_afm -I../../../src/libcode/vx_analysis_util -I../../../src/libcode/vx_color -I../../../src/libcode/vx_data2d -I../../../src/libcode/vx_data2d_factory -I../../../src/libcode/vx_data2d_grib -I../../../src/libcode/vx_data2d_grib2 -I../../../src/libcode/vx_data2d_nccf -I../../../src/libcode/vx_data2d_nc_met -I../../../src/libcode/vx_data2d_nc_pinterp -I../../../src/libcode/vx_data2d_python -I../../../src/libcode/vx_python3_utils -I../../../src/libcode/vx_geodesy -I../../../src/libcode/vx_gis -I../../../src/libcode/vx_gnomon -I../../../src/libcode/vx_grid -I../../../src/libcode/vx_gsl_prob -I../../../src/libcode/vx_nav -I../../../src/libcode/vx_nc_obs -I../../../src/libcode/vx_nc_util -I../../../src/libcode/vx_pb_util -I../../../src/libcode/vx_plot_util -I../../../src/libcode/vx_ps -I../../../src/libcode/vx_pxm -I../../../src/libcode/vx_render -I../../../src/libcode/vx_regrid -I../../../src/libcode/vx_shapedata -I../../../src/libcode/vx_solar -I../../../src/libcode/vx_statistics -I../../../src/libcode/vx_stat_out -I../../../src/libcode/vx_summary -I../../../src/libcode/vx_time_series -I../../../src/libcode/vx_series_data -I../../../src/libcode/vx_tc_util -I/home/hank.fisher/MET/external_libs/include -I/home/hank.fisher/MET9_0_1_nopython/external_libs/include -I/home/hank.fisher/MET9_0_1_nopython/external_libs/include -I/home/hank.fisher/MET9_0_1_nopython/external_libs/include -I/home/hank.fisher/MET9_0_1_nopython/external_libs/include -I/home/hank.fisher/MET9_0_1_nopython/external_libs/include -I/home/hank.fisher/MET9_0_1_nopython/external_libs/include -DBLOCK4 -DWITH_GRIB2 -DMET_BASE="\"/home/hank.fisher/MET9_0_1_nopython/share/met\""  -g -MT libvx_cal_a-unix_to_mdyhms.o -MD -MP -MF .deps/libvx_cal_a-unix_to_mdyhms.Tpo -c -o libvx_cal_a-unix_to_mdyhms.o `test -f 'unix_to_mdyhms.cc' || echo './'`unix_to_mdyhms.cc
mv -f .deps/libvx_cal_a-unix_to_mdyhms.Tpo .deps/libvx_cal_a-unix_to_mdyhms.Po
/bin/g++ -DHAVE_CONFIG_H -I. -I../../..  -I../../../src/basic/vx_cal -I../../../src/basic/vx_config -I../../../src/basic/vx_log -I../../../src/basic/vx_math -I../../../src/basic/vx_util -I../../../src/libcode/vx_afm -I../../../src/libcode/vx_analysis_util -I../../../src/libcode/vx_color -I../../../src/libcode/vx_data2d -I../../../src/libcode/vx_data2d_factory -I../../../src/libcode/vx_data2d_grib -I../../../src/libcode/vx_data2d_grib2 -I../../../src/libcode/vx_data2d_nccf -I../../../src/libcode/vx_data2d_nc_met -I../../../src/libcode/vx_data2d_nc_pinterp -I../../../src/libcode/vx_data2d_python -I../../../src/libcode/vx_python3_utils -I../../../src/libcode/vx_geodesy -I../../../src/libcode/vx_gis -I../../../src/libcode/vx_gnomon -I../../../src/libcode/vx_grid -I../../../src/libcode/vx_gsl_prob -I../../../src/libcode/vx_nav -I../../../src/libcode/vx_nc_obs -I../../../src/libcode/vx_nc_util -I../../../src/libcode/vx_pb_util -I../../../src/libcode/vx_plot_util -I../../../src/libcode/vx_ps -I../../../src/libcode/vx_pxm -I../../../src/libcode/vx_render -I../../../src/libcode/vx_regrid -I../../../src/libcode/vx_shapedata -I../../../src/libcode/vx_solar -I../../../src/libcode/vx_statistics -I../../../src/libcode/vx_stat_out -I../../../src/libcode/vx_summary -I../../../src/libcode/vx_time_series -I../../../src/libcode/vx_series_data -I../../../src/libcode/vx_tc_util -I/home/hank.fisher/MET/external_libs/include -I/home/hank.fisher/MET9_0_1_nopython/external_libs/include -I/home/hank.fisher/MET9_0_1_nopython/external_libs/include -I/home/hank.fisher/MET9_0_1_nopython/external_libs/include -I/home/hank.fisher/MET9_0_1_nopython/external_libs/include -I/home/hank.fisher/MET9_0_1_nopython/external_libs/include -I/home/hank.fisher/MET9_0_1_nopython/external_libs/include -DBLOCK4 -DWITH_GRIB2 -DMET_BASE="\"/home/hank.fisher/MET9_0_1_nopython/share/met\""  -g -MT libvx_cal_a-unix_string.o -MD -MP -MF .deps/libvx_cal_a-unix_string.Tpo -c -o libvx_cal_a-unix_string.o `test -f 'unix_string.cc' || echo './'`unix_string.cc
mv -f .deps/libvx_cal_a-unix_string.Tpo .deps/libvx_cal_a-unix_string.Po
rm -f libvx_cal.a
ar cru libvx_cal.a libvx_cal_a-date_to_mjd.o libvx_cal_a-day_dif.o libvx_cal_a-day_of_week.o libvx_cal_a-doyhms_to_unix.o libvx_cal_a-is_dst.o libvx_cal_a-is_leap_year.o libvx_cal_a-mdyhms_to_unix.o libvx_cal_a-mjd_to_date.o libvx_cal_a-time_array.o libvx_cal_a-time_strings.o libvx_cal_a-unix_to_mdyhms.o libvx_cal_a-unix_string.o 
ranlib libvx_cal.a
make[4]: Leaving directory `/home/hank.fisher/MET9_0_1_nopython/met-9.0.1/src/basic/vx_cal'
Making all in vx_math
make[4]: Entering directory `/home/hank.fisher/MET9_0_1_nopython/met-9.0.1/src/basic/vx_math'
/bin/g++ -DHAVE_CONFIG_H -I. -I../../..  -I../../../src/basic/vx_cal -I../../../src/basic/vx_config -I../../../src/basic/vx_log -I../../../src/basic/vx_math -I../../../src/basic/vx_util -I../../../src/libcode/vx_afm -I../../../src/libcode/vx_analysis_util -I../../../src/libcode/vx_color -I../../../src/libcode/vx_data2d -I../../../src/libcode/vx_data2d_factory -I../../../src/libcode/vx_data2d_grib -I../../../src/libcode/vx_data2d_grib2 -I../../../src/libcode/vx_data2d_nccf -I../../../src/libcode/vx_data2d_nc_met -I../../../src/libcode/vx_data2d_nc_pinterp -I../../../src/libcode/vx_data2d_python -I../../../src/libcode/vx_python3_utils -I../../../src/libcode/vx_geodesy -I../../../src/libcode/vx_gis -I../../../src/libcode/vx_gnomon -I../../../src/libcode/vx_grid -I../../../src/libcode/vx_gsl_prob -I../../../src/libcode/vx_nav -I../../../src/libcode/vx_nc_obs -I../../../src/libcode/vx_nc_util -I../../../src/libcode/vx_pb_util -I../../../src/libcode/vx_plot_util -I../../../src/libcode/vx_ps -I../../../src/libcode/vx_pxm -I../../../src/libcode/vx_render -I../../../src/libcode/vx_regrid -I../../../src/libcode/vx_shapedata -I../../../src/libcode/vx_solar -I../../../src/libcode/vx_statistics -I../../../src/libcode/vx_stat_out -I../../../src/libcode/vx_summary -I../../../src/libcode/vx_time_series -I../../../src/libcode/vx_series_data -I../../../src/libcode/vx_tc_util -I/home/hank.fisher/MET/external_libs/include -I/home/hank.fisher/MET9_0_1_nopython/external_libs/include -I/home/hank.fisher/MET9_0_1_nopython/external_libs/include -I/home/hank.fisher/MET9_0_1_nopython/external_libs/include -I/home/hank.fisher/MET9_0_1_nopython/external_libs/include -I/home/hank.fisher/MET9_0_1_nopython/external_libs/include -I/home/hank.fisher/MET9_0_1_nopython/external_libs/include -DBLOCK4 -DWITH_GRIB2 -DMET_BASE="\"/home/hank.fisher/MET9_0_1_nopython/share/met\""  -g -MT libvx_math_a-viewgravity_to_string.o -MD -MP -MF .deps/libvx_math_a-viewgravity_to_string.Tpo -c -o libvx_math_a-viewgravity_to_string.o `test -f 'viewgravity_to_string.cc' || echo './'`viewgravity_to_string.cc
mv -f .deps/libvx_math_a-viewgravity_to_string.Tpo .deps/libvx_math_a-viewgravity_to_string.Po
/bin/g++ -DHAVE_CONFIG_H -I. -I../../..  -I../../../src/basic/vx_cal -I../../../src/basic/vx_config -I../../../src/basic/vx_log -I../../../src/basic/vx_math -I../../../src/basic/vx_util -I../../../src/libcode/vx_afm -I../../../src/libcode/vx_analysis_util -I../../../src/libcode/vx_color -I../../../src/libcode/vx_data2d -I../../../src/libcode/vx_data2d_factory -I../../../src/libcode/vx_data2d_grib -I../../../src/libcode/vx_data2d_grib2 -I../../../src/libcode/vx_data2d_nccf -I../../../src/libcode/vx_data2d_nc_met -I../../../src/libcode/vx_data2d_nc_pinterp -I../../../src/libcode/vx_data2d_python -I../../../src/libcode/vx_python3_utils -I../../../src/libcode/vx_geodesy -I../../../src/libcode/vx_gis -I../../../src/libcode/vx_gnomon -I../../../src/libcode/vx_grid -I../../../src/libcode/vx_gsl_prob -I../../../src/libcode/vx_nav -I../../../src/libcode/vx_nc_obs -I../../../src/libcode/vx_nc_util -I../../../src/libcode/vx_pb_util -I../../../src/libcode/vx_plot_util -I../../../src/libcode/vx_ps -I../../../src/libcode/vx_pxm -I../../../src/libcode/vx_render -I../../../src/libcode/vx_regrid -I../../../src/libcode/vx_shapedata -I../../../src/libcode/vx_solar -I../../../src/libcode/vx_statistics -I../../../src/libcode/vx_stat_out -I../../../src/libcode/vx_summary -I../../../src/libcode/vx_time_series -I../../../src/libcode/vx_series_data -I../../../src/libcode/vx_tc_util -I/home/hank.fisher/MET/external_libs/include -I/home/hank.fisher/MET9_0_1_nopython/external_libs/include -I/home/hank.fisher/MET9_0_1_nopython/external_libs/include -I/home/hank.fisher/MET9_0_1_nopython/external_libs/include -I/home/hank.fisher/MET9_0_1_nopython/external_libs/include -I/home/hank.fisher/MET9_0_1_nopython/external_libs/include -I/home/hank.fisher/MET9_0_1_nopython/external_libs/include -DBLOCK4 -DWITH_GRIB2 -DMET_BASE="\"/home/hank.fisher/MET9_0_1_nopython/share/met\""  -g -MT libvx_math_a-angles.o -MD -MP -MF .deps/libvx_math_a-angles.Tpo -c -o libvx_math_a-angles.o `test -f 'angles.cc' || echo './'`angles.cc
mv -f .deps/libvx_math_a-angles.Tpo .deps/libvx_math_a-angles.Po
/bin/g++ -DHAVE_CONFIG_H -I. -I../../..  -I../../../src/basic/vx_cal -I../../../src/basic/vx_config -I../../../src/basic/vx_log -I../../../src/basic/vx_math -I../../../src/basic/vx_util -I../../../src/libcode/vx_afm -I../../../src/libcode/vx_analysis_util -I../../../src/libcode/vx_color -I../../../src/libcode/vx_data2d -I../../../src/libcode/vx_data2d_factory -I../../../src/libcode/vx_data2d_grib -I../../../src/libcode/vx_data2d_grib2 -I../../../src/libcode/vx_data2d_nccf -I../../../src/libcode/vx_data2d_nc_met -I../../../src/libcode/vx_data2d_nc_pinterp -I../../../src/libcode/vx_data2d_python -I../../../src/libcode/vx_python3_utils -I../../../src/libcode/vx_geodesy -I../../../src/libcode/vx_gis -I../../../src/libcode/vx_gnomon -I../../../src/libcode/vx_grid -I../../../src/libcode/vx_gsl_prob -I../../../src/libcode/vx_nav -I../../../src/libcode/vx_nc_obs -I../../../src/libcode/vx_nc_util -I../../../src/libcode/vx_pb_util -I../../../src/libcode/vx_plot_util -I../../../src/libcode/vx_ps -I../../../src/libcode/vx_pxm -I../../../src/libcode/vx_render -I../../../src/libcode/vx_regrid -I../../../src/libcode/vx_shapedata -I../../../src/libcode/vx_solar -I../../../src/libcode/vx_statistics -I../../../src/libcode/vx_stat_out -I../../../src/libcode/vx_summary -I../../../src/libcode/vx_time_series -I../../../src/libcode/vx_series_data -I../../../src/libcode/vx_tc_util -I/home/hank.fisher/MET/external_libs/include -I/home/hank.fisher/MET9_0_1_nopython/external_libs/include -I/home/hank.fisher/MET9_0_1_nopython/external_libs/include -I/home/hank.fisher/MET9_0_1_nopython/external_libs/include -I/home/hank.fisher/MET9_0_1_nopython/external_libs/include -I/home/hank.fisher/MET9_0_1_nopython/external_libs/include -I/home/hank.fisher/MET9_0_1_nopython/external_libs/include -DBLOCK4 -DWITH_GRIB2 -DMET_BASE="\"/home/hank.fisher/MET9_0_1_nopython/share/met\""  -g -MT libvx_math_a-hist.o -MD -MP -MF .deps/libvx_math_a-hist.Tpo -c -o libvx_math_a-hist.o `test -f 'hist.cc' || echo './'`hist.cc
mv -f .deps/libvx_math_a-hist.Tpo .deps/libvx_math_a-hist.Po
/bin/g++ -DHAVE_CONFIG_H -I. -I../../..  -I../../../src/basic/vx_cal -I../../../src/basic/vx_config -I../../../src/basic/vx_log -I../../../src/basic/vx_math -I../../../src/basic/vx_util -I../../../src/libcode/vx_afm -I../../../src/libcode/vx_analysis_util -I../../../src/libcode/vx_color -I../../../src/libcode/vx_data2d -I../../../src/libcode/vx_data2d_factory -I../../../src/libcode/vx_data2d_grib -I../../../src/libcode/vx_data2d_grib2 -I../../../src/libcode/vx_data2d_nccf -I../../../src/libcode/vx_data2d_nc_met -I../../../src/libcode/vx_data2d_nc_pinterp -I../../../src/libcode/vx_data2d_python -I../../../src/libcode/vx_python3_utils -I../../../src/libcode/vx_geodesy -I../../../src/libcode/vx_gis -I../../../src/libcode/vx_gnomon -I../../../src/libcode/vx_grid -I../../../src/libcode/vx_gsl_prob -I../../../src/libcode/vx_nav -I../../../src/libcode/vx_nc_obs -I../../../src/libcode/vx_nc_util -I../../../src/libcode/vx_pb_util -I../../../src/libcode/vx_plot_util -I../../../src/libcode/vx_ps -I../../../src/libcode/vx_pxm -I../../../src/libcode/vx_render -I../../../src/libcode/vx_regrid -I../../../src/libcode/vx_shapedata -I../../../src/libcode/vx_solar -I../../../src/libcode/vx_statistics -I../../../src/libcode/vx_stat_out -I../../../src/libcode/vx_summary -I../../../src/libcode/vx_time_series -I../../../src/libcode/vx_series_data -I../../../src/libcode/vx_tc_util -I/home/hank.fisher/MET/external_libs/include -I/home/hank.fisher/MET9_0_1_nopython/external_libs/include -I/home/hank.fisher/MET9_0_1_nopython/external_libs/include -I/home/hank.fisher/MET9_0_1_nopython/external_libs/include -I/home/hank.fisher/MET9_0_1_nopython/external_libs/include -I/home/hank.fisher/MET9_0_1_nopython/external_libs/include -I/home/hank.fisher/MET9_0_1_nopython/external_libs/include -DBLOCK4 -DWITH_GRIB2 -DMET_BASE="\"/home/hank.fisher/MET9_0_1_nopython/share/met\""  -g -MT libvx_math_a-nint.o -MD -MP -MF .deps/libvx_math_a-nint.Tpo -c -o libvx_math_a-nint.o `test -f 'nint.cc' || echo './'`nint.cc
mv -f .deps/libvx_math_a-nint.Tpo .deps/libvx_math_a-nint.Po
/bin/g++ -DHAVE_CONFIG_H -I. -I../../..  -I../../../src/basic/vx_cal -I../../../src/basic/vx_config -I../../../src/basic/vx_log -I../../../src/basic/vx_math -I../../../src/basic/vx_util -I../../../src/libcode/vx_afm -I../../../src/libcode/vx_analysis_util -I../../../src/libcode/vx_color -I../../../src/libcode/vx_data2d -I../../../src/libcode/vx_data2d_factory -I../../../src/libcode/vx_data2d_grib -I../../../src/libcode/vx_data2d_grib2 -I../../../src/libcode/vx_data2d_nccf -I../../../src/libcode/vx_data2d_nc_met -I../../../src/libcode/vx_data2d_nc_pinterp -I../../../src/libcode/vx_data2d_python -I../../../src/libcode/vx_python3_utils -I../../../src/libcode/vx_geodesy -I../../../src/libcode/vx_gis -I../../../src/libcode/vx_gnomon -I../../../src/libcode/vx_grid -I../../../src/libcode/vx_gsl_prob -I../../../src/libcode/vx_nav -I../../../src/libcode/vx_nc_obs -I../../../src/libcode/vx_nc_util -I../../../src/libcode/vx_pb_util -I../../../src/libcode/vx_plot_util -I../../../src/libcode/vx_ps -I../../../src/libcode/vx_pxm -I../../../src/libcode/vx_render -I../../../src/libcode/vx_regrid -I../../../src/libcode/vx_shapedata -I../../../src/libcode/vx_solar -I../../../src/libcode/vx_statistics -I../../../src/libcode/vx_stat_out -I../../../src/libcode/vx_summary -I../../../src/libcode/vx_time_series -I../../../src/libcode/vx_series_data -I../../../src/libcode/vx_tc_util -I/home/hank.fisher/MET/external_libs/include -I/home/hank.fisher/MET9_0_1_nopython/external_libs/include -I/home/hank.fisher/MET9_0_1_nopython/external_libs/include -I/home/hank.fisher/MET9_0_1_nopython/external_libs/include -I/home/hank.fisher/MET9_0_1_nopython/external_libs/include -I/home/hank.fisher/MET9_0_1_nopython/external_libs/include -I/home/hank.fisher/MET9_0_1_nopython/external_libs/include -DBLOCK4 -DWITH_GRIB2 -DMET_BASE="\"/home/hank.fisher/MET9_0_1_nopython/share/met\""  -g -MT libvx_math_a-nti.o -MD -MP -MF .deps/libvx_math_a-nti.Tpo -c -o libvx_math_a-nti.o `test -f 'nti.cc' || echo './'`nti.cc
mv -f .deps/libvx_math_a-nti.Tpo .deps/libvx_math_a-nti.Po
/bin/g++ -DHAVE_CONFIG_H -I. -I../../..  -I../../../src/basic/vx_cal -I../../../src/basic/vx_config -I../../../src/basic/vx_log -I../../../src/basic/vx_math -I../../../src/basic/vx_util -I../../../src/libcode/vx_afm -I../../../src/libcode/vx_analysis_util -I../../../src/libcode/vx_color -I../../../src/libcode/vx_data2d -I../../../src/libcode/vx_data2d_factory -I../../../src/libcode/vx_data2d_grib -I../../../src/libcode/vx_data2d_grib2 -I../../../src/libcode/vx_data2d_nccf -I../../../src/libcode/vx_data2d_nc_met -I../../../src/libcode/vx_data2d_nc_pinterp -I../../../src/libcode/vx_data2d_python -I../../../src/libcode/vx_python3_utils -I../../../src/libcode/vx_geodesy -I../../../src/libcode/vx_gis -I../../../src/libcode/vx_gnomon -I../../../src/libcode/vx_grid -I../../../src/libcode/vx_gsl_prob -I../../../src/libcode/vx_nav -I../../../src/libcode/vx_nc_obs -I../../../src/libcode/vx_nc_util -I../../../src/libcode/vx_pb_util -I../../../src/libcode/vx_plot_util -I../../../src/libcode/vx_ps -I../../../src/libcode/vx_pxm -I../../../src/libcode/vx_render -I../../../src/libcode/vx_regrid -I../../../src/libcode/vx_shapedata -I../../../src/libcode/vx_solar -I../../../src/libcode/vx_statistics -I../../../src/libcode/vx_stat_out -I../../../src/libcode/vx_summary -I../../../src/libcode/vx_time_series -I../../../src/libcode/vx_series_data -I../../../src/libcode/vx_tc_util -I/home/hank.fisher/MET/external_libs/include -I/home/hank.fisher/MET9_0_1_nopython/external_libs/include -I/home/hank.fisher/MET9_0_1_nopython/external_libs/include -I/home/hank.fisher/MET9_0_1_nopython/external_libs/include -I/home/hank.fisher/MET9_0_1_nopython/external_libs/include -I/home/hank.fisher/MET9_0_1_nopython/external_libs/include -I/home/hank.fisher/MET9_0_1_nopython/external_libs/include -DBLOCK4 -DWITH_GRIB2 -DMET_BASE="\"/home/hank.fisher/MET9_0_1_nopython/share/met\""  -g -MT libvx_math_a-ptile.o -MD -MP -MF .deps/libvx_math_a-ptile.Tpo -c -o libvx_math_a-ptile.o `test -f 'ptile.cc' || echo './'`ptile.cc
mv -f .deps/libvx_math_a-ptile.Tpo .deps/libvx_math_a-ptile.Po
/bin/g++ -DHAVE_CONFIG_H -I. -I../../..  -I../../../src/basic/vx_cal -I../../../src/basic/vx_config -I../../../src/basic/vx_log -I../../../src/basic/vx_math -I../../../src/basic/vx_util -I../../../src/libcode/vx_afm -I../../../src/libcode/vx_analysis_util -I../../../src/libcode/vx_color -I../../../src/libcode/vx_data2d -I../../../src/libcode/vx_data2d_factory -I../../../src/libcode/vx_data2d_grib -I../../../src/libcode/vx_data2d_grib2 -I../../../src/libcode/vx_data2d_nccf -I../../../src/libcode/vx_data2d_nc_met -I../../../src/libcode/vx_data2d_nc_pinterp -I../../../src/libcode/vx_data2d_python -I../../../src/libcode/vx_python3_utils -I../../../src/libcode/vx_geodesy -I../../../src/libcode/vx_gis -I../../../src/libcode/vx_gnomon -I../../../src/libcode/vx_grid -I../../../src/libcode/vx_gsl_prob -I../../../src/libcode/vx_nav -I../../../src/libcode/vx_nc_obs -I../../../src/libcode/vx_nc_util -I../../../src/libcode/vx_pb_util -I../../../src/libcode/vx_plot_util -I../../../src/libcode/vx_ps -I../../../src/libcode/vx_pxm -I../../../src/libcode/vx_render -I../../../src/libcode/vx_regrid -I../../../src/libcode/vx_shapedata -I../../../src/libcode/vx_solar -I../../../src/libcode/vx_statistics -I../../../src/libcode/vx_stat_out -I../../../src/libcode/vx_summary -I../../../src/libcode/vx_time_series -I../../../src/libcode/vx_series_data -I../../../src/libcode/vx_tc_util -I/home/hank.fisher/MET/external_libs/include -I/home/hank.fisher/MET9_0_1_nopython/external_libs/include -I/home/hank.fisher/MET9_0_1_nopython/external_libs/include -I/home/hank.fisher/MET9_0_1_nopython/external_libs/include -I/home/hank.fisher/MET9_0_1_nopython/external_libs/include -I/home/hank.fisher/MET9_0_1_nopython/external_libs/include -I/home/hank.fisher/MET9_0_1_nopython/external_libs/include -DBLOCK4 -DWITH_GRIB2 -DMET_BASE="\"/home/hank.fisher/MET9_0_1_nopython/share/met\""  -g -MT libvx_math_a-pwl.o -MD -MP -MF .deps/libvx_math_a-pwl.Tpo -c -o libvx_math_a-pwl.o `test -f 'pwl.cc' || echo './'`pwl.cc
mv -f .deps/libvx_math_a-pwl.Tpo .deps/libvx_math_a-pwl.Po
/bin/g++ -DHAVE_CONFIG_H -I. -I../../..  -I../../../src/basic/vx_cal -I../../../src/basic/vx_config -I../../../src/basic/vx_log -I../../../src/basic/vx_math -I../../../src/basic/vx_util -I../../../src/libcode/vx_afm -I../../../src/libcode/vx_analysis_util -I../../../src/libcode/vx_color -I../../../src/libcode/vx_data2d -I../../../src/libcode/vx_data2d_factory -I../../../src/libcode/vx_data2d_grib -I../../../src/libcode/vx_data2d_grib2 -I../../../src/libcode/vx_data2d_nccf -I../../../src/libcode/vx_data2d_nc_met -I../../../src/libcode/vx_data2d_nc_pinterp -I../../../src/libcode/vx_data2d_python -I../../../src/libcode/vx_python3_utils -I../../../src/libcode/vx_geodesy -I../../../src/libcode/vx_gis -I../../../src/libcode/vx_gnomon -I../../../src/libcode/vx_grid -I../../../src/libcode/vx_gsl_prob -I../../../src/libcode/vx_nav -I../../../src/libcode/vx_nc_obs -I../../../src/libcode/vx_nc_util -I../../../src/libcode/vx_pb_util -I../../../src/libcode/vx_plot_util -I../../../src/libcode/vx_ps -I../../../src/libcode/vx_pxm -I../../../src/libcode/vx_render -I../../../src/libcode/vx_regrid -I../../../src/libcode/vx_shapedata -I../../../src/libcode/vx_solar -I../../../src/libcode/vx_statistics -I../../../src/libcode/vx_stat_out -I../../../src/libcode/vx_summary -I../../../src/libcode/vx_time_series -I../../../src/libcode/vx_series_data -I../../../src/libcode/vx_tc_util -I/home/hank.fisher/MET/external_libs/include -I/home/hank.fisher/MET9_0_1_nopython/external_libs/include -I/home/hank.fisher/MET9_0_1_nopython/external_libs/include -I/home/hank.fisher/MET9_0_1_nopython/external_libs/include -I/home/hank.fisher/MET9_0_1_nopython/external_libs/include -I/home/hank.fisher/MET9_0_1_nopython/external_libs/include -I/home/hank.fisher/MET9_0_1_nopython/external_libs/include -DBLOCK4 -DWITH_GRIB2 -DMET_BASE="\"/home/hank.fisher/MET9_0_1_nopython/share/met\""  -g -MT libvx_math_a-affine.o -MD -MP -MF .deps/libvx_math_a-affine.Tpo -c -o libvx_math_a-affine.o `test -f 'affine.cc' || echo './'`affine.cc
mv -f .deps/libvx_math_a-affine.Tpo .deps/libvx_math_a-affine.Po
/bin/g++ -DHAVE_CONFIG_H -I. -I../../..  -I../../../src/basic/vx_cal -I../../../src/basic/vx_config -I../../../src/basic/vx_log -I../../../src/basic/vx_math -I../../../src/basic/vx_util -I../../../src/libcode/vx_afm -I../../../src/libcode/vx_analysis_util -I../../../src/libcode/vx_color -I../../../src/libcode/vx_data2d -I../../../src/libcode/vx_data2d_factory -I../../../src/libcode/vx_data2d_grib -I../../../src/libcode/vx_data2d_grib2 -I../../../src/libcode/vx_data2d_nccf -I../../../src/libcode/vx_data2d_nc_met -I../../../src/libcode/vx_data2d_nc_pinterp -I../../../src/libcode/vx_data2d_python -I../../../src/libcode/vx_python3_utils -I../../../src/libcode/vx_geodesy -I../../../src/libcode/vx_gis -I../../../src/libcode/vx_gnomon -I../../../src/libcode/vx_grid -I../../../src/libcode/vx_gsl_prob -I../../../src/libcode/vx_nav -I../../../src/libcode/vx_nc_obs -I../../../src/libcode/vx_nc_util -I../../../src/libcode/vx_pb_util -I../../../src/libcode/vx_plot_util -I../../../src/libcode/vx_ps -I../../../src/libcode/vx_pxm -I../../../src/libcode/vx_render -I../../../src/libcode/vx_regrid -I../../../src/libcode/vx_shapedata -I../../../src/libcode/vx_solar -I../../../src/libcode/vx_statistics -I../../../src/libcode/vx_stat_out -I../../../src/libcode/vx_summary -I../../../src/libcode/vx_time_series -I../../../src/libcode/vx_series_data -I../../../src/libcode/vx_tc_util -I/home/hank.fisher/MET/external_libs/include -I/home/hank.fisher/MET9_0_1_nopython/external_libs/include -I/home/hank.fisher/MET9_0_1_nopython/external_libs/include -I/home/hank.fisher/MET9_0_1_nopython/external_libs/include -I/home/hank.fisher/MET9_0_1_nopython/external_libs/include -I/home/hank.fisher/MET9_0_1_nopython/external_libs/include -I/home/hank.fisher/MET9_0_1_nopython/external_libs/include -DBLOCK4 -DWITH_GRIB2 -DMET_BASE="\"/home/hank.fisher/MET9_0_1_nopython/share/met\""  -g -MT libvx_math_a-legendre.o -MD -MP -MF .deps/libvx_math_a-legendre.Tpo -c -o libvx_math_a-legendre.o `test -f 'legendre.cc' || echo './'`legendre.cc
mv -f .deps/libvx_math_a-legendre.Tpo .deps/libvx_math_a-legendre.Po
/bin/g++ -DHAVE_CONFIG_H -I. -I../../..  -I../../../src/basic/vx_cal -I../../../src/basic/vx_config -I../../../src/basic/vx_log -I../../../src/basic/vx_math -I../../../src/basic/vx_util -I../../../src/libcode/vx_afm -I../../../src/libcode/vx_analysis_util -I../../../src/libcode/vx_color -I../../../src/libcode/vx_data2d -I../../../src/libcode/vx_data2d_factory -I../../../src/libcode/vx_data2d_grib -I../../../src/libcode/vx_data2d_grib2 -I../../../src/libcode/vx_data2d_nccf -I../../../src/libcode/vx_data2d_nc_met -I../../../src/libcode/vx_data2d_nc_pinterp -I../../../src/libcode/vx_data2d_python -I../../../src/libcode/vx_python3_utils -I../../../src/libcode/vx_geodesy -I../../../src/libcode/vx_gis -I../../../src/libcode/vx_gnomon -I../../../src/libcode/vx_grid -I../../../src/libcode/vx_gsl_prob -I../../../src/libcode/vx_nav -I../../../src/libcode/vx_nc_obs -I../../../src/libcode/vx_nc_util -I../../../src/libcode/vx_pb_util -I../../../src/libcode/vx_plot_util -I../../../src/libcode/vx_ps -I../../../src/libcode/vx_pxm -I../../../src/libcode/vx_render -I../../../src/libcode/vx_regrid -I../../../src/libcode/vx_shapedata -I../../../src/libcode/vx_solar -I../../../src/libcode/vx_statistics -I../../../src/libcode/vx_stat_out -I../../../src/libcode/vx_summary -I../../../src/libcode/vx_time_series -I../../../src/libcode/vx_series_data -I../../../src/libcode/vx_tc_util -I/home/hank.fisher/MET/external_libs/include -I/home/hank.fisher/MET9_0_1_nopython/external_libs/include -I/home/hank.fisher/MET9_0_1_nopython/external_libs/include -I/home/hank.fisher/MET9_0_1_nopython/external_libs/include -I/home/hank.fisher/MET9_0_1_nopython/external_libs/include -I/home/hank.fisher/MET9_0_1_nopython/external_libs/include -I/home/hank.fisher/MET9_0_1_nopython/external_libs/include -DBLOCK4 -DWITH_GRIB2 -DMET_BASE="\"/home/hank.fisher/MET9_0_1_nopython/share/met\""  -g -MT libvx_math_a-so3.o -MD -MP -MF .deps/libvx_math_a-so3.Tpo -c -o libvx_math_a-so3.o `test -f 'so3.cc' || echo './'`so3.cc
mv -f .deps/libvx_math_a-so3.Tpo .deps/libvx_math_a-so3.Po
/bin/g++ -DHAVE_CONFIG_H -I. -I../../..  -I../../../src/basic/vx_cal -I../../../src/basic/vx_config -I../../../src/basic/vx_log -I../../../src/basic/vx_math -I../../../src/basic/vx_util -I../../../src/libcode/vx_afm -I../../../src/libcode/vx_analysis_util -I../../../src/libcode/vx_color -I../../../src/libcode/vx_data2d -I../../../src/libcode/vx_data2d_factory -I../../../src/libcode/vx_data2d_grib -I../../../src/libcode/vx_data2d_grib2 -I../../../src/libcode/vx_data2d_nccf -I../../../src/libcode/vx_data2d_nc_met -I../../../src/libcode/vx_data2d_nc_pinterp -I../../../src/libcode/vx_data2d_python -I../../../src/libcode/vx_python3_utils -I../../../src/libcode/vx_geodesy -I../../../src/libcode/vx_gis -I../../../src/libcode/vx_gnomon -I../../../src/libcode/vx_grid -I../../../src/libcode/vx_gsl_prob -I../../../src/libcode/vx_nav -I../../../src/libcode/vx_nc_obs -I../../../src/libcode/vx_nc_util -I../../../src/libcode/vx_pb_util -I../../../src/libcode/vx_plot_util -I../../../src/libcode/vx_ps -I../../../src/libcode/vx_pxm -I../../../src/libcode/vx_render -I../../../src/libcode/vx_regrid -I../../../src/libcode/vx_shapedata -I../../../src/libcode/vx_solar -I../../../src/libcode/vx_statistics -I../../../src/libcode/vx_stat_out -I../../../src/libcode/vx_summary -I../../../src/libcode/vx_time_series -I../../../src/libcode/vx_series_data -I../../../src/libcode/vx_tc_util -I/home/hank.fisher/MET/external_libs/include -I/home/hank.fisher/MET9_0_1_nopython/external_libs/include -I/home/hank.fisher/MET9_0_1_nopython/external_libs/include -I/home/hank.fisher/MET9_0_1_nopython/external_libs/include -I/home/hank.fisher/MET9_0_1_nopython/external_libs/include -I/home/hank.fisher/MET9_0_1_nopython/external_libs/include -I/home/hank.fisher/MET9_0_1_nopython/external_libs/include -DBLOCK4 -DWITH_GRIB2 -DMET_BASE="\"/home/hank.fisher/MET9_0_1_nopython/share/met\""  -g -MT libvx_math_a-vx_vector.o -MD -MP -MF .deps/libvx_math_a-vx_vector.Tpo -c -o libvx_math_a-vx_vector.o `test -f 'vx_vector.cc' || echo './'`vx_vector.cc
mv -f .deps/libvx_math_a-vx_vector.Tpo .deps/libvx_math_a-vx_vector.Po
rm -f libvx_math.a
ar cru libvx_math.a libvx_math_a-viewgravity_to_string.o libvx_math_a-angles.o libvx_math_a-hist.o libvx_math_a-nint.o libvx_math_a-nti.o libvx_math_a-ptile.o libvx_math_a-pwl.o libvx_math_a-affine.o libvx_math_a-legendre.o libvx_math_a-so3.o libvx_math_a-vx_vector.o 
ranlib libvx_math.a
make[4]: Leaving directory `/home/hank.fisher/MET9_0_1_nopython/met-9.0.1/src/basic/vx_math'
Making all in vx_util
make[4]: Entering directory `/home/hank.fisher/MET9_0_1_nopython/met-9.0.1/src/basic/vx_util'
/bin/g++ -DHAVE_CONFIG_H -I. -I../../..  -I../../../src/basic/vx_cal -I../../../src/basic/vx_config -I../../../src/basic/vx_log -I../../../src/basic/vx_math -I../../../src/basic/vx_util -I../../../src/libcode/vx_afm -I../../../src/libcode/vx_analysis_util -I../../../src/libcode/vx_color -I../../../src/libcode/vx_data2d -I../../../src/libcode/vx_data2d_factory -I../../../src/libcode/vx_data2d_grib -I../../../src/libcode/vx_data2d_grib2 -I../../../src/libcode/vx_data2d_nccf -I../../../src/libcode/vx_data2d_nc_met -I../../../src/libcode/vx_data2d_nc_pinterp -I../../../src/libcode/vx_data2d_python -I../../../src/libcode/vx_python3_utils -I../../../src/libcode/vx_geodesy -I../../../src/libcode/vx_gis -I../../../src/libcode/vx_gnomon -I../../../src/libcode/vx_grid -I../../../src/libcode/vx_gsl_prob -I../../../src/libcode/vx_nav -I../../../src/libcode/vx_nc_obs -I../../../src/libcode/vx_nc_util -I../../../src/libcode/vx_pb_util -I../../../src/libcode/vx_plot_util -I../../../src/libcode/vx_ps -I../../../src/libcode/vx_pxm -I../../../src/libcode/vx_render -I../../../src/libcode/vx_regrid -I../../../src/libcode/vx_shapedata -I../../../src/libcode/vx_solar -I../../../src/libcode/vx_statistics -I../../../src/libcode/vx_stat_out -I../../../src/libcode/vx_summary -I../../../src/libcode/vx_time_series -I../../../src/libcode/vx_series_data -I../../../src/libcode/vx_tc_util -I/home/hank.fisher/MET/external_libs/include -I/home/hank.fisher/MET9_0_1_nopython/external_libs/include -I/home/hank.fisher/MET9_0_1_nopython/external_libs/include -I/home/hank.fisher/MET9_0_1_nopython/external_libs/include -I/home/hank.fisher/MET9_0_1_nopython/external_libs/include -I/home/hank.fisher/MET9_0_1_nopython/external_libs/include -I/home/hank.fisher/MET9_0_1_nopython/external_libs/include -DBLOCK4 -DWITH_GRIB2 -DMET_BASE="\"/home/hank.fisher/MET9_0_1_nopython/share/met\""  -g -MT libvx_util_a-ascii_table.o -MD -MP -MF .deps/libvx_util_a-ascii_table.Tpo -c -o libvx_util_a-ascii_table.o `test -f 'ascii_table.cc' || echo './'`ascii_table.cc
mv -f .deps/libvx_util_a-ascii_table.Tpo .deps/libvx_util_a-ascii_table.Po
/bin/g++ -DHAVE_CONFIG_H -I. -I../../..  -I../../../src/basic/vx_cal -I../../../src/basic/vx_config -I../../../src/basic/vx_log -I../../../src/basic/vx_math -I../../../src/basic/vx_util -I../../../src/libcode/vx_afm -I../../../src/libcode/vx_analysis_util -I../../../src/libcode/vx_color -I../../../src/libcode/vx_data2d -I../../../src/libcode/vx_data2d_factory -I../../../src/libcode/vx_data2d_grib -I../../../src/libcode/vx_data2d_grib2 -I../../../src/libcode/vx_data2d_nccf -I../../../src/libcode/vx_data2d_nc_met -I../../../src/libcode/vx_data2d_nc_pinterp -I../../../src/libcode/vx_data2d_python -I../../../src/libcode/vx_python3_utils -I../../../src/libcode/vx_geodesy -I../../../src/libcode/vx_gis -I../../../src/libcode/vx_gnomon -I../../../src/libcode/vx_grid -I../../../src/libcode/vx_gsl_prob -I../../../src/libcode/vx_nav -I../../../src/libcode/vx_nc_obs -I../../../src/libcode/vx_nc_util -I../../../src/libcode/vx_pb_util -I../../../src/libcode/vx_plot_util -I../../../src/libcode/vx_ps -I../../../src/libcode/vx_pxm -I../../../src/libcode/vx_render -I../../../src/libcode/vx_regrid -I../../../src/libcode/vx_shapedata -I../../../src/libcode/vx_solar -I../../../src/libcode/vx_statistics -I../../../src/libcode/vx_stat_out -I../../../src/libcode/vx_summary -I../../../src/libcode/vx_time_series -I../../../src/libcode/vx_series_data -I../../../src/libcode/vx_tc_util -I/home/hank.fisher/MET/external_libs/include -I/home/hank.fisher/MET9_0_1_nopython/external_libs/include -I/home/hank.fisher/MET9_0_1_nopython/external_libs/include -I/home/hank.fisher/MET9_0_1_nopython/external_libs/include -I/home/hank.fisher/MET9_0_1_nopython/external_libs/include -I/home/hank.fisher/MET9_0_1_nopython/external_libs/include -I/home/hank.fisher/MET9_0_1_nopython/external_libs/include -DBLOCK4 -DWITH_GRIB2 -DMET_BASE="\"/home/hank.fisher/MET9_0_1_nopython/share/met\""  -g -MT libvx_util_a-asciitablejust_to_string.o -MD -MP -MF .deps/libvx_util_a-asciitablejust_to_string.Tpo -c -o libvx_util_a-asciitablejust_to_string.o `test -f 'asciitablejust_to_string.cc' || echo './'`asciitablejust_to_string.cc
mv -f .deps/libvx_util_a-asciitablejust_to_string.Tpo .deps/libvx_util_a-asciitablejust_to_string.Po
/bin/g++ -DHAVE_CONFIG_H -I. -I../../..  -I../../../src/basic/vx_cal -I../../../src/basic/vx_config -I../../../src/basic/vx_log -I../../../src/basic/vx_math -I../../../src/basic/vx_util -I../../../src/libcode/vx_afm -I../../../src/libcode/vx_analysis_util -I../../../src/libcode/vx_color -I../../../src/libcode/vx_data2d -I../../../src/libcode/vx_data2d_factory -I../../../src/libcode/vx_data2d_grib -I../../../src/libcode/vx_data2d_grib2 -I../../../src/libcode/vx_data2d_nccf -I../../../src/libcode/vx_data2d_nc_met -I../../../src/libcode/vx_data2d_nc_pinterp -I../../../src/libcode/vx_data2d_python -I../../../src/libcode/vx_python3_utils -I../../../src/libcode/vx_geodesy -I../../../src/libcode/vx_gis -I../../../src/libcode/vx_gnomon -I../../../src/libcode/vx_grid -I../../../src/libcode/vx_gsl_prob -I../../../src/libcode/vx_nav -I../../../src/libcode/vx_nc_obs -I../../../src/libcode/vx_nc_util -I../../../src/libcode/vx_pb_util -I../../../src/libcode/vx_plot_util -I../../../src/libcode/vx_ps -I../../../src/libcode/vx_pxm -I../../../src/libcode/vx_render -I../../../src/libcode/vx_regrid -I../../../src/libcode/vx_shapedata -I../../../src/libcode/vx_solar -I../../../src/libcode/vx_statistics -I../../../src/libcode/vx_stat_out -I../../../src/libcode/vx_summary -I../../../src/libcode/vx_time_series -I../../../src/libcode/vx_series_data -I../../../src/libcode/vx_tc_util -I/home/hank.fisher/MET/external_libs/include -I/home/hank.fisher/MET9_0_1_nopython/external_libs/include -I/home/hank.fisher/MET9_0_1_nopython/external_libs/include -I/home/hank.fisher/MET9_0_1_nopython/external_libs/include -I/home/hank.fisher/MET9_0_1_nopython/external_libs/include -I/home/hank.fisher/MET9_0_1_nopython/external_libs/include -I/home/hank.fisher/MET9_0_1_nopython/external_libs/include -DBLOCK4 -DWITH_GRIB2 -DMET_BASE="\"/home/hank.fisher/MET9_0_1_nopython/share/met\""  -g -MT libvx_util_a-ascii_header.o -MD -MP -MF .deps/libvx_util_a-ascii_header.Tpo -c -o libvx_util_a-ascii_header.o `test -f 'ascii_header.cc' || echo './'`ascii_header.cc
mv -f .deps/libvx_util_a-ascii_header.Tpo .deps/libvx_util_a-ascii_header.Po
/bin/g++ -DHAVE_CONFIG_H -I. -I../../..  -I../../../src/basic/vx_cal -I../../../src/basic/vx_config -I../../../src/basic/vx_log -I../../../src/basic/vx_math -I../../../src/basic/vx_util -I../../../src/libcode/vx_afm -I../../../src/libcode/vx_analysis_util -I../../../src/libcode/vx_color -I../../../src/libcode/vx_data2d -I../../../src/libcode/vx_data2d_factory -I../../../src/libcode/vx_data2d_grib -I../../../src/libcode/vx_data2d_grib2 -I../../../src/libcode/vx_data2d_nccf -I../../../src/libcode/vx_data2d_nc_met -I../../../src/libcode/vx_data2d_nc_pinterp -I../../../src/libcode/vx_data2d_python -I../../../src/libcode/vx_python3_utils -I../../../src/libcode/vx_geodesy -I../../../src/libcode/vx_gis -I../../../src/libcode/vx_gnomon -I../../../src/libcode/vx_grid -I../../../src/libcode/vx_gsl_prob -I../../../src/libcode/vx_nav -I../../../src/libcode/vx_nc_obs -I../../../src/libcode/vx_nc_util -I../../../src/libcode/vx_pb_util -I../../../src/libcode/vx_plot_util -I../../../src/libcode/vx_ps -I../../../src/libcode/vx_pxm -I../../../src/libcode/vx_render -I../../../src/libcode/vx_regrid -I../../../src/libcode/vx_shapedata -I../../../src/libcode/vx_solar -I../../../src/libcode/vx_statistics -I../../../src/libcode/vx_stat_out -I../../../src/libcode/vx_summary -I../../../src/libcode/vx_time_series -I../../../src/libcode/vx_series_data -I../../../src/libcode/vx_tc_util -I/home/hank.fisher/MET/external_libs/include -I/home/hank.fisher/MET9_0_1_nopython/external_libs/include -I/home/hank.fisher/MET9_0_1_nopython/external_libs/include -I/home/hank.fisher/MET9_0_1_nopython/external_libs/include -I/home/hank.fisher/MET9_0_1_nopython/external_libs/include -I/home/hank.fisher/MET9_0_1_nopython/external_libs/include -I/home/hank.fisher/MET9_0_1_nopython/external_libs/include -DBLOCK4 -DWITH_GRIB2 -DMET_BASE="\"/home/hank.fisher/MET9_0_1_nopython/share/met\""  -g -MT libvx_util_a-check_endian.o -MD -MP -MF .deps/libvx_util_a-check_endian.Tpo -c -o libvx_util_a-check_endian.o `test -f 'check_endian.cc' || echo './'`check_endian.cc
mv -f .deps/libvx_util_a-check_endian.Tpo .deps/libvx_util_a-check_endian.Po
/bin/g++ -DHAVE_CONFIG_H -I. -I../../..  -I../../../src/basic/vx_cal -I../../../src/basic/vx_config -I../../../src/basic/vx_log -I../../../src/basic/vx_math -I../../../src/basic/vx_util -I../../../src/libcode/vx_afm -I../../../src/libcode/vx_analysis_util -I../../../src/libcode/vx_color -I../../../src/libcode/vx_data2d -I../../../src/libcode/vx_data2d_factory -I../../../src/libcode/vx_data2d_grib -I../../../src/libcode/vx_data2d_grib2 -I../../../src/libcode/vx_data2d_nccf -I../../../src/libcode/vx_data2d_nc_met -I../../../src/libcode/vx_data2d_nc_pinterp -I../../../src/libcode/vx_data2d_python -I../../../src/libcode/vx_python3_utils -I../../../src/libcode/vx_geodesy -I../../../src/libcode/vx_gis -I../../../src/libcode/vx_gnomon -I../../../src/libcode/vx_grid -I../../../src/libcode/vx_gsl_prob -I../../../src/libcode/vx_nav -I../../../src/libcode/vx_nc_obs -I../../../src/libcode/vx_nc_util -I../../../src/libcode/vx_pb_util -I../../../src/libcode/vx_plot_util -I../../../src/libcode/vx_ps -I../../../src/libcode/vx_pxm -I../../../src/libcode/vx_render -I../../../src/libcode/vx_regrid -I../../../src/libcode/vx_shapedata -I../../../src/libcode/vx_solar -I../../../src/libcode/vx_statistics -I../../../src/libcode/vx_stat_out -I../../../src/libcode/vx_summary -I../../../src/libcode/vx_time_series -I../../../src/libcode/vx_series_data -I../../../src/libcode/vx_tc_util -I/home/hank.fisher/MET/external_libs/include -I/home/hank.fisher/MET9_0_1_nopython/external_libs/include -I/home/hank.fisher/MET9_0_1_nopython/external_libs/include -I/home/hank.fisher/MET9_0_1_nopython/external_libs/include -I/home/hank.fisher/MET9_0_1_nopython/external_libs/include -I/home/hank.fisher/MET9_0_1_nopython/external_libs/include -I/home/hank.fisher/MET9_0_1_nopython/external_libs/include -DBLOCK4 -DWITH_GRIB2 -DMET_BASE="\"/home/hank.fisher/MET9_0_1_nopython/share/met\""  -g -MT libvx_util_a-comma_string.o -MD -MP -MF .deps/libvx_util_a-comma_string.Tpo -c -o libvx_util_a-comma_string.o `test -f 'comma_string.cc' || echo './'`comma_string.cc
mv -f .deps/libvx_util_a-comma_string.Tpo .deps/libvx_util_a-comma_string.Po
/bin/g++ -DHAVE_CONFIG_H -I. -I../../..  -I../../../src/basic/vx_cal -I../../../src/basic/vx_config -I../../../src/basic/vx_log -I../../../src/basic/vx_math -I../../../src/basic/vx_util -I../../../src/libcode/vx_afm -I../../../src/libcode/vx_analysis_util -I../../../src/libcode/vx_color -I../../../src/libcode/vx_data2d -I../../../src/libcode/vx_data2d_factory -I../../../src/libcode/vx_data2d_grib -I../../../src/libcode/vx_data2d_grib2 -I../../../src/libcode/vx_data2d_nccf -I../../../src/libcode/vx_data2d_nc_met -I../../../src/libcode/vx_data2d_nc_pinterp -I../../../src/libcode/vx_data2d_python -I../../../src/libcode/vx_python3_utils -I../../../src/libcode/vx_geodesy -I../../../src/libcode/vx_gis -I../../../src/libcode/vx_gnomon -I../../../src/libcode/vx_grid -I../../../src/libcode/vx_gsl_prob -I../../../src/libcode/vx_nav -I../../../src/libcode/vx_nc_obs -I../../../src/libcode/vx_nc_util -I../../../src/libcode/vx_pb_util -I../../../src/libcode/vx_plot_util -I../../../src/libcode/vx_ps -I../../../src/libcode/vx_pxm -I../../../src/libcode/vx_render -I../../../src/libcode/vx_regrid -I../../../src/libcode/vx_shapedata -I../../../src/libcode/vx_solar -I../../../src/libcode/vx_statistics -I../../../src/libcode/vx_stat_out -I../../../src/libcode/vx_summary -I../../../src/libcode/vx_time_series -I../../../src/libcode/vx_series_data -I../../../src/libcode/vx_tc_util -I/home/hank.fisher/MET/external_libs/include -I/home/hank.fisher/MET9_0_1_nopython/external_libs/include -I/home/hank.fisher/MET9_0_1_nopython/external_libs/include -I/home/hank.fisher/MET9_0_1_nopython/external_libs/include -I/home/hank.fisher/MET9_0_1_nopython/external_libs/include -I/home/hank.fisher/MET9_0_1_nopython/external_libs/include -I/home/hank.fisher/MET9_0_1_nopython/external_libs/include -DBLOCK4 -DWITH_GRIB2 -DMET_BASE="\"/home/hank.fisher/MET9_0_1_nopython/share/met\""  -g -MT libvx_util_a-conversions.o -MD -MP -MF .deps/libvx_util_a-conversions.Tpo -c -o libvx_util_a-conversions.o `test -f 'conversions.cc' || echo './'`conversions.cc
mv -f .deps/libvx_util_a-conversions.Tpo .deps/libvx_util_a-conversions.Po
/bin/g++ -DHAVE_CONFIG_H -I. -I../../..  -I../../../src/basic/vx_cal -I../../../src/basic/vx_config -I../../../src/basic/vx_log -I../../../src/basic/vx_math -I../../../src/basic/vx_util -I../../../src/libcode/vx_afm -I../../../src/libcode/vx_analysis_util -I../../../src/libcode/vx_color -I../../../src/libcode/vx_data2d -I../../../src/libcode/vx_data2d_factory -I../../../src/libcode/vx_data2d_grib -I../../../src/libcode/vx_data2d_grib2 -I../../../src/libcode/vx_data2d_nccf -I../../../src/libcode/vx_data2d_nc_met -I../../../src/libcode/vx_data2d_nc_pinterp -I../../../src/libcode/vx_data2d_python -I../../../src/libcode/vx_python3_utils -I../../../src/libcode/vx_geodesy -I../../../src/libcode/vx_gis -I../../../src/libcode/vx_gnomon -I../../../src/libcode/vx_grid -I../../../src/libcode/vx_gsl_prob -I../../../src/libcode/vx_nav -I../../../src/libcode/vx_nc_obs -I../../../src/libcode/vx_nc_util -I../../../src/libcode/vx_pb_util -I../../../src/libcode/vx_plot_util -I../../../src/libcode/vx_ps -I../../../src/libcode/vx_pxm -I../../../src/libcode/vx_render -I../../../src/libcode/vx_regrid -I../../../src/libcode/vx_shapedata -I../../../src/libcode/vx_solar -I../../../src/libcode/vx_statistics -I../../../src/libcode/vx_stat_out -I../../../src/libcode/vx_summary -I../../../src/libcode/vx_time_series -I../../../src/libcode/vx_series_data -I../../../src/libcode/vx_tc_util -I/home/hank.fisher/MET/external_libs/include -I/home/hank.fisher/MET9_0_1_nopython/external_libs/include -I/home/hank.fisher/MET9_0_1_nopython/external_libs/include -I/home/hank.fisher/MET9_0_1_nopython/external_libs/include -I/home/hank.fisher/MET9_0_1_nopython/external_libs/include -I/home/hank.fisher/MET9_0_1_nopython/external_libs/include -I/home/hank.fisher/MET9_0_1_nopython/external_libs/include -DBLOCK4 -DWITH_GRIB2 -DMET_BASE="\"/home/hank.fisher/MET9_0_1_nopython/share/met\""  -g -MT libvx_util_a-data_line.o -MD -MP -MF .deps/libvx_util_a-data_line.Tpo -c -o libvx_util_a-data_line.o `test -f 'data_line.cc' || echo './'`data_line.cc
mv -f .deps/libvx_util_a-data_line.Tpo .deps/libvx_util_a-data_line.Po
/bin/g++ -DHAVE_CONFIG_H -I. -I../../..  -I../../../src/basic/vx_cal -I../../../src/basic/vx_config -I../../../src/basic/vx_log -I../../../src/basic/vx_math -I../../../src/basic/vx_util -I../../../src/libcode/vx_afm -I../../../src/libcode/vx_analysis_util -I../../../src/libcode/vx_color -I../../../src/libcode/vx_data2d -I../../../src/libcode/vx_data2d_factory -I../../../src/libcode/vx_data2d_grib -I../../../src/libcode/vx_data2d_grib2 -I../../../src/libcode/vx_data2d_nccf -I../../../src/libcode/vx_data2d_nc_met -I../../../src/libcode/vx_data2d_nc_pinterp -I../../../src/libcode/vx_data2d_python -I../../../src/libcode/vx_python3_utils -I../../../src/libcode/vx_geodesy -I../../../src/libcode/vx_gis -I../../../src/libcode/vx_gnomon -I../../../src/libcode/vx_grid -I../../../src/libcode/vx_gsl_prob -I../../../src/libcode/vx_nav -I../../../src/libcode/vx_nc_obs -I../../../src/libcode/vx_nc_util -I../../../src/libcode/vx_pb_util -I../../../src/libcode/vx_plot_util -I../../../src/libcode/vx_ps -I../../../src/libcode/vx_pxm -I../../../src/libcode/vx_render -I../../../src/libcode/vx_regrid -I../../../src/libcode/vx_shapedata -I../../../src/libcode/vx_solar -I../../../src/libcode/vx_statistics -I../../../src/libcode/vx_stat_out -I../../../src/libcode/vx_summary -I../../../src/libcode/vx_time_series -I../../../src/libcode/vx_series_data -I../../../src/libcode/vx_tc_util -I/home/hank.fisher/MET/external_libs/include -I/home/hank.fisher/MET9_0_1_nopython/external_libs/include -I/home/hank.fisher/MET9_0_1_nopython/external_libs/include -I/home/hank.fisher/MET9_0_1_nopython/external_libs/include -I/home/hank.fisher/MET9_0_1_nopython/external_libs/include -I/home/hank.fisher/MET9_0_1_nopython/external_libs/include -I/home/hank.fisher/MET9_0_1_nopython/external_libs/include -DBLOCK4 -DWITH_GRIB2 -DMET_BASE="\"/home/hank.fisher/MET9_0_1_nopython/share/met\""  -g -MT libvx_util_a-grib_constants.o -MD -MP -MF .deps/libvx_util_a-grib_constants.Tpo -c -o libvx_util_a-grib_constants.o `test -f 'grib_constants.cc' || echo './'`grib_constants.cc
mv -f .deps/libvx_util_a-grib_constants.Tpo .deps/libvx_util_a-grib_constants.Po
/bin/g++ -DHAVE_CONFIG_H -I. -I../../..  -I../../../src/basic/vx_cal -I../../../src/basic/vx_config -I../../../src/basic/vx_log -I../../../src/basic/vx_math -I../../../src/basic/vx_util -I../../../src/libcode/vx_afm -I../../../src/libcode/vx_analysis_util -I../../../src/libcode/vx_color -I../../../src/libcode/vx_data2d -I../../../src/libcode/vx_data2d_factory -I../../../src/libcode/vx_data2d_grib -I../../../src/libcode/vx_data2d_grib2 -I../../../src/libcode/vx_data2d_nccf -I../../../src/libcode/vx_data2d_nc_met -I../../../src/libcode/vx_data2d_nc_pinterp -I../../../src/libcode/vx_data2d_python -I../../../src/libcode/vx_python3_utils -I../../../src/libcode/vx_geodesy -I../../../src/libcode/vx_gis -I../../../src/libcode/vx_gnomon -I../../../src/libcode/vx_grid -I../../../src/libcode/vx_gsl_prob -I../../../src/libcode/vx_nav -I../../../src/libcode/vx_nc_obs -I../../../src/libcode/vx_nc_util -I../../../src/libcode/vx_pb_util -I../../../src/libcode/vx_plot_util -I../../../src/libcode/vx_ps -I../../../src/libcode/vx_pxm -I../../../src/libcode/vx_render -I../../../src/libcode/vx_regrid -I../../../src/libcode/vx_shapedata -I../../../src/libcode/vx_solar -I../../../src/libcode/vx_statistics -I../../../src/libcode/vx_stat_out -I../../../src/libcode/vx_summary -I../../../src/libcode/vx_time_series -I../../../src/libcode/vx_series_data -I../../../src/libcode/vx_tc_util -I/home/hank.fisher/MET/external_libs/include -I/home/hank.fisher/MET9_0_1_nopython/external_libs/include -I/home/hank.fisher/MET9_0_1_nopython/external_libs/include -I/home/hank.fisher/MET9_0_1_nopython/external_libs/include -I/home/hank.fisher/MET9_0_1_nopython/external_libs/include -I/home/hank.fisher/MET9_0_1_nopython/external_libs/include -I/home/hank.fisher/MET9_0_1_nopython/external_libs/include -DBLOCK4 -DWITH_GRIB2 -DMET_BASE="\"/home/hank.fisher/MET9_0_1_nopython/share/met\""  -g -MT libvx_util_a-is_number.o -MD -MP -MF .deps/libvx_util_a-is_number.Tpo -c -o libvx_util_a-is_number.o `test -f 'is_number.cc' || echo './'`is_number.cc
mv -f .deps/libvx_util_a-is_number.Tpo .deps/libvx_util_a-is_number.Po
/bin/g++ -DHAVE_CONFIG_H -I. -I../../..  -I../../../src/basic/vx_cal -I../../../src/basic/vx_config -I../../../src/basic/vx_log -I../../../src/basic/vx_math -I../../../src/basic/vx_util -I../../../src/libcode/vx_afm -I../../../src/libcode/vx_analysis_util -I../../../src/libcode/vx_color -I../../../src/libcode/vx_data2d -I../../../src/libcode/vx_data2d_factory -I../../../src/libcode/vx_data2d_grib -I../../../src/libcode/vx_data2d_grib2 -I../../../src/libcode/vx_data2d_nccf -I../../../src/libcode/vx_data2d_nc_met -I../../../src/libcode/vx_data2d_nc_pinterp -I../../../src/libcode/vx_data2d_python -I../../../src/libcode/vx_python3_utils -I../../../src/libcode/vx_geodesy -I../../../src/libcode/vx_gis -I../../../src/libcode/vx_gnomon -I../../../src/libcode/vx_grid -I../../../src/libcode/vx_gsl_prob -I../../../src/libcode/vx_nav -I../../../src/libcode/vx_nc_obs -I../../../src/libcode/vx_nc_util -I../../../src/libcode/vx_pb_util -I../../../src/libcode/vx_plot_util -I../../../src/libcode/vx_ps -I../../../src/libcode/vx_pxm -I../../../src/libcode/vx_render -I../../../src/libcode/vx_regrid -I../../../src/libcode/vx_shapedata -I../../../src/libcode/vx_solar -I../../../src/libcode/vx_statistics -I../../../src/libcode/vx_stat_out -I../../../src/libcode/vx_summary -I../../../src/libcode/vx_time_series -I../../../src/libcode/vx_series_data -I../../../src/libcode/vx_tc_util -I/home/hank.fisher/MET/external_libs/include -I/home/hank.fisher/MET9_0_1_nopython/external_libs/include -I/home/hank.fisher/MET9_0_1_nopython/external_libs/include -I/home/hank.fisher/MET9_0_1_nopython/external_libs/include -I/home/hank.fisher/MET9_0_1_nopython/external_libs/include -I/home/hank.fisher/MET9_0_1_nopython/external_libs/include -I/home/hank.fisher/MET9_0_1_nopython/external_libs/include -DBLOCK4 -DWITH_GRIB2 -DMET_BASE="\"/home/hank.fisher/MET9_0_1_nopython/share/met\""  -g -MT libvx_util_a-long_array.o -MD -MP -MF .deps/libvx_util_a-long_array.Tpo -c -o libvx_util_a-long_array.o `test -f 'long_array.cc' || echo './'`long_array.cc
mv -f .deps/libvx_util_a-long_array.Tpo .deps/libvx_util_a-long_array.Po
/bin/g++ -DHAVE_CONFIG_H -I. -I../../..  -I../../../src/basic/vx_cal -I../../../src/basic/vx_config -I../../../src/basic/vx_log -I../../../src/basic/vx_math -I../../../src/basic/vx_util -I../../../src/libcode/vx_afm -I../../../src/libcode/vx_analysis_util -I../../../src/libcode/vx_color -I../../../src/libcode/vx_data2d -I../../../src/libcode/vx_data2d_factory -I../../../src/libcode/vx_data2d_grib -I../../../src/libcode/vx_data2d_grib2 -I../../../src/libcode/vx_data2d_nccf -I../../../src/libcode/vx_data2d_nc_met -I../../../src/libcode/vx_data2d_nc_pinterp -I../../../src/libcode/vx_data2d_python -I../../../src/libcode/vx_python3_utils -I../../../src/libcode/vx_geodesy -I../../../src/libcode/vx_gis -I../../../src/libcode/vx_gnomon -I../../../src/libcode/vx_grid -I../../../src/libcode/vx_gsl_prob -I../../../src/libcode/vx_nav -I../../../src/libcode/vx_nc_obs -I../../../src/libcode/vx_nc_util -I../../../src/libcode/vx_pb_util -I../../../src/libcode/vx_plot_util -I../../../src/libcode/vx_ps -I../../../src/libcode/vx_pxm -I../../../src/libcode/vx_render -I../../../src/libcode/vx_regrid -I../../../src/libcode/vx_shapedata -I../../../src/libcode/vx_solar -I../../../src/libcode/vx_statistics -I../../../src/libcode/vx_stat_out -I../../../src/libcode/vx_summary -I../../../src/libcode/vx_time_series -I../../../src/libcode/vx_series_data -I../../../src/libcode/vx_tc_util -I/home/hank.fisher/MET/external_libs/include -I/home/hank.fisher/MET9_0_1_nopython/external_libs/include -I/home/hank.fisher/MET9_0_1_nopython/external_libs/include -I/home/hank.fisher/MET9_0_1_nopython/external_libs/include -I/home/hank.fisher/MET9_0_1_nopython/external_libs/include -I/home/hank.fisher/MET9_0_1_nopython/external_libs/include -I/home/hank.fisher/MET9_0_1_nopython/external_libs/include -DBLOCK4 -DWITH_GRIB2 -DMET_BASE="\"/home/hank.fisher/MET9_0_1_nopython/share/met\""  -g -MT libvx_util_a-num_array.o -MD -MP -MF .deps/libvx_util_a-num_array.Tpo -c -o libvx_util_a-num_array.o `test -f 'num_array.cc' || echo './'`num_array.cc
mv -f .deps/libvx_util_a-num_array.Tpo .deps/libvx_util_a-num_array.Po
/bin/g++ -DHAVE_CONFIG_H -I. -I../../..  -I../../../src/basic/vx_cal -I../../../src/basic/vx_config -I../../../src/basic/vx_log -I../../../src/basic/vx_math -I../../../src/basic/vx_util -I../../../src/libcode/vx_afm -I../../../src/libcode/vx_analysis_util -I../../../src/libcode/vx_color -I../../../src/libcode/vx_data2d -I../../../src/libcode/vx_data2d_factory -I../../../src/libcode/vx_data2d_grib -I../../../src/libcode/vx_data2d_grib2 -I../../../src/libcode/vx_data2d_nccf -I../../../src/libcode/vx_data2d_nc_met -I../../../src/libcode/vx_data2d_nc_pinterp -I../../../src/libcode/vx_data2d_python -I../../../src/libcode/vx_python3_utils -I../../../src/libcode/vx_geodesy -I../../../src/libcode/vx_gis -I../../../src/libcode/vx_gnomon -I../../../src/libcode/vx_grid -I../../../src/libcode/vx_gsl_prob -I../../../src/libcode/vx_nav -I../../../src/libcode/vx_nc_obs -I../../../src/libcode/vx_nc_util -I../../../src/libcode/vx_pb_util -I../../../src/libcode/vx_plot_util -I../../../src/libcode/vx_ps -I../../../src/libcode/vx_pxm -I../../../src/libcode/vx_render -I../../../src/libcode/vx_regrid -I../../../src/libcode/vx_shapedata -I../../../src/libcode/vx_solar -I../../../src/libcode/vx_statistics -I../../../src/libcode/vx_stat_out -I../../../src/libcode/vx_summary -I../../../src/libcode/vx_time_series -I../../../src/libcode/vx_series_data -I../../../src/libcode/vx_tc_util -I/home/hank.fisher/MET/external_libs/include -I/home/hank.fisher/MET9_0_1_nopython/external_libs/include -I/home/hank.fisher/MET9_0_1_nopython/external_libs/include -I/home/hank.fisher/MET9_0_1_nopython/external_libs/include -I/home/hank.fisher/MET9_0_1_nopython/external_libs/include -I/home/hank.fisher/MET9_0_1_nopython/external_libs/include -I/home/hank.fisher/MET9_0_1_nopython/external_libs/include -DBLOCK4 -DWITH_GRIB2 -DMET_BASE="\"/home/hank.fisher/MET9_0_1_nopython/share/met\""  -g -MT libvx_util_a-thresh_array.o -MD -MP -MF .deps/libvx_util_a-thresh_array.Tpo -c -o libvx_util_a-thresh_array.o `test -f 'thresh_array.cc' || echo './'`thresh_array.cc
mv -f .deps/libvx_util_a-thresh_array.Tpo .deps/libvx_util_a-thresh_array.Po
/bin/g++ -DHAVE_CONFIG_H -I. -I../../..  -I../../../src/basic/vx_cal -I../../../src/basic/vx_config -I../../../src/basic/vx_log -I../../../src/basic/vx_math -I../../../src/basic/vx_util -I../../../src/libcode/vx_afm -I../../../src/libcode/vx_analysis_util -I../../../src/libcode/vx_color -I../../../src/libcode/vx_data2d -I../../../src/libcode/vx_data2d_factory -I../../../src/libcode/vx_data2d_grib -I../../../src/libcode/vx_data2d_grib2 -I../../../src/libcode/vx_data2d_nccf -I../../../src/libcode/vx_data2d_nc_met -I../../../src/libcode/vx_data2d_nc_pinterp -I../../../src/libcode/vx_data2d_python -I../../../src/libcode/vx_python3_utils -I../../../src/libcode/vx_geodesy -I../../../src/libcode/vx_gis -I../../../src/libcode/vx_gnomon -I../../../src/libcode/vx_grid -I../../../src/libcode/vx_gsl_prob -I../../../src/libcode/vx_nav -I../../../src/libcode/vx_nc_obs -I../../../src/libcode/vx_nc_util -I../../../src/libcode/vx_pb_util -I../../../src/libcode/vx_plot_util -I../../../src/libcode/vx_ps -I../../../src/libcode/vx_pxm -I../../../src/libcode/vx_render -I../../../src/libcode/vx_regrid -I../../../src/libcode/vx_shapedata -I../../../src/libcode/vx_solar -I../../../src/libcode/vx_statistics -I../../../src/libcode/vx_stat_out -I../../../src/libcode/vx_summary -I../../../src/libcode/vx_time_series -I../../../src/libcode/vx_series_data -I../../../src/libcode/vx_tc_util -I/home/hank.fisher/MET/external_libs/include -I/home/hank.fisher/MET9_0_1_nopython/external_libs/include -I/home/hank.fisher/MET9_0_1_nopython/external_libs/include -I/home/hank.fisher/MET9_0_1_nopython/external_libs/include -I/home/hank.fisher/MET9_0_1_nopython/external_libs/include -I/home/hank.fisher/MET9_0_1_nopython/external_libs/include -I/home/hank.fisher/MET9_0_1_nopython/external_libs/include -DBLOCK4 -DWITH_GRIB2 -DMET_BASE="\"/home/hank.fisher/MET9_0_1_nopython/share/met\""  -g -MT libvx_util_a-make_path.o -MD -MP -MF .deps/libvx_util_a-make_path.Tpo -c -o libvx_util_a-make_path.o `test -f 'make_path.cc' || echo './'`make_path.cc
mv -f .deps/libvx_util_a-make_path.Tpo .deps/libvx_util_a-make_path.Po
/bin/g++ -DHAVE_CONFIG_H -I. -I../../..  -I../../../src/basic/vx_cal -I../../../src/basic/vx_config -I../../../src/basic/vx_log -I../../../src/basic/vx_math -I../../../src/basic/vx_util -I../../../src/libcode/vx_afm -I../../../src/libcode/vx_analysis_util -I../../../src/libcode/vx_color -I../../../src/libcode/vx_data2d -I../../../src/libcode/vx_data2d_factory -I../../../src/libcode/vx_data2d_grib -I../../../src/libcode/vx_data2d_grib2 -I../../../src/libcode/vx_data2d_nccf -I../../../src/libcode/vx_data2d_nc_met -I../../../src/libcode/vx_data2d_nc_pinterp -I../../../src/libcode/vx_data2d_python -I../../../src/libcode/vx_python3_utils -I../../../src/libcode/vx_geodesy -I../../../src/libcode/vx_gis -I../../../src/libcode/vx_gnomon -I../../../src/libcode/vx_grid -I../../../src/libcode/vx_gsl_prob -I../../../src/libcode/vx_nav -I../../../src/libcode/vx_nc_obs -I../../../src/libcode/vx_nc_util -I../../../src/libcode/vx_pb_util -I../../../src/libcode/vx_plot_util -I../../../src/libcode/vx_ps -I../../../src/libcode/vx_pxm -I../../../src/libcode/vx_render -I../../../src/libcode/vx_regrid -I../../../src/libcode/vx_shapedata -I../../../src/libcode/vx_solar -I../../../src/libcode/vx_statistics -I../../../src/libcode/vx_stat_out -I../../../src/libcode/vx_summary -I../../../src/libcode/vx_time_series -I../../../src/libcode/vx_series_data -I../../../src/libcode/vx_tc_util -I/home/hank.fisher/MET/external_libs/include -I/home/hank.fisher/MET9_0_1_nopython/external_libs/include -I/home/hank.fisher/MET9_0_1_nopython/external_libs/include -I/home/hank.fisher/MET9_0_1_nopython/external_libs/include -I/home/hank.fisher/MET9_0_1_nopython/external_libs/include -I/home/hank.fisher/MET9_0_1_nopython/external_libs/include -I/home/hank.fisher/MET9_0_1_nopython/external_libs/include -DBLOCK4 -DWITH_GRIB2 -DMET_BASE="\"/home/hank.fisher/MET9_0_1_nopython/share/met\""  -g -MT libvx_util_a-memory.o -MD -MP -MF .deps/libvx_util_a-memory.Tpo -c -o libvx_util_a-memory.o `test -f 'memory.cc' || echo './'`memory.cc
mv -f .deps/libvx_util_a-memory.Tpo .deps/libvx_util_a-memory.Po
/bin/g++ -DHAVE_CONFIG_H -I. -I../../..  -I../../../src/basic/vx_cal -I../../../src/basic/vx_config -I../../../src/basic/vx_log -I../../../src/basic/vx_math -I../../../src/basic/vx_util -I../../../src/libcode/vx_afm -I../../../src/libcode/vx_analysis_util -I../../../src/libcode/vx_color -I../../../src/libcode/vx_data2d -I../../../src/libcode/vx_data2d_factory -I../../../src/libcode/vx_data2d_grib -I../../../src/libcode/vx_data2d_grib2 -I../../../src/libcode/vx_data2d_nccf -I../../../src/libcode/vx_data2d_nc_met -I../../../src/libcode/vx_data2d_nc_pinterp -I../../../src/libcode/vx_data2d_python -I../../../src/libcode/vx_python3_utils -I../../../src/libcode/vx_geodesy -I../../../src/libcode/vx_gis -I../../../src/libcode/vx_gnomon -I../../../src/libcode/vx_grid -I../../../src/libcode/vx_gsl_prob -I../../../src/libcode/vx_nav -I../../../src/libcode/vx_nc_obs -I../../../src/libcode/vx_nc_util -I../../../src/libcode/vx_pb_util -I../../../src/libcode/vx_plot_util -I../../../src/libcode/vx_ps -I../../../src/libcode/vx_pxm -I../../../src/libcode/vx_render -I../../../src/libcode/vx_regrid -I../../../src/libcode/vx_shapedata -I../../../src/libcode/vx_solar -I../../../src/libcode/vx_statistics -I../../../src/libcode/vx_stat_out -I../../../src/libcode/vx_summary -I../../../src/libcode/vx_time_series -I../../../src/libcode/vx_series_data -I../../../src/libcode/vx_tc_util -I/home/hank.fisher/MET/external_libs/include -I/home/hank.fisher/MET9_0_1_nopython/external_libs/include -I/home/hank.fisher/MET9_0_1_nopython/external_libs/include -I/home/hank.fisher/MET9_0_1_nopython/external_libs/include -I/home/hank.fisher/MET9_0_1_nopython/external_libs/include -I/home/hank.fisher/MET9_0_1_nopython/external_libs/include -I/home/hank.fisher/MET9_0_1_nopython/external_libs/include -DBLOCK4 -DWITH_GRIB2 -DMET_BASE="\"/home/hank.fisher/MET9_0_1_nopython/share/met\""  -g -MT libvx_util_a-ordinal.o -MD -MP -MF .deps/libvx_util_a-ordinal.Tpo -c -o libvx_util_a-ordinal.o `test -f 'ordinal.cc' || echo './'`ordinal.cc
mv -f .deps/libvx_util_a-ordinal.Tpo .deps/libvx_util_a-ordinal.Po
/bin/g++ -DHAVE_CONFIG_H -I. -I../../..  -I../../../src/basic/vx_cal -I../../../src/basic/vx_config -I../../../src/basic/vx_log -I../../../src/basic/vx_math -I../../../src/basic/vx_util -I../../../src/libcode/vx_afm -I../../../src/libcode/vx_analysis_util -I../../../src/libcode/vx_color -I../../../src/libcode/vx_data2d -I../../../src/libcode/vx_data2d_factory -I../../../src/libcode/vx_data2d_grib -I../../../src/libcode/vx_data2d_grib2 -I../../../src/libcode/vx_data2d_nccf -I../../../src/libcode/vx_data2d_nc_met -I../../../src/libcode/vx_data2d_nc_pinterp -I../../../src/libcode/vx_data2d_python -I../../../src/libcode/vx_python3_utils -I../../../src/libcode/vx_geodesy -I../../../src/libcode/vx_gis -I../../../src/libcode/vx_gnomon -I../../../src/libcode/vx_grid -I../../../src/libcode/vx_gsl_prob -I../../../src/libcode/vx_nav -I../../../src/libcode/vx_nc_obs -I../../../src/libcode/vx_nc_util -I../../../src/libcode/vx_pb_util -I../../../src/libcode/vx_plot_util -I../../../src/libcode/vx_ps -I../../../src/libcode/vx_pxm -I../../../src/libcode/vx_render -I../../../src/libcode/vx_regrid -I../../../src/libcode/vx_shapedata -I../../../src/libcode/vx_solar -I../../../src/libcode/vx_statistics -I../../../src/libcode/vx_stat_out -I../../../src/libcode/vx_summary -I../../../src/libcode/vx_time_series -I../../../src/libcode/vx_series_data -I../../../src/libcode/vx_tc_util -I/home/hank.fisher/MET/external_libs/include -I/home/hank.fisher/MET9_0_1_nopython/external_libs/include -I/home/hank.fisher/MET9_0_1_nopython/external_libs/include -I/home/hank.fisher/MET9_0_1_nopython/external_libs/include -I/home/hank.fisher/MET9_0_1_nopython/external_libs/include -I/home/hank.fisher/MET9_0_1_nopython/external_libs/include -I/home/hank.fisher/MET9_0_1_nopython/external_libs/include -DBLOCK4 -DWITH_GRIB2 -DMET_BASE="\"/home/hank.fisher/MET9_0_1_nopython/share/met\""  -g -MT libvx_util_a-roman_numeral.o -MD -MP -MF .deps/libvx_util_a-roman_numeral.Tpo -c -o libvx_util_a-roman_numeral.o `test -f 'roman_numeral.cc' || echo './'`roman_numeral.cc
mv -f .deps/libvx_util_a-roman_numeral.Tpo .deps/libvx_util_a-roman_numeral.Po
/bin/g++ -DHAVE_CONFIG_H -I. -I../../..  -I../../../src/basic/vx_cal -I../../../src/basic/vx_config -I../../../src/basic/vx_log -I../../../src/basic/vx_math -I../../../src/basic/vx_util -I../../../src/libcode/vx_afm -I../../../src/libcode/vx_analysis_util -I../../../src/libcode/vx_color -I../../../src/libcode/vx_data2d -I../../../src/libcode/vx_data2d_factory -I../../../src/libcode/vx_data2d_grib -I../../../src/libcode/vx_data2d_grib2 -I../../../src/libcode/vx_data2d_nccf -I../../../src/libcode/vx_data2d_nc_met -I../../../src/libcode/vx_data2d_nc_pinterp -I../../../src/libcode/vx_data2d_python -I../../../src/libcode/vx_python3_utils -I../../../src/libcode/vx_geodesy -I../../../src/libcode/vx_gis -I../../../src/libcode/vx_gnomon -I../../../src/libcode/vx_grid -I../../../src/libcode/vx_gsl_prob -I../../../src/libcode/vx_nav -I../../../src/libcode/vx_nc_obs -I../../../src/libcode/vx_nc_util -I../../../src/libcode/vx_pb_util -I../../../src/libcode/vx_plot_util -I../../../src/libcode/vx_ps -I../../../src/libcode/vx_pxm -I../../../src/libcode/vx_render -I../../../src/libcode/vx_regrid -I../../../src/libcode/vx_shapedata -I../../../src/libcode/vx_solar -I../../../src/libcode/vx_statistics -I../../../src/libcode/vx_stat_out -I../../../src/libcode/vx_summary -I../../../src/libcode/vx_time_series -I../../../src/libcode/vx_series_data -I../../../src/libcode/vx_tc_util -I/home/hank.fisher/MET/external_libs/include -I/home/hank.fisher/MET9_0_1_nopython/external_libs/include -I/home/hank.fisher/MET9_0_1_nopython/external_libs/include -I/home/hank.fisher/MET9_0_1_nopython/external_libs/include -I/home/hank.fisher/MET9_0_1_nopython/external_libs/include -I/home/hank.fisher/MET9_0_1_nopython/external_libs/include -I/home/hank.fisher/MET9_0_1_nopython/external_libs/include -DBLOCK4 -DWITH_GRIB2 -DMET_BASE="\"/home/hank.fisher/MET9_0_1_nopython/share/met\""  -g -MT libvx_util_a-string_fxns.o -MD -MP -MF .deps/libvx_util_a-string_fxns.Tpo -c -o libvx_util_a-string_fxns.o `test -f 'string_fxns.cc' || echo './'`string_fxns.cc
mv -f .deps/libvx_util_a-string_fxns.Tpo .deps/libvx_util_a-string_fxns.Po
/bin/g++ -DHAVE_CONFIG_H -I. -I../../..  -I../../../src/basic/vx_cal -I../../../src/basic/vx_config -I../../../src/basic/vx_log -I../../../src/basic/vx_math -I../../../src/basic/vx_util -I../../../src/libcode/vx_afm -I../../../src/libcode/vx_analysis_util -I../../../src/libcode/vx_color -I../../../src/libcode/vx_data2d -I../../../src/libcode/vx_data2d_factory -I../../../src/libcode/vx_data2d_grib -I../../../src/libcode/vx_data2d_grib2 -I../../../src/libcode/vx_data2d_nccf -I../../../src/libcode/vx_data2d_nc_met -I../../../src/libcode/vx_data2d_nc_pinterp -I../../../src/libcode/vx_data2d_python -I../../../src/libcode/vx_python3_utils -I../../../src/libcode/vx_geodesy -I../../../src/libcode/vx_gis -I../../../src/libcode/vx_gnomon -I../../../src/libcode/vx_grid -I../../../src/libcode/vx_gsl_prob -I../../../src/libcode/vx_nav -I../../../src/libcode/vx_nc_obs -I../../../src/libcode/vx_nc_util -I../../../src/libcode/vx_pb_util -I../../../src/libcode/vx_plot_util -I../../../src/libcode/vx_ps -I../../../src/libcode/vx_pxm -I../../../src/libcode/vx_render -I../../../src/libcode/vx_regrid -I../../../src/libcode/vx_shapedata -I../../../src/libcode/vx_solar -I../../../src/libcode/vx_statistics -I../../../src/libcode/vx_stat_out -I../../../src/libcode/vx_summary -I../../../src/libcode/vx_time_series -I../../../src/libcode/vx_series_data -I../../../src/libcode/vx_tc_util -I/home/hank.fisher/MET/external_libs/include -I/home/hank.fisher/MET9_0_1_nopython/external_libs/include -I/home/hank.fisher/MET9_0_1_nopython/external_libs/include -I/home/hank.fisher/MET9_0_1_nopython/external_libs/include -I/home/hank.fisher/MET9_0_1_nopython/external_libs/include -I/home/hank.fisher/MET9_0_1_nopython/external_libs/include -I/home/hank.fisher/MET9_0_1_nopython/external_libs/include -DBLOCK4 -DWITH_GRIB2 -DMET_BASE="\"/home/hank.fisher/MET9_0_1_nopython/share/met\""  -g -MT libvx_util_a-substring.o -MD -MP -MF .deps/libvx_util_a-substring.Tpo -c -o libvx_util_a-substring.o `test -f 'substring.cc' || echo './'`substring.cc
mv -f .deps/libvx_util_a-substring.Tpo .deps/libvx_util_a-substring.Po
/bin/g++ -DHAVE_CONFIG_H -I. -I../../..  -I../../../src/basic/vx_cal -I../../../src/basic/vx_config -I../../../src/basic/vx_log -I../../../src/basic/vx_math -I../../../src/basic/vx_util -I../../../src/libcode/vx_afm -I../../../src/libcode/vx_analysis_util -I../../../src/libcode/vx_color -I../../../src/libcode/vx_data2d -I../../../src/libcode/vx_data2d_factory -I../../../src/libcode/vx_data2d_grib -I../../../src/libcode/vx_data2d_grib2 -I../../../src/libcode/vx_data2d_nccf -I../../../src/libcode/vx_data2d_nc_met -I../../../src/libcode/vx_data2d_nc_pinterp -I../../../src/libcode/vx_data2d_python -I../../../src/libcode/vx_python3_utils -I../../../src/libcode/vx_geodesy -I../../../src/libcode/vx_gis -I../../../src/libcode/vx_gnomon -I../../../src/libcode/vx_grid -I../../../src/libcode/vx_gsl_prob -I../../../src/libcode/vx_nav -I../../../src/libcode/vx_nc_obs -I../../../src/libcode/vx_nc_util -I../../../src/libcode/vx_pb_util -I../../../src/libcode/vx_plot_util -I../../../src/libcode/vx_ps -I../../../src/libcode/vx_pxm -I../../../src/libcode/vx_render -I../../../src/libcode/vx_regrid -I../../../src/libcode/vx_shapedata -I../../../src/libcode/vx_solar -I../../../src/libcode/vx_statistics -I../../../src/libcode/vx_stat_out -I../../../src/libcode/vx_summary -I../../../src/libcode/vx_time_series -I../../../src/libcode/vx_series_data -I../../../src/libcode/vx_tc_util -I/home/hank.fisher/MET/external_libs/include -I/home/hank.fisher/MET9_0_1_nopython/external_libs/include -I/home/hank.fisher/MET9_0_1_nopython/external_libs/include -I/home/hank.fisher/MET9_0_1_nopython/external_libs/include -I/home/hank.fisher/MET9_0_1_nopython/external_libs/include -I/home/hank.fisher/MET9_0_1_nopython/external_libs/include -I/home/hank.fisher/MET9_0_1_nopython/external_libs/include -DBLOCK4 -DWITH_GRIB2 -DMET_BASE="\"/home/hank.fisher/MET9_0_1_nopython/share/met\""  -g -MT libvx_util_a-fix_float.o -MD -MP -MF .deps/libvx_util_a-fix_float.Tpo -c -o libvx_util_a-fix_float.o `test -f 'fix_float.cc' || echo './'`fix_float.cc
mv -f .deps/libvx_util_a-fix_float.Tpo .deps/libvx_util_a-fix_float.Po
/bin/g++ -DHAVE_CONFIG_H -I. -I../../..  -I../../../src/basic/vx_cal -I../../../src/basic/vx_config -I../../../src/basic/vx_log -I../../../src/basic/vx_math -I../../../src/basic/vx_util -I../../../src/libcode/vx_afm -I../../../src/libcode/vx_analysis_util -I../../../src/libcode/vx_color -I../../../src/libcode/vx_data2d -I../../../src/libcode/vx_data2d_factory -I../../../src/libcode/vx_data2d_grib -I../../../src/libcode/vx_data2d_grib2 -I../../../src/libcode/vx_data2d_nccf -I../../../src/libcode/vx_data2d_nc_met -I../../../src/libcode/vx_data2d_nc_pinterp -I../../../src/libcode/vx_data2d_python -I../../../src/libcode/vx_python3_utils -I../../../src/libcode/vx_geodesy -I../../../src/libcode/vx_gis -I../../../src/libcode/vx_gnomon -I../../../src/libcode/vx_grid -I../../../src/libcode/vx_gsl_prob -I../../../src/libcode/vx_nav -I../../../src/libcode/vx_nc_obs -I../../../src/libcode/vx_nc_util -I../../../src/libcode/vx_pb_util -I../../../src/libcode/vx_plot_util -I../../../src/libcode/vx_ps -I../../../src/libcode/vx_pxm -I../../../src/libcode/vx_render -I../../../src/libcode/vx_regrid -I../../../src/libcode/vx_shapedata -I../../../src/libcode/vx_solar -I../../../src/libcode/vx_statistics -I../../../src/libcode/vx_stat_out -I../../../src/libcode/vx_summary -I../../../src/libcode/vx_time_series -I../../../src/libcode/vx_series_data -I../../../src/libcode/vx_tc_util -I/home/hank.fisher/MET/external_libs/include -I/home/hank.fisher/MET9_0_1_nopython/external_libs/include -I/home/hank.fisher/MET9_0_1_nopython/external_libs/include -I/home/hank.fisher/MET9_0_1_nopython/external_libs/include -I/home/hank.fisher/MET9_0_1_nopython/external_libs/include -I/home/hank.fisher/MET9_0_1_nopython/external_libs/include -I/home/hank.fisher/MET9_0_1_nopython/external_libs/include -DBLOCK4 -DWITH_GRIB2 -DMET_BASE="\"/home/hank.fisher/MET9_0_1_nopython/share/met\""  -g -MT libvx_util_a-command_line.o -MD -MP -MF .deps/libvx_util_a-command_line.Tpo -c -o libvx_util_a-command_line.o `test -f 'command_line.cc' || echo './'`command_line.cc
mv -f .deps/libvx_util_a-command_line.Tpo .deps/libvx_util_a-command_line.Po
/bin/g++ -DHAVE_CONFIG_H -I. -I../../..  -I../../../src/basic/vx_cal -I../../../src/basic/vx_config -I../../../src/basic/vx_log -I../../../src/basic/vx_math -I../../../src/basic/vx_util -I../../../src/libcode/vx_afm -I../../../src/libcode/vx_analysis_util -I../../../src/libcode/vx_color -I../../../src/libcode/vx_data2d -I../../../src/libcode/vx_data2d_factory -I../../../src/libcode/vx_data2d_grib -I../../../src/libcode/vx_data2d_grib2 -I../../../src/libcode/vx_data2d_nccf -I../../../src/libcode/vx_data2d_nc_met -I../../../src/libcode/vx_data2d_nc_pinterp -I../../../src/libcode/vx_data2d_python -I../../../src/libcode/vx_python3_utils -I../../../src/libcode/vx_geodesy -I../../../src/libcode/vx_gis -I../../../src/libcode/vx_gnomon -I../../../src/libcode/vx_grid -I../../../src/libcode/vx_gsl_prob -I../../../src/libcode/vx_nav -I../../../src/libcode/vx_nc_obs -I../../../src/libcode/vx_nc_util -I../../../src/libcode/vx_pb_util -I../../../src/libcode/vx_plot_util -I../../../src/libcode/vx_ps -I../../../src/libcode/vx_pxm -I../../../src/libcode/vx_render -I../../../src/libcode/vx_regrid -I../../../src/libcode/vx_shapedata -I../../../src/libcode/vx_solar -I../../../src/libcode/vx_statistics -I../../../src/libcode/vx_stat_out -I../../../src/libcode/vx_summary -I../../../src/libcode/vx_time_series -I../../../src/libcode/vx_series_data -I../../../src/libcode/vx_tc_util -I/home/hank.fisher/MET/external_libs/include -I/home/hank.fisher/MET9_0_1_nopython/external_libs/include -I/home/hank.fisher/MET9_0_1_nopython/external_libs/include -I/home/hank.fisher/MET9_0_1_nopython/external_libs/include -I/home/hank.fisher/MET9_0_1_nopython/external_libs/include -I/home/hank.fisher/MET9_0_1_nopython/external_libs/include -I/home/hank.fisher/MET9_0_1_nopython/external_libs/include -DBLOCK4 -DWITH_GRIB2 -DMET_BASE="\"/home/hank.fisher/MET9_0_1_nopython/share/met\""  -g -MT libvx_util_a-file_size.o -MD -MP -MF .deps/libvx_util_a-file_size.Tpo -c -o libvx_util_a-file_size.o `test -f 'file_size.cc' || echo './'`file_size.cc
mv -f .deps/libvx_util_a-file_size.Tpo .deps/libvx_util_a-file_size.Po
/bin/g++ -DHAVE_CONFIG_H -I. -I../../..  -I../../../src/basic/vx_cal -I../../../src/basic/vx_config -I../../../src/basic/vx_log -I../../../src/basic/vx_math -I../../../src/basic/vx_util -I../../../src/libcode/vx_afm -I../../../src/libcode/vx_analysis_util -I../../../src/libcode/vx_color -I../../../src/libcode/vx_data2d -I../../../src/libcode/vx_data2d_factory -I../../../src/libcode/vx_data2d_grib -I../../../src/libcode/vx_data2d_grib2 -I../../../src/libcode/vx_data2d_nccf -I../../../src/libcode/vx_data2d_nc_met -I../../../src/libcode/vx_data2d_nc_pinterp -I../../../src/libcode/vx_data2d_python -I../../../src/libcode/vx_python3_utils -I../../../src/libcode/vx_geodesy -I../../../src/libcode/vx_gis -I../../../src/libcode/vx_gnomon -I../../../src/libcode/vx_grid -I../../../src/libcode/vx_gsl_prob -I../../../src/libcode/vx_nav -I../../../src/libcode/vx_nc_obs -I../../../src/libcode/vx_nc_util -I../../../src/libcode/vx_pb_util -I../../../src/libcode/vx_plot_util -I../../../src/libcode/vx_ps -I../../../src/libcode/vx_pxm -I../../../src/libcode/vx_render -I../../../src/libcode/vx_regrid -I../../../src/libcode/vx_shapedata -I../../../src/libcode/vx_solar -I../../../src/libcode/vx_statistics -I../../../src/libcode/vx_stat_out -I../../../src/libcode/vx_summary -I../../../src/libcode/vx_time_series -I../../../src/libcode/vx_series_data -I../../../src/libcode/vx_tc_util -I/home/hank.fisher/MET/external_libs/include -I/home/hank.fisher/MET9_0_1_nopython/external_libs/include -I/home/hank.fisher/MET9_0_1_nopython/external_libs/include -I/home/hank.fisher/MET9_0_1_nopython/external_libs/include -I/home/hank.fisher/MET9_0_1_nopython/external_libs/include -I/home/hank.fisher/MET9_0_1_nopython/external_libs/include -I/home/hank.fisher/MET9_0_1_nopython/external_libs/include -DBLOCK4 -DWITH_GRIB2 -DMET_BASE="\"/home/hank.fisher/MET9_0_1_nopython/share/met\""  -g -MT libvx_util_a-file_exists.o -MD -MP -MF .deps/libvx_util_a-file_exists.Tpo -c -o libvx_util_a-file_exists.o `test -f 'file_exists.cc' || echo './'`file_exists.cc
mv -f .deps/libvx_util_a-file_exists.Tpo .deps/libvx_util_a-file_exists.Po
/bin/g++ -DHAVE_CONFIG_H -I. -I../../..  -I../../../src/basic/vx_cal -I../../../src/basic/vx_config -I../../../src/basic/vx_log -I../../../src/basic/vx_math -I../../../src/basic/vx_util -I../../../src/libcode/vx_afm -I../../../src/libcode/vx_analysis_util -I../../../src/libcode/vx_color -I../../../src/libcode/vx_data2d -I../../../src/libcode/vx_data2d_factory -I../../../src/libcode/vx_data2d_grib -I../../../src/libcode/vx_data2d_grib2 -I../../../src/libcode/vx_data2d_nccf -I../../../src/libcode/vx_data2d_nc_met -I../../../src/libcode/vx_data2d_nc_pinterp -I../../../src/libcode/vx_data2d_python -I../../../src/libcode/vx_python3_utils -I../../../src/libcode/vx_geodesy -I../../../src/libcode/vx_gis -I../../../src/libcode/vx_gnomon -I../../../src/libcode/vx_grid -I../../../src/libcode/vx_gsl_prob -I../../../src/libcode/vx_nav -I../../../src/libcode/vx_nc_obs -I../../../src/libcode/vx_nc_util -I../../../src/libcode/vx_pb_util -I../../../src/libcode/vx_plot_util -I../../../src/libcode/vx_ps -I../../../src/libcode/vx_pxm -I../../../src/libcode/vx_render -I../../../src/libcode/vx_regrid -I../../../src/libcode/vx_shapedata -I../../../src/libcode/vx_solar -I../../../src/libcode/vx_statistics -I../../../src/libcode/vx_stat_out -I../../../src/libcode/vx_summary -I../../../src/libcode/vx_time_series -I../../../src/libcode/vx_series_data -I../../../src/libcode/vx_tc_util -I/home/hank.fisher/MET/external_libs/include -I/home/hank.fisher/MET9_0_1_nopython/external_libs/include -I/home/hank.fisher/MET9_0_1_nopython/external_libs/include -I/home/hank.fisher/MET9_0_1_nopython/external_libs/include -I/home/hank.fisher/MET9_0_1_nopython/external_libs/include -I/home/hank.fisher/MET9_0_1_nopython/external_libs/include -I/home/hank.fisher/MET9_0_1_nopython/external_libs/include -DBLOCK4 -DWITH_GRIB2 -DMET_BASE="\"/home/hank.fisher/MET9_0_1_nopython/share/met\""  -g -MT libvx_util_a-file_linecount.o -MD -MP -MF .deps/libvx_util_a-file_linecount.Tpo -c -o libvx_util_a-file_linecount.o `test -f 'file_linecount.cc' || echo './'`file_linecount.cc
mv -f .deps/libvx_util_a-file_linecount.Tpo .deps/libvx_util_a-file_linecount.Po
/bin/g++ -DHAVE_CONFIG_H -I. -I../../..  -I../../../src/basic/vx_cal -I../../../src/basic/vx_config -I../../../src/basic/vx_log -I../../../src/basic/vx_math -I../../../src/basic/vx_util -I../../../src/libcode/vx_afm -I../../../src/libcode/vx_analysis_util -I../../../src/libcode/vx_color -I../../../src/libcode/vx_data2d -I../../../src/libcode/vx_data2d_factory -I../../../src/libcode/vx_data2d_grib -I../../../src/libcode/vx_data2d_grib2 -I../../../src/libcode/vx_data2d_nccf -I../../../src/libcode/vx_data2d_nc_met -I../../../src/libcode/vx_data2d_nc_pinterp -I../../../src/libcode/vx_data2d_python -I../../../src/libcode/vx_python3_utils -I../../../src/libcode/vx_geodesy -I../../../src/libcode/vx_gis -I../../../src/libcode/vx_gnomon -I../../../src/libcode/vx_grid -I../../../src/libcode/vx_gsl_prob -I../../../src/libcode/vx_nav -I../../../src/libcode/vx_nc_obs -I../../../src/libcode/vx_nc_util -I../../../src/libcode/vx_pb_util -I../../../src/libcode/vx_plot_util -I../../../src/libcode/vx_ps -I../../../src/libcode/vx_pxm -I../../../src/libcode/vx_render -I../../../src/libcode/vx_regrid -I../../../src/libcode/vx_shapedata -I../../../src/libcode/vx_solar -I../../../src/libcode/vx_statistics -I../../../src/libcode/vx_stat_out -I../../../src/libcode/vx_summary -I../../../src/libcode/vx_time_series -I../../../src/libcode/vx_series_data -I../../../src/libcode/vx_tc_util -I/home/hank.fisher/MET/external_libs/include -I/home/hank.fisher/MET9_0_1_nopython/external_libs/include -I/home/hank.fisher/MET9_0_1_nopython/external_libs/include -I/home/hank.fisher/MET9_0_1_nopython/external_libs/include -I/home/hank.fisher/MET9_0_1_nopython/external_libs/include -I/home/hank.fisher/MET9_0_1_nopython/external_libs/include -I/home/hank.fisher/MET9_0_1_nopython/external_libs/include -DBLOCK4 -DWITH_GRIB2 -DMET_BASE="\"/home/hank.fisher/MET9_0_1_nopython/share/met\""  -g -MT libvx_util_a-filename_suffix.o -MD -MP -MF .deps/libvx_util_a-filename_suffix.Tpo -c -o libvx_util_a-filename_suffix.o `test -f 'filename_suffix.cc' || echo './'`filename_suffix.cc
mv -f .deps/libvx_util_a-filename_suffix.Tpo .deps/libvx_util_a-filename_suffix.Po
/bin/g++ -DHAVE_CONFIG_H -I. -I../../..  -I../../../src/basic/vx_cal -I../../../src/basic/vx_config -I../../../src/basic/vx_log -I../../../src/basic/vx_math -I../../../src/basic/vx_util -I../../../src/libcode/vx_afm -I../../../src/libcode/vx_analysis_util -I../../../src/libcode/vx_color -I../../../src/libcode/vx_data2d -I../../../src/libcode/vx_data2d_factory -I../../../src/libcode/vx_data2d_grib -I../../../src/libcode/vx_data2d_grib2 -I../../../src/libcode/vx_data2d_nccf -I../../../src/libcode/vx_data2d_nc_met -I../../../src/libcode/vx_data2d_nc_pinterp -I../../../src/libcode/vx_data2d_python -I../../../src/libcode/vx_python3_utils -I../../../src/libcode/vx_geodesy -I../../../src/libcode/vx_gis -I../../../src/libcode/vx_gnomon -I../../../src/libcode/vx_grid -I../../../src/libcode/vx_gsl_prob -I../../../src/libcode/vx_nav -I../../../src/libcode/vx_nc_obs -I../../../src/libcode/vx_nc_util -I../../../src/libcode/vx_pb_util -I../../../src/libcode/vx_plot_util -I../../../src/libcode/vx_ps -I../../../src/libcode/vx_pxm -I../../../src/libcode/vx_render -I../../../src/libcode/vx_regrid -I../../../src/libcode/vx_shapedata -I../../../src/libcode/vx_solar -I../../../src/libcode/vx_statistics -I../../../src/libcode/vx_stat_out -I../../../src/libcode/vx_summary -I../../../src/libcode/vx_time_series -I../../../src/libcode/vx_series_data -I../../../src/libcode/vx_tc_util -I/home/hank.fisher/MET/external_libs/include -I/home/hank.fisher/MET9_0_1_nopython/external_libs/include -I/home/hank.fisher/MET9_0_1_nopython/external_libs/include -I/home/hank.fisher/MET9_0_1_nopython/external_libs/include -I/home/hank.fisher/MET9_0_1_nopython/external_libs/include -I/home/hank.fisher/MET9_0_1_nopython/external_libs/include -I/home/hank.fisher/MET9_0_1_nopython/external_libs/include -DBLOCK4 -DWITH_GRIB2 -DMET_BASE="\"/home/hank.fisher/MET9_0_1_nopython/share/met\""  -g -MT libvx_util_a-data_plane.o -MD -MP -MF .deps/libvx_util_a-data_plane.Tpo -c -o libvx_util_a-data_plane.o `test -f 'data_plane.cc' || echo './'`data_plane.cc
mv -f .deps/libvx_util_a-data_plane.Tpo .deps/libvx_util_a-data_plane.Po
/bin/g++ -DHAVE_CONFIG_H -I. -I../../..  -I../../../src/basic/vx_cal -I../../../src/basic/vx_config -I../../../src/basic/vx_log -I../../../src/basic/vx_math -I../../../src/basic/vx_util -I../../../src/libcode/vx_afm -I../../../src/libcode/vx_analysis_util -I../../../src/libcode/vx_color -I../../../src/libcode/vx_data2d -I../../../src/libcode/vx_data2d_factory -I../../../src/libcode/vx_data2d_grib -I../../../src/libcode/vx_data2d_grib2 -I../../../src/libcode/vx_data2d_nccf -I../../../src/libcode/vx_data2d_nc_met -I../../../src/libcode/vx_data2d_nc_pinterp -I../../../src/libcode/vx_data2d_python -I../../../src/libcode/vx_python3_utils -I../../../src/libcode/vx_geodesy -I../../../src/libcode/vx_gis -I../../../src/libcode/vx_gnomon -I../../../src/libcode/vx_grid -I../../../src/libcode/vx_gsl_prob -I../../../src/libcode/vx_nav -I../../../src/libcode/vx_nc_obs -I../../../src/libcode/vx_nc_util -I../../../src/libcode/vx_pb_util -I../../../src/libcode/vx_plot_util -I../../../src/libcode/vx_ps -I../../../src/libcode/vx_pxm -I../../../src/libcode/vx_render -I../../../src/libcode/vx_regrid -I../../../src/libcode/vx_shapedata -I../../../src/libcode/vx_solar -I../../../src/libcode/vx_statistics -I../../../src/libcode/vx_stat_out -I../../../src/libcode/vx_summary -I../../../src/libcode/vx_time_series -I../../../src/libcode/vx_series_data -I../../../src/libcode/vx_tc_util -I/home/hank.fisher/MET/external_libs/include -I/home/hank.fisher/MET9_0_1_nopython/external_libs/include -I/home/hank.fisher/MET9_0_1_nopython/external_libs/include -I/home/hank.fisher/MET9_0_1_nopython/external_libs/include -I/home/hank.fisher/MET9_0_1_nopython/external_libs/include -I/home/hank.fisher/MET9_0_1_nopython/external_libs/include -I/home/hank.fisher/MET9_0_1_nopython/external_libs/include -DBLOCK4 -DWITH_GRIB2 -DMET_BASE="\"/home/hank.fisher/MET9_0_1_nopython/share/met\""  -g -MT libvx_util_a-data_cube.o -MD -MP -MF .deps/libvx_util_a-data_cube.Tpo -c -o libvx_util_a-data_cube.o `test -f 'data_cube.cc' || echo './'`data_cube.cc
mv -f .deps/libvx_util_a-data_cube.Tpo .deps/libvx_util_a-data_cube.Po
/bin/g++ -DHAVE_CONFIG_H -I. -I../../..  -I../../../src/basic/vx_cal -I../../../src/basic/vx_config -I../../../src/basic/vx_log -I../../../src/basic/vx_math -I../../../src/basic/vx_util -I../../../src/libcode/vx_afm -I../../../src/libcode/vx_analysis_util -I../../../src/libcode/vx_color -I../../../src/libcode/vx_data2d -I../../../src/libcode/vx_data2d_factory -I../../../src/libcode/vx_data2d_grib -I../../../src/libcode/vx_data2d_grib2 -I../../../src/libcode/vx_data2d_nccf -I../../../src/libcode/vx_data2d_nc_met -I../../../src/libcode/vx_data2d_nc_pinterp -I../../../src/libcode/vx_data2d_python -I../../../src/libcode/vx_python3_utils -I../../../src/libcode/vx_geodesy -I../../../src/libcode/vx_gis -I../../../src/libcode/vx_gnomon -I../../../src/libcode/vx_grid -I../../../src/libcode/vx_gsl_prob -I../../../src/libcode/vx_nav -I../../../src/libcode/vx_nc_obs -I../../../src/libcode/vx_nc_util -I../../../src/libcode/vx_pb_util -I../../../src/libcode/vx_plot_util -I../../../src/libcode/vx_ps -I../../../src/libcode/vx_pxm -I../../../src/libcode/vx_render -I../../../src/libcode/vx_regrid -I../../../src/libcode/vx_shapedata -I../../../src/libcode/vx_solar -I../../../src/libcode/vx_statistics -I../../../src/libcode/vx_stat_out -I../../../src/libcode/vx_summary -I../../../src/libcode/vx_time_series -I../../../src/libcode/vx_series_data -I../../../src/libcode/vx_tc_util -I/home/hank.fisher/MET/external_libs/include -I/home/hank.fisher/MET9_0_1_nopython/external_libs/include -I/home/hank.fisher/MET9_0_1_nopython/external_libs/include -I/home/hank.fisher/MET9_0_1_nopython/external_libs/include -I/home/hank.fisher/MET9_0_1_nopython/external_libs/include -I/home/hank.fisher/MET9_0_1_nopython/external_libs/include -I/home/hank.fisher/MET9_0_1_nopython/external_libs/include -DBLOCK4 -DWITH_GRIB2 -DMET_BASE="\"/home/hank.fisher/MET9_0_1_nopython/share/met\""  -g -MT libvx_util_a-data_plane_util.o -MD -MP -MF .deps/libvx_util_a-data_plane_util.Tpo -c -o libvx_util_a-data_plane_util.o `test -f 'data_plane_util.cc' || echo './'`data_plane_util.cc
mv -f .deps/libvx_util_a-data_plane_util.Tpo .deps/libvx_util_a-data_plane_util.Po
/bin/g++ -DHAVE_CONFIG_H -I. -I../../..  -I../../../src/basic/vx_cal -I../../../src/basic/vx_config -I../../../src/basic/vx_log -I../../../src/basic/vx_math -I../../../src/basic/vx_util -I../../../src/libcode/vx_afm -I../../../src/libcode/vx_analysis_util -I../../../src/libcode/vx_color -I../../../src/libcode/vx_data2d -I../../../src/libcode/vx_data2d_factory -I../../../src/libcode/vx_data2d_grib -I../../../src/libcode/vx_data2d_grib2 -I../../../src/libcode/vx_data2d_nccf -I../../../src/libcode/vx_data2d_nc_met -I../../../src/libcode/vx_data2d_nc_pinterp -I../../../src/libcode/vx_data2d_python -I../../../src/libcode/vx_python3_utils -I../../../src/libcode/vx_geodesy -I../../../src/libcode/vx_gis -I../../../src/libcode/vx_gnomon -I../../../src/libcode/vx_grid -I../../../src/libcode/vx_gsl_prob -I../../../src/libcode/vx_nav -I../../../src/libcode/vx_nc_obs -I../../../src/libcode/vx_nc_util -I../../../src/libcode/vx_pb_util -I../../../src/libcode/vx_plot_util -I../../../src/libcode/vx_ps -I../../../src/libcode/vx_pxm -I../../../src/libcode/vx_render -I../../../src/libcode/vx_regrid -I../../../src/libcode/vx_shapedata -I../../../src/libcode/vx_solar -I../../../src/libcode/vx_statistics -I../../../src/libcode/vx_stat_out -I../../../src/libcode/vx_summary -I../../../src/libcode/vx_time_series -I../../../src/libcode/vx_series_data -I../../../src/libcode/vx_tc_util -I/home/hank.fisher/MET/external_libs/include -I/home/hank.fisher/MET9_0_1_nopython/external_libs/include -I/home/hank.fisher/MET9_0_1_nopython/external_libs/include -I/home/hank.fisher/MET9_0_1_nopython/external_libs/include -I/home/hank.fisher/MET9_0_1_nopython/external_libs/include -I/home/hank.fisher/MET9_0_1_nopython/external_libs/include -I/home/hank.fisher/MET9_0_1_nopython/external_libs/include -DBLOCK4 -DWITH_GRIB2 -DMET_BASE="\"/home/hank.fisher/MET9_0_1_nopython/share/met\""  -g -MT libvx_util_a-interp_mthd.o -MD -MP -MF .deps/libvx_util_a-interp_mthd.Tpo -c -o libvx_util_a-interp_mthd.o `test -f 'interp_mthd.cc' || echo './'`interp_mthd.cc
mv -f .deps/libvx_util_a-interp_mthd.Tpo .deps/libvx_util_a-interp_mthd.Po
/bin/g++ -DHAVE_CONFIG_H -I. -I../../..  -I../../../src/basic/vx_cal -I../../../src/basic/vx_config -I../../../src/basic/vx_log -I../../../src/basic/vx_math -I../../../src/basic/vx_util -I../../../src/libcode/vx_afm -I../../../src/libcode/vx_analysis_util -I../../../src/libcode/vx_color -I../../../src/libcode/vx_data2d -I../../../src/libcode/vx_data2d_factory -I../../../src/libcode/vx_data2d_grib -I../../../src/libcode/vx_data2d_grib2 -I../../../src/libcode/vx_data2d_nccf -I../../../src/libcode/vx_data2d_nc_met -I../../../src/libcode/vx_data2d_nc_pinterp -I../../../src/libcode/vx_data2d_python -I../../../src/libcode/vx_python3_utils -I../../../src/libcode/vx_geodesy -I../../../src/libcode/vx_gis -I../../../src/libcode/vx_gnomon -I../../../src/libcode/vx_grid -I../../../src/libcode/vx_gsl_prob -I../../../src/libcode/vx_nav -I../../../src/libcode/vx_nc_obs -I../../../src/libcode/vx_nc_util -I../../../src/libcode/vx_pb_util -I../../../src/libcode/vx_plot_util -I../../../src/libcode/vx_ps -I../../../src/libcode/vx_pxm -I../../../src/libcode/vx_render -I../../../src/libcode/vx_regrid -I../../../src/libcode/vx_shapedata -I../../../src/libcode/vx_solar -I../../../src/libcode/vx_statistics -I../../../src/libcode/vx_stat_out -I../../../src/libcode/vx_summary -I../../../src/libcode/vx_time_series -I../../../src/libcode/vx_series_data -I../../../src/libcode/vx_tc_util -I/home/hank.fisher/MET/external_libs/include -I/home/hank.fisher/MET9_0_1_nopython/external_libs/include -I/home/hank.fisher/MET9_0_1_nopython/external_libs/include -I/home/hank.fisher/MET9_0_1_nopython/external_libs/include -I/home/hank.fisher/MET9_0_1_nopython/external_libs/include -I/home/hank.fisher/MET9_0_1_nopython/external_libs/include -I/home/hank.fisher/MET9_0_1_nopython/external_libs/include -DBLOCK4 -DWITH_GRIB2 -DMET_BASE="\"/home/hank.fisher/MET9_0_1_nopython/share/met\""  -g -MT libvx_util_a-interp_util.o -MD -MP -MF .deps/libvx_util_a-interp_util.Tpo -c -o libvx_util_a-interp_util.o `test -f 'interp_util.cc' || echo './'`interp_util.cc
mv -f .deps/libvx_util_a-interp_util.Tpo .deps/libvx_util_a-interp_util.Po
/bin/g++ -DHAVE_CONFIG_H -I. -I../../..  -I../../../src/basic/vx_cal -I../../../src/basic/vx_config -I../../../src/basic/vx_log -I../../../src/basic/vx_math -I../../../src/basic/vx_util -I../../../src/libcode/vx_afm -I../../../src/libcode/vx_analysis_util -I../../../src/libcode/vx_color -I../../../src/libcode/vx_data2d -I../../../src/libcode/vx_data2d_factory -I../../../src/libcode/vx_data2d_grib -I../../../src/libcode/vx_data2d_grib2 -I../../../src/libcode/vx_data2d_nccf -I../../../src/libcode/vx_data2d_nc_met -I../../../src/libcode/vx_data2d_nc_pinterp -I../../../src/libcode/vx_data2d_python -I../../../src/libcode/vx_python3_utils -I../../../src/libcode/vx_geodesy -I../../../src/libcode/vx_gis -I../../../src/libcode/vx_gnomon -I../../../src/libcode/vx_grid -I../../../src/libcode/vx_gsl_prob -I../../../src/libcode/vx_nav -I../../../src/libcode/vx_nc_obs -I../../../src/libcode/vx_nc_util -I../../../src/libcode/vx_pb_util -I../../../src/libcode/vx_plot_util -I../../../src/libcode/vx_ps -I../../../src/libcode/vx_pxm -I../../../src/libcode/vx_render -I../../../src/libcode/vx_regrid -I../../../src/libcode/vx_shapedata -I../../../src/libcode/vx_solar -I../../../src/libcode/vx_statistics -I../../../src/libcode/vx_stat_out -I../../../src/libcode/vx_summary -I../../../src/libcode/vx_time_series -I../../../src/libcode/vx_series_data -I../../../src/libcode/vx_tc_util -I/home/hank.fisher/MET/external_libs/include -I/home/hank.fisher/MET9_0_1_nopython/external_libs/include -I/home/hank.fisher/MET9_0_1_nopython/external_libs/include -I/home/hank.fisher/MET9_0_1_nopython/external_libs/include -I/home/hank.fisher/MET9_0_1_nopython/external_libs/include -I/home/hank.fisher/MET9_0_1_nopython/external_libs/include -I/home/hank.fisher/MET9_0_1_nopython/external_libs/include -DBLOCK4 -DWITH_GRIB2 -DMET_BASE="\"/home/hank.fisher/MET9_0_1_nopython/share/met\""  -g -MT libvx_util_a-two_to_one.o -MD -MP -MF .deps/libvx_util_a-two_to_one.Tpo -c -o libvx_util_a-two_to_one.o `test -f 'two_to_one.cc' || echo './'`two_to_one.cc
mv -f .deps/libvx_util_a-two_to_one.Tpo .deps/libvx_util_a-two_to_one.Po
/bin/g++ -DHAVE_CONFIG_H -I. -I../../..  -I../../../src/basic/vx_cal -I../../../src/basic/vx_config -I../../../src/basic/vx_log -I../../../src/basic/vx_math -I../../../src/basic/vx_util -I../../../src/libcode/vx_afm -I../../../src/libcode/vx_analysis_util -I../../../src/libcode/vx_color -I../../../src/libcode/vx_data2d -I../../../src/libcode/vx_data2d_factory -I../../../src/libcode/vx_data2d_grib -I../../../src/libcode/vx_data2d_grib2 -I../../../src/libcode/vx_data2d_nccf -I../../../src/libcode/vx_data2d_nc_met -I../../../src/libcode/vx_data2d_nc_pinterp -I../../../src/libcode/vx_data2d_python -I../../../src/libcode/vx_python3_utils -I../../../src/libcode/vx_geodesy -I../../../src/libcode/vx_gis -I../../../src/libcode/vx_gnomon -I../../../src/libcode/vx_grid -I../../../src/libcode/vx_gsl_prob -I../../../src/libcode/vx_nav -I../../../src/libcode/vx_nc_obs -I../../../src/libcode/vx_nc_util -I../../../src/libcode/vx_pb_util -I../../../src/libcode/vx_plot_util -I../../../src/libcode/vx_ps -I../../../src/libcode/vx_pxm -I../../../src/libcode/vx_render -I../../../src/libcode/vx_regrid -I../../../src/libcode/vx_shapedata -I../../../src/libcode/vx_solar -I../../../src/libcode/vx_statistics -I../../../src/libcode/vx_stat_out -I../../../src/libcode/vx_summary -I../../../src/libcode/vx_time_series -I../../../src/libcode/vx_series_data -I../../../src/libcode/vx_tc_util -I/home/hank.fisher/MET/external_libs/include -I/home/hank.fisher/MET9_0_1_nopython/external_libs/include -I/home/hank.fisher/MET9_0_1_nopython/external_libs/include -I/home/hank.fisher/MET9_0_1_nopython/external_libs/include -I/home/hank.fisher/MET9_0_1_nopython/external_libs/include -I/home/hank.fisher/MET9_0_1_nopython/external_libs/include -I/home/hank.fisher/MET9_0_1_nopython/external_libs/include -DBLOCK4 -DWITH_GRIB2 -DMET_BASE="\"/home/hank.fisher/MET9_0_1_nopython/share/met\""  -g -MT libvx_util_a-get_filenames.o -MD -MP -MF .deps/libvx_util_a-get_filenames.Tpo -c -o libvx_util_a-get_filenames.o `test -f 'get_filenames.cc' || echo './'`get_filenames.cc
mv -f .deps/libvx_util_a-get_filenames.Tpo .deps/libvx_util_a-get_filenames.Po
/bin/g++ -DHAVE_CONFIG_H -I. -I../../..  -I../../../src/basic/vx_cal -I../../../src/basic/vx_config -I../../../src/basic/vx_log -I../../../src/basic/vx_math -I../../../src/basic/vx_util -I../../../src/libcode/vx_afm -I../../../src/libcode/vx_analysis_util -I../../../src/libcode/vx_color -I../../../src/libcode/vx_data2d -I../../../src/libcode/vx_data2d_factory -I../../../src/libcode/vx_data2d_grib -I../../../src/libcode/vx_data2d_grib2 -I../../../src/libcode/vx_data2d_nccf -I../../../src/libcode/vx_data2d_nc_met -I../../../src/libcode/vx_data2d_nc_pinterp -I../../../src/libcode/vx_data2d_python -I../../../src/libcode/vx_python3_utils -I../../../src/libcode/vx_geodesy -I../../../src/libcode/vx_gis -I../../../src/libcode/vx_gnomon -I../../../src/libcode/vx_grid -I../../../src/libcode/vx_gsl_prob -I../../../src/libcode/vx_nav -I../../../src/libcode/vx_nc_obs -I../../../src/libcode/vx_nc_util -I../../../src/libcode/vx_pb_util -I../../../src/libcode/vx_plot_util -I../../../src/libcode/vx_ps -I../../../src/libcode/vx_pxm -I../../../src/libcode/vx_render -I../../../src/libcode/vx_regrid -I../../../src/libcode/vx_shapedata -I../../../src/libcode/vx_solar -I../../../src/libcode/vx_statistics -I../../../src/libcode/vx_stat_out -I../../../src/libcode/vx_summary -I../../../src/libcode/vx_time_series -I../../../src/libcode/vx_series_data -I../../../src/libcode/vx_tc_util -I/home/hank.fisher/MET/external_libs/include -I/home/hank.fisher/MET9_0_1_nopython/external_libs/include -I/home/hank.fisher/MET9_0_1_nopython/external_libs/include -I/home/hank.fisher/MET9_0_1_nopython/external_libs/include -I/home/hank.fisher/MET9_0_1_nopython/external_libs/include -I/home/hank.fisher/MET9_0_1_nopython/external_libs/include -I/home/hank.fisher/MET9_0_1_nopython/external_libs/include -DBLOCK4 -DWITH_GRIB2 -DMET_BASE="\"/home/hank.fisher/MET9_0_1_nopython/share/met\""  -g -MT libvx_util_a-polyline.o -MD -MP -MF .deps/libvx_util_a-polyline.Tpo -c -o libvx_util_a-polyline.o `test -f 'polyline.cc' || echo './'`polyline.cc
mv -f .deps/libvx_util_a-polyline.Tpo .deps/libvx_util_a-polyline.Po
/bin/g++ -DHAVE_CONFIG_H -I. -I../../..  -I../../../src/basic/vx_cal -I../../../src/basic/vx_config -I../../../src/basic/vx_log -I../../../src/basic/vx_math -I../../../src/basic/vx_util -I../../../src/libcode/vx_afm -I../../../src/libcode/vx_analysis_util -I../../../src/libcode/vx_color -I../../../src/libcode/vx_data2d -I../../../src/libcode/vx_data2d_factory -I../../../src/libcode/vx_data2d_grib -I../../../src/libcode/vx_data2d_grib2 -I../../../src/libcode/vx_data2d_nccf -I../../../src/libcode/vx_data2d_nc_met -I../../../src/libcode/vx_data2d_nc_pinterp -I../../../src/libcode/vx_data2d_python -I../../../src/libcode/vx_python3_utils -I../../../src/libcode/vx_geodesy -I../../../src/libcode/vx_gis -I../../../src/libcode/vx_gnomon -I../../../src/libcode/vx_grid -I../../../src/libcode/vx_gsl_prob -I../../../src/libcode/vx_nav -I../../../src/libcode/vx_nc_obs -I../../../src/libcode/vx_nc_util -I../../../src/libcode/vx_pb_util -I../../../src/libcode/vx_plot_util -I../../../src/libcode/vx_ps -I../../../src/libcode/vx_pxm -I../../../src/libcode/vx_render -I../../../src/libcode/vx_regrid -I../../../src/libcode/vx_shapedata -I../../../src/libcode/vx_solar -I../../../src/libcode/vx_statistics -I../../../src/libcode/vx_stat_out -I../../../src/libcode/vx_summary -I../../../src/libcode/vx_time_series -I../../../src/libcode/vx_series_data -I../../../src/libcode/vx_tc_util -I/home/hank.fisher/MET/external_libs/include -I/home/hank.fisher/MET9_0_1_nopython/external_libs/include -I/home/hank.fisher/MET9_0_1_nopython/external_libs/include -I/home/hank.fisher/MET9_0_1_nopython/external_libs/include -I/home/hank.fisher/MET9_0_1_nopython/external_libs/include -I/home/hank.fisher/MET9_0_1_nopython/external_libs/include -I/home/hank.fisher/MET9_0_1_nopython/external_libs/include -DBLOCK4 -DWITH_GRIB2 -DMET_BASE="\"/home/hank.fisher/MET9_0_1_nopython/share/met\""  -g -MT libvx_util_a-mask_poly.o -MD -MP -MF .deps/libvx_util_a-mask_poly.Tpo -c -o libvx_util_a-mask_poly.o `test -f 'mask_poly.cc' || echo './'`mask_poly.cc
mv -f .deps/libvx_util_a-mask_poly.Tpo .deps/libvx_util_a-mask_poly.Po
/bin/g++ -DHAVE_CONFIG_H -I. -I../../..  -I../../../src/basic/vx_cal -I../../../src/basic/vx_config -I../../../src/basic/vx_log -I../../../src/basic/vx_math -I../../../src/basic/vx_util -I../../../src/libcode/vx_afm -I../../../src/libcode/vx_analysis_util -I../../../src/libcode/vx_color -I../../../src/libcode/vx_data2d -I../../../src/libcode/vx_data2d_factory -I../../../src/libcode/vx_data2d_grib -I../../../src/libcode/vx_data2d_grib2 -I../../../src/libcode/vx_data2d_nccf -I../../../src/libcode/vx_data2d_nc_met -I../../../src/libcode/vx_data2d_nc_pinterp -I../../../src/libcode/vx_data2d_python -I../../../src/libcode/vx_python3_utils -I../../../src/libcode/vx_geodesy -I../../../src/libcode/vx_gis -I../../../src/libcode/vx_gnomon -I../../../src/libcode/vx_grid -I../../../src/libcode/vx_gsl_prob -I../../../src/libcode/vx_nav -I../../../src/libcode/vx_nc_obs -I../../../src/libcode/vx_nc_util -I../../../src/libcode/vx_pb_util -I../../../src/libcode/vx_plot_util -I../../../src/libcode/vx_ps -I../../../src/libcode/vx_pxm -I../../../src/libcode/vx_render -I../../../src/libcode/vx_regrid -I../../../src/libcode/vx_shapedata -I../../../src/libcode/vx_solar -I../../../src/libcode/vx_statistics -I../../../src/libcode/vx_stat_out -I../../../src/libcode/vx_summary -I../../../src/libcode/vx_time_series -I../../../src/libcode/vx_series_data -I../../../src/libcode/vx_tc_util -I/home/hank.fisher/MET/external_libs/include -I/home/hank.fisher/MET9_0_1_nopython/external_libs/include -I/home/hank.fisher/MET9_0_1_nopython/external_libs/include -I/home/hank.fisher/MET9_0_1_nopython/external_libs/include -I/home/hank.fisher/MET9_0_1_nopython/external_libs/include -I/home/hank.fisher/MET9_0_1_nopython/external_libs/include -I/home/hank.fisher/MET9_0_1_nopython/external_libs/include -DBLOCK4 -DWITH_GRIB2 -DMET_BASE="\"/home/hank.fisher/MET9_0_1_nopython/share/met\""  -g -MT libvx_util_a-read_fortran_binary.o -MD -MP -MF .deps/libvx_util_a-read_fortran_binary.Tpo -c -o libvx_util_a-read_fortran_binary.o `test -f 'read_fortran_binary.cc' || echo './'`read_fortran_binary.cc
mv -f .deps/libvx_util_a-read_fortran_binary.Tpo .deps/libvx_util_a-read_fortran_binary.Po
/bin/g++ -DHAVE_CONFIG_H -I. -I../../..  -I../../../src/basic/vx_cal -I../../../src/basic/vx_config -I../../../src/basic/vx_log -I../../../src/basic/vx_math -I../../../src/basic/vx_util -I../../../src/libcode/vx_afm -I../../../src/libcode/vx_analysis_util -I../../../src/libcode/vx_color -I../../../src/libcode/vx_data2d -I../../../src/libcode/vx_data2d_factory -I../../../src/libcode/vx_data2d_grib -I../../../src/libcode/vx_data2d_grib2 -I../../../src/libcode/vx_data2d_nccf -I../../../src/libcode/vx_data2d_nc_met -I../../../src/libcode/vx_data2d_nc_pinterp -I../../../src/libcode/vx_data2d_python -I../../../src/libcode/vx_python3_utils -I../../../src/libcode/vx_geodesy -I../../../src/libcode/vx_gis -I../../../src/libcode/vx_gnomon -I../../../src/libcode/vx_grid -I../../../src/libcode/vx_gsl_prob -I../../../src/libcode/vx_nav -I../../../src/libcode/vx_nc_obs -I../../../src/libcode/vx_nc_util -I../../../src/libcode/vx_pb_util -I../../../src/libcode/vx_plot_util -I../../../src/libcode/vx_ps -I../../../src/libcode/vx_pxm -I../../../src/libcode/vx_render -I../../../src/libcode/vx_regrid -I../../../src/libcode/vx_shapedata -I../../../src/libcode/vx_solar -I../../../src/libcode/vx_statistics -I../../../src/libcode/vx_stat_out -I../../../src/libcode/vx_summary -I../../../src/libcode/vx_time_series -I../../../src/libcode/vx_series_data -I../../../src/libcode/vx_tc_util -I/home/hank.fisher/MET/external_libs/include -I/home/hank.fisher/MET9_0_1_nopython/external_libs/include -I/home/hank.fisher/MET9_0_1_nopython/external_libs/include -I/home/hank.fisher/MET9_0_1_nopython/external_libs/include -I/home/hank.fisher/MET9_0_1_nopython/external_libs/include -I/home/hank.fisher/MET9_0_1_nopython/external_libs/include -I/home/hank.fisher/MET9_0_1_nopython/external_libs/include -DBLOCK4 -DWITH_GRIB2 -DMET_BASE="\"/home/hank.fisher/MET9_0_1_nopython/share/met\""  -g -MT libvx_util_a-met_buffer.o -MD -MP -MF .deps/libvx_util_a-met_buffer.Tpo -c -o libvx_util_a-met_buffer.o `test -f 'met_buffer.cc' || echo './'`met_buffer.cc
mv -f .deps/libvx_util_a-met_buffer.Tpo .deps/libvx_util_a-met_buffer.Po
/bin/g++ -DHAVE_CONFIG_H -I. -I../../..  -I../../../src/basic/vx_cal -I../../../src/basic/vx_config -I../../../src/basic/vx_log -I../../../src/basic/vx_math -I../../../src/basic/vx_util -I../../../src/libcode/vx_afm -I../../../src/libcode/vx_analysis_util -I../../../src/libcode/vx_color -I../../../src/libcode/vx_data2d -I../../../src/libcode/vx_data2d_factory -I../../../src/libcode/vx_data2d_grib -I../../../src/libcode/vx_data2d_grib2 -I../../../src/libcode/vx_data2d_nccf -I../../../src/libcode/vx_data2d_nc_met -I../../../src/libcode/vx_data2d_nc_pinterp -I../../../src/libcode/vx_data2d_python -I../../../src/libcode/vx_python3_utils -I../../../src/libcode/vx_geodesy -I../../../src/libcode/vx_gis -I../../../src/libcode/vx_gnomon -I../../../src/libcode/vx_grid -I../../../src/libcode/vx_gsl_prob -I../../../src/libcode/vx_nav -I../../../src/libcode/vx_nc_obs -I../../../src/libcode/vx_nc_util -I../../../src/libcode/vx_pb_util -I../../../src/libcode/vx_plot_util -I../../../src/libcode/vx_ps -I../../../src/libcode/vx_pxm -I../../../src/libcode/vx_render -I../../../src/libcode/vx_regrid -I../../../src/libcode/vx_shapedata -I../../../src/libcode/vx_solar -I../../../src/libcode/vx_statistics -I../../../src/libcode/vx_stat_out -I../../../src/libcode/vx_summary -I../../../src/libcode/vx_time_series -I../../../src/libcode/vx_series_data -I../../../src/libcode/vx_tc_util -I/home/hank.fisher/MET/external_libs/include -I/home/hank.fisher/MET9_0_1_nopython/external_libs/include -I/home/hank.fisher/MET9_0_1_nopython/external_libs/include -I/home/hank.fisher/MET9_0_1_nopython/external_libs/include -I/home/hank.fisher/MET9_0_1_nopython/external_libs/include -I/home/hank.fisher/MET9_0_1_nopython/external_libs/include -I/home/hank.fisher/MET9_0_1_nopython/external_libs/include -DBLOCK4 -DWITH_GRIB2 -DMET_BASE="\"/home/hank.fisher/MET9_0_1_nopython/share/met\""  -g -MT libvx_util_a-smart_buffer.o -MD -MP -MF .deps/libvx_util_a-smart_buffer.Tpo -c -o libvx_util_a-smart_buffer.o `test -f 'smart_buffer.cc' || echo './'`smart_buffer.cc
mv -f .deps/libvx_util_a-smart_buffer.Tpo .deps/libvx_util_a-smart_buffer.Po
/bin/g++ -DHAVE_CONFIG_H -I. -I../../..  -I../../../src/basic/vx_cal -I../../../src/basic/vx_config -I../../../src/basic/vx_log -I../../../src/basic/vx_math -I../../../src/basic/vx_util -I../../../src/libcode/vx_afm -I../../../src/libcode/vx_analysis_util -I../../../src/libcode/vx_color -I../../../src/libcode/vx_data2d -I../../../src/libcode/vx_data2d_factory -I../../../src/libcode/vx_data2d_grib -I../../../src/libcode/vx_data2d_grib2 -I../../../src/libcode/vx_data2d_nccf -I../../../src/libcode/vx_data2d_nc_met -I../../../src/libcode/vx_data2d_nc_pinterp -I../../../src/libcode/vx_data2d_python -I../../../src/libcode/vx_python3_utils -I../../../src/libcode/vx_geodesy -I../../../src/libcode/vx_gis -I../../../src/libcode/vx_gnomon -I../../../src/libcode/vx_grid -I../../../src/libcode/vx_gsl_prob -I../../../src/libcode/vx_nav -I../../../src/libcode/vx_nc_obs -I../../../src/libcode/vx_nc_util -I../../../src/libcode/vx_pb_util -I../../../src/libcode/vx_plot_util -I../../../src/libcode/vx_ps -I../../../src/libcode/vx_pxm -I../../../src/libcode/vx_render -I../../../src/libcode/vx_regrid -I../../../src/libcode/vx_shapedata -I../../../src/libcode/vx_solar -I../../../src/libcode/vx_statistics -I../../../src/libcode/vx_stat_out -I../../../src/libcode/vx_summary -I../../../src/libcode/vx_time_series -I../../../src/libcode/vx_series_data -I../../../src/libcode/vx_tc_util -I/home/hank.fisher/MET/external_libs/include -I/home/hank.fisher/MET9_0_1_nopython/external_libs/include -I/home/hank.fisher/MET9_0_1_nopython/external_libs/include -I/home/hank.fisher/MET9_0_1_nopython/external_libs/include -I/home/hank.fisher/MET9_0_1_nopython/external_libs/include -I/home/hank.fisher/MET9_0_1_nopython/external_libs/include -I/home/hank.fisher/MET9_0_1_nopython/external_libs/include -DBLOCK4 -DWITH_GRIB2 -DMET_BASE="\"/home/hank.fisher/MET9_0_1_nopython/share/met\""  -g -MT libvx_util_a-CircularTemplate.o -MD -MP -MF .deps/libvx_util_a-CircularTemplate.Tpo -c -o libvx_util_a-CircularTemplate.o `test -f 'CircularTemplate.cc' || echo './'`CircularTemplate.cc
mv -f .deps/libvx_util_a-CircularTemplate.Tpo .deps/libvx_util_a-CircularTemplate.Po
/bin/g++ -DHAVE_CONFIG_H -I. -I../../..  -I../../../src/basic/vx_cal -I../../../src/basic/vx_config -I../../../src/basic/vx_log -I../../../src/basic/vx_math -I../../../src/basic/vx_util -I../../../src/libcode/vx_afm -I../../../src/libcode/vx_analysis_util -I../../../src/libcode/vx_color -I../../../src/libcode/vx_data2d -I../../../src/libcode/vx_data2d_factory -I../../../src/libcode/vx_data2d_grib -I../../../src/libcode/vx_data2d_grib2 -I../../../src/libcode/vx_data2d_nccf -I../../../src/libcode/vx_data2d_nc_met -I../../../src/libcode/vx_data2d_nc_pinterp -I../../../src/libcode/vx_data2d_python -I../../../src/libcode/vx_python3_utils -I../../../src/libcode/vx_geodesy -I../../../src/libcode/vx_gis -I../../../src/libcode/vx_gnomon -I../../../src/libcode/vx_grid -I../../../src/libcode/vx_gsl_prob -I../../../src/libcode/vx_nav -I../../../src/libcode/vx_nc_obs -I../../../src/libcode/vx_nc_util -I../../../src/libcode/vx_pb_util -I../../../src/libcode/vx_plot_util -I../../../src/libcode/vx_ps -I../../../src/libcode/vx_pxm -I../../../src/libcode/vx_render -I../../../src/libcode/vx_regrid -I../../../src/libcode/vx_shapedata -I../../../src/libcode/vx_solar -I../../../src/libcode/vx_statistics -I../../../src/libcode/vx_stat_out -I../../../src/libcode/vx_summary -I../../../src/libcode/vx_time_series -I../../../src/libcode/vx_series_data -I../../../src/libcode/vx_tc_util -I/home/hank.fisher/MET/external_libs/include -I/home/hank.fisher/MET9_0_1_nopython/external_libs/include -I/home/hank.fisher/MET9_0_1_nopython/external_libs/include -I/home/hank.fisher/MET9_0_1_nopython/external_libs/include -I/home/hank.fisher/MET9_0_1_nopython/external_libs/include -I/home/hank.fisher/MET9_0_1_nopython/external_libs/include -I/home/hank.fisher/MET9_0_1_nopython/external_libs/include -DBLOCK4 -DWITH_GRIB2 -DMET_BASE="\"/home/hank.fisher/MET9_0_1_nopython/share/met\""  -g -MT libvx_util_a-GridTemplate.o -MD -MP -MF .deps/libvx_util_a-GridTemplate.Tpo -c -o libvx_util_a-GridTemplate.o `test -f 'GridTemplate.cc' || echo './'`GridTemplate.cc
mv -f .deps/libvx_util_a-GridTemplate.Tpo .deps/libvx_util_a-GridTemplate.Po
/bin/g++ -DHAVE_CONFIG_H -I. -I../../..  -I../../../src/basic/vx_cal -I../../../src/basic/vx_config -I../../../src/basic/vx_log -I../../../src/basic/vx_math -I../../../src/basic/vx_util -I../../../src/libcode/vx_afm -I../../../src/libcode/vx_analysis_util -I../../../src/libcode/vx_color -I../../../src/libcode/vx_data2d -I../../../src/libcode/vx_data2d_factory -I../../../src/libcode/vx_data2d_grib -I../../../src/libcode/vx_data2d_grib2 -I../../../src/libcode/vx_data2d_nccf -I../../../src/libcode/vx_data2d_nc_met -I../../../src/libcode/vx_data2d_nc_pinterp -I../../../src/libcode/vx_data2d_python -I../../../src/libcode/vx_python3_utils -I../../../src/libcode/vx_geodesy -I../../../src/libcode/vx_gis -I../../../src/libcode/vx_gnomon -I../../../src/libcode/vx_grid -I../../../src/libcode/vx_gsl_prob -I../../../src/libcode/vx_nav -I../../../src/libcode/vx_nc_obs -I../../../src/libcode/vx_nc_util -I../../../src/libcode/vx_pb_util -I../../../src/libcode/vx_plot_util -I../../../src/libcode/vx_ps -I../../../src/libcode/vx_pxm -I../../../src/libcode/vx_render -I../../../src/libcode/vx_regrid -I../../../src/libcode/vx_shapedata -I../../../src/libcode/vx_solar -I../../../src/libcode/vx_statistics -I../../../src/libcode/vx_stat_out -I../../../src/libcode/vx_summary -I../../../src/libcode/vx_time_series -I../../../src/libcode/vx_series_data -I../../../src/libcode/vx_tc_util -I/home/hank.fisher/MET/external_libs/include -I/home/hank.fisher/MET9_0_1_nopython/external_libs/include -I/home/hank.fisher/MET9_0_1_nopython/external_libs/include -I/home/hank.fisher/MET9_0_1_nopython/external_libs/include -I/home/hank.fisher/MET9_0_1_nopython/external_libs/include -I/home/hank.fisher/MET9_0_1_nopython/external_libs/include -I/home/hank.fisher/MET9_0_1_nopython/external_libs/include -DBLOCK4 -DWITH_GRIB2 -DMET_BASE="\"/home/hank.fisher/MET9_0_1_nopython/share/met\""  -g -MT libvx_util_a-GridPoint.o -MD -MP -MF .deps/libvx_util_a-GridPoint.Tpo -c -o libvx_util_a-GridPoint.o `test -f 'GridPoint.cc' || echo './'`GridPoint.cc
mv -f .deps/libvx_util_a-GridPoint.Tpo .deps/libvx_util_a-GridPoint.Po
/bin/g++ -DHAVE_CONFIG_H -I. -I../../..  -I../../../src/basic/vx_cal -I../../../src/basic/vx_config -I../../../src/basic/vx_log -I../../../src/basic/vx_math -I../../../src/basic/vx_util -I../../../src/libcode/vx_afm -I../../../src/libcode/vx_analysis_util -I../../../src/libcode/vx_color -I../../../src/libcode/vx_data2d -I../../../src/libcode/vx_data2d_factory -I../../../src/libcode/vx_data2d_grib -I../../../src/libcode/vx_data2d_grib2 -I../../../src/libcode/vx_data2d_nccf -I../../../src/libcode/vx_data2d_nc_met -I../../../src/libcode/vx_data2d_nc_pinterp -I../../../src/libcode/vx_data2d_python -I../../../src/libcode/vx_python3_utils -I../../../src/libcode/vx_geodesy -I../../../src/libcode/vx_gis -I../../../src/libcode/vx_gnomon -I../../../src/libcode/vx_grid -I../../../src/libcode/vx_gsl_prob -I../../../src/libcode/vx_nav -I../../../src/libcode/vx_nc_obs -I../../../src/libcode/vx_nc_util -I../../../src/libcode/vx_pb_util -I../../../src/libcode/vx_plot_util -I../../../src/libcode/vx_ps -I../../../src/libcode/vx_pxm -I../../../src/libcode/vx_render -I../../../src/libcode/vx_regrid -I../../../src/libcode/vx_shapedata -I../../../src/libcode/vx_solar -I../../../src/libcode/vx_statistics -I../../../src/libcode/vx_stat_out -I../../../src/libcode/vx_summary -I../../../src/libcode/vx_time_series -I../../../src/libcode/vx_series_data -I../../../src/libcode/vx_tc_util -I/home/hank.fisher/MET/external_libs/include -I/home/hank.fisher/MET9_0_1_nopython/external_libs/include -I/home/hank.fisher/MET9_0_1_nopython/external_libs/include -I/home/hank.fisher/MET9_0_1_nopython/external_libs/include -I/home/hank.fisher/MET9_0_1_nopython/external_libs/include -I/home/hank.fisher/MET9_0_1_nopython/external_libs/include -I/home/hank.fisher/MET9_0_1_nopython/external_libs/include -DBLOCK4 -DWITH_GRIB2 -DMET_BASE="\"/home/hank.fisher/MET9_0_1_nopython/share/met\""  -g -MT libvx_util_a-GridOffset.o -MD -MP -MF .deps/libvx_util_a-GridOffset.Tpo -c -o libvx_util_a-GridOffset.o `test -f 'GridOffset.cc' || echo './'`GridOffset.cc
mv -f .deps/libvx_util_a-GridOffset.Tpo .deps/libvx_util_a-GridOffset.Po
/bin/g++ -DHAVE_CONFIG_H -I. -I../../..  -I../../../src/basic/vx_cal -I../../../src/basic/vx_config -I../../../src/basic/vx_log -I../../../src/basic/vx_math -I../../../src/basic/vx_util -I../../../src/libcode/vx_afm -I../../../src/libcode/vx_analysis_util -I../../../src/libcode/vx_color -I../../../src/libcode/vx_data2d -I../../../src/libcode/vx_data2d_factory -I../../../src/libcode/vx_data2d_grib -I../../../src/libcode/vx_data2d_grib2 -I../../../src/libcode/vx_data2d_nccf -I../../../src/libcode/vx_data2d_nc_met -I../../../src/libcode/vx_data2d_nc_pinterp -I../../../src/libcode/vx_data2d_python -I../../../src/libcode/vx_python3_utils -I../../../src/libcode/vx_geodesy -I../../../src/libcode/vx_gis -I../../../src/libcode/vx_gnomon -I../../../src/libcode/vx_grid -I../../../src/libcode/vx_gsl_prob -I../../../src/libcode/vx_nav -I../../../src/libcode/vx_nc_obs -I../../../src/libcode/vx_nc_util -I../../../src/libcode/vx_pb_util -I../../../src/libcode/vx_plot_util -I../../../src/libcode/vx_ps -I../../../src/libcode/vx_pxm -I../../../src/libcode/vx_render -I../../../src/libcode/vx_regrid -I../../../src/libcode/vx_shapedata -I../../../src/libcode/vx_solar -I../../../src/libcode/vx_statistics -I../../../src/libcode/vx_stat_out -I../../../src/libcode/vx_summary -I../../../src/libcode/vx_time_series -I../../../src/libcode/vx_series_data -I../../../src/libcode/vx_tc_util -I/home/hank.fisher/MET/external_libs/include -I/home/hank.fisher/MET9_0_1_nopython/external_libs/include -I/home/hank.fisher/MET9_0_1_nopython/external_libs/include -I/home/hank.fisher/MET9_0_1_nopython/external_libs/include -I/home/hank.fisher/MET9_0_1_nopython/external_libs/include -I/home/hank.fisher/MET9_0_1_nopython/external_libs/include -I/home/hank.fisher/MET9_0_1_nopython/external_libs/include -DBLOCK4 -DWITH_GRIB2 -DMET_BASE="\"/home/hank.fisher/MET9_0_1_nopython/share/met\""  -g -MT libvx_util_a-observation.o -MD -MP -MF .deps/libvx_util_a-observation.Tpo -c -o libvx_util_a-observation.o `test -f 'observation.cc' || echo './'`observation.cc
mv -f .deps/libvx_util_a-observation.Tpo .deps/libvx_util_a-observation.Po
/bin/g++ -DHAVE_CONFIG_H -I. -I../../..  -I../../../src/basic/vx_cal -I../../../src/basic/vx_config -I../../../src/basic/vx_log -I../../../src/basic/vx_math -I../../../src/basic/vx_util -I../../../src/libcode/vx_afm -I../../../src/libcode/vx_analysis_util -I../../../src/libcode/vx_color -I../../../src/libcode/vx_data2d -I../../../src/libcode/vx_data2d_factory -I../../../src/libcode/vx_data2d_grib -I../../../src/libcode/vx_data2d_grib2 -I../../../src/libcode/vx_data2d_nccf -I../../../src/libcode/vx_data2d_nc_met -I../../../src/libcode/vx_data2d_nc_pinterp -I../../../src/libcode/vx_data2d_python -I../../../src/libcode/vx_python3_utils -I../../../src/libcode/vx_geodesy -I../../../src/libcode/vx_gis -I../../../src/libcode/vx_gnomon -I../../../src/libcode/vx_grid -I../../../src/libcode/vx_gsl_prob -I../../../src/libcode/vx_nav -I../../../src/libcode/vx_nc_obs -I../../../src/libcode/vx_nc_util -I../../../src/libcode/vx_pb_util -I../../../src/libcode/vx_plot_util -I../../../src/libcode/vx_ps -I../../../src/libcode/vx_pxm -I../../../src/libcode/vx_render -I../../../src/libcode/vx_regrid -I../../../src/libcode/vx_shapedata -I../../../src/libcode/vx_solar -I../../../src/libcode/vx_statistics -I../../../src/libcode/vx_stat_out -I../../../src/libcode/vx_summary -I../../../src/libcode/vx_time_series -I../../../src/libcode/vx_series_data -I../../../src/libcode/vx_tc_util -I/home/hank.fisher/MET/external_libs/include -I/home/hank.fisher/MET9_0_1_nopython/external_libs/include -I/home/hank.fisher/MET9_0_1_nopython/external_libs/include -I/home/hank.fisher/MET9_0_1_nopython/external_libs/include -I/home/hank.fisher/MET9_0_1_nopython/external_libs/include -I/home/hank.fisher/MET9_0_1_nopython/external_libs/include -I/home/hank.fisher/MET9_0_1_nopython/external_libs/include -DBLOCK4 -DWITH_GRIB2 -DMET_BASE="\"/home/hank.fisher/MET9_0_1_nopython/share/met\""  -g -MT libvx_util_a-RectangularTemplate.o -MD -MP -MF .deps/libvx_util_a-RectangularTemplate.Tpo -c -o libvx_util_a-RectangularTemplate.o `test -f 'RectangularTemplate.cc' || echo './'`RectangularTemplate.cc
mv -f .deps/libvx_util_a-RectangularTemplate.Tpo .deps/libvx_util_a-RectangularTemplate.Po
rm -f libvx_util.a
ar cru libvx_util.a libvx_util_a-ascii_table.o libvx_util_a-asciitablejust_to_string.o libvx_util_a-ascii_header.o libvx_util_a-check_endian.o libvx_util_a-comma_string.o libvx_util_a-conversions.o libvx_util_a-data_line.o libvx_util_a-grib_constants.o libvx_util_a-is_number.o libvx_util_a-long_array.o libvx_util_a-num_array.o libvx_util_a-thresh_array.o libvx_util_a-make_path.o libvx_util_a-memory.o libvx_util_a-ordinal.o libvx_util_a-roman_numeral.o libvx_util_a-string_fxns.o libvx_util_a-substring.o libvx_util_a-fix_float.o libvx_util_a-command_line.o libvx_util_a-file_size.o libvx_util_a-file_exists.o libvx_util_a-file_linecount.o libvx_util_a-filename_suffix.o libvx_util_a-data_plane.o libvx_util_a-data_cube.o libvx_util_a-data_plane_util.o libvx_util_a-interp_mthd.o libvx_util_a-interp_util.o libvx_util_a-two_to_one.o libvx_util_a-get_filenames.o libvx_util_a-polyline.o libvx_util_a-mask_poly.o libvx_util_a-read_fortran_binary.o libvx_util_a-met_buffer.o libvx_util_a-smart_buffer.o libvx_util_a-CircularTemplate.o libvx_util_a-GridTemplate.o libvx_util_a-GridPoint.o libvx_util_a-GridOffset.o libvx_util_a-observation.o libvx_util_a-RectangularTemplate.o  
ranlib libvx_util.a
make[4]: Leaving directory `/home/hank.fisher/MET9_0_1_nopython/met-9.0.1/src/basic/vx_util'
Making all in vx_config
make[4]: Entering directory `/home/hank.fisher/MET9_0_1_nopython/met-9.0.1/src/basic/vx_config'
/bin/g++ -DHAVE_CONFIG_H -I. -I../../..  -I../../../src/basic/vx_cal -I../../../src/basic/vx_config -I../../../src/basic/vx_log -I../../../src/basic/vx_math -I../../../src/basic/vx_util -I../../../src/libcode/vx_afm -I../../../src/libcode/vx_analysis_util -I../../../src/libcode/vx_color -I../../../src/libcode/vx_data2d -I../../../src/libcode/vx_data2d_factory -I../../../src/libcode/vx_data2d_grib -I../../../src/libcode/vx_data2d_grib2 -I../../../src/libcode/vx_data2d_nccf -I../../../src/libcode/vx_data2d_nc_met -I../../../src/libcode/vx_data2d_nc_pinterp -I../../../src/libcode/vx_data2d_python -I../../../src/libcode/vx_python3_utils -I../../../src/libcode/vx_geodesy -I../../../src/libcode/vx_gis -I../../../src/libcode/vx_gnomon -I../../../src/libcode/vx_grid -I../../../src/libcode/vx_gsl_prob -I../../../src/libcode/vx_nav -I../../../src/libcode/vx_nc_obs -I../../../src/libcode/vx_nc_util -I../../../src/libcode/vx_pb_util -I../../../src/libcode/vx_plot_util -I../../../src/libcode/vx_ps -I../../../src/libcode/vx_pxm -I../../../src/libcode/vx_render -I../../../src/libcode/vx_regrid -I../../../src/libcode/vx_shapedata -I../../../src/libcode/vx_solar -I../../../src/libcode/vx_statistics -I../../../src/libcode/vx_stat_out -I../../../src/libcode/vx_summary -I../../../src/libcode/vx_time_series -I../../../src/libcode/vx_series_data -I../../../src/libcode/vx_tc_util -I/home/hank.fisher/MET/external_libs/include -I/home/hank.fisher/MET9_0_1_nopython/external_libs/include -I/home/hank.fisher/MET9_0_1_nopython/external_libs/include -I/home/hank.fisher/MET9_0_1_nopython/external_libs/include -I/home/hank.fisher/MET9_0_1_nopython/external_libs/include -I/home/hank.fisher/MET9_0_1_nopython/external_libs/include -I/home/hank.fisher/MET9_0_1_nopython/external_libs/include -DBLOCK4 -DWITH_GRIB2 -DMET_BASE="\"/home/hank.fisher/MET9_0_1_nopython/share/met\""  -g -MT libvx_config_a-config.tab.o -MD -MP -MF .deps/libvx_config_a-config.tab.Tpo -c -o libvx_config_a-config.tab.o `test -f 'config.tab.cc' || echo './'`config.tab.cc
mv -f .deps/libvx_config_a-config.tab.Tpo .deps/libvx_config_a-config.tab.Po
/bin/g++ -DHAVE_CONFIG_H -I. -I../../..  -I../../../src/basic/vx_cal -I../../../src/basic/vx_config -I../../../src/basic/vx_log -I../../../src/basic/vx_math -I../../../src/basic/vx_util -I../../../src/libcode/vx_afm -I../../../src/libcode/vx_analysis_util -I../../../src/libcode/vx_color -I../../../src/libcode/vx_data2d -I../../../src/libcode/vx_data2d_factory -I../../../src/libcode/vx_data2d_grib -I../../../src/libcode/vx_data2d_grib2 -I../../../src/libcode/vx_data2d_nccf -I../../../src/libcode/vx_data2d_nc_met -I../../../src/libcode/vx_data2d_nc_pinterp -I../../../src/libcode/vx_data2d_python -I../../../src/libcode/vx_python3_utils -I../../../src/libcode/vx_geodesy -I../../../src/libcode/vx_gis -I../../../src/libcode/vx_gnomon -I../../../src/libcode/vx_grid -I../../../src/libcode/vx_gsl_prob -I../../../src/libcode/vx_nav -I../../../src/libcode/vx_nc_obs -I../../../src/libcode/vx_nc_util -I../../../src/libcode/vx_pb_util -I../../../src/libcode/vx_plot_util -I../../../src/libcode/vx_ps -I../../../src/libcode/vx_pxm -I../../../src/libcode/vx_render -I../../../src/libcode/vx_regrid -I../../../src/libcode/vx_shapedata -I../../../src/libcode/vx_solar -I../../../src/libcode/vx_statistics -I../../../src/libcode/vx_stat_out -I../../../src/libcode/vx_summary -I../../../src/libcode/vx_time_series -I../../../src/libcode/vx_series_data -I../../../src/libcode/vx_tc_util -I/home/hank.fisher/MET/external_libs/include -I/home/hank.fisher/MET9_0_1_nopython/external_libs/include -I/home/hank.fisher/MET9_0_1_nopython/external_libs/include -I/home/hank.fisher/MET9_0_1_nopython/external_libs/include -I/home/hank.fisher/MET9_0_1_nopython/external_libs/include -I/home/hank.fisher/MET9_0_1_nopython/external_libs/include -I/home/hank.fisher/MET9_0_1_nopython/external_libs/include -DBLOCK4 -DWITH_GRIB2 -DMET_BASE="\"/home/hank.fisher/MET9_0_1_nopython/share/met\""  -g -MT libvx_config_a-my_config_scanner.o -MD -MP -MF .deps/libvx_config_a-my_config_scanner.Tpo -c -o libvx_config_a-my_config_scanner.o `test -f 'my_config_scanner.cc' || echo './'`my_config_scanner.cc
mv -f .deps/libvx_config_a-my_config_scanner.Tpo .deps/libvx_config_a-my_config_scanner.Po
/bin/g++ -DHAVE_CONFIG_H -I. -I../../..  -I../../../src/basic/vx_cal -I../../../src/basic/vx_config -I../../../src/basic/vx_log -I../../../src/basic/vx_math -I../../../src/basic/vx_util -I../../../src/libcode/vx_afm -I../../../src/libcode/vx_analysis_util -I../../../src/libcode/vx_color -I../../../src/libcode/vx_data2d -I../../../src/libcode/vx_data2d_factory -I../../../src/libcode/vx_data2d_grib -I../../../src/libcode/vx_data2d_grib2 -I../../../src/libcode/vx_data2d_nccf -I../../../src/libcode/vx_data2d_nc_met -I../../../src/libcode/vx_data2d_nc_pinterp -I../../../src/libcode/vx_data2d_python -I../../../src/libcode/vx_python3_utils -I../../../src/libcode/vx_geodesy -I../../../src/libcode/vx_gis -I../../../src/libcode/vx_gnomon -I../../../src/libcode/vx_grid -I../../../src/libcode/vx_gsl_prob -I../../../src/libcode/vx_nav -I../../../src/libcode/vx_nc_obs -I../../../src/libcode/vx_nc_util -I../../../src/libcode/vx_pb_util -I../../../src/libcode/vx_plot_util -I../../../src/libcode/vx_ps -I../../../src/libcode/vx_pxm -I../../../src/libcode/vx_render -I../../../src/libcode/vx_regrid -I../../../src/libcode/vx_shapedata -I../../../src/libcode/vx_solar -I../../../src/libcode/vx_statistics -I../../../src/libcode/vx_stat_out -I../../../src/libcode/vx_summary -I../../../src/libcode/vx_time_series -I../../../src/libcode/vx_series_data -I../../../src/libcode/vx_tc_util -I/home/hank.fisher/MET/external_libs/include -I/home/hank.fisher/MET9_0_1_nopython/external_libs/include -I/home/hank.fisher/MET9_0_1_nopython/external_libs/include -I/home/hank.fisher/MET9_0_1_nopython/external_libs/include -I/home/hank.fisher/MET9_0_1_nopython/external_libs/include -I/home/hank.fisher/MET9_0_1_nopython/external_libs/include -I/home/hank.fisher/MET9_0_1_nopython/external_libs/include -DBLOCK4 -DWITH_GRIB2 -DMET_BASE="\"/home/hank.fisher/MET9_0_1_nopython/share/met\""  -g -MT libvx_config_a-configobjecttype_to_string.o -MD -MP -MF .deps/libvx_config_a-configobjecttype_to_string.Tpo -c -o libvx_config_a-configobjecttype_to_string.o `test -f 'configobjecttype_to_string.cc' || echo './'`configobjecttype_to_string.cc
mv -f .deps/libvx_config_a-configobjecttype_to_string.Tpo .deps/libvx_config_a-configobjecttype_to_string.Po
/bin/g++ -DHAVE_CONFIG_H -I. -I../../..  -I../../../src/basic/vx_cal -I../../../src/basic/vx_config -I../../../src/basic/vx_log -I../../../src/basic/vx_math -I../../../src/basic/vx_util -I../../../src/libcode/vx_afm -I../../../src/libcode/vx_analysis_util -I../../../src/libcode/vx_color -I../../../src/libcode/vx_data2d -I../../../src/libcode/vx_data2d_factory -I../../../src/libcode/vx_data2d_grib -I../../../src/libcode/vx_data2d_grib2 -I../../../src/libcode/vx_data2d_nccf -I../../../src/libcode/vx_data2d_nc_met -I../../../src/libcode/vx_data2d_nc_pinterp -I../../../src/libcode/vx_data2d_python -I../../../src/libcode/vx_python3_utils -I../../../src/libcode/vx_geodesy -I../../../src/libcode/vx_gis -I../../../src/libcode/vx_gnomon -I../../../src/libcode/vx_grid -I../../../src/libcode/vx_gsl_prob -I../../../src/libcode/vx_nav -I../../../src/libcode/vx_nc_obs -I../../../src/libcode/vx_nc_util -I../../../src/libcode/vx_pb_util -I../../../src/libcode/vx_plot_util -I../../../src/libcode/vx_ps -I../../../src/libcode/vx_pxm -I../../../src/libcode/vx_render -I../../../src/libcode/vx_regrid -I../../../src/libcode/vx_shapedata -I../../../src/libcode/vx_solar -I../../../src/libcode/vx_statistics -I../../../src/libcode/vx_stat_out -I../../../src/libcode/vx_summary -I../../../src/libcode/vx_time_series -I../../../src/libcode/vx_series_data -I../../../src/libcode/vx_tc_util -I/home/hank.fisher/MET/external_libs/include -I/home/hank.fisher/MET9_0_1_nopython/external_libs/include -I/home/hank.fisher/MET9_0_1_nopython/external_libs/include -I/home/hank.fisher/MET9_0_1_nopython/external_libs/include -I/home/hank.fisher/MET9_0_1_nopython/external_libs/include -I/home/hank.fisher/MET9_0_1_nopython/external_libs/include -I/home/hank.fisher/MET9_0_1_nopython/external_libs/include -DBLOCK4 -DWITH_GRIB2 -DMET_BASE="\"/home/hank.fisher/MET9_0_1_nopython/share/met\""  -g -MT libvx_config_a-grdfiletype_to_string.o -MD -MP -MF .deps/libvx_config_a-grdfiletype_to_string.Tpo -c -o libvx_config_a-grdfiletype_to_string.o `test -f 'grdfiletype_to_string.cc' || echo './'`grdfiletype_to_string.cc
mv -f .deps/libvx_config_a-grdfiletype_to_string.Tpo .deps/libvx_config_a-grdfiletype_to_string.Po
/bin/g++ -DHAVE_CONFIG_H -I. -I../../..  -I../../../src/basic/vx_cal -I../../../src/basic/vx_config -I../../../src/basic/vx_log -I../../../src/basic/vx_math -I../../../src/basic/vx_util -I../../../src/libcode/vx_afm -I../../../src/libcode/vx_analysis_util -I../../../src/libcode/vx_color -I../../../src/libcode/vx_data2d -I../../../src/libcode/vx_data2d_factory -I../../../src/libcode/vx_data2d_grib -I../../../src/libcode/vx_data2d_grib2 -I../../../src/libcode/vx_data2d_nccf -I../../../src/libcode/vx_data2d_nc_met -I../../../src/libcode/vx_data2d_nc_pinterp -I../../../src/libcode/vx_data2d_python -I../../../src/libcode/vx_python3_utils -I../../../src/libcode/vx_geodesy -I../../../src/libcode/vx_gis -I../../../src/libcode/vx_gnomon -I../../../src/libcode/vx_grid -I../../../src/libcode/vx_gsl_prob -I../../../src/libcode/vx_nav -I../../../src/libcode/vx_nc_obs -I../../../src/libcode/vx_nc_util -I../../../src/libcode/vx_pb_util -I../../../src/libcode/vx_plot_util -I../../../src/libcode/vx_ps -I../../../src/libcode/vx_pxm -I../../../src/libcode/vx_render -I../../../src/libcode/vx_regrid -I../../../src/libcode/vx_shapedata -I../../../src/libcode/vx_solar -I../../../src/libcode/vx_statistics -I../../../src/libcode/vx_stat_out -I../../../src/libcode/vx_summary -I../../../src/libcode/vx_time_series -I../../../src/libcode/vx_series_data -I../../../src/libcode/vx_tc_util -I/home/hank.fisher/MET/external_libs/include -I/home/hank.fisher/MET9_0_1_nopython/external_libs/include -I/home/hank.fisher/MET9_0_1_nopython/external_libs/include -I/home/hank.fisher/MET9_0_1_nopython/external_libs/include -I/home/hank.fisher/MET9_0_1_nopython/external_libs/include -I/home/hank.fisher/MET9_0_1_nopython/external_libs/include -I/home/hank.fisher/MET9_0_1_nopython/external_libs/include -DBLOCK4 -DWITH_GRIB2 -DMET_BASE="\"/home/hank.fisher/MET9_0_1_nopython/share/met\""  -g -MT libvx_config_a-celltype_to_string.o -MD -MP -MF .deps/libvx_config_a-celltype_to_string.Tpo -c -o libvx_config_a-celltype_to_string.o `test -f 'celltype_to_string.cc' || echo './'`celltype_to_string.cc
mv -f .deps/libvx_config_a-celltype_to_string.Tpo .deps/libvx_config_a-celltype_to_string.Po
/bin/g++ -DHAVE_CONFIG_H -I. -I../../..  -I../../../src/basic/vx_cal -I../../../src/basic/vx_config -I../../../src/basic/vx_log -I../../../src/basic/vx_math -I../../../src/basic/vx_util -I../../../src/libcode/vx_afm -I../../../src/libcode/vx_analysis_util -I../../../src/libcode/vx_color -I../../../src/libcode/vx_data2d -I../../../src/libcode/vx_data2d_factory -I../../../src/libcode/vx_data2d_grib -I../../../src/libcode/vx_data2d_grib2 -I../../../src/libcode/vx_data2d_nccf -I../../../src/libcode/vx_data2d_nc_met -I../../../src/libcode/vx_data2d_nc_pinterp -I../../../src/libcode/vx_data2d_python -I../../../src/libcode/vx_python3_utils -I../../../src/libcode/vx_geodesy -I../../../src/libcode/vx_gis -I../../../src/libcode/vx_gnomon -I../../../src/libcode/vx_grid -I../../../src/libcode/vx_gsl_prob -I../../../src/libcode/vx_nav -I../../../src/libcode/vx_nc_obs -I../../../src/libcode/vx_nc_util -I../../../src/libcode/vx_pb_util -I../../../src/libcode/vx_plot_util -I../../../src/libcode/vx_ps -I../../../src/libcode/vx_pxm -I../../../src/libcode/vx_render -I../../../src/libcode/vx_regrid -I../../../src/libcode/vx_shapedata -I../../../src/libcode/vx_solar -I../../../src/libcode/vx_statistics -I../../../src/libcode/vx_stat_out -I../../../src/libcode/vx_summary -I../../../src/libcode/vx_time_series -I../../../src/libcode/vx_series_data -I../../../src/libcode/vx_tc_util -I/home/hank.fisher/MET/external_libs/include -I/home/hank.fisher/MET9_0_1_nopython/external_libs/include -I/home/hank.fisher/MET9_0_1_nopython/external_libs/include -I/home/hank.fisher/MET9_0_1_nopython/external_libs/include -I/home/hank.fisher/MET9_0_1_nopython/external_libs/include -I/home/hank.fisher/MET9_0_1_nopython/external_libs/include -I/home/hank.fisher/MET9_0_1_nopython/external_libs/include -DBLOCK4 -DWITH_GRIB2 -DMET_BASE="\"/home/hank.fisher/MET9_0_1_nopython/share/met\""  -g -MT libvx_config_a-dictionary.o -MD -MP -MF .deps/libvx_config_a-dictionary.Tpo -c -o libvx_config_a-dictionary.o `test -f 'dictionary.cc' || echo './'`dictionary.cc
mv -f .deps/libvx_config_a-dictionary.Tpo .deps/libvx_config_a-dictionary.Po
/bin/g++ -DHAVE_CONFIG_H -I. -I../../..  -I../../../src/basic/vx_cal -I../../../src/basic/vx_config -I../../../src/basic/vx_log -I../../../src/basic/vx_math -I../../../src/basic/vx_util -I../../../src/libcode/vx_afm -I../../../src/libcode/vx_analysis_util -I../../../src/libcode/vx_color -I../../../src/libcode/vx_data2d -I../../../src/libcode/vx_data2d_factory -I../../../src/libcode/vx_data2d_grib -I../../../src/libcode/vx_data2d_grib2 -I../../../src/libcode/vx_data2d_nccf -I../../../src/libcode/vx_data2d_nc_met -I../../../src/libcode/vx_data2d_nc_pinterp -I../../../src/libcode/vx_data2d_python -I../../../src/libcode/vx_python3_utils -I../../../src/libcode/vx_geodesy -I../../../src/libcode/vx_gis -I../../../src/libcode/vx_gnomon -I../../../src/libcode/vx_grid -I../../../src/libcode/vx_gsl_prob -I../../../src/libcode/vx_nav -I../../../src/libcode/vx_nc_obs -I../../../src/libcode/vx_nc_util -I../../../src/libcode/vx_pb_util -I../../../src/libcode/vx_plot_util -I../../../src/libcode/vx_ps -I../../../src/libcode/vx_pxm -I../../../src/libcode/vx_render -I../../../src/libcode/vx_regrid -I../../../src/libcode/vx_shapedata -I../../../src/libcode/vx_solar -I../../../src/libcode/vx_statistics -I../../../src/libcode/vx_stat_out -I../../../src/libcode/vx_summary -I../../../src/libcode/vx_time_series -I../../../src/libcode/vx_series_data -I../../../src/libcode/vx_tc_util -I/home/hank.fisher/MET/external_libs/include -I/home/hank.fisher/MET9_0_1_nopython/external_libs/include -I/home/hank.fisher/MET9_0_1_nopython/external_libs/include -I/home/hank.fisher/MET9_0_1_nopython/external_libs/include -I/home/hank.fisher/MET9_0_1_nopython/external_libs/include -I/home/hank.fisher/MET9_0_1_nopython/external_libs/include -I/home/hank.fisher/MET9_0_1_nopython/external_libs/include -DBLOCK4 -DWITH_GRIB2 -DMET_BASE="\"/home/hank.fisher/MET9_0_1_nopython/share/met\""  -g -MT libvx_config_a-config_file.o -MD -MP -MF .deps/libvx_config_a-config_file.Tpo -c -o libvx_config_a-config_file.o `test -f 'config_file.cc' || echo './'`config_file.cc
mv -f .deps/libvx_config_a-config_file.Tpo .deps/libvx_config_a-config_file.Po
/bin/g++ -DHAVE_CONFIG_H -I. -I../../..  -I../../../src/basic/vx_cal -I../../../src/basic/vx_config -I../../../src/basic/vx_log -I../../../src/basic/vx_math -I../../../src/basic/vx_util -I../../../src/libcode/vx_afm -I../../../src/libcode/vx_analysis_util -I../../../src/libcode/vx_color -I../../../src/libcode/vx_data2d -I../../../src/libcode/vx_data2d_factory -I../../../src/libcode/vx_data2d_grib -I../../../src/libcode/vx_data2d_grib2 -I../../../src/libcode/vx_data2d_nccf -I../../../src/libcode/vx_data2d_nc_met -I../../../src/libcode/vx_data2d_nc_pinterp -I../../../src/libcode/vx_data2d_python -I../../../src/libcode/vx_python3_utils -I../../../src/libcode/vx_geodesy -I../../../src/libcode/vx_gis -I../../../src/libcode/vx_gnomon -I../../../src/libcode/vx_grid -I../../../src/libcode/vx_gsl_prob -I../../../src/libcode/vx_nav -I../../../src/libcode/vx_nc_obs -I../../../src/libcode/vx_nc_util -I../../../src/libcode/vx_pb_util -I../../../src/libcode/vx_plot_util -I../../../src/libcode/vx_ps -I../../../src/libcode/vx_pxm -I../../../src/libcode/vx_render -I../../../src/libcode/vx_regrid -I../../../src/libcode/vx_shapedata -I../../../src/libcode/vx_solar -I../../../src/libcode/vx_statistics -I../../../src/libcode/vx_stat_out -I../../../src/libcode/vx_summary -I../../../src/libcode/vx_time_series -I../../../src/libcode/vx_series_data -I../../../src/libcode/vx_tc_util -I/home/hank.fisher/MET/external_libs/include -I/home/hank.fisher/MET9_0_1_nopython/external_libs/include -I/home/hank.fisher/MET9_0_1_nopython/external_libs/include -I/home/hank.fisher/MET9_0_1_nopython/external_libs/include -I/home/hank.fisher/MET9_0_1_nopython/external_libs/include -I/home/hank.fisher/MET9_0_1_nopython/external_libs/include -I/home/hank.fisher/MET9_0_1_nopython/external_libs/include -DBLOCK4 -DWITH_GRIB2 -DMET_BASE="\"/home/hank.fisher/MET9_0_1_nopython/share/met\""  -g -MT libvx_config_a-config_util.o -MD -MP -MF .deps/libvx_config_a-config_util.Tpo -c -o libvx_config_a-config_util.o `test -f 'config_util.cc' || echo './'`config_util.cc
mv -f .deps/libvx_config_a-config_util.Tpo .deps/libvx_config_a-config_util.Po
/bin/g++ -DHAVE_CONFIG_H -I. -I../../..  -I../../../src/basic/vx_cal -I../../../src/basic/vx_config -I../../../src/basic/vx_log -I../../../src/basic/vx_math -I../../../src/basic/vx_util -I../../../src/libcode/vx_afm -I../../../src/libcode/vx_analysis_util -I../../../src/libcode/vx_color -I../../../src/libcode/vx_data2d -I../../../src/libcode/vx_data2d_factory -I../../../src/libcode/vx_data2d_grib -I../../../src/libcode/vx_data2d_grib2 -I../../../src/libcode/vx_data2d_nccf -I../../../src/libcode/vx_data2d_nc_met -I../../../src/libcode/vx_data2d_nc_pinterp -I../../../src/libcode/vx_data2d_python -I../../../src/libcode/vx_python3_utils -I../../../src/libcode/vx_geodesy -I../../../src/libcode/vx_gis -I../../../src/libcode/vx_gnomon -I../../../src/libcode/vx_grid -I../../../src/libcode/vx_gsl_prob -I../../../src/libcode/vx_nav -I../../../src/libcode/vx_nc_obs -I../../../src/libcode/vx_nc_util -I../../../src/libcode/vx_pb_util -I../../../src/libcode/vx_plot_util -I../../../src/libcode/vx_ps -I../../../src/libcode/vx_pxm -I../../../src/libcode/vx_render -I../../../src/libcode/vx_regrid -I../../../src/libcode/vx_shapedata -I../../../src/libcode/vx_solar -I../../../src/libcode/vx_statistics -I../../../src/libcode/vx_stat_out -I../../../src/libcode/vx_summary -I../../../src/libcode/vx_time_series -I../../../src/libcode/vx_series_data -I../../../src/libcode/vx_tc_util -I/home/hank.fisher/MET/external_libs/include -I/home/hank.fisher/MET9_0_1_nopython/external_libs/include -I/home/hank.fisher/MET9_0_1_nopython/external_libs/include -I/home/hank.fisher/MET9_0_1_nopython/external_libs/include -I/home/hank.fisher/MET9_0_1_nopython/external_libs/include -I/home/hank.fisher/MET9_0_1_nopython/external_libs/include -I/home/hank.fisher/MET9_0_1_nopython/external_libs/include -DBLOCK4 -DWITH_GRIB2 -DMET_BASE="\"/home/hank.fisher/MET9_0_1_nopython/share/met\""  -g -MT libvx_config_a-temp_file.o -MD -MP -MF .deps/libvx_config_a-temp_file.Tpo -c -o libvx_config_a-temp_file.o `test -f 'temp_file.cc' || echo './'`temp_file.cc
mv -f .deps/libvx_config_a-temp_file.Tpo .deps/libvx_config_a-temp_file.Po
/bin/g++ -DHAVE_CONFIG_H -I. -I../../..  -I../../../src/basic/vx_cal -I../../../src/basic/vx_config -I../../../src/basic/vx_log -I../../../src/basic/vx_math -I../../../src/basic/vx_util -I../../../src/libcode/vx_afm -I../../../src/libcode/vx_analysis_util -I../../../src/libcode/vx_color -I../../../src/libcode/vx_data2d -I../../../src/libcode/vx_data2d_factory -I../../../src/libcode/vx_data2d_grib -I../../../src/libcode/vx_data2d_grib2 -I../../../src/libcode/vx_data2d_nccf -I../../../src/libcode/vx_data2d_nc_met -I../../../src/libcode/vx_data2d_nc_pinterp -I../../../src/libcode/vx_data2d_python -I../../../src/libcode/vx_python3_utils -I../../../src/libcode/vx_geodesy -I../../../src/libcode/vx_gis -I../../../src/libcode/vx_gnomon -I../../../src/libcode/vx_grid -I../../../src/libcode/vx_gsl_prob -I../../../src/libcode/vx_nav -I../../../src/libcode/vx_nc_obs -I../../../src/libcode/vx_nc_util -I../../../src/libcode/vx_pb_util -I../../../src/libcode/vx_plot_util -I../../../src/libcode/vx_ps -I../../../src/libcode/vx_pxm -I../../../src/libcode/vx_render -I../../../src/libcode/vx_regrid -I../../../src/libcode/vx_shapedata -I../../../src/libcode/vx_solar -I../../../src/libcode/vx_statistics -I../../../src/libcode/vx_stat_out -I../../../src/libcode/vx_summary -I../../../src/libcode/vx_time_series -I../../../src/libcode/vx_series_data -I../../../src/libcode/vx_tc_util -I/home/hank.fisher/MET/external_libs/include -I/home/hank.fisher/MET9_0_1_nopython/external_libs/include -I/home/hank.fisher/MET9_0_1_nopython/external_libs/include -I/home/hank.fisher/MET9_0_1_nopython/external_libs/include -I/home/hank.fisher/MET9_0_1_nopython/external_libs/include -I/home/hank.fisher/MET9_0_1_nopython/external_libs/include -I/home/hank.fisher/MET9_0_1_nopython/external_libs/include -DBLOCK4 -DWITH_GRIB2 -DMET_BASE="\"/home/hank.fisher/MET9_0_1_nopython/share/met\""  -g -MT libvx_config_a-threshold.o -MD -MP -MF .deps/libvx_config_a-threshold.Tpo -c -o libvx_config_a-threshold.o `test -f 'threshold.cc' || echo './'`threshold.cc
mv -f .deps/libvx_config_a-threshold.Tpo .deps/libvx_config_a-threshold.Po
/bin/g++ -DHAVE_CONFIG_H -I. -I../../..  -I../../../src/basic/vx_cal -I../../../src/basic/vx_config -I../../../src/basic/vx_log -I../../../src/basic/vx_math -I../../../src/basic/vx_util -I../../../src/libcode/vx_afm -I../../../src/libcode/vx_analysis_util -I../../../src/libcode/vx_color -I../../../src/libcode/vx_data2d -I../../../src/libcode/vx_data2d_factory -I../../../src/libcode/vx_data2d_grib -I../../../src/libcode/vx_data2d_grib2 -I../../../src/libcode/vx_data2d_nccf -I../../../src/libcode/vx_data2d_nc_met -I../../../src/libcode/vx_data2d_nc_pinterp -I../../../src/libcode/vx_data2d_python -I../../../src/libcode/vx_python3_utils -I../../../src/libcode/vx_geodesy -I../../../src/libcode/vx_gis -I../../../src/libcode/vx_gnomon -I../../../src/libcode/vx_grid -I../../../src/libcode/vx_gsl_prob -I../../../src/libcode/vx_nav -I../../../src/libcode/vx_nc_obs -I../../../src/libcode/vx_nc_util -I../../../src/libcode/vx_pb_util -I../../../src/libcode/vx_plot_util -I../../../src/libcode/vx_ps -I../../../src/libcode/vx_pxm -I../../../src/libcode/vx_render -I../../../src/libcode/vx_regrid -I../../../src/libcode/vx_shapedata -I../../../src/libcode/vx_solar -I../../../src/libcode/vx_statistics -I../../../src/libcode/vx_stat_out -I../../../src/libcode/vx_summary -I../../../src/libcode/vx_time_series -I../../../src/libcode/vx_series_data -I../../../src/libcode/vx_tc_util -I/home/hank.fisher/MET/external_libs/include -I/home/hank.fisher/MET9_0_1_nopython/external_libs/include -I/home/hank.fisher/MET9_0_1_nopython/external_libs/include -I/home/hank.fisher/MET9_0_1_nopython/external_libs/include -I/home/hank.fisher/MET9_0_1_nopython/external_libs/include -I/home/hank.fisher/MET9_0_1_nopython/external_libs/include -I/home/hank.fisher/MET9_0_1_nopython/external_libs/include -DBLOCK4 -DWITH_GRIB2 -DMET_BASE="\"/home/hank.fisher/MET9_0_1_nopython/share/met\""  -g -MT libvx_config_a-idstack.o -MD -MP -MF .deps/libvx_config_a-idstack.Tpo -c -o libvx_config_a-idstack.o `test -f 'idstack.cc' || echo './'`idstack.cc
mv -f .deps/libvx_config_a-idstack.Tpo .deps/libvx_config_a-idstack.Po
/bin/g++ -DHAVE_CONFIG_H -I. -I../../..  -I../../../src/basic/vx_cal -I../../../src/basic/vx_config -I../../../src/basic/vx_log -I../../../src/basic/vx_math -I../../../src/basic/vx_util -I../../../src/libcode/vx_afm -I../../../src/libcode/vx_analysis_util -I../../../src/libcode/vx_color -I../../../src/libcode/vx_data2d -I../../../src/libcode/vx_data2d_factory -I../../../src/libcode/vx_data2d_grib -I../../../src/libcode/vx_data2d_grib2 -I../../../src/libcode/vx_data2d_nccf -I../../../src/libcode/vx_data2d_nc_met -I../../../src/libcode/vx_data2d_nc_pinterp -I../../../src/libcode/vx_data2d_python -I../../../src/libcode/vx_python3_utils -I../../../src/libcode/vx_geodesy -I../../../src/libcode/vx_gis -I../../../src/libcode/vx_gnomon -I../../../src/libcode/vx_grid -I../../../src/libcode/vx_gsl_prob -I../../../src/libcode/vx_nav -I../../../src/libcode/vx_nc_obs -I../../../src/libcode/vx_nc_util -I../../../src/libcode/vx_pb_util -I../../../src/libcode/vx_plot_util -I../../../src/libcode/vx_ps -I../../../src/libcode/vx_pxm -I../../../src/libcode/vx_render -I../../../src/libcode/vx_regrid -I../../../src/libcode/vx_shapedata -I../../../src/libcode/vx_solar -I../../../src/libcode/vx_statistics -I../../../src/libcode/vx_stat_out -I../../../src/libcode/vx_summary -I../../../src/libcode/vx_time_series -I../../../src/libcode/vx_series_data -I../../../src/libcode/vx_tc_util -I/home/hank.fisher/MET/external_libs/include -I/home/hank.fisher/MET9_0_1_nopython/external_libs/include -I/home/hank.fisher/MET9_0_1_nopython/external_libs/include -I/home/hank.fisher/MET9_0_1_nopython/external_libs/include -I/home/hank.fisher/MET9_0_1_nopython/external_libs/include -I/home/hank.fisher/MET9_0_1_nopython/external_libs/include -I/home/hank.fisher/MET9_0_1_nopython/external_libs/include -DBLOCK4 -DWITH_GRIB2 -DMET_BASE="\"/home/hank.fisher/MET9_0_1_nopython/share/met\""  -g -MT libvx_config_a-number_stack.o -MD -MP -MF .deps/libvx_config_a-number_stack.Tpo -c -o libvx_config_a-number_stack.o `test -f 'number_stack.cc' || echo './'`number_stack.cc
mv -f .deps/libvx_config_a-number_stack.Tpo .deps/libvx_config_a-number_stack.Po
/bin/g++ -DHAVE_CONFIG_H -I. -I../../..  -I../../../src/basic/vx_cal -I../../../src/basic/vx_config -I../../../src/basic/vx_log -I../../../src/basic/vx_math -I../../../src/basic/vx_util -I../../../src/libcode/vx_afm -I../../../src/libcode/vx_analysis_util -I../../../src/libcode/vx_color -I../../../src/libcode/vx_data2d -I../../../src/libcode/vx_data2d_factory -I../../../src/libcode/vx_data2d_grib -I../../../src/libcode/vx_data2d_grib2 -I../../../src/libcode/vx_data2d_nccf -I../../../src/libcode/vx_data2d_nc_met -I../../../src/libcode/vx_data2d_nc_pinterp -I../../../src/libcode/vx_data2d_python -I../../../src/libcode/vx_python3_utils -I../../../src/libcode/vx_geodesy -I../../../src/libcode/vx_gis -I../../../src/libcode/vx_gnomon -I../../../src/libcode/vx_grid -I../../../src/libcode/vx_gsl_prob -I../../../src/libcode/vx_nav -I../../../src/libcode/vx_nc_obs -I../../../src/libcode/vx_nc_util -I../../../src/libcode/vx_pb_util -I../../../src/libcode/vx_plot_util -I../../../src/libcode/vx_ps -I../../../src/libcode/vx_pxm -I../../../src/libcode/vx_render -I../../../src/libcode/vx_regrid -I../../../src/libcode/vx_shapedata -I../../../src/libcode/vx_solar -I../../../src/libcode/vx_statistics -I../../../src/libcode/vx_stat_out -I../../../src/libcode/vx_summary -I../../../src/libcode/vx_time_series -I../../../src/libcode/vx_series_data -I../../../src/libcode/vx_tc_util -I/home/hank.fisher/MET/external_libs/include -I/home/hank.fisher/MET9_0_1_nopython/external_libs/include -I/home/hank.fisher/MET9_0_1_nopython/external_libs/include -I/home/hank.fisher/MET9_0_1_nopython/external_libs/include -I/home/hank.fisher/MET9_0_1_nopython/external_libs/include -I/home/hank.fisher/MET9_0_1_nopython/external_libs/include -I/home/hank.fisher/MET9_0_1_nopython/external_libs/include -DBLOCK4 -DWITH_GRIB2 -DMET_BASE="\"/home/hank.fisher/MET9_0_1_nopython/share/met\""  -g -MT libvx_config_a-builtin.o -MD -MP -MF .deps/libvx_config_a-builtin.Tpo -c -o libvx_config_a-builtin.o `test -f 'builtin.cc' || echo './'`builtin.cc
mv -f .deps/libvx_config_a-builtin.Tpo .deps/libvx_config_a-builtin.Po
/bin/g++ -DHAVE_CONFIG_H -I. -I../../..  -I../../../src/basic/vx_cal -I../../../src/basic/vx_config -I../../../src/basic/vx_log -I../../../src/basic/vx_math -I../../../src/basic/vx_util -I../../../src/libcode/vx_afm -I../../../src/libcode/vx_analysis_util -I../../../src/libcode/vx_color -I../../../src/libcode/vx_data2d -I../../../src/libcode/vx_data2d_factory -I../../../src/libcode/vx_data2d_grib -I../../../src/libcode/vx_data2d_grib2 -I../../../src/libcode/vx_data2d_nccf -I../../../src/libcode/vx_data2d_nc_met -I../../../src/libcode/vx_data2d_nc_pinterp -I../../../src/libcode/vx_data2d_python -I../../../src/libcode/vx_python3_utils -I../../../src/libcode/vx_geodesy -I../../../src/libcode/vx_gis -I../../../src/libcode/vx_gnomon -I../../../src/libcode/vx_grid -I../../../src/libcode/vx_gsl_prob -I../../../src/libcode/vx_nav -I../../../src/libcode/vx_nc_obs -I../../../src/libcode/vx_nc_util -I../../../src/libcode/vx_pb_util -I../../../src/libcode/vx_plot_util -I../../../src/libcode/vx_ps -I../../../src/libcode/vx_pxm -I../../../src/libcode/vx_render -I../../../src/libcode/vx_regrid -I../../../src/libcode/vx_shapedata -I../../../src/libcode/vx_solar -I../../../src/libcode/vx_statistics -I../../../src/libcode/vx_stat_out -I../../../src/libcode/vx_summary -I../../../src/libcode/vx_time_series -I../../../src/libcode/vx_series_data -I../../../src/libcode/vx_tc_util -I/home/hank.fisher/MET/external_libs/include -I/home/hank.fisher/MET9_0_1_nopython/external_libs/include -I/home/hank.fisher/MET9_0_1_nopython/external_libs/include -I/home/hank.fisher/MET9_0_1_nopython/external_libs/include -I/home/hank.fisher/MET9_0_1_nopython/external_libs/include -I/home/hank.fisher/MET9_0_1_nopython/external_libs/include -I/home/hank.fisher/MET9_0_1_nopython/external_libs/include -DBLOCK4 -DWITH_GRIB2 -DMET_BASE="\"/home/hank.fisher/MET9_0_1_nopython/share/met\""  -g -MT libvx_config_a-icode.o -MD -MP -MF .deps/libvx_config_a-icode.Tpo -c -o libvx_config_a-icode.o `test -f 'icode.cc' || echo './'`icode.cc
mv -f .deps/libvx_config_a-icode.Tpo .deps/libvx_config_a-icode.Po
/bin/g++ -DHAVE_CONFIG_H -I. -I../../..  -I../../../src/basic/vx_cal -I../../../src/basic/vx_config -I../../../src/basic/vx_log -I../../../src/basic/vx_math -I../../../src/basic/vx_util -I../../../src/libcode/vx_afm -I../../../src/libcode/vx_analysis_util -I../../../src/libcode/vx_color -I../../../src/libcode/vx_data2d -I../../../src/libcode/vx_data2d_factory -I../../../src/libcode/vx_data2d_grib -I../../../src/libcode/vx_data2d_grib2 -I../../../src/libcode/vx_data2d_nccf -I../../../src/libcode/vx_data2d_nc_met -I../../../src/libcode/vx_data2d_nc_pinterp -I../../../src/libcode/vx_data2d_python -I../../../src/libcode/vx_python3_utils -I../../../src/libcode/vx_geodesy -I../../../src/libcode/vx_gis -I../../../src/libcode/vx_gnomon -I../../../src/libcode/vx_grid -I../../../src/libcode/vx_gsl_prob -I../../../src/libcode/vx_nav -I../../../src/libcode/vx_nc_obs -I../../../src/libcode/vx_nc_util -I../../../src/libcode/vx_pb_util -I../../../src/libcode/vx_plot_util -I../../../src/libcode/vx_ps -I../../../src/libcode/vx_pxm -I../../../src/libcode/vx_render -I../../../src/libcode/vx_regrid -I../../../src/libcode/vx_shapedata -I../../../src/libcode/vx_solar -I../../../src/libcode/vx_statistics -I../../../src/libcode/vx_stat_out -I../../../src/libcode/vx_summary -I../../../src/libcode/vx_time_series -I../../../src/libcode/vx_series_data -I../../../src/libcode/vx_tc_util -I/home/hank.fisher/MET/external_libs/include -I/home/hank.fisher/MET9_0_1_nopython/external_libs/include -I/home/hank.fisher/MET9_0_1_nopython/external_libs/include -I/home/hank.fisher/MET9_0_1_nopython/external_libs/include -I/home/hank.fisher/MET9_0_1_nopython/external_libs/include -I/home/hank.fisher/MET9_0_1_nopython/external_libs/include -I/home/hank.fisher/MET9_0_1_nopython/external_libs/include -DBLOCK4 -DWITH_GRIB2 -DMET_BASE="\"/home/hank.fisher/MET9_0_1_nopython/share/met\""  -g -MT libvx_config_a-calculator.o -MD -MP -MF .deps/libvx_config_a-calculator.Tpo -c -o libvx_config_a-calculator.o `test -f 'calculator.cc' || echo './'`calculator.cc
mv -f .deps/libvx_config_a-calculator.Tpo .deps/libvx_config_a-calculator.Po
/bin/g++ -DHAVE_CONFIG_H -I. -I../../..  -I../../../src/basic/vx_cal -I../../../src/basic/vx_config -I../../../src/basic/vx_log -I../../../src/basic/vx_math -I../../../src/basic/vx_util -I../../../src/libcode/vx_afm -I../../../src/libcode/vx_analysis_util -I../../../src/libcode/vx_color -I../../../src/libcode/vx_data2d -I../../../src/libcode/vx_data2d_factory -I../../../src/libcode/vx_data2d_grib -I../../../src/libcode/vx_data2d_grib2 -I../../../src/libcode/vx_data2d_nccf -I../../../src/libcode/vx_data2d_nc_met -I../../../src/libcode/vx_data2d_nc_pinterp -I../../../src/libcode/vx_data2d_python -I../../../src/libcode/vx_python3_utils -I../../../src/libcode/vx_geodesy -I../../../src/libcode/vx_gis -I../../../src/libcode/vx_gnomon -I../../../src/libcode/vx_grid -I../../../src/libcode/vx_gsl_prob -I../../../src/libcode/vx_nav -I../../../src/libcode/vx_nc_obs -I../../../src/libcode/vx_nc_util -I../../../src/libcode/vx_pb_util -I../../../src/libcode/vx_plot_util -I../../../src/libcode/vx_ps -I../../../src/libcode/vx_pxm -I../../../src/libcode/vx_render -I../../../src/libcode/vx_regrid -I../../../src/libcode/vx_shapedata -I../../../src/libcode/vx_solar -I../../../src/libcode/vx_statistics -I../../../src/libcode/vx_stat_out -I../../../src/libcode/vx_summary -I../../../src/libcode/vx_time_series -I../../../src/libcode/vx_series_data -I../../../src/libcode/vx_tc_util -I/home/hank.fisher/MET/external_libs/include -I/home/hank.fisher/MET9_0_1_nopython/external_libs/include -I/home/hank.fisher/MET9_0_1_nopython/external_libs/include -I/home/hank.fisher/MET9_0_1_nopython/external_libs/include -I/home/hank.fisher/MET9_0_1_nopython/external_libs/include -I/home/hank.fisher/MET9_0_1_nopython/external_libs/include -I/home/hank.fisher/MET9_0_1_nopython/external_libs/include -DBLOCK4 -DWITH_GRIB2 -DMET_BASE="\"/home/hank.fisher/MET9_0_1_nopython/share/met\""  -g -MT libvx_config_a-config_funcs.o -MD -MP -MF .deps/libvx_config_a-config_funcs.Tpo -c -o libvx_config_a-config_funcs.o `test -f 'config_funcs.cc' || echo './'`config_funcs.cc
mv -f .deps/libvx_config_a-config_funcs.Tpo .deps/libvx_config_a-config_funcs.Po
rm -f libvx_config.a
ar cru libvx_config.a libvx_config_a-config.tab.o libvx_config_a-my_config_scanner.o libvx_config_a-configobjecttype_to_string.o libvx_config_a-grdfiletype_to_string.o libvx_config_a-celltype_to_string.o libvx_config_a-dictionary.o libvx_config_a-config_file.o libvx_config_a-config_util.o libvx_config_a-temp_file.o libvx_config_a-threshold.o libvx_config_a-idstack.o libvx_config_a-number_stack.o libvx_config_a-builtin.o libvx_config_a-icode.o libvx_config_a-calculator.o libvx_config_a-config_funcs.o libvx_config_a-my_config_scanner.o 
ranlib libvx_config.a
make[4]: Leaving directory `/home/hank.fisher/MET9_0_1_nopython/met-9.0.1/src/basic/vx_config'
make[4]: Entering directory `/home/hank.fisher/MET9_0_1_nopython/met-9.0.1/src/basic'
make[4]: Nothing to be done for `all-am'.
make[4]: Leaving directory `/home/hank.fisher/MET9_0_1_nopython/met-9.0.1/src/basic'
make[3]: Leaving directory `/home/hank.fisher/MET9_0_1_nopython/met-9.0.1/src/basic'
Making all in libcode
make[3]: Entering directory `/home/hank.fisher/MET9_0_1_nopython/met-9.0.1/src/libcode'
Making all in vx_grid
make[4]: Entering directory `/home/hank.fisher/MET9_0_1_nopython/met-9.0.1/src/libcode/vx_grid'
/bin/g++ -DHAVE_CONFIG_H -I. -I../../..  -I../../../src/basic/vx_cal -I../../../src/basic/vx_config -I../../../src/basic/vx_log -I../../../src/basic/vx_math -I../../../src/basic/vx_util -I../../../src/libcode/vx_afm -I../../../src/libcode/vx_analysis_util -I../../../src/libcode/vx_color -I../../../src/libcode/vx_data2d -I../../../src/libcode/vx_data2d_factory -I../../../src/libcode/vx_data2d_grib -I../../../src/libcode/vx_data2d_grib2 -I../../../src/libcode/vx_data2d_nccf -I../../../src/libcode/vx_data2d_nc_met -I../../../src/libcode/vx_data2d_nc_pinterp -I../../../src/libcode/vx_data2d_python -I../../../src/libcode/vx_python3_utils -I../../../src/libcode/vx_geodesy -I../../../src/libcode/vx_gis -I../../../src/libcode/vx_gnomon -I../../../src/libcode/vx_grid -I../../../src/libcode/vx_gsl_prob -I../../../src/libcode/vx_nav -I../../../src/libcode/vx_nc_obs -I../../../src/libcode/vx_nc_util -I../../../src/libcode/vx_pb_util -I../../../src/libcode/vx_plot_util -I../../../src/libcode/vx_ps -I../../../src/libcode/vx_pxm -I../../../src/libcode/vx_render -I../../../src/libcode/vx_regrid -I../../../src/libcode/vx_shapedata -I../../../src/libcode/vx_solar -I../../../src/libcode/vx_statistics -I../../../src/libcode/vx_stat_out -I../../../src/libcode/vx_summary -I../../../src/libcode/vx_time_series -I../../../src/libcode/vx_series_data -I../../../src/libcode/vx_tc_util -I/home/hank.fisher/MET/external_libs/include -I/home/hank.fisher/MET9_0_1_nopython/external_libs/include -I/home/hank.fisher/MET9_0_1_nopython/external_libs/include -I/home/hank.fisher/MET9_0_1_nopython/external_libs/include -I/home/hank.fisher/MET9_0_1_nopython/external_libs/include -I/home/hank.fisher/MET9_0_1_nopython/external_libs/include -I/home/hank.fisher/MET9_0_1_nopython/external_libs/include -DBLOCK4 -DWITH_GRIB2 -DMET_BASE="\"/home/hank.fisher/MET9_0_1_nopython/share/met\""  -g -MT libvx_grid_a-earth_rotation.o -MD -MP -MF .deps/libvx_grid_a-earth_rotation.Tpo -c -o libvx_grid_a-earth_rotation.o `test -f 'earth_rotation.cc' || echo './'`earth_rotation.cc
mv -f .deps/libvx_grid_a-earth_rotation.Tpo .deps/libvx_grid_a-earth_rotation.Po
/bin/g++ -DHAVE_CONFIG_H -I. -I../../..  -I../../../src/basic/vx_cal -I../../../src/basic/vx_config -I../../../src/basic/vx_log -I../../../src/basic/vx_math -I../../../src/basic/vx_util -I../../../src/libcode/vx_afm -I../../../src/libcode/vx_analysis_util -I../../../src/libcode/vx_color -I../../../src/libcode/vx_data2d -I../../../src/libcode/vx_data2d_factory -I../../../src/libcode/vx_data2d_grib -I../../../src/libcode/vx_data2d_grib2 -I../../../src/libcode/vx_data2d_nccf -I../../../src/libcode/vx_data2d_nc_met -I../../../src/libcode/vx_data2d_nc_pinterp -I../../../src/libcode/vx_data2d_python -I../../../src/libcode/vx_python3_utils -I../../../src/libcode/vx_geodesy -I../../../src/libcode/vx_gis -I../../../src/libcode/vx_gnomon -I../../../src/libcode/vx_grid -I../../../src/libcode/vx_gsl_prob -I../../../src/libcode/vx_nav -I../../../src/libcode/vx_nc_obs -I../../../src/libcode/vx_nc_util -I../../../src/libcode/vx_pb_util -I../../../src/libcode/vx_plot_util -I../../../src/libcode/vx_ps -I../../../src/libcode/vx_pxm -I../../../src/libcode/vx_render -I../../../src/libcode/vx_regrid -I../../../src/libcode/vx_shapedata -I../../../src/libcode/vx_solar -I../../../src/libcode/vx_statistics -I../../../src/libcode/vx_stat_out -I../../../src/libcode/vx_summary -I../../../src/libcode/vx_time_series -I../../../src/libcode/vx_series_data -I../../../src/libcode/vx_tc_util -I/home/hank.fisher/MET/external_libs/include -I/home/hank.fisher/MET9_0_1_nopython/external_libs/include -I/home/hank.fisher/MET9_0_1_nopython/external_libs/include -I/home/hank.fisher/MET9_0_1_nopython/external_libs/include -I/home/hank.fisher/MET9_0_1_nopython/external_libs/include -I/home/hank.fisher/MET9_0_1_nopython/external_libs/include -I/home/hank.fisher/MET9_0_1_nopython/external_libs/include -DBLOCK4 -DWITH_GRIB2 -DMET_BASE="\"/home/hank.fisher/MET9_0_1_nopython/share/met\""  -g -MT libvx_grid_a-find_grid_by_name.o -MD -MP -MF .deps/libvx_grid_a-find_grid_by_name.Tpo -c -o libvx_grid_a-find_grid_by_name.o `test -f 'find_grid_by_name.cc' || echo './'`find_grid_by_name.cc
mv -f .deps/libvx_grid_a-find_grid_by_name.Tpo .deps/libvx_grid_a-find_grid_by_name.Po
/bin/g++ -DHAVE_CONFIG_H -I. -I../../..  -I../../../src/basic/vx_cal -I../../../src/basic/vx_config -I../../../src/basic/vx_log -I../../../src/basic/vx_math -I../../../src/basic/vx_util -I../../../src/libcode/vx_afm -I../../../src/libcode/vx_analysis_util -I../../../src/libcode/vx_color -I../../../src/libcode/vx_data2d -I../../../src/libcode/vx_data2d_factory -I../../../src/libcode/vx_data2d_grib -I../../../src/libcode/vx_data2d_grib2 -I../../../src/libcode/vx_data2d_nccf -I../../../src/libcode/vx_data2d_nc_met -I../../../src/libcode/vx_data2d_nc_pinterp -I../../../src/libcode/vx_data2d_python -I../../../src/libcode/vx_python3_utils -I../../../src/libcode/vx_geodesy -I../../../src/libcode/vx_gis -I../../../src/libcode/vx_gnomon -I../../../src/libcode/vx_grid -I../../../src/libcode/vx_gsl_prob -I../../../src/libcode/vx_nav -I../../../src/libcode/vx_nc_obs -I../../../src/libcode/vx_nc_util -I../../../src/libcode/vx_pb_util -I../../../src/libcode/vx_plot_util -I../../../src/libcode/vx_ps -I../../../src/libcode/vx_pxm -I../../../src/libcode/vx_render -I../../../src/libcode/vx_regrid -I../../../src/libcode/vx_shapedata -I../../../src/libcode/vx_solar -I../../../src/libcode/vx_statistics -I../../../src/libcode/vx_stat_out -I../../../src/libcode/vx_summary -I../../../src/libcode/vx_time_series -I../../../src/libcode/vx_series_data -I../../../src/libcode/vx_tc_util -I/home/hank.fisher/MET/external_libs/include -I/home/hank.fisher/MET9_0_1_nopython/external_libs/include -I/home/hank.fisher/MET9_0_1_nopython/external_libs/include -I/home/hank.fisher/MET9_0_1_nopython/external_libs/include -I/home/hank.fisher/MET9_0_1_nopython/external_libs/include -I/home/hank.fisher/MET9_0_1_nopython/external_libs/include -I/home/hank.fisher/MET9_0_1_nopython/external_libs/include -DBLOCK4 -DWITH_GRIB2 -DMET_BASE="\"/home/hank.fisher/MET9_0_1_nopython/share/met\""  -g -MT libvx_grid_a-grid_base.o -MD -MP -MF .deps/libvx_grid_a-grid_base.Tpo -c -o libvx_grid_a-grid_base.o `test -f 'grid_base.cc' || echo './'`grid_base.cc
mv -f .deps/libvx_grid_a-grid_base.Tpo .deps/libvx_grid_a-grid_base.Po
/bin/g++ -DHAVE_CONFIG_H -I. -I../../..  -I../../../src/basic/vx_cal -I../../../src/basic/vx_config -I../../../src/basic/vx_log -I../../../src/basic/vx_math -I../../../src/basic/vx_util -I../../../src/libcode/vx_afm -I../../../src/libcode/vx_analysis_util -I../../../src/libcode/vx_color -I../../../src/libcode/vx_data2d -I../../../src/libcode/vx_data2d_factory -I../../../src/libcode/vx_data2d_grib -I../../../src/libcode/vx_data2d_grib2 -I../../../src/libcode/vx_data2d_nccf -I../../../src/libcode/vx_data2d_nc_met -I../../../src/libcode/vx_data2d_nc_pinterp -I../../../src/libcode/vx_data2d_python -I../../../src/libcode/vx_python3_utils -I../../../src/libcode/vx_geodesy -I../../../src/libcode/vx_gis -I../../../src/libcode/vx_gnomon -I../../../src/libcode/vx_grid -I../../../src/libcode/vx_gsl_prob -I../../../src/libcode/vx_nav -I../../../src/libcode/vx_nc_obs -I../../../src/libcode/vx_nc_util -I../../../src/libcode/vx_pb_util -I../../../src/libcode/vx_plot_util -I../../../src/libcode/vx_ps -I../../../src/libcode/vx_pxm -I../../../src/libcode/vx_render -I../../../src/libcode/vx_regrid -I../../../src/libcode/vx_shapedata -I../../../src/libcode/vx_solar -I../../../src/libcode/vx_statistics -I../../../src/libcode/vx_stat_out -I../../../src/libcode/vx_summary -I../../../src/libcode/vx_time_series -I../../../src/libcode/vx_series_data -I../../../src/libcode/vx_tc_util -I/home/hank.fisher/MET/external_libs/include -I/home/hank.fisher/MET9_0_1_nopython/external_libs/include -I/home/hank.fisher/MET9_0_1_nopython/external_libs/include -I/home/hank.fisher/MET9_0_1_nopython/external_libs/include -I/home/hank.fisher/MET9_0_1_nopython/external_libs/include -I/home/hank.fisher/MET9_0_1_nopython/external_libs/include -I/home/hank.fisher/MET9_0_1_nopython/external_libs/include -DBLOCK4 -DWITH_GRIB2 -DMET_BASE="\"/home/hank.fisher/MET9_0_1_nopython/share/met\""  -g -MT libvx_grid_a-latlon_grid.o -MD -MP -MF .deps/libvx_grid_a-latlon_grid.Tpo -c -o libvx_grid_a-latlon_grid.o `test -f 'latlon_grid.cc' || echo './'`latlon_grid.cc
mv -f .deps/libvx_grid_a-latlon_grid.Tpo .deps/libvx_grid_a-latlon_grid.Po
/bin/g++ -DHAVE_CONFIG_H -I. -I../../..  -I../../../src/basic/vx_cal -I../../../src/basic/vx_config -I../../../src/basic/vx_log -I../../../src/basic/vx_math -I../../../src/basic/vx_util -I../../../src/libcode/vx_afm -I../../../src/libcode/vx_analysis_util -I../../../src/libcode/vx_color -I../../../src/libcode/vx_data2d -I../../../src/libcode/vx_data2d_factory -I../../../src/libcode/vx_data2d_grib -I../../../src/libcode/vx_data2d_grib2 -I../../../src/libcode/vx_data2d_nccf -I../../../src/libcode/vx_data2d_nc_met -I../../../src/libcode/vx_data2d_nc_pinterp -I../../../src/libcode/vx_data2d_python -I../../../src/libcode/vx_python3_utils -I../../../src/libcode/vx_geodesy -I../../../src/libcode/vx_gis -I../../../src/libcode/vx_gnomon -I../../../src/libcode/vx_grid -I../../../src/libcode/vx_gsl_prob -I../../../src/libcode/vx_nav -I../../../src/libcode/vx_nc_obs -I../../../src/libcode/vx_nc_util -I../../../src/libcode/vx_pb_util -I../../../src/libcode/vx_plot_util -I../../../src/libcode/vx_ps -I../../../src/libcode/vx_pxm -I../../../src/libcode/vx_render -I../../../src/libcode/vx_regrid -I../../../src/libcode/vx_shapedata -I../../../src/libcode/vx_solar -I../../../src/libcode/vx_statistics -I../../../src/libcode/vx_stat_out -I../../../src/libcode/vx_summary -I../../../src/libcode/vx_time_series -I../../../src/libcode/vx_series_data -I../../../src/libcode/vx_tc_util -I/home/hank.fisher/MET/external_libs/include -I/home/hank.fisher/MET9_0_1_nopython/external_libs/include -I/home/hank.fisher/MET9_0_1_nopython/external_libs/include -I/home/hank.fisher/MET9_0_1_nopython/external_libs/include -I/home/hank.fisher/MET9_0_1_nopython/external_libs/include -I/home/hank.fisher/MET9_0_1_nopython/external_libs/include -I/home/hank.fisher/MET9_0_1_nopython/external_libs/include -DBLOCK4 -DWITH_GRIB2 -DMET_BASE="\"/home/hank.fisher/MET9_0_1_nopython/share/met\""  -g -MT libvx_grid_a-lc_grid.o -MD -MP -MF .deps/libvx_grid_a-lc_grid.Tpo -c -o libvx_grid_a-lc_grid.o `test -f 'lc_grid.cc' || echo './'`lc_grid.cc
mv -f .deps/libvx_grid_a-lc_grid.Tpo .deps/libvx_grid_a-lc_grid.Po
/bin/g++ -DHAVE_CONFIG_H -I. -I../../..  -I../../../src/basic/vx_cal -I../../../src/basic/vx_config -I../../../src/basic/vx_log -I../../../src/basic/vx_math -I../../../src/basic/vx_util -I../../../src/libcode/vx_afm -I../../../src/libcode/vx_analysis_util -I../../../src/libcode/vx_color -I../../../src/libcode/vx_data2d -I../../../src/libcode/vx_data2d_factory -I../../../src/libcode/vx_data2d_grib -I../../../src/libcode/vx_data2d_grib2 -I../../../src/libcode/vx_data2d_nccf -I../../../src/libcode/vx_data2d_nc_met -I../../../src/libcode/vx_data2d_nc_pinterp -I../../../src/libcode/vx_data2d_python -I../../../src/libcode/vx_python3_utils -I../../../src/libcode/vx_geodesy -I../../../src/libcode/vx_gis -I../../../src/libcode/vx_gnomon -I../../../src/libcode/vx_grid -I../../../src/libcode/vx_gsl_prob -I../../../src/libcode/vx_nav -I../../../src/libcode/vx_nc_obs -I../../../src/libcode/vx_nc_util -I../../../src/libcode/vx_pb_util -I../../../src/libcode/vx_plot_util -I../../../src/libcode/vx_ps -I../../../src/libcode/vx_pxm -I../../../src/libcode/vx_render -I../../../src/libcode/vx_regrid -I../../../src/libcode/vx_shapedata -I../../../src/libcode/vx_solar -I../../../src/libcode/vx_statistics -I../../../src/libcode/vx_stat_out -I../../../src/libcode/vx_summary -I../../../src/libcode/vx_time_series -I../../../src/libcode/vx_series_data -I../../../src/libcode/vx_tc_util -I/home/hank.fisher/MET/external_libs/include -I/home/hank.fisher/MET9_0_1_nopython/external_libs/include -I/home/hank.fisher/MET9_0_1_nopython/external_libs/include -I/home/hank.fisher/MET9_0_1_nopython/external_libs/include -I/home/hank.fisher/MET9_0_1_nopython/external_libs/include -I/home/hank.fisher/MET9_0_1_nopython/external_libs/include -I/home/hank.fisher/MET9_0_1_nopython/external_libs/include -DBLOCK4 -DWITH_GRIB2 -DMET_BASE="\"/home/hank.fisher/MET9_0_1_nopython/share/met\""  -g -MT libvx_grid_a-merc_grid.o -MD -MP -MF .deps/libvx_grid_a-merc_grid.Tpo -c -o libvx_grid_a-merc_grid.o `test -f 'merc_grid.cc' || echo './'`merc_grid.cc
mv -f .deps/libvx_grid_a-merc_grid.Tpo .deps/libvx_grid_a-merc_grid.Po
/bin/g++ -DHAVE_CONFIG_H -I. -I../../..  -I../../../src/basic/vx_cal -I../../../src/basic/vx_config -I../../../src/basic/vx_log -I../../../src/basic/vx_math -I../../../src/basic/vx_util -I../../../src/libcode/vx_afm -I../../../src/libcode/vx_analysis_util -I../../../src/libcode/vx_color -I../../../src/libcode/vx_data2d -I../../../src/libcode/vx_data2d_factory -I../../../src/libcode/vx_data2d_grib -I../../../src/libcode/vx_data2d_grib2 -I../../../src/libcode/vx_data2d_nccf -I../../../src/libcode/vx_data2d_nc_met -I../../../src/libcode/vx_data2d_nc_pinterp -I../../../src/libcode/vx_data2d_python -I../../../src/libcode/vx_python3_utils -I../../../src/libcode/vx_geodesy -I../../../src/libcode/vx_gis -I../../../src/libcode/vx_gnomon -I../../../src/libcode/vx_grid -I../../../src/libcode/vx_gsl_prob -I../../../src/libcode/vx_nav -I../../../src/libcode/vx_nc_obs -I../../../src/libcode/vx_nc_util -I../../../src/libcode/vx_pb_util -I../../../src/libcode/vx_plot_util -I../../../src/libcode/vx_ps -I../../../src/libcode/vx_pxm -I../../../src/libcode/vx_render -I../../../src/libcode/vx_regrid -I../../../src/libcode/vx_shapedata -I../../../src/libcode/vx_solar -I../../../src/libcode/vx_statistics -I../../../src/libcode/vx_stat_out -I../../../src/libcode/vx_summary -I../../../src/libcode/vx_time_series -I../../../src/libcode/vx_series_data -I../../../src/libcode/vx_tc_util -I/home/hank.fisher/MET/external_libs/include -I/home/hank.fisher/MET9_0_1_nopython/external_libs/include -I/home/hank.fisher/MET9_0_1_nopython/external_libs/include -I/home/hank.fisher/MET9_0_1_nopython/external_libs/include -I/home/hank.fisher/MET9_0_1_nopython/external_libs/include -I/home/hank.fisher/MET9_0_1_nopython/external_libs/include -I/home/hank.fisher/MET9_0_1_nopython/external_libs/include -DBLOCK4 -DWITH_GRIB2 -DMET_BASE="\"/home/hank.fisher/MET9_0_1_nopython/share/met\""  -g -MT libvx_grid_a-gaussian_grid.o -MD -MP -MF .deps/libvx_grid_a-gaussian_grid.Tpo -c -o libvx_grid_a-gaussian_grid.o `test -f 'gaussian_grid.cc' || echo './'`gaussian_grid.cc
mv -f .deps/libvx_grid_a-gaussian_grid.Tpo .deps/libvx_grid_a-gaussian_grid.Po
/bin/g++ -DHAVE_CONFIG_H -I. -I../../..  -I../../../src/basic/vx_cal -I../../../src/basic/vx_config -I../../../src/basic/vx_log -I../../../src/basic/vx_math -I../../../src/basic/vx_util -I../../../src/libcode/vx_afm -I../../../src/libcode/vx_analysis_util -I../../../src/libcode/vx_color -I../../../src/libcode/vx_data2d -I../../../src/libcode/vx_data2d_factory -I../../../src/libcode/vx_data2d_grib -I../../../src/libcode/vx_data2d_grib2 -I../../../src/libcode/vx_data2d_nccf -I../../../src/libcode/vx_data2d_nc_met -I../../../src/libcode/vx_data2d_nc_pinterp -I../../../src/libcode/vx_data2d_python -I../../../src/libcode/vx_python3_utils -I../../../src/libcode/vx_geodesy -I../../../src/libcode/vx_gis -I../../../src/libcode/vx_gnomon -I../../../src/libcode/vx_grid -I../../../src/libcode/vx_gsl_prob -I../../../src/libcode/vx_nav -I../../../src/libcode/vx_nc_obs -I../../../src/libcode/vx_nc_util -I../../../src/libcode/vx_pb_util -I../../../src/libcode/vx_plot_util -I../../../src/libcode/vx_ps -I../../../src/libcode/vx_pxm -I../../../src/libcode/vx_render -I../../../src/libcode/vx_regrid -I../../../src/libcode/vx_shapedata -I../../../src/libcode/vx_solar -I../../../src/libcode/vx_statistics -I../../../src/libcode/vx_stat_out -I../../../src/libcode/vx_summary -I../../../src/libcode/vx_time_series -I../../../src/libcode/vx_series_data -I../../../src/libcode/vx_tc_util -I/home/hank.fisher/MET/external_libs/include -I/home/hank.fisher/MET9_0_1_nopython/external_libs/include -I/home/hank.fisher/MET9_0_1_nopython/external_libs/include -I/home/hank.fisher/MET9_0_1_nopython/external_libs/include -I/home/hank.fisher/MET9_0_1_nopython/external_libs/include -I/home/hank.fisher/MET9_0_1_nopython/external_libs/include -I/home/hank.fisher/MET9_0_1_nopython/external_libs/include -DBLOCK4 -DWITH_GRIB2 -DMET_BASE="\"/home/hank.fisher/MET9_0_1_nopython/share/met\""  -g -MT libvx_grid_a-st_grid.o -MD -MP -MF .deps/libvx_grid_a-st_grid.Tpo -c -o libvx_grid_a-st_grid.o `test -f 'st_grid.cc' || echo './'`st_grid.cc
mv -f .deps/libvx_grid_a-st_grid.Tpo .deps/libvx_grid_a-st_grid.Po
/bin/g++ -DHAVE_CONFIG_H -I. -I../../..  -I../../../src/basic/vx_cal -I../../../src/basic/vx_config -I../../../src/basic/vx_log -I../../../src/basic/vx_math -I../../../src/basic/vx_util -I../../../src/libcode/vx_afm -I../../../src/libcode/vx_analysis_util -I../../../src/libcode/vx_color -I../../../src/libcode/vx_data2d -I../../../src/libcode/vx_data2d_factory -I../../../src/libcode/vx_data2d_grib -I../../../src/libcode/vx_data2d_grib2 -I../../../src/libcode/vx_data2d_nccf -I../../../src/libcode/vx_data2d_nc_met -I../../../src/libcode/vx_data2d_nc_pinterp -I../../../src/libcode/vx_data2d_python -I../../../src/libcode/vx_python3_utils -I../../../src/libcode/vx_geodesy -I../../../src/libcode/vx_gis -I../../../src/libcode/vx_gnomon -I../../../src/libcode/vx_grid -I../../../src/libcode/vx_gsl_prob -I../../../src/libcode/vx_nav -I../../../src/libcode/vx_nc_obs -I../../../src/libcode/vx_nc_util -I../../../src/libcode/vx_pb_util -I../../../src/libcode/vx_plot_util -I../../../src/libcode/vx_ps -I../../../src/libcode/vx_pxm -I../../../src/libcode/vx_render -I../../../src/libcode/vx_regrid -I../../../src/libcode/vx_shapedata -I../../../src/libcode/vx_solar -I../../../src/libcode/vx_statistics -I../../../src/libcode/vx_stat_out -I../../../src/libcode/vx_summary -I../../../src/libcode/vx_time_series -I../../../src/libcode/vx_series_data -I../../../src/libcode/vx_tc_util -I/home/hank.fisher/MET/external_libs/include -I/home/hank.fisher/MET9_0_1_nopython/external_libs/include -I/home/hank.fisher/MET9_0_1_nopython/external_libs/include -I/home/hank.fisher/MET9_0_1_nopython/external_libs/include -I/home/hank.fisher/MET9_0_1_nopython/external_libs/include -I/home/hank.fisher/MET9_0_1_nopython/external_libs/include -I/home/hank.fisher/MET9_0_1_nopython/external_libs/include -DBLOCK4 -DWITH_GRIB2 -DMET_BASE="\"/home/hank.fisher/MET9_0_1_nopython/share/met\""  -g -MT libvx_grid_a-latlon_xyz.o -MD -MP -MF .deps/libvx_grid_a-latlon_xyz.Tpo -c -o libvx_grid_a-latlon_xyz.o `test -f 'latlon_xyz.cc' || echo './'`latlon_xyz.cc
mv -f .deps/libvx_grid_a-latlon_xyz.Tpo .deps/libvx_grid_a-latlon_xyz.Po
/bin/g++ -DHAVE_CONFIG_H -I. -I../../..  -I../../../src/basic/vx_cal -I../../../src/basic/vx_config -I../../../src/basic/vx_log -I../../../src/basic/vx_math -I../../../src/basic/vx_util -I../../../src/libcode/vx_afm -I../../../src/libcode/vx_analysis_util -I../../../src/libcode/vx_color -I../../../src/libcode/vx_data2d -I../../../src/libcode/vx_data2d_factory -I../../../src/libcode/vx_data2d_grib -I../../../src/libcode/vx_data2d_grib2 -I../../../src/libcode/vx_data2d_nccf -I../../../src/libcode/vx_data2d_nc_met -I../../../src/libcode/vx_data2d_nc_pinterp -I../../../src/libcode/vx_data2d_python -I../../../src/libcode/vx_python3_utils -I../../../src/libcode/vx_geodesy -I../../../src/libcode/vx_gis -I../../../src/libcode/vx_gnomon -I../../../src/libcode/vx_grid -I../../../src/libcode/vx_gsl_prob -I../../../src/libcode/vx_nav -I../../../src/libcode/vx_nc_obs -I../../../src/libcode/vx_nc_util -I../../../src/libcode/vx_pb_util -I../../../src/libcode/vx_plot_util -I../../../src/libcode/vx_ps -I../../../src/libcode/vx_pxm -I../../../src/libcode/vx_render -I../../../src/libcode/vx_regrid -I../../../src/libcode/vx_shapedata -I../../../src/libcode/vx_solar -I../../../src/libcode/vx_statistics -I../../../src/libcode/vx_stat_out -I../../../src/libcode/vx_summary -I../../../src/libcode/vx_time_series -I../../../src/libcode/vx_series_data -I../../../src/libcode/vx_tc_util -I/home/hank.fisher/MET/external_libs/include -I/home/hank.fisher/MET9_0_1_nopython/external_libs/include -I/home/hank.fisher/MET9_0_1_nopython/external_libs/include -I/home/hank.fisher/MET9_0_1_nopython/external_libs/include -I/home/hank.fisher/MET9_0_1_nopython/external_libs/include -I/home/hank.fisher/MET9_0_1_nopython/external_libs/include -I/home/hank.fisher/MET9_0_1_nopython/external_libs/include -DBLOCK4 -DWITH_GRIB2 -DMET_BASE="\"/home/hank.fisher/MET9_0_1_nopython/share/met\""  -g -MT libvx_grid_a-rot_latlon_grid.o -MD -MP -MF .deps/libvx_grid_a-rot_latlon_grid.Tpo -c -o libvx_grid_a-rot_latlon_grid.o `test -f 'rot_latlon_grid.cc' || echo './'`rot_latlon_grid.cc
mv -f .deps/libvx_grid_a-rot_latlon_grid.Tpo .deps/libvx_grid_a-rot_latlon_grid.Po
/bin/g++ -DHAVE_CONFIG_H -I. -I../../..  -I../../../src/basic/vx_cal -I../../../src/basic/vx_config -I../../../src/basic/vx_log -I../../../src/basic/vx_math -I../../../src/basic/vx_util -I../../../src/libcode/vx_afm -I../../../src/libcode/vx_analysis_util -I../../../src/libcode/vx_color -I../../../src/libcode/vx_data2d -I../../../src/libcode/vx_data2d_factory -I../../../src/libcode/vx_data2d_grib -I../../../src/libcode/vx_data2d_grib2 -I../../../src/libcode/vx_data2d_nccf -I../../../src/libcode/vx_data2d_nc_met -I../../../src/libcode/vx_data2d_nc_pinterp -I../../../src/libcode/vx_data2d_python -I../../../src/libcode/vx_python3_utils -I../../../src/libcode/vx_geodesy -I../../../src/libcode/vx_gis -I../../../src/libcode/vx_gnomon -I../../../src/libcode/vx_grid -I../../../src/libcode/vx_gsl_prob -I../../../src/libcode/vx_nav -I../../../src/libcode/vx_nc_obs -I../../../src/libcode/vx_nc_util -I../../../src/libcode/vx_pb_util -I../../../src/libcode/vx_plot_util -I../../../src/libcode/vx_ps -I../../../src/libcode/vx_pxm -I../../../src/libcode/vx_render -I../../../src/libcode/vx_regrid -I../../../src/libcode/vx_shapedata -I../../../src/libcode/vx_solar -I../../../src/libcode/vx_statistics -I../../../src/libcode/vx_stat_out -I../../../src/libcode/vx_summary -I../../../src/libcode/vx_time_series -I../../../src/libcode/vx_series_data -I../../../src/libcode/vx_tc_util -I/home/hank.fisher/MET/external_libs/include -I/home/hank.fisher/MET9_0_1_nopython/external_libs/include -I/home/hank.fisher/MET9_0_1_nopython/external_libs/include -I/home/hank.fisher/MET9_0_1_nopython/external_libs/include -I/home/hank.fisher/MET9_0_1_nopython/external_libs/include -I/home/hank.fisher/MET9_0_1_nopython/external_libs/include -I/home/hank.fisher/MET9_0_1_nopython/external_libs/include -DBLOCK4 -DWITH_GRIB2 -DMET_BASE="\"/home/hank.fisher/MET9_0_1_nopython/share/met\""  -g -MT libvx_grid_a-tcrmw_grid.o -MD -MP -MF .deps/libvx_grid_a-tcrmw_grid.Tpo -c -o libvx_grid_a-tcrmw_grid.o `test -f 'tcrmw_grid.cc' || echo './'`tcrmw_grid.cc
mv -f .deps/libvx_grid_a-tcrmw_grid.Tpo .deps/libvx_grid_a-tcrmw_grid.Po
/bin/g++ -DHAVE_CONFIG_H -I. -I../../..  -I../../../src/basic/vx_cal -I../../../src/basic/vx_config -I../../../src/basic/vx_log -I../../../src/basic/vx_math -I../../../src/basic/vx_util -I../../../src/libcode/vx_afm -I../../../src/libcode/vx_analysis_util -I../../../src/libcode/vx_color -I../../../src/libcode/vx_data2d -I../../../src/libcode/vx_data2d_factory -I../../../src/libcode/vx_data2d_grib -I../../../src/libcode/vx_data2d_grib2 -I../../../src/libcode/vx_data2d_nccf -I../../../src/libcode/vx_data2d_nc_met -I../../../src/libcode/vx_data2d_nc_pinterp -I../../../src/libcode/vx_data2d_python -I../../../src/libcode/vx_python3_utils -I../../../src/libcode/vx_geodesy -I../../../src/libcode/vx_gis -I../../../src/libcode/vx_gnomon -I../../../src/libcode/vx_grid -I../../../src/libcode/vx_gsl_prob -I../../../src/libcode/vx_nav -I../../../src/libcode/vx_nc_obs -I../../../src/libcode/vx_nc_util -I../../../src/libcode/vx_pb_util -I../../../src/libcode/vx_plot_util -I../../../src/libcode/vx_ps -I../../../src/libcode/vx_pxm -I../../../src/libcode/vx_render -I../../../src/libcode/vx_regrid -I../../../src/libcode/vx_shapedata -I../../../src/libcode/vx_solar -I../../../src/libcode/vx_statistics -I../../../src/libcode/vx_stat_out -I../../../src/libcode/vx_summary -I../../../src/libcode/vx_time_series -I../../../src/libcode/vx_series_data -I../../../src/libcode/vx_tc_util -I/home/hank.fisher/MET/external_libs/include -I/home/hank.fisher/MET9_0_1_nopython/external_libs/include -I/home/hank.fisher/MET9_0_1_nopython/external_libs/include -I/home/hank.fisher/MET9_0_1_nopython/external_libs/include -I/home/hank.fisher/MET9_0_1_nopython/external_libs/include -I/home/hank.fisher/MET9_0_1_nopython/external_libs/include -I/home/hank.fisher/MET9_0_1_nopython/external_libs/include -DBLOCK4 -DWITH_GRIB2 -DMET_BASE="\"/home/hank.fisher/MET9_0_1_nopython/share/met\""  -g -MT libvx_grid_a-goes_grid.o -MD -MP -MF .deps/libvx_grid_a-goes_grid.Tpo -c -o libvx_grid_a-goes_grid.o `test -f 'goes_grid.cc' || echo './'`goes_grid.cc
mv -f .deps/libvx_grid_a-goes_grid.Tpo .deps/libvx_grid_a-goes_grid.Po
rm -f libvx_grid.a
ar cru libvx_grid.a libvx_grid_a-earth_rotation.o libvx_grid_a-find_grid_by_name.o libvx_grid_a-grid_base.o libvx_grid_a-latlon_grid.o libvx_grid_a-lc_grid.o libvx_grid_a-merc_grid.o libvx_grid_a-gaussian_grid.o libvx_grid_a-st_grid.o libvx_grid_a-latlon_xyz.o libvx_grid_a-rot_latlon_grid.o libvx_grid_a-tcrmw_grid.o libvx_grid_a-goes_grid.o 
ranlib libvx_grid.a
make[4]: Leaving directory `/home/hank.fisher/MET9_0_1_nopython/met-9.0.1/src/libcode/vx_grid'
Making all in vx_data2d
make[4]: Entering directory `/home/hank.fisher/MET9_0_1_nopython/met-9.0.1/src/libcode/vx_data2d'
/bin/g++ -DHAVE_CONFIG_H -I. -I../../..  -I../../../src/basic/vx_cal -I../../../src/basic/vx_config -I../../../src/basic/vx_log -I../../../src/basic/vx_math -I../../../src/basic/vx_util -I../../../src/libcode/vx_afm -I../../../src/libcode/vx_analysis_util -I../../../src/libcode/vx_color -I../../../src/libcode/vx_data2d -I../../../src/libcode/vx_data2d_factory -I../../../src/libcode/vx_data2d_grib -I../../../src/libcode/vx_data2d_grib2 -I../../../src/libcode/vx_data2d_nccf -I../../../src/libcode/vx_data2d_nc_met -I../../../src/libcode/vx_data2d_nc_pinterp -I../../../src/libcode/vx_data2d_python -I../../../src/libcode/vx_python3_utils -I../../../src/libcode/vx_geodesy -I../../../src/libcode/vx_gis -I../../../src/libcode/vx_gnomon -I../../../src/libcode/vx_grid -I../../../src/libcode/vx_gsl_prob -I../../../src/libcode/vx_nav -I../../../src/libcode/vx_nc_obs -I../../../src/libcode/vx_nc_util -I../../../src/libcode/vx_pb_util -I../../../src/libcode/vx_plot_util -I../../../src/libcode/vx_ps -I../../../src/libcode/vx_pxm -I../../../src/libcode/vx_render -I../../../src/libcode/vx_regrid -I../../../src/libcode/vx_shapedata -I../../../src/libcode/vx_solar -I../../../src/libcode/vx_statistics -I../../../src/libcode/vx_stat_out -I../../../src/libcode/vx_summary -I../../../src/libcode/vx_time_series -I../../../src/libcode/vx_series_data -I../../../src/libcode/vx_tc_util -I/home/hank.fisher/MET/external_libs/include -I/home/hank.fisher/MET9_0_1_nopython/external_libs/include -I/home/hank.fisher/MET9_0_1_nopython/external_libs/include -I/home/hank.fisher/MET9_0_1_nopython/external_libs/include -I/home/hank.fisher/MET9_0_1_nopython/external_libs/include -I/home/hank.fisher/MET9_0_1_nopython/external_libs/include -I/home/hank.fisher/MET9_0_1_nopython/external_libs/include -DBLOCK4 -DWITH_GRIB2 -DMET_BASE="\"/home/hank.fisher/MET9_0_1_nopython/share/met\""  -g -MT libvx_data2d_a-leveltype_to_string.o -MD -MP -MF .deps/libvx_data2d_a-leveltype_to_string.Tpo -c -o libvx_data2d_a-leveltype_to_string.o `test -f 'leveltype_to_string.cc' || echo './'`leveltype_to_string.cc
mv -f .deps/libvx_data2d_a-leveltype_to_string.Tpo .deps/libvx_data2d_a-leveltype_to_string.Po
/bin/g++ -DHAVE_CONFIG_H -I. -I../../..  -I../../../src/basic/vx_cal -I../../../src/basic/vx_config -I../../../src/basic/vx_log -I../../../src/basic/vx_math -I../../../src/basic/vx_util -I../../../src/libcode/vx_afm -I../../../src/libcode/vx_analysis_util -I../../../src/libcode/vx_color -I../../../src/libcode/vx_data2d -I../../../src/libcode/vx_data2d_factory -I../../../src/libcode/vx_data2d_grib -I../../../src/libcode/vx_data2d_grib2 -I../../../src/libcode/vx_data2d_nccf -I../../../src/libcode/vx_data2d_nc_met -I../../../src/libcode/vx_data2d_nc_pinterp -I../../../src/libcode/vx_data2d_python -I../../../src/libcode/vx_python3_utils -I../../../src/libcode/vx_geodesy -I../../../src/libcode/vx_gis -I../../../src/libcode/vx_gnomon -I../../../src/libcode/vx_grid -I../../../src/libcode/vx_gsl_prob -I../../../src/libcode/vx_nav -I../../../src/libcode/vx_nc_obs -I../../../src/libcode/vx_nc_util -I../../../src/libcode/vx_pb_util -I../../../src/libcode/vx_plot_util -I../../../src/libcode/vx_ps -I../../../src/libcode/vx_pxm -I../../../src/libcode/vx_render -I../../../src/libcode/vx_regrid -I../../../src/libcode/vx_shapedata -I../../../src/libcode/vx_solar -I../../../src/libcode/vx_statistics -I../../../src/libcode/vx_stat_out -I../../../src/libcode/vx_summary -I../../../src/libcode/vx_time_series -I../../../src/libcode/vx_series_data -I../../../src/libcode/vx_tc_util -I/home/hank.fisher/MET/external_libs/include -I/home/hank.fisher/MET9_0_1_nopython/external_libs/include -I/home/hank.fisher/MET9_0_1_nopython/external_libs/include -I/home/hank.fisher/MET9_0_1_nopython/external_libs/include -I/home/hank.fisher/MET9_0_1_nopython/external_libs/include -I/home/hank.fisher/MET9_0_1_nopython/external_libs/include -I/home/hank.fisher/MET9_0_1_nopython/external_libs/include -DBLOCK4 -DWITH_GRIB2 -DMET_BASE="\"/home/hank.fisher/MET9_0_1_nopython/share/met\""  -g -MT libvx_data2d_a-level_info.o -MD -MP -MF .deps/libvx_data2d_a-level_info.Tpo -c -o libvx_data2d_a-level_info.o `test -f 'level_info.cc' || echo './'`level_info.cc
mv -f .deps/libvx_data2d_a-level_info.Tpo .deps/libvx_data2d_a-level_info.Po
/bin/g++ -DHAVE_CONFIG_H -I. -I../../..  -I../../../src/basic/vx_cal -I../../../src/basic/vx_config -I../../../src/basic/vx_log -I../../../src/basic/vx_math -I../../../src/basic/vx_util -I../../../src/libcode/vx_afm -I../../../src/libcode/vx_analysis_util -I../../../src/libcode/vx_color -I../../../src/libcode/vx_data2d -I../../../src/libcode/vx_data2d_factory -I../../../src/libcode/vx_data2d_grib -I../../../src/libcode/vx_data2d_grib2 -I../../../src/libcode/vx_data2d_nccf -I../../../src/libcode/vx_data2d_nc_met -I../../../src/libcode/vx_data2d_nc_pinterp -I../../../src/libcode/vx_data2d_python -I../../../src/libcode/vx_python3_utils -I../../../src/libcode/vx_geodesy -I../../../src/libcode/vx_gis -I../../../src/libcode/vx_gnomon -I../../../src/libcode/vx_grid -I../../../src/libcode/vx_gsl_prob -I../../../src/libcode/vx_nav -I../../../src/libcode/vx_nc_obs -I../../../src/libcode/vx_nc_util -I../../../src/libcode/vx_pb_util -I../../../src/libcode/vx_plot_util -I../../../src/libcode/vx_ps -I../../../src/libcode/vx_pxm -I../../../src/libcode/vx_render -I../../../src/libcode/vx_regrid -I../../../src/libcode/vx_shapedata -I../../../src/libcode/vx_solar -I../../../src/libcode/vx_statistics -I../../../src/libcode/vx_stat_out -I../../../src/libcode/vx_summary -I../../../src/libcode/vx_time_series -I../../../src/libcode/vx_series_data -I../../../src/libcode/vx_tc_util -I/home/hank.fisher/MET/external_libs/include -I/home/hank.fisher/MET9_0_1_nopython/external_libs/include -I/home/hank.fisher/MET9_0_1_nopython/external_libs/include -I/home/hank.fisher/MET9_0_1_nopython/external_libs/include -I/home/hank.fisher/MET9_0_1_nopython/external_libs/include -I/home/hank.fisher/MET9_0_1_nopython/external_libs/include -I/home/hank.fisher/MET9_0_1_nopython/external_libs/include -DBLOCK4 -DWITH_GRIB2 -DMET_BASE="\"/home/hank.fisher/MET9_0_1_nopython/share/met\""  -g -MT libvx_data2d_a-var_info.o -MD -MP -MF .deps/libvx_data2d_a-var_info.Tpo -c -o libvx_data2d_a-var_info.o `test -f 'var_info.cc' || echo './'`var_info.cc
mv -f .deps/libvx_data2d_a-var_info.Tpo .deps/libvx_data2d_a-var_info.Po
/bin/g++ -DHAVE_CONFIG_H -I. -I../../..  -I../../../src/basic/vx_cal -I../../../src/basic/vx_config -I../../../src/basic/vx_log -I../../../src/basic/vx_math -I../../../src/basic/vx_util -I../../../src/libcode/vx_afm -I../../../src/libcode/vx_analysis_util -I../../../src/libcode/vx_color -I../../../src/libcode/vx_data2d -I../../../src/libcode/vx_data2d_factory -I../../../src/libcode/vx_data2d_grib -I../../../src/libcode/vx_data2d_grib2 -I../../../src/libcode/vx_data2d_nccf -I../../../src/libcode/vx_data2d_nc_met -I../../../src/libcode/vx_data2d_nc_pinterp -I../../../src/libcode/vx_data2d_python -I../../../src/libcode/vx_python3_utils -I../../../src/libcode/vx_geodesy -I../../../src/libcode/vx_gis -I../../../src/libcode/vx_gnomon -I../../../src/libcode/vx_grid -I../../../src/libcode/vx_gsl_prob -I../../../src/libcode/vx_nav -I../../../src/libcode/vx_nc_obs -I../../../src/libcode/vx_nc_util -I../../../src/libcode/vx_pb_util -I../../../src/libcode/vx_plot_util -I../../../src/libcode/vx_ps -I../../../src/libcode/vx_pxm -I../../../src/libcode/vx_render -I../../../src/libcode/vx_regrid -I../../../src/libcode/vx_shapedata -I../../../src/libcode/vx_solar -I../../../src/libcode/vx_statistics -I../../../src/libcode/vx_stat_out -I../../../src/libcode/vx_summary -I../../../src/libcode/vx_time_series -I../../../src/libcode/vx_series_data -I../../../src/libcode/vx_tc_util -I/home/hank.fisher/MET/external_libs/include -I/home/hank.fisher/MET9_0_1_nopython/external_libs/include -I/home/hank.fisher/MET9_0_1_nopython/external_libs/include -I/home/hank.fisher/MET9_0_1_nopython/external_libs/include -I/home/hank.fisher/MET9_0_1_nopython/external_libs/include -I/home/hank.fisher/MET9_0_1_nopython/external_libs/include -I/home/hank.fisher/MET9_0_1_nopython/external_libs/include -DBLOCK4 -DWITH_GRIB2 -DMET_BASE="\"/home/hank.fisher/MET9_0_1_nopython/share/met\""  -g -MT libvx_data2d_a-data_class.o -MD -MP -MF .deps/libvx_data2d_a-data_class.Tpo -c -o libvx_data2d_a-data_class.o `test -f 'data_class.cc' || echo './'`data_class.cc
mv -f .deps/libvx_data2d_a-data_class.Tpo .deps/libvx_data2d_a-data_class.Po
/bin/g++ -DHAVE_CONFIG_H -I. -I../../..  -I../../../src/basic/vx_cal -I../../../src/basic/vx_config -I../../../src/basic/vx_log -I../../../src/basic/vx_math -I../../../src/basic/vx_util -I../../../src/libcode/vx_afm -I../../../src/libcode/vx_analysis_util -I../../../src/libcode/vx_color -I../../../src/libcode/vx_data2d -I../../../src/libcode/vx_data2d_factory -I../../../src/libcode/vx_data2d_grib -I../../../src/libcode/vx_data2d_grib2 -I../../../src/libcode/vx_data2d_nccf -I../../../src/libcode/vx_data2d_nc_met -I../../../src/libcode/vx_data2d_nc_pinterp -I../../../src/libcode/vx_data2d_python -I../../../src/libcode/vx_python3_utils -I../../../src/libcode/vx_geodesy -I../../../src/libcode/vx_gis -I../../../src/libcode/vx_gnomon -I../../../src/libcode/vx_grid -I../../../src/libcode/vx_gsl_prob -I../../../src/libcode/vx_nav -I../../../src/libcode/vx_nc_obs -I../../../src/libcode/vx_nc_util -I../../../src/libcode/vx_pb_util -I../../../src/libcode/vx_plot_util -I../../../src/libcode/vx_ps -I../../../src/libcode/vx_pxm -I../../../src/libcode/vx_render -I../../../src/libcode/vx_regrid -I../../../src/libcode/vx_shapedata -I../../../src/libcode/vx_solar -I../../../src/libcode/vx_statistics -I../../../src/libcode/vx_stat_out -I../../../src/libcode/vx_summary -I../../../src/libcode/vx_time_series -I../../../src/libcode/vx_series_data -I../../../src/libcode/vx_tc_util -I/home/hank.fisher/MET/external_libs/include -I/home/hank.fisher/MET9_0_1_nopython/external_libs/include -I/home/hank.fisher/MET9_0_1_nopython/external_libs/include -I/home/hank.fisher/MET9_0_1_nopython/external_libs/include -I/home/hank.fisher/MET9_0_1_nopython/external_libs/include -I/home/hank.fisher/MET9_0_1_nopython/external_libs/include -I/home/hank.fisher/MET9_0_1_nopython/external_libs/include -DBLOCK4 -DWITH_GRIB2 -DMET_BASE="\"/home/hank.fisher/MET9_0_1_nopython/share/met\""  -g -MT libvx_data2d_a-data2d_utils.o -MD -MP -MF .deps/libvx_data2d_a-data2d_utils.Tpo -c -o libvx_data2d_a-data2d_utils.o `test -f 'data2d_utils.cc' || echo './'`data2d_utils.cc
mv -f .deps/libvx_data2d_a-data2d_utils.Tpo .deps/libvx_data2d_a-data2d_utils.Po
/bin/g++ -DHAVE_CONFIG_H -I. -I../../..  -I../../../src/basic/vx_cal -I../../../src/basic/vx_config -I../../../src/basic/vx_log -I../../../src/basic/vx_math -I../../../src/basic/vx_util -I../../../src/libcode/vx_afm -I../../../src/libcode/vx_analysis_util -I../../../src/libcode/vx_color -I../../../src/libcode/vx_data2d -I../../../src/libcode/vx_data2d_factory -I../../../src/libcode/vx_data2d_grib -I../../../src/libcode/vx_data2d_grib2 -I../../../src/libcode/vx_data2d_nccf -I../../../src/libcode/vx_data2d_nc_met -I../../../src/libcode/vx_data2d_nc_pinterp -I../../../src/libcode/vx_data2d_python -I../../../src/libcode/vx_python3_utils -I../../../src/libcode/vx_geodesy -I../../../src/libcode/vx_gis -I../../../src/libcode/vx_gnomon -I../../../src/libcode/vx_grid -I../../../src/libcode/vx_gsl_prob -I../../../src/libcode/vx_nav -I../../../src/libcode/vx_nc_obs -I../../../src/libcode/vx_nc_util -I../../../src/libcode/vx_pb_util -I../../../src/libcode/vx_plot_util -I../../../src/libcode/vx_ps -I../../../src/libcode/vx_pxm -I../../../src/libcode/vx_render -I../../../src/libcode/vx_regrid -I../../../src/libcode/vx_shapedata -I../../../src/libcode/vx_solar -I../../../src/libcode/vx_statistics -I../../../src/libcode/vx_stat_out -I../../../src/libcode/vx_summary -I../../../src/libcode/vx_time_series -I../../../src/libcode/vx_series_data -I../../../src/libcode/vx_tc_util -I/home/hank.fisher/MET/external_libs/include -I/home/hank.fisher/MET9_0_1_nopython/external_libs/include -I/home/hank.fisher/MET9_0_1_nopython/external_libs/include -I/home/hank.fisher/MET9_0_1_nopython/external_libs/include -I/home/hank.fisher/MET9_0_1_nopython/external_libs/include -I/home/hank.fisher/MET9_0_1_nopython/external_libs/include -I/home/hank.fisher/MET9_0_1_nopython/external_libs/include -DBLOCK4 -DWITH_GRIB2 -DMET_BASE="\"/home/hank.fisher/MET9_0_1_nopython/share/met\""  -g -MT libvx_data2d_a-table_lookup.o -MD -MP -MF .deps/libvx_data2d_a-table_lookup.Tpo -c -o libvx_data2d_a-table_lookup.o `test -f 'table_lookup.cc' || echo './'`table_lookup.cc
mv -f .deps/libvx_data2d_a-table_lookup.Tpo .deps/libvx_data2d_a-table_lookup.Po
rm -f libvx_data2d.a
ar cru libvx_data2d.a libvx_data2d_a-leveltype_to_string.o libvx_data2d_a-level_info.o libvx_data2d_a-var_info.o libvx_data2d_a-data_class.o libvx_data2d_a-data2d_utils.o libvx_data2d_a-table_lookup.o 
ranlib libvx_data2d.a
make[4]: Leaving directory `/home/hank.fisher/MET9_0_1_nopython/met-9.0.1/src/libcode/vx_data2d'
Making all in vx_nc_util
make[4]: Entering directory `/home/hank.fisher/MET9_0_1_nopython/met-9.0.1/src/libcode/vx_nc_util'
/bin/g++ -DHAVE_CONFIG_H -I. -I../../..  -I../../../src/basic/vx_cal -I../../../src/basic/vx_config -I../../../src/basic/vx_log -I../../../src/basic/vx_math -I../../../src/basic/vx_util -I../../../src/libcode/vx_afm -I../../../src/libcode/vx_analysis_util -I../../../src/libcode/vx_color -I../../../src/libcode/vx_data2d -I../../../src/libcode/vx_data2d_factory -I../../../src/libcode/vx_data2d_grib -I../../../src/libcode/vx_data2d_grib2 -I../../../src/libcode/vx_data2d_nccf -I../../../src/libcode/vx_data2d_nc_met -I../../../src/libcode/vx_data2d_nc_pinterp -I../../../src/libcode/vx_data2d_python -I../../../src/libcode/vx_python3_utils -I../../../src/libcode/vx_geodesy -I../../../src/libcode/vx_gis -I../../../src/libcode/vx_gnomon -I../../../src/libcode/vx_grid -I../../../src/libcode/vx_gsl_prob -I../../../src/libcode/vx_nav -I../../../src/libcode/vx_nc_obs -I../../../src/libcode/vx_nc_util -I../../../src/libcode/vx_pb_util -I../../../src/libcode/vx_plot_util -I../../../src/libcode/vx_ps -I../../../src/libcode/vx_pxm -I../../../src/libcode/vx_render -I../../../src/libcode/vx_regrid -I../../../src/libcode/vx_shapedata -I../../../src/libcode/vx_solar -I../../../src/libcode/vx_statistics -I../../../src/libcode/vx_stat_out -I../../../src/libcode/vx_summary -I../../../src/libcode/vx_time_series -I../../../src/libcode/vx_series_data -I../../../src/libcode/vx_tc_util -I/home/hank.fisher/MET/external_libs/include -I/home/hank.fisher/MET9_0_1_nopython/external_libs/include -I/home/hank.fisher/MET9_0_1_nopython/external_libs/include -I/home/hank.fisher/MET9_0_1_nopython/external_libs/include -I/home/hank.fisher/MET9_0_1_nopython/external_libs/include -I/home/hank.fisher/MET9_0_1_nopython/external_libs/include -I/home/hank.fisher/MET9_0_1_nopython/external_libs/include -DBLOCK4 -DWITH_GRIB2 -DMET_BASE="\"/home/hank.fisher/MET9_0_1_nopython/share/met\""  -g -MT libvx_nc_util_a-nc_var_info.o -MD -MP -MF .deps/libvx_nc_util_a-nc_var_info.Tpo -c -o libvx_nc_util_a-nc_var_info.o `test -f 'nc_var_info.cc' || echo './'`nc_var_info.cc
mv -f .deps/libvx_nc_util_a-nc_var_info.Tpo .deps/libvx_nc_util_a-nc_var_info.Po
/bin/g++ -DHAVE_CONFIG_H -I. -I../../..  -I../../../src/basic/vx_cal -I../../../src/basic/vx_config -I../../../src/basic/vx_log -I../../../src/basic/vx_math -I../../../src/basic/vx_util -I../../../src/libcode/vx_afm -I../../../src/libcode/vx_analysis_util -I../../../src/libcode/vx_color -I../../../src/libcode/vx_data2d -I../../../src/libcode/vx_data2d_factory -I../../../src/libcode/vx_data2d_grib -I../../../src/libcode/vx_data2d_grib2 -I../../../src/libcode/vx_data2d_nccf -I../../../src/libcode/vx_data2d_nc_met -I../../../src/libcode/vx_data2d_nc_pinterp -I../../../src/libcode/vx_data2d_python -I../../../src/libcode/vx_python3_utils -I../../../src/libcode/vx_geodesy -I../../../src/libcode/vx_gis -I../../../src/libcode/vx_gnomon -I../../../src/libcode/vx_grid -I../../../src/libcode/vx_gsl_prob -I../../../src/libcode/vx_nav -I../../../src/libcode/vx_nc_obs -I../../../src/libcode/vx_nc_util -I../../../src/libcode/vx_pb_util -I../../../src/libcode/vx_plot_util -I../../../src/libcode/vx_ps -I../../../src/libcode/vx_pxm -I../../../src/libcode/vx_render -I../../../src/libcode/vx_regrid -I../../../src/libcode/vx_shapedata -I../../../src/libcode/vx_solar -I../../../src/libcode/vx_statistics -I../../../src/libcode/vx_stat_out -I../../../src/libcode/vx_summary -I../../../src/libcode/vx_time_series -I../../../src/libcode/vx_series_data -I../../../src/libcode/vx_tc_util -I/home/hank.fisher/MET/external_libs/include -I/home/hank.fisher/MET9_0_1_nopython/external_libs/include -I/home/hank.fisher/MET9_0_1_nopython/external_libs/include -I/home/hank.fisher/MET9_0_1_nopython/external_libs/include -I/home/hank.fisher/MET9_0_1_nopython/external_libs/include -I/home/hank.fisher/MET9_0_1_nopython/external_libs/include -I/home/hank.fisher/MET9_0_1_nopython/external_libs/include -DBLOCK4 -DWITH_GRIB2 -DMET_BASE="\"/home/hank.fisher/MET9_0_1_nopython/share/met\""  -g -MT libvx_nc_util_a-nc_utils.o -MD -MP -MF .deps/libvx_nc_util_a-nc_utils.Tpo -c -o libvx_nc_util_a-nc_utils.o `test -f 'nc_utils.cc' || echo './'`nc_utils.cc
mv -f .deps/libvx_nc_util_a-nc_utils.Tpo .deps/libvx_nc_util_a-nc_utils.Po
/bin/g++ -DHAVE_CONFIG_H -I. -I../../..  -I../../../src/basic/vx_cal -I../../../src/basic/vx_config -I../../../src/basic/vx_log -I../../../src/basic/vx_math -I../../../src/basic/vx_util -I../../../src/libcode/vx_afm -I../../../src/libcode/vx_analysis_util -I../../../src/libcode/vx_color -I../../../src/libcode/vx_data2d -I../../../src/libcode/vx_data2d_factory -I../../../src/libcode/vx_data2d_grib -I../../../src/libcode/vx_data2d_grib2 -I../../../src/libcode/vx_data2d_nccf -I../../../src/libcode/vx_data2d_nc_met -I../../../src/libcode/vx_data2d_nc_pinterp -I../../../src/libcode/vx_data2d_python -I../../../src/libcode/vx_python3_utils -I../../../src/libcode/vx_geodesy -I../../../src/libcode/vx_gis -I../../../src/libcode/vx_gnomon -I../../../src/libcode/vx_grid -I../../../src/libcode/vx_gsl_prob -I../../../src/libcode/vx_nav -I../../../src/libcode/vx_nc_obs -I../../../src/libcode/vx_nc_util -I../../../src/libcode/vx_pb_util -I../../../src/libcode/vx_plot_util -I../../../src/libcode/vx_ps -I../../../src/libcode/vx_pxm -I../../../src/libcode/vx_render -I../../../src/libcode/vx_regrid -I../../../src/libcode/vx_shapedata -I../../../src/libcode/vx_solar -I../../../src/libcode/vx_statistics -I../../../src/libcode/vx_stat_out -I../../../src/libcode/vx_summary -I../../../src/libcode/vx_time_series -I../../../src/libcode/vx_series_data -I../../../src/libcode/vx_tc_util -I/home/hank.fisher/MET/external_libs/include -I/home/hank.fisher/MET9_0_1_nopython/external_libs/include -I/home/hank.fisher/MET9_0_1_nopython/external_libs/include -I/home/hank.fisher/MET9_0_1_nopython/external_libs/include -I/home/hank.fisher/MET9_0_1_nopython/external_libs/include -I/home/hank.fisher/MET9_0_1_nopython/external_libs/include -I/home/hank.fisher/MET9_0_1_nopython/external_libs/include -DBLOCK4 -DWITH_GRIB2 -DMET_BASE="\"/home/hank.fisher/MET9_0_1_nopython/share/met\""  -g -MT libvx_nc_util_a-write_netcdf.o -MD -MP -MF .deps/libvx_nc_util_a-write_netcdf.Tpo -c -o libvx_nc_util_a-write_netcdf.o `test -f 'write_netcdf.cc' || echo './'`write_netcdf.cc
mv -f .deps/libvx_nc_util_a-write_netcdf.Tpo .deps/libvx_nc_util_a-write_netcdf.Po
/bin/g++ -DHAVE_CONFIG_H -I. -I../../..  -I../../../src/basic/vx_cal -I../../../src/basic/vx_config -I../../../src/basic/vx_log -I../../../src/basic/vx_math -I../../../src/basic/vx_util -I../../../src/libcode/vx_afm -I../../../src/libcode/vx_analysis_util -I../../../src/libcode/vx_color -I../../../src/libcode/vx_data2d -I../../../src/libcode/vx_data2d_factory -I../../../src/libcode/vx_data2d_grib -I../../../src/libcode/vx_data2d_grib2 -I../../../src/libcode/vx_data2d_nccf -I../../../src/libcode/vx_data2d_nc_met -I../../../src/libcode/vx_data2d_nc_pinterp -I../../../src/libcode/vx_data2d_python -I../../../src/libcode/vx_python3_utils -I../../../src/libcode/vx_geodesy -I../../../src/libcode/vx_gis -I../../../src/libcode/vx_gnomon -I../../../src/libcode/vx_grid -I../../../src/libcode/vx_gsl_prob -I../../../src/libcode/vx_nav -I../../../src/libcode/vx_nc_obs -I../../../src/libcode/vx_nc_util -I../../../src/libcode/vx_pb_util -I../../../src/libcode/vx_plot_util -I../../../src/libcode/vx_ps -I../../../src/libcode/vx_pxm -I../../../src/libcode/vx_render -I../../../src/libcode/vx_regrid -I../../../src/libcode/vx_shapedata -I../../../src/libcode/vx_solar -I../../../src/libcode/vx_statistics -I../../../src/libcode/vx_stat_out -I../../../src/libcode/vx_summary -I../../../src/libcode/vx_time_series -I../../../src/libcode/vx_series_data -I../../../src/libcode/vx_tc_util -I/home/hank.fisher/MET/external_libs/include -I/home/hank.fisher/MET9_0_1_nopython/external_libs/include -I/home/hank.fisher/MET9_0_1_nopython/external_libs/include -I/home/hank.fisher/MET9_0_1_nopython/external_libs/include -I/home/hank.fisher/MET9_0_1_nopython/external_libs/include -I/home/hank.fisher/MET9_0_1_nopython/external_libs/include -I/home/hank.fisher/MET9_0_1_nopython/external_libs/include -DBLOCK4 -DWITH_GRIB2 -DMET_BASE="\"/home/hank.fisher/MET9_0_1_nopython/share/met\""  -g -MT libvx_nc_util_a-grid_output.o -MD -MP -MF .deps/libvx_nc_util_a-grid_output.Tpo -c -o libvx_nc_util_a-grid_output.o `test -f 'grid_output.cc' || echo './'`grid_output.cc
mv -f .deps/libvx_nc_util_a-grid_output.Tpo .deps/libvx_nc_util_a-grid_output.Po
/bin/g++ -DHAVE_CONFIG_H -I. -I../../..  -I../../../src/basic/vx_cal -I../../../src/basic/vx_config -I../../../src/basic/vx_log -I../../../src/basic/vx_math -I../../../src/basic/vx_util -I../../../src/libcode/vx_afm -I../../../src/libcode/vx_analysis_util -I../../../src/libcode/vx_color -I../../../src/libcode/vx_data2d -I../../../src/libcode/vx_data2d_factory -I../../../src/libcode/vx_data2d_grib -I../../../src/libcode/vx_data2d_grib2 -I../../../src/libcode/vx_data2d_nccf -I../../../src/libcode/vx_data2d_nc_met -I../../../src/libcode/vx_data2d_nc_pinterp -I../../../src/libcode/vx_data2d_python -I../../../src/libcode/vx_python3_utils -I../../../src/libcode/vx_geodesy -I../../../src/libcode/vx_gis -I../../../src/libcode/vx_gnomon -I../../../src/libcode/vx_grid -I../../../src/libcode/vx_gsl_prob -I../../../src/libcode/vx_nav -I../../../src/libcode/vx_nc_obs -I../../../src/libcode/vx_nc_util -I../../../src/libcode/vx_pb_util -I../../../src/libcode/vx_plot_util -I../../../src/libcode/vx_ps -I../../../src/libcode/vx_pxm -I../../../src/libcode/vx_render -I../../../src/libcode/vx_regrid -I../../../src/libcode/vx_shapedata -I../../../src/libcode/vx_solar -I../../../src/libcode/vx_statistics -I../../../src/libcode/vx_stat_out -I../../../src/libcode/vx_summary -I../../../src/libcode/vx_time_series -I../../../src/libcode/vx_series_data -I../../../src/libcode/vx_tc_util -I/home/hank.fisher/MET/external_libs/include -I/home/hank.fisher/MET9_0_1_nopython/external_libs/include -I/home/hank.fisher/MET9_0_1_nopython/external_libs/include -I/home/hank.fisher/MET9_0_1_nopython/external_libs/include -I/home/hank.fisher/MET9_0_1_nopython/external_libs/include -I/home/hank.fisher/MET9_0_1_nopython/external_libs/include -I/home/hank.fisher/MET9_0_1_nopython/external_libs/include -DBLOCK4 -DWITH_GRIB2 -DMET_BASE="\"/home/hank.fisher/MET9_0_1_nopython/share/met\""  -g -MT libvx_nc_util_a-load_dland.o -MD -MP -MF .deps/libvx_nc_util_a-load_dland.Tpo -c -o libvx_nc_util_a-load_dland.o `test -f 'load_dland.cc' || echo './'`load_dland.cc
mv -f .deps/libvx_nc_util_a-load_dland.Tpo .deps/libvx_nc_util_a-load_dland.Po
rm -f libvx_nc_util.a
ar cru libvx_nc_util.a libvx_nc_util_a-nc_var_info.o libvx_nc_util_a-nc_utils.o libvx_nc_util_a-write_netcdf.o libvx_nc_util_a-grid_output.o libvx_nc_util_a-load_dland.o 
ranlib libvx_nc_util.a
make[4]: Leaving directory `/home/hank.fisher/MET9_0_1_nopython/met-9.0.1/src/libcode/vx_nc_util'
Making all in vx_data2d_grib
make[4]: Entering directory `/home/hank.fisher/MET9_0_1_nopython/met-9.0.1/src/libcode/vx_data2d_grib'
/bin/g++ -DHAVE_CONFIG_H -I. -I../../..  -I../../../src/basic/vx_cal -I../../../src/basic/vx_config -I../../../src/basic/vx_log -I../../../src/basic/vx_math -I../../../src/basic/vx_util -I../../../src/libcode/vx_afm -I../../../src/libcode/vx_analysis_util -I../../../src/libcode/vx_color -I../../../src/libcode/vx_data2d -I../../../src/libcode/vx_data2d_factory -I../../../src/libcode/vx_data2d_grib -I../../../src/libcode/vx_data2d_grib2 -I../../../src/libcode/vx_data2d_nccf -I../../../src/libcode/vx_data2d_nc_met -I../../../src/libcode/vx_data2d_nc_pinterp -I../../../src/libcode/vx_data2d_python -I../../../src/libcode/vx_python3_utils -I../../../src/libcode/vx_geodesy -I../../../src/libcode/vx_gis -I../../../src/libcode/vx_gnomon -I../../../src/libcode/vx_grid -I../../../src/libcode/vx_gsl_prob -I../../../src/libcode/vx_nav -I../../../src/libcode/vx_nc_obs -I../../../src/libcode/vx_nc_util -I../../../src/libcode/vx_pb_util -I../../../src/libcode/vx_plot_util -I../../../src/libcode/vx_ps -I../../../src/libcode/vx_pxm -I../../../src/libcode/vx_render -I../../../src/libcode/vx_regrid -I../../../src/libcode/vx_shapedata -I../../../src/libcode/vx_solar -I../../../src/libcode/vx_statistics -I../../../src/libcode/vx_stat_out -I../../../src/libcode/vx_summary -I../../../src/libcode/vx_time_series -I../../../src/libcode/vx_series_data -I../../../src/libcode/vx_tc_util -I/home/hank.fisher/MET/external_libs/include -I/home/hank.fisher/MET9_0_1_nopython/external_libs/include -I/home/hank.fisher/MET9_0_1_nopython/external_libs/include -I/home/hank.fisher/MET9_0_1_nopython/external_libs/include -I/home/hank.fisher/MET9_0_1_nopython/external_libs/include -I/home/hank.fisher/MET9_0_1_nopython/external_libs/include -I/home/hank.fisher/MET9_0_1_nopython/external_libs/include -DBLOCK4 -DWITH_GRIB2 -DMET_BASE="\"/home/hank.fisher/MET9_0_1_nopython/share/met\""  -g -MT libvx_data2d_grib_a-grib_classes.o -MD -MP -MF .deps/libvx_data2d_grib_a-grib_classes.Tpo -c -o libvx_data2d_grib_a-grib_classes.o `test -f 'grib_classes.cc' || echo './'`grib_classes.cc
mv -f .deps/libvx_data2d_grib_a-grib_classes.Tpo .deps/libvx_data2d_grib_a-grib_classes.Po
/bin/g++ -DHAVE_CONFIG_H -I. -I../../..  -I../../../src/basic/vx_cal -I../../../src/basic/vx_config -I../../../src/basic/vx_log -I../../../src/basic/vx_math -I../../../src/basic/vx_util -I../../../src/libcode/vx_afm -I../../../src/libcode/vx_analysis_util -I../../../src/libcode/vx_color -I../../../src/libcode/vx_data2d -I../../../src/libcode/vx_data2d_factory -I../../../src/libcode/vx_data2d_grib -I../../../src/libcode/vx_data2d_grib2 -I../../../src/libcode/vx_data2d_nccf -I../../../src/libcode/vx_data2d_nc_met -I../../../src/libcode/vx_data2d_nc_pinterp -I../../../src/libcode/vx_data2d_python -I../../../src/libcode/vx_python3_utils -I../../../src/libcode/vx_geodesy -I../../../src/libcode/vx_gis -I../../../src/libcode/vx_gnomon -I../../../src/libcode/vx_grid -I../../../src/libcode/vx_gsl_prob -I../../../src/libcode/vx_nav -I../../../src/libcode/vx_nc_obs -I../../../src/libcode/vx_nc_util -I../../../src/libcode/vx_pb_util -I../../../src/libcode/vx_plot_util -I../../../src/libcode/vx_ps -I../../../src/libcode/vx_pxm -I../../../src/libcode/vx_render -I../../../src/libcode/vx_regrid -I../../../src/libcode/vx_shapedata -I../../../src/libcode/vx_solar -I../../../src/libcode/vx_statistics -I../../../src/libcode/vx_stat_out -I../../../src/libcode/vx_summary -I../../../src/libcode/vx_time_series -I../../../src/libcode/vx_series_data -I../../../src/libcode/vx_tc_util -I/home/hank.fisher/MET/external_libs/include -I/home/hank.fisher/MET9_0_1_nopython/external_libs/include -I/home/hank.fisher/MET9_0_1_nopython/external_libs/include -I/home/hank.fisher/MET9_0_1_nopython/external_libs/include -I/home/hank.fisher/MET9_0_1_nopython/external_libs/include -I/home/hank.fisher/MET9_0_1_nopython/external_libs/include -I/home/hank.fisher/MET9_0_1_nopython/external_libs/include -DBLOCK4 -DWITH_GRIB2 -DMET_BASE="\"/home/hank.fisher/MET9_0_1_nopython/share/met\""  -g -MT libvx_data2d_grib_a-grib_strings.o -MD -MP -MF .deps/libvx_data2d_grib_a-grib_strings.Tpo -c -o libvx_data2d_grib_a-grib_strings.o `test -f 'grib_strings.cc' || echo './'`grib_strings.cc
mv -f .deps/libvx_data2d_grib_a-grib_strings.Tpo .deps/libvx_data2d_grib_a-grib_strings.Po
/bin/g++ -DHAVE_CONFIG_H -I. -I../../..  -I../../../src/basic/vx_cal -I../../../src/basic/vx_config -I../../../src/basic/vx_log -I../../../src/basic/vx_math -I../../../src/basic/vx_util -I../../../src/libcode/vx_afm -I../../../src/libcode/vx_analysis_util -I../../../src/libcode/vx_color -I../../../src/libcode/vx_data2d -I../../../src/libcode/vx_data2d_factory -I../../../src/libcode/vx_data2d_grib -I../../../src/libcode/vx_data2d_grib2 -I../../../src/libcode/vx_data2d_nccf -I../../../src/libcode/vx_data2d_nc_met -I../../../src/libcode/vx_data2d_nc_pinterp -I../../../src/libcode/vx_data2d_python -I../../../src/libcode/vx_python3_utils -I../../../src/libcode/vx_geodesy -I../../../src/libcode/vx_gis -I../../../src/libcode/vx_gnomon -I../../../src/libcode/vx_grid -I../../../src/libcode/vx_gsl_prob -I../../../src/libcode/vx_nav -I../../../src/libcode/vx_nc_obs -I../../../src/libcode/vx_nc_util -I../../../src/libcode/vx_pb_util -I../../../src/libcode/vx_plot_util -I../../../src/libcode/vx_ps -I../../../src/libcode/vx_pxm -I../../../src/libcode/vx_render -I../../../src/libcode/vx_regrid -I../../../src/libcode/vx_shapedata -I../../../src/libcode/vx_solar -I../../../src/libcode/vx_statistics -I../../../src/libcode/vx_stat_out -I../../../src/libcode/vx_summary -I../../../src/libcode/vx_time_series -I../../../src/libcode/vx_series_data -I../../../src/libcode/vx_tc_util -I/home/hank.fisher/MET/external_libs/include -I/home/hank.fisher/MET9_0_1_nopython/external_libs/include -I/home/hank.fisher/MET9_0_1_nopython/external_libs/include -I/home/hank.fisher/MET9_0_1_nopython/external_libs/include -I/home/hank.fisher/MET9_0_1_nopython/external_libs/include -I/home/hank.fisher/MET9_0_1_nopython/external_libs/include -I/home/hank.fisher/MET9_0_1_nopython/external_libs/include -DBLOCK4 -DWITH_GRIB2 -DMET_BASE="\"/home/hank.fisher/MET9_0_1_nopython/share/met\""  -g -MT libvx_data2d_grib_a-grib_utils.o -MD -MP -MF .deps/libvx_data2d_grib_a-grib_utils.Tpo -c -o libvx_data2d_grib_a-grib_utils.o `test -f 'grib_utils.cc' || echo './'`grib_utils.cc
mv -f .deps/libvx_data2d_grib_a-grib_utils.Tpo .deps/libvx_data2d_grib_a-grib_utils.Po
/bin/g++ -DHAVE_CONFIG_H -I. -I../../..  -I../../../src/basic/vx_cal -I../../../src/basic/vx_config -I../../../src/basic/vx_log -I../../../src/basic/vx_math -I../../../src/basic/vx_util -I../../../src/libcode/vx_afm -I../../../src/libcode/vx_analysis_util -I../../../src/libcode/vx_color -I../../../src/libcode/vx_data2d -I../../../src/libcode/vx_data2d_factory -I../../../src/libcode/vx_data2d_grib -I../../../src/libcode/vx_data2d_grib2 -I../../../src/libcode/vx_data2d_nccf -I../../../src/libcode/vx_data2d_nc_met -I../../../src/libcode/vx_data2d_nc_pinterp -I../../../src/libcode/vx_data2d_python -I../../../src/libcode/vx_python3_utils -I../../../src/libcode/vx_geodesy -I../../../src/libcode/vx_gis -I../../../src/libcode/vx_gnomon -I../../../src/libcode/vx_grid -I../../../src/libcode/vx_gsl_prob -I../../../src/libcode/vx_nav -I../../../src/libcode/vx_nc_obs -I../../../src/libcode/vx_nc_util -I../../../src/libcode/vx_pb_util -I../../../src/libcode/vx_plot_util -I../../../src/libcode/vx_ps -I../../../src/libcode/vx_pxm -I../../../src/libcode/vx_render -I../../../src/libcode/vx_regrid -I../../../src/libcode/vx_shapedata -I../../../src/libcode/vx_solar -I../../../src/libcode/vx_statistics -I../../../src/libcode/vx_stat_out -I../../../src/libcode/vx_summary -I../../../src/libcode/vx_time_series -I../../../src/libcode/vx_series_data -I../../../src/libcode/vx_tc_util -I/home/hank.fisher/MET/external_libs/include -I/home/hank.fisher/MET9_0_1_nopython/external_libs/include -I/home/hank.fisher/MET9_0_1_nopython/external_libs/include -I/home/hank.fisher/MET9_0_1_nopython/external_libs/include -I/home/hank.fisher/MET9_0_1_nopython/external_libs/include -I/home/hank.fisher/MET9_0_1_nopython/external_libs/include -I/home/hank.fisher/MET9_0_1_nopython/external_libs/include -DBLOCK4 -DWITH_GRIB2 -DMET_BASE="\"/home/hank.fisher/MET9_0_1_nopython/share/met\""  -g -MT libvx_data2d_grib_a-var_info_grib.o -MD -MP -MF .deps/libvx_data2d_grib_a-var_info_grib.Tpo -c -o libvx_data2d_grib_a-var_info_grib.o `test -f 'var_info_grib.cc' || echo './'`var_info_grib.cc
mv -f .deps/libvx_data2d_grib_a-var_info_grib.Tpo .deps/libvx_data2d_grib_a-var_info_grib.Po
/bin/g++ -DHAVE_CONFIG_H -I. -I../../..  -I../../../src/basic/vx_cal -I../../../src/basic/vx_config -I../../../src/basic/vx_log -I../../../src/basic/vx_math -I../../../src/basic/vx_util -I../../../src/libcode/vx_afm -I../../../src/libcode/vx_analysis_util -I../../../src/libcode/vx_color -I../../../src/libcode/vx_data2d -I../../../src/libcode/vx_data2d_factory -I../../../src/libcode/vx_data2d_grib -I../../../src/libcode/vx_data2d_grib2 -I../../../src/libcode/vx_data2d_nccf -I../../../src/libcode/vx_data2d_nc_met -I../../../src/libcode/vx_data2d_nc_pinterp -I../../../src/libcode/vx_data2d_python -I../../../src/libcode/vx_python3_utils -I../../../src/libcode/vx_geodesy -I../../../src/libcode/vx_gis -I../../../src/libcode/vx_gnomon -I../../../src/libcode/vx_grid -I../../../src/libcode/vx_gsl_prob -I../../../src/libcode/vx_nav -I../../../src/libcode/vx_nc_obs -I../../../src/libcode/vx_nc_util -I../../../src/libcode/vx_pb_util -I../../../src/libcode/vx_plot_util -I../../../src/libcode/vx_ps -I../../../src/libcode/vx_pxm -I../../../src/libcode/vx_render -I../../../src/libcode/vx_regrid -I../../../src/libcode/vx_shapedata -I../../../src/libcode/vx_solar -I../../../src/libcode/vx_statistics -I../../../src/libcode/vx_stat_out -I../../../src/libcode/vx_summary -I../../../src/libcode/vx_time_series -I../../../src/libcode/vx_series_data -I../../../src/libcode/vx_tc_util -I/home/hank.fisher/MET/external_libs/include -I/home/hank.fisher/MET9_0_1_nopython/external_libs/include -I/home/hank.fisher/MET9_0_1_nopython/external_libs/include -I/home/hank.fisher/MET9_0_1_nopython/external_libs/include -I/home/hank.fisher/MET9_0_1_nopython/external_libs/include -I/home/hank.fisher/MET9_0_1_nopython/external_libs/include -I/home/hank.fisher/MET9_0_1_nopython/external_libs/include -DBLOCK4 -DWITH_GRIB2 -DMET_BASE="\"/home/hank.fisher/MET9_0_1_nopython/share/met\""  -g -MT libvx_data2d_grib_a-data2d_grib_utils.o -MD -MP -MF .deps/libvx_data2d_grib_a-data2d_grib_utils.Tpo -c -o libvx_data2d_grib_a-data2d_grib_utils.o `test -f 'data2d_grib_utils.cc' || echo './'`data2d_grib_utils.cc
mv -f .deps/libvx_data2d_grib_a-data2d_grib_utils.Tpo .deps/libvx_data2d_grib_a-data2d_grib_utils.Po
/bin/g++ -DHAVE_CONFIG_H -I. -I../../..  -I../../../src/basic/vx_cal -I../../../src/basic/vx_config -I../../../src/basic/vx_log -I../../../src/basic/vx_math -I../../../src/basic/vx_util -I../../../src/libcode/vx_afm -I../../../src/libcode/vx_analysis_util -I../../../src/libcode/vx_color -I../../../src/libcode/vx_data2d -I../../../src/libcode/vx_data2d_factory -I../../../src/libcode/vx_data2d_grib -I../../../src/libcode/vx_data2d_grib2 -I../../../src/libcode/vx_data2d_nccf -I../../../src/libcode/vx_data2d_nc_met -I../../../src/libcode/vx_data2d_nc_pinterp -I../../../src/libcode/vx_data2d_python -I../../../src/libcode/vx_python3_utils -I../../../src/libcode/vx_geodesy -I../../../src/libcode/vx_gis -I../../../src/libcode/vx_gnomon -I../../../src/libcode/vx_grid -I../../../src/libcode/vx_gsl_prob -I../../../src/libcode/vx_nav -I../../../src/libcode/vx_nc_obs -I../../../src/libcode/vx_nc_util -I../../../src/libcode/vx_pb_util -I../../../src/libcode/vx_plot_util -I../../../src/libcode/vx_ps -I../../../src/libcode/vx_pxm -I../../../src/libcode/vx_render -I../../../src/libcode/vx_regrid -I../../../src/libcode/vx_shapedata -I../../../src/libcode/vx_solar -I../../../src/libcode/vx_statistics -I../../../src/libcode/vx_stat_out -I../../../src/libcode/vx_summary -I../../../src/libcode/vx_time_series -I../../../src/libcode/vx_series_data -I../../../src/libcode/vx_tc_util -I/home/hank.fisher/MET/external_libs/include -I/home/hank.fisher/MET9_0_1_nopython/external_libs/include -I/home/hank.fisher/MET9_0_1_nopython/external_libs/include -I/home/hank.fisher/MET9_0_1_nopython/external_libs/include -I/home/hank.fisher/MET9_0_1_nopython/external_libs/include -I/home/hank.fisher/MET9_0_1_nopython/external_libs/include -I/home/hank.fisher/MET9_0_1_nopython/external_libs/include -DBLOCK4 -DWITH_GRIB2 -DMET_BASE="\"/home/hank.fisher/MET9_0_1_nopython/share/met\""  -g -MT libvx_data2d_grib_a-data2d_grib.o -MD -MP -MF .deps/libvx_data2d_grib_a-data2d_grib.Tpo -c -o libvx_data2d_grib_a-data2d_grib.o `test -f 'data2d_grib.cc' || echo './'`data2d_grib.cc
mv -f .deps/libvx_data2d_grib_a-data2d_grib.Tpo .deps/libvx_data2d_grib_a-data2d_grib.Po
rm -f libvx_data2d_grib.a
ar cru libvx_data2d_grib.a libvx_data2d_grib_a-grib_classes.o libvx_data2d_grib_a-grib_strings.o libvx_data2d_grib_a-grib_utils.o libvx_data2d_grib_a-var_info_grib.o libvx_data2d_grib_a-data2d_grib_utils.o libvx_data2d_grib_a-data2d_grib.o 
ranlib libvx_data2d_grib.a
make[4]: Leaving directory `/home/hank.fisher/MET9_0_1_nopython/met-9.0.1/src/libcode/vx_data2d_grib'
Making all in vx_data2d_nc_met
make[4]: Entering directory `/home/hank.fisher/MET9_0_1_nopython/met-9.0.1/src/libcode/vx_data2d_nc_met'
/bin/g++ -DHAVE_CONFIG_H -I. -I../../..  -I../../../src/basic/vx_cal -I../../../src/basic/vx_config -I../../../src/basic/vx_log -I../../../src/basic/vx_math -I../../../src/basic/vx_util -I../../../src/libcode/vx_afm -I../../../src/libcode/vx_analysis_util -I../../../src/libcode/vx_color -I../../../src/libcode/vx_data2d -I../../../src/libcode/vx_data2d_factory -I../../../src/libcode/vx_data2d_grib -I../../../src/libcode/vx_data2d_grib2 -I../../../src/libcode/vx_data2d_nccf -I../../../src/libcode/vx_data2d_nc_met -I../../../src/libcode/vx_data2d_nc_pinterp -I../../../src/libcode/vx_data2d_python -I../../../src/libcode/vx_python3_utils -I../../../src/libcode/vx_geodesy -I../../../src/libcode/vx_gis -I../../../src/libcode/vx_gnomon -I../../../src/libcode/vx_grid -I../../../src/libcode/vx_gsl_prob -I../../../src/libcode/vx_nav -I../../../src/libcode/vx_nc_obs -I../../../src/libcode/vx_nc_util -I../../../src/libcode/vx_pb_util -I../../../src/libcode/vx_plot_util -I../../../src/libcode/vx_ps -I../../../src/libcode/vx_pxm -I../../../src/libcode/vx_render -I../../../src/libcode/vx_regrid -I../../../src/libcode/vx_shapedata -I../../../src/libcode/vx_solar -I../../../src/libcode/vx_statistics -I../../../src/libcode/vx_stat_out -I../../../src/libcode/vx_summary -I../../../src/libcode/vx_time_series -I../../../src/libcode/vx_series_data -I../../../src/libcode/vx_tc_util -I/home/hank.fisher/MET/external_libs/include -I/home/hank.fisher/MET9_0_1_nopython/external_libs/include -I/home/hank.fisher/MET9_0_1_nopython/external_libs/include -I/home/hank.fisher/MET9_0_1_nopython/external_libs/include -I/home/hank.fisher/MET9_0_1_nopython/external_libs/include -I/home/hank.fisher/MET9_0_1_nopython/external_libs/include -I/home/hank.fisher/MET9_0_1_nopython/external_libs/include -DBLOCK4 -DWITH_GRIB2 -DMET_BASE="\"/home/hank.fisher/MET9_0_1_nopython/share/met\""  -g -MT libvx_data2d_nc_met_a-get_met_grid.o -MD -MP -MF .deps/libvx_data2d_nc_met_a-get_met_grid.Tpo -c -o libvx_data2d_nc_met_a-get_met_grid.o `test -f 'get_met_grid.cc' || echo './'`get_met_grid.cc
mv -f .deps/libvx_data2d_nc_met_a-get_met_grid.Tpo .deps/libvx_data2d_nc_met_a-get_met_grid.Po
/bin/g++ -DHAVE_CONFIG_H -I. -I../../..  -I../../../src/basic/vx_cal -I../../../src/basic/vx_config -I../../../src/basic/vx_log -I../../../src/basic/vx_math -I../../../src/basic/vx_util -I../../../src/libcode/vx_afm -I../../../src/libcode/vx_analysis_util -I../../../src/libcode/vx_color -I../../../src/libcode/vx_data2d -I../../../src/libcode/vx_data2d_factory -I../../../src/libcode/vx_data2d_grib -I../../../src/libcode/vx_data2d_grib2 -I../../../src/libcode/vx_data2d_nccf -I../../../src/libcode/vx_data2d_nc_met -I../../../src/libcode/vx_data2d_nc_pinterp -I../../../src/libcode/vx_data2d_python -I../../../src/libcode/vx_python3_utils -I../../../src/libcode/vx_geodesy -I../../../src/libcode/vx_gis -I../../../src/libcode/vx_gnomon -I../../../src/libcode/vx_grid -I../../../src/libcode/vx_gsl_prob -I../../../src/libcode/vx_nav -I../../../src/libcode/vx_nc_obs -I../../../src/libcode/vx_nc_util -I../../../src/libcode/vx_pb_util -I../../../src/libcode/vx_plot_util -I../../../src/libcode/vx_ps -I../../../src/libcode/vx_pxm -I../../../src/libcode/vx_render -I../../../src/libcode/vx_regrid -I../../../src/libcode/vx_shapedata -I../../../src/libcode/vx_solar -I../../../src/libcode/vx_statistics -I../../../src/libcode/vx_stat_out -I../../../src/libcode/vx_summary -I../../../src/libcode/vx_time_series -I../../../src/libcode/vx_series_data -I../../../src/libcode/vx_tc_util -I/home/hank.fisher/MET/external_libs/include -I/home/hank.fisher/MET9_0_1_nopython/external_libs/include -I/home/hank.fisher/MET9_0_1_nopython/external_libs/include -I/home/hank.fisher/MET9_0_1_nopython/external_libs/include -I/home/hank.fisher/MET9_0_1_nopython/external_libs/include -I/home/hank.fisher/MET9_0_1_nopython/external_libs/include -I/home/hank.fisher/MET9_0_1_nopython/external_libs/include -DBLOCK4 -DWITH_GRIB2 -DMET_BASE="\"/home/hank.fisher/MET9_0_1_nopython/share/met\""  -g -MT libvx_data2d_nc_met_a-met_file.o -MD -MP -MF .deps/libvx_data2d_nc_met_a-met_file.Tpo -c -o libvx_data2d_nc_met_a-met_file.o `test -f 'met_file.cc' || echo './'`met_file.cc
mv -f .deps/libvx_data2d_nc_met_a-met_file.Tpo .deps/libvx_data2d_nc_met_a-met_file.Po
/bin/g++ -DHAVE_CONFIG_H -I. -I../../..  -I../../../src/basic/vx_cal -I../../../src/basic/vx_config -I../../../src/basic/vx_log -I../../../src/basic/vx_math -I../../../src/basic/vx_util -I../../../src/libcode/vx_afm -I../../../src/libcode/vx_analysis_util -I../../../src/libcode/vx_color -I../../../src/libcode/vx_data2d -I../../../src/libcode/vx_data2d_factory -I../../../src/libcode/vx_data2d_grib -I../../../src/libcode/vx_data2d_grib2 -I../../../src/libcode/vx_data2d_nccf -I../../../src/libcode/vx_data2d_nc_met -I../../../src/libcode/vx_data2d_nc_pinterp -I../../../src/libcode/vx_data2d_python -I../../../src/libcode/vx_python3_utils -I../../../src/libcode/vx_geodesy -I../../../src/libcode/vx_gis -I../../../src/libcode/vx_gnomon -I../../../src/libcode/vx_grid -I../../../src/libcode/vx_gsl_prob -I../../../src/libcode/vx_nav -I../../../src/libcode/vx_nc_obs -I../../../src/libcode/vx_nc_util -I../../../src/libcode/vx_pb_util -I../../../src/libcode/vx_plot_util -I../../../src/libcode/vx_ps -I../../../src/libcode/vx_pxm -I../../../src/libcode/vx_render -I../../../src/libcode/vx_regrid -I../../../src/libcode/vx_shapedata -I../../../src/libcode/vx_solar -I../../../src/libcode/vx_statistics -I../../../src/libcode/vx_stat_out -I../../../src/libcode/vx_summary -I../../../src/libcode/vx_time_series -I../../../src/libcode/vx_series_data -I../../../src/libcode/vx_tc_util -I/home/hank.fisher/MET/external_libs/include -I/home/hank.fisher/MET9_0_1_nopython/external_libs/include -I/home/hank.fisher/MET9_0_1_nopython/external_libs/include -I/home/hank.fisher/MET9_0_1_nopython/external_libs/include -I/home/hank.fisher/MET9_0_1_nopython/external_libs/include -I/home/hank.fisher/MET9_0_1_nopython/external_libs/include -I/home/hank.fisher/MET9_0_1_nopython/external_libs/include -DBLOCK4 -DWITH_GRIB2 -DMET_BASE="\"/home/hank.fisher/MET9_0_1_nopython/share/met\""  -g -MT libvx_data2d_nc_met_a-var_info_nc_met.o -MD -MP -MF .deps/libvx_data2d_nc_met_a-var_info_nc_met.Tpo -c -o libvx_data2d_nc_met_a-var_info_nc_met.o `test -f 'var_info_nc_met.cc' || echo './'`var_info_nc_met.cc
mv -f .deps/libvx_data2d_nc_met_a-var_info_nc_met.Tpo .deps/libvx_data2d_nc_met_a-var_info_nc_met.Po
/bin/g++ -DHAVE_CONFIG_H -I. -I../../..  -I../../../src/basic/vx_cal -I../../../src/basic/vx_config -I../../../src/basic/vx_log -I../../../src/basic/vx_math -I../../../src/basic/vx_util -I../../../src/libcode/vx_afm -I../../../src/libcode/vx_analysis_util -I../../../src/libcode/vx_color -I../../../src/libcode/vx_data2d -I../../../src/libcode/vx_data2d_factory -I../../../src/libcode/vx_data2d_grib -I../../../src/libcode/vx_data2d_grib2 -I../../../src/libcode/vx_data2d_nccf -I../../../src/libcode/vx_data2d_nc_met -I../../../src/libcode/vx_data2d_nc_pinterp -I../../../src/libcode/vx_data2d_python -I../../../src/libcode/vx_python3_utils -I../../../src/libcode/vx_geodesy -I../../../src/libcode/vx_gis -I../../../src/libcode/vx_gnomon -I../../../src/libcode/vx_grid -I../../../src/libcode/vx_gsl_prob -I../../../src/libcode/vx_nav -I../../../src/libcode/vx_nc_obs -I../../../src/libcode/vx_nc_util -I../../../src/libcode/vx_pb_util -I../../../src/libcode/vx_plot_util -I../../../src/libcode/vx_ps -I../../../src/libcode/vx_pxm -I../../../src/libcode/vx_render -I../../../src/libcode/vx_regrid -I../../../src/libcode/vx_shapedata -I../../../src/libcode/vx_solar -I../../../src/libcode/vx_statistics -I../../../src/libcode/vx_stat_out -I../../../src/libcode/vx_summary -I../../../src/libcode/vx_time_series -I../../../src/libcode/vx_series_data -I../../../src/libcode/vx_tc_util -I/home/hank.fisher/MET/external_libs/include -I/home/hank.fisher/MET9_0_1_nopython/external_libs/include -I/home/hank.fisher/MET9_0_1_nopython/external_libs/include -I/home/hank.fisher/MET9_0_1_nopython/external_libs/include -I/home/hank.fisher/MET9_0_1_nopython/external_libs/include -I/home/hank.fisher/MET9_0_1_nopython/external_libs/include -I/home/hank.fisher/MET9_0_1_nopython/external_libs/include -DBLOCK4 -DWITH_GRIB2 -DMET_BASE="\"/home/hank.fisher/MET9_0_1_nopython/share/met\""  -g -MT libvx_data2d_nc_met_a-data2d_nc_met.o -MD -MP -MF .deps/libvx_data2d_nc_met_a-data2d_nc_met.Tpo -c -o libvx_data2d_nc_met_a-data2d_nc_met.o `test -f 'data2d_nc_met.cc' || echo './'`data2d_nc_met.cc
mv -f .deps/libvx_data2d_nc_met_a-data2d_nc_met.Tpo .deps/libvx_data2d_nc_met_a-data2d_nc_met.Po
rm -f libvx_data2d_nc_met.a
ar cru libvx_data2d_nc_met.a libvx_data2d_nc_met_a-get_met_grid.o libvx_data2d_nc_met_a-met_file.o libvx_data2d_nc_met_a-var_info_nc_met.o libvx_data2d_nc_met_a-data2d_nc_met.o 
ranlib libvx_data2d_nc_met.a
make[4]: Leaving directory `/home/hank.fisher/MET9_0_1_nopython/met-9.0.1/src/libcode/vx_data2d_nc_met'
Making all in vx_data2d_nccf
make[4]: Entering directory `/home/hank.fisher/MET9_0_1_nopython/met-9.0.1/src/libcode/vx_data2d_nccf'
/bin/g++ -DHAVE_CONFIG_H -I. -I../../..  -I../../../src/basic/vx_cal -I../../../src/basic/vx_config -I../../../src/basic/vx_log -I../../../src/basic/vx_math -I../../../src/basic/vx_util -I../../../src/libcode/vx_afm -I../../../src/libcode/vx_analysis_util -I../../../src/libcode/vx_color -I../../../src/libcode/vx_data2d -I../../../src/libcode/vx_data2d_factory -I../../../src/libcode/vx_data2d_grib -I../../../src/libcode/vx_data2d_grib2 -I../../../src/libcode/vx_data2d_nccf -I../../../src/libcode/vx_data2d_nc_met -I../../../src/libcode/vx_data2d_nc_pinterp -I../../../src/libcode/vx_data2d_python -I../../../src/libcode/vx_python3_utils -I../../../src/libcode/vx_geodesy -I../../../src/libcode/vx_gis -I../../../src/libcode/vx_gnomon -I../../../src/libcode/vx_grid -I../../../src/libcode/vx_gsl_prob -I../../../src/libcode/vx_nav -I../../../src/libcode/vx_nc_obs -I../../../src/libcode/vx_nc_util -I../../../src/libcode/vx_pb_util -I../../../src/libcode/vx_plot_util -I../../../src/libcode/vx_ps -I../../../src/libcode/vx_pxm -I../../../src/libcode/vx_render -I../../../src/libcode/vx_regrid -I../../../src/libcode/vx_shapedata -I../../../src/libcode/vx_solar -I../../../src/libcode/vx_statistics -I../../../src/libcode/vx_stat_out -I../../../src/libcode/vx_summary -I../../../src/libcode/vx_time_series -I../../../src/libcode/vx_series_data -I../../../src/libcode/vx_tc_util -I/home/hank.fisher/MET/external_libs/include -I/home/hank.fisher/MET9_0_1_nopython/external_libs/include -I/home/hank.fisher/MET9_0_1_nopython/external_libs/include -I/home/hank.fisher/MET9_0_1_nopython/external_libs/include -I/home/hank.fisher/MET9_0_1_nopython/external_libs/include -I/home/hank.fisher/MET9_0_1_nopython/external_libs/include -I/home/hank.fisher/MET9_0_1_nopython/external_libs/include -DBLOCK4 -DWITH_GRIB2 -DMET_BASE="\"/home/hank.fisher/MET9_0_1_nopython/share/met\""  -g -MT libvx_data2d_nccf_a-nccf_file.o -MD -MP -MF .deps/libvx_data2d_nccf_a-nccf_file.Tpo -c -o libvx_data2d_nccf_a-nccf_file.o `test -f 'nccf_file.cc' || echo './'`nccf_file.cc
mv -f .deps/libvx_data2d_nccf_a-nccf_file.Tpo .deps/libvx_data2d_nccf_a-nccf_file.Po
/bin/g++ -DHAVE_CONFIG_H -I. -I../../..  -I../../../src/basic/vx_cal -I../../../src/basic/vx_config -I../../../src/basic/vx_log -I../../../src/basic/vx_math -I../../../src/basic/vx_util -I../../../src/libcode/vx_afm -I../../../src/libcode/vx_analysis_util -I../../../src/libcode/vx_color -I../../../src/libcode/vx_data2d -I../../../src/libcode/vx_data2d_factory -I../../../src/libcode/vx_data2d_grib -I../../../src/libcode/vx_data2d_grib2 -I../../../src/libcode/vx_data2d_nccf -I../../../src/libcode/vx_data2d_nc_met -I../../../src/libcode/vx_data2d_nc_pinterp -I../../../src/libcode/vx_data2d_python -I../../../src/libcode/vx_python3_utils -I../../../src/libcode/vx_geodesy -I../../../src/libcode/vx_gis -I../../../src/libcode/vx_gnomon -I../../../src/libcode/vx_grid -I../../../src/libcode/vx_gsl_prob -I../../../src/libcode/vx_nav -I../../../src/libcode/vx_nc_obs -I../../../src/libcode/vx_nc_util -I../../../src/libcode/vx_pb_util -I../../../src/libcode/vx_plot_util -I../../../src/libcode/vx_ps -I../../../src/libcode/vx_pxm -I../../../src/libcode/vx_render -I../../../src/libcode/vx_regrid -I../../../src/libcode/vx_shapedata -I../../../src/libcode/vx_solar -I../../../src/libcode/vx_statistics -I../../../src/libcode/vx_stat_out -I../../../src/libcode/vx_summary -I../../../src/libcode/vx_time_series -I../../../src/libcode/vx_series_data -I../../../src/libcode/vx_tc_util -I/home/hank.fisher/MET/external_libs/include -I/home/hank.fisher/MET9_0_1_nopython/external_libs/include -I/home/hank.fisher/MET9_0_1_nopython/external_libs/include -I/home/hank.fisher/MET9_0_1_nopython/external_libs/include -I/home/hank.fisher/MET9_0_1_nopython/external_libs/include -I/home/hank.fisher/MET9_0_1_nopython/external_libs/include -I/home/hank.fisher/MET9_0_1_nopython/external_libs/include -DBLOCK4 -DWITH_GRIB2 -DMET_BASE="\"/home/hank.fisher/MET9_0_1_nopython/share/met\""  -g -MT libvx_data2d_nccf_a-var_info_nccf.o -MD -MP -MF .deps/libvx_data2d_nccf_a-var_info_nccf.Tpo -c -o libvx_data2d_nccf_a-var_info_nccf.o `test -f 'var_info_nccf.cc' || echo './'`var_info_nccf.cc
mv -f .deps/libvx_data2d_nccf_a-var_info_nccf.Tpo .deps/libvx_data2d_nccf_a-var_info_nccf.Po
/bin/g++ -DHAVE_CONFIG_H -I. -I../../..  -I../../../src/basic/vx_cal -I../../../src/basic/vx_config -I../../../src/basic/vx_log -I../../../src/basic/vx_math -I../../../src/basic/vx_util -I../../../src/libcode/vx_afm -I../../../src/libcode/vx_analysis_util -I../../../src/libcode/vx_color -I../../../src/libcode/vx_data2d -I../../../src/libcode/vx_data2d_factory -I../../../src/libcode/vx_data2d_grib -I../../../src/libcode/vx_data2d_grib2 -I../../../src/libcode/vx_data2d_nccf -I../../../src/libcode/vx_data2d_nc_met -I../../../src/libcode/vx_data2d_nc_pinterp -I../../../src/libcode/vx_data2d_python -I../../../src/libcode/vx_python3_utils -I../../../src/libcode/vx_geodesy -I../../../src/libcode/vx_gis -I../../../src/libcode/vx_gnomon -I../../../src/libcode/vx_grid -I../../../src/libcode/vx_gsl_prob -I../../../src/libcode/vx_nav -I../../../src/libcode/vx_nc_obs -I../../../src/libcode/vx_nc_util -I../../../src/libcode/vx_pb_util -I../../../src/libcode/vx_plot_util -I../../../src/libcode/vx_ps -I../../../src/libcode/vx_pxm -I../../../src/libcode/vx_render -I../../../src/libcode/vx_regrid -I../../../src/libcode/vx_shapedata -I../../../src/libcode/vx_solar -I../../../src/libcode/vx_statistics -I../../../src/libcode/vx_stat_out -I../../../src/libcode/vx_summary -I../../../src/libcode/vx_time_series -I../../../src/libcode/vx_series_data -I../../../src/libcode/vx_tc_util -I/home/hank.fisher/MET/external_libs/include -I/home/hank.fisher/MET9_0_1_nopython/external_libs/include -I/home/hank.fisher/MET9_0_1_nopython/external_libs/include -I/home/hank.fisher/MET9_0_1_nopython/external_libs/include -I/home/hank.fisher/MET9_0_1_nopython/external_libs/include -I/home/hank.fisher/MET9_0_1_nopython/external_libs/include -I/home/hank.fisher/MET9_0_1_nopython/external_libs/include -DBLOCK4 -DWITH_GRIB2 -DMET_BASE="\"/home/hank.fisher/MET9_0_1_nopython/share/met\""  -g -MT libvx_data2d_nccf_a-data2d_nccf.o -MD -MP -MF .deps/libvx_data2d_nccf_a-data2d_nccf.Tpo -c -o libvx_data2d_nccf_a-data2d_nccf.o `test -f 'data2d_nccf.cc' || echo './'`data2d_nccf.cc
mv -f .deps/libvx_data2d_nccf_a-data2d_nccf.Tpo .deps/libvx_data2d_nccf_a-data2d_nccf.Po
rm -f libvx_data2d_nccf.a
ar cru libvx_data2d_nccf.a libvx_data2d_nccf_a-nccf_file.o libvx_data2d_nccf_a-var_info_nccf.o libvx_data2d_nccf_a-data2d_nccf.o 
ranlib libvx_data2d_nccf.a
make[4]: Leaving directory `/home/hank.fisher/MET9_0_1_nopython/met-9.0.1/src/libcode/vx_data2d_nccf'
Making all in vx_data2d_nc_pinterp
make[4]: Entering directory `/home/hank.fisher/MET9_0_1_nopython/met-9.0.1/src/libcode/vx_data2d_nc_pinterp'
/bin/g++ -DHAVE_CONFIG_H -I. -I../../..  -I../../../src/basic/vx_cal -I../../../src/basic/vx_config -I../../../src/basic/vx_log -I../../../src/basic/vx_math -I../../../src/basic/vx_util -I../../../src/libcode/vx_afm -I../../../src/libcode/vx_analysis_util -I../../../src/libcode/vx_color -I../../../src/libcode/vx_data2d -I../../../src/libcode/vx_data2d_factory -I../../../src/libcode/vx_data2d_grib -I../../../src/libcode/vx_data2d_grib2 -I../../../src/libcode/vx_data2d_nccf -I../../../src/libcode/vx_data2d_nc_met -I../../../src/libcode/vx_data2d_nc_pinterp -I../../../src/libcode/vx_data2d_python -I../../../src/libcode/vx_python3_utils -I../../../src/libcode/vx_geodesy -I../../../src/libcode/vx_gis -I../../../src/libcode/vx_gnomon -I../../../src/libcode/vx_grid -I../../../src/libcode/vx_gsl_prob -I../../../src/libcode/vx_nav -I../../../src/libcode/vx_nc_obs -I../../../src/libcode/vx_nc_util -I../../../src/libcode/vx_pb_util -I../../../src/libcode/vx_plot_util -I../../../src/libcode/vx_ps -I../../../src/libcode/vx_pxm -I../../../src/libcode/vx_render -I../../../src/libcode/vx_regrid -I../../../src/libcode/vx_shapedata -I../../../src/libcode/vx_solar -I../../../src/libcode/vx_statistics -I../../../src/libcode/vx_stat_out -I../../../src/libcode/vx_summary -I../../../src/libcode/vx_time_series -I../../../src/libcode/vx_series_data -I../../../src/libcode/vx_tc_util -I/home/hank.fisher/MET/external_libs/include -I/home/hank.fisher/MET9_0_1_nopython/external_libs/include -I/home/hank.fisher/MET9_0_1_nopython/external_libs/include -I/home/hank.fisher/MET9_0_1_nopython/external_libs/include -I/home/hank.fisher/MET9_0_1_nopython/external_libs/include -I/home/hank.fisher/MET9_0_1_nopython/external_libs/include -I/home/hank.fisher/MET9_0_1_nopython/external_libs/include -DBLOCK4 -DWITH_GRIB2 -DMET_BASE="\"/home/hank.fisher/MET9_0_1_nopython/share/met\""  -g -MT libvx_data2d_nc_pinterp_a-get_pinterp_grid.o -MD -MP -MF .deps/libvx_data2d_nc_pinterp_a-get_pinterp_grid.Tpo -c -o libvx_data2d_nc_pinterp_a-get_pinterp_grid.o `test -f 'get_pinterp_grid.cc' || echo './'`get_pinterp_grid.cc
mv -f .deps/libvx_data2d_nc_pinterp_a-get_pinterp_grid.Tpo .deps/libvx_data2d_nc_pinterp_a-get_pinterp_grid.Po
/bin/g++ -DHAVE_CONFIG_H -I. -I../../..  -I../../../src/basic/vx_cal -I../../../src/basic/vx_config -I../../../src/basic/vx_log -I../../../src/basic/vx_math -I../../../src/basic/vx_util -I../../../src/libcode/vx_afm -I../../../src/libcode/vx_analysis_util -I../../../src/libcode/vx_color -I../../../src/libcode/vx_data2d -I../../../src/libcode/vx_data2d_factory -I../../../src/libcode/vx_data2d_grib -I../../../src/libcode/vx_data2d_grib2 -I../../../src/libcode/vx_data2d_nccf -I../../../src/libcode/vx_data2d_nc_met -I../../../src/libcode/vx_data2d_nc_pinterp -I../../../src/libcode/vx_data2d_python -I../../../src/libcode/vx_python3_utils -I../../../src/libcode/vx_geodesy -I../../../src/libcode/vx_gis -I../../../src/libcode/vx_gnomon -I../../../src/libcode/vx_grid -I../../../src/libcode/vx_gsl_prob -I../../../src/libcode/vx_nav -I../../../src/libcode/vx_nc_obs -I../../../src/libcode/vx_nc_util -I../../../src/libcode/vx_pb_util -I../../../src/libcode/vx_plot_util -I../../../src/libcode/vx_ps -I../../../src/libcode/vx_pxm -I../../../src/libcode/vx_render -I../../../src/libcode/vx_regrid -I../../../src/libcode/vx_shapedata -I../../../src/libcode/vx_solar -I../../../src/libcode/vx_statistics -I../../../src/libcode/vx_stat_out -I../../../src/libcode/vx_summary -I../../../src/libcode/vx_time_series -I../../../src/libcode/vx_series_data -I../../../src/libcode/vx_tc_util -I/home/hank.fisher/MET/external_libs/include -I/home/hank.fisher/MET9_0_1_nopython/external_libs/include -I/home/hank.fisher/MET9_0_1_nopython/external_libs/include -I/home/hank.fisher/MET9_0_1_nopython/external_libs/include -I/home/hank.fisher/MET9_0_1_nopython/external_libs/include -I/home/hank.fisher/MET9_0_1_nopython/external_libs/include -I/home/hank.fisher/MET9_0_1_nopython/external_libs/include -DBLOCK4 -DWITH_GRIB2 -DMET_BASE="\"/home/hank.fisher/MET9_0_1_nopython/share/met\""  -g -MT libvx_data2d_nc_pinterp_a-pinterp_file.o -MD -MP -MF .deps/libvx_data2d_nc_pinterp_a-pinterp_file.Tpo -c -o libvx_data2d_nc_pinterp_a-pinterp_file.o `test -f 'pinterp_file.cc' || echo './'`pinterp_file.cc
mv -f .deps/libvx_data2d_nc_pinterp_a-pinterp_file.Tpo .deps/libvx_data2d_nc_pinterp_a-pinterp_file.Po
/bin/g++ -DHAVE_CONFIG_H -I. -I../../..  -I../../../src/basic/vx_cal -I../../../src/basic/vx_config -I../../../src/basic/vx_log -I../../../src/basic/vx_math -I../../../src/basic/vx_util -I../../../src/libcode/vx_afm -I../../../src/libcode/vx_analysis_util -I../../../src/libcode/vx_color -I../../../src/libcode/vx_data2d -I../../../src/libcode/vx_data2d_factory -I../../../src/libcode/vx_data2d_grib -I../../../src/libcode/vx_data2d_grib2 -I../../../src/libcode/vx_data2d_nccf -I../../../src/libcode/vx_data2d_nc_met -I../../../src/libcode/vx_data2d_nc_pinterp -I../../../src/libcode/vx_data2d_python -I../../../src/libcode/vx_python3_utils -I../../../src/libcode/vx_geodesy -I../../../src/libcode/vx_gis -I../../../src/libcode/vx_gnomon -I../../../src/libcode/vx_grid -I../../../src/libcode/vx_gsl_prob -I../../../src/libcode/vx_nav -I../../../src/libcode/vx_nc_obs -I../../../src/libcode/vx_nc_util -I../../../src/libcode/vx_pb_util -I../../../src/libcode/vx_plot_util -I../../../src/libcode/vx_ps -I../../../src/libcode/vx_pxm -I../../../src/libcode/vx_render -I../../../src/libcode/vx_regrid -I../../../src/libcode/vx_shapedata -I../../../src/libcode/vx_solar -I../../../src/libcode/vx_statistics -I../../../src/libcode/vx_stat_out -I../../../src/libcode/vx_summary -I../../../src/libcode/vx_time_series -I../../../src/libcode/vx_series_data -I../../../src/libcode/vx_tc_util -I/home/hank.fisher/MET/external_libs/include -I/home/hank.fisher/MET9_0_1_nopython/external_libs/include -I/home/hank.fisher/MET9_0_1_nopython/external_libs/include -I/home/hank.fisher/MET9_0_1_nopython/external_libs/include -I/home/hank.fisher/MET9_0_1_nopython/external_libs/include -I/home/hank.fisher/MET9_0_1_nopython/external_libs/include -I/home/hank.fisher/MET9_0_1_nopython/external_libs/include -DBLOCK4 -DWITH_GRIB2 -DMET_BASE="\"/home/hank.fisher/MET9_0_1_nopython/share/met\""  -g -MT libvx_data2d_nc_pinterp_a-var_info_nc_pinterp.o -MD -MP -MF .deps/libvx_data2d_nc_pinterp_a-var_info_nc_pinterp.Tpo -c -o libvx_data2d_nc_pinterp_a-var_info_nc_pinterp.o `test -f 'var_info_nc_pinterp.cc' || echo './'`var_info_nc_pinterp.cc
mv -f .deps/libvx_data2d_nc_pinterp_a-var_info_nc_pinterp.Tpo .deps/libvx_data2d_nc_pinterp_a-var_info_nc_pinterp.Po
/bin/g++ -DHAVE_CONFIG_H -I. -I../../..  -I../../../src/basic/vx_cal -I../../../src/basic/vx_config -I../../../src/basic/vx_log -I../../../src/basic/vx_math -I../../../src/basic/vx_util -I../../../src/libcode/vx_afm -I../../../src/libcode/vx_analysis_util -I../../../src/libcode/vx_color -I../../../src/libcode/vx_data2d -I../../../src/libcode/vx_data2d_factory -I../../../src/libcode/vx_data2d_grib -I../../../src/libcode/vx_data2d_grib2 -I../../../src/libcode/vx_data2d_nccf -I../../../src/libcode/vx_data2d_nc_met -I../../../src/libcode/vx_data2d_nc_pinterp -I../../../src/libcode/vx_data2d_python -I../../../src/libcode/vx_python3_utils -I../../../src/libcode/vx_geodesy -I../../../src/libcode/vx_gis -I../../../src/libcode/vx_gnomon -I../../../src/libcode/vx_grid -I../../../src/libcode/vx_gsl_prob -I../../../src/libcode/vx_nav -I../../../src/libcode/vx_nc_obs -I../../../src/libcode/vx_nc_util -I../../../src/libcode/vx_pb_util -I../../../src/libcode/vx_plot_util -I../../../src/libcode/vx_ps -I../../../src/libcode/vx_pxm -I../../../src/libcode/vx_render -I../../../src/libcode/vx_regrid -I../../../src/libcode/vx_shapedata -I../../../src/libcode/vx_solar -I../../../src/libcode/vx_statistics -I../../../src/libcode/vx_stat_out -I../../../src/libcode/vx_summary -I../../../src/libcode/vx_time_series -I../../../src/libcode/vx_series_data -I../../../src/libcode/vx_tc_util -I/home/hank.fisher/MET/external_libs/include -I/home/hank.fisher/MET9_0_1_nopython/external_libs/include -I/home/hank.fisher/MET9_0_1_nopython/external_libs/include -I/home/hank.fisher/MET9_0_1_nopython/external_libs/include -I/home/hank.fisher/MET9_0_1_nopython/external_libs/include -I/home/hank.fisher/MET9_0_1_nopython/external_libs/include -I/home/hank.fisher/MET9_0_1_nopython/external_libs/include -DBLOCK4 -DWITH_GRIB2 -DMET_BASE="\"/home/hank.fisher/MET9_0_1_nopython/share/met\""  -g -MT libvx_data2d_nc_pinterp_a-data2d_nc_pinterp.o -MD -MP -MF .deps/libvx_data2d_nc_pinterp_a-data2d_nc_pinterp.Tpo -c -o libvx_data2d_nc_pinterp_a-data2d_nc_pinterp.o `test -f 'data2d_nc_pinterp.cc' || echo './'`data2d_nc_pinterp.cc
mv -f .deps/libvx_data2d_nc_pinterp_a-data2d_nc_pinterp.Tpo .deps/libvx_data2d_nc_pinterp_a-data2d_nc_pinterp.Po
rm -f libvx_data2d_nc_pinterp.a
ar cru libvx_data2d_nc_pinterp.a libvx_data2d_nc_pinterp_a-get_pinterp_grid.o libvx_data2d_nc_pinterp_a-pinterp_file.o libvx_data2d_nc_pinterp_a-var_info_nc_pinterp.o libvx_data2d_nc_pinterp_a-data2d_nc_pinterp.o 
ranlib libvx_data2d_nc_pinterp.a
make[4]: Leaving directory `/home/hank.fisher/MET9_0_1_nopython/met-9.0.1/src/libcode/vx_data2d_nc_pinterp'
Making all in vx_data2d_grib2
make[4]: Entering directory `/home/hank.fisher/MET9_0_1_nopython/met-9.0.1/src/libcode/vx_data2d_grib2'
/bin/g++ -DHAVE_CONFIG_H -I. -I../../..  -I../../../src/basic/vx_cal -I../../../src/basic/vx_config -I../../../src/basic/vx_log -I../../../src/basic/vx_math -I../../../src/basic/vx_util -I../../../src/libcode/vx_afm -I../../../src/libcode/vx_analysis_util -I../../../src/libcode/vx_color -I../../../src/libcode/vx_data2d -I../../../src/libcode/vx_data2d_factory -I../../../src/libcode/vx_data2d_grib -I../../../src/libcode/vx_data2d_grib2 -I../../../src/libcode/vx_data2d_nccf -I../../../src/libcode/vx_data2d_nc_met -I../../../src/libcode/vx_data2d_nc_pinterp -I../../../src/libcode/vx_data2d_python -I../../../src/libcode/vx_python3_utils -I../../../src/libcode/vx_geodesy -I../../../src/libcode/vx_gis -I../../../src/libcode/vx_gnomon -I../../../src/libcode/vx_grid -I../../../src/libcode/vx_gsl_prob -I../../../src/libcode/vx_nav -I../../../src/libcode/vx_nc_obs -I../../../src/libcode/vx_nc_util -I../../../src/libcode/vx_pb_util -I../../../src/libcode/vx_plot_util -I../../../src/libcode/vx_ps -I../../../src/libcode/vx_pxm -I../../../src/libcode/vx_render -I../../../src/libcode/vx_regrid -I../../../src/libcode/vx_shapedata -I../../../src/libcode/vx_solar -I../../../src/libcode/vx_statistics -I../../../src/libcode/vx_stat_out -I../../../src/libcode/vx_summary -I../../../src/libcode/vx_time_series -I../../../src/libcode/vx_series_data -I../../../src/libcode/vx_tc_util -I/home/hank.fisher/MET/external_libs/include -I/home/hank.fisher/MET9_0_1_nopython/external_libs/include -I/home/hank.fisher/MET9_0_1_nopython/external_libs/include -I/home/hank.fisher/MET9_0_1_nopython/external_libs/include -I/home/hank.fisher/MET9_0_1_nopython/external_libs/include -I/home/hank.fisher/MET9_0_1_nopython/external_libs/include -I/home/hank.fisher/MET9_0_1_nopython/external_libs/include -DBLOCK4 -DWITH_GRIB2 -DMET_BASE="\"/home/hank.fisher/MET9_0_1_nopython/share/met\""  -g -MT libvx_data2d_grib2_a-var_info_grib2.o -MD -MP -MF .deps/libvx_data2d_grib2_a-var_info_grib2.Tpo -c -o libvx_data2d_grib2_a-var_info_grib2.o `test -f 'var_info_grib2.cc' || echo './'`var_info_grib2.cc
mv -f .deps/libvx_data2d_grib2_a-var_info_grib2.Tpo .deps/libvx_data2d_grib2_a-var_info_grib2.Po
/bin/g++ -DHAVE_CONFIG_H -I. -I../../..  -I../../../src/basic/vx_cal -I../../../src/basic/vx_config -I../../../src/basic/vx_log -I../../../src/basic/vx_math -I../../../src/basic/vx_util -I../../../src/libcode/vx_afm -I../../../src/libcode/vx_analysis_util -I../../../src/libcode/vx_color -I../../../src/libcode/vx_data2d -I../../../src/libcode/vx_data2d_factory -I../../../src/libcode/vx_data2d_grib -I../../../src/libcode/vx_data2d_grib2 -I../../../src/libcode/vx_data2d_nccf -I../../../src/libcode/vx_data2d_nc_met -I../../../src/libcode/vx_data2d_nc_pinterp -I../../../src/libcode/vx_data2d_python -I../../../src/libcode/vx_python3_utils -I../../../src/libcode/vx_geodesy -I../../../src/libcode/vx_gis -I../../../src/libcode/vx_gnomon -I../../../src/libcode/vx_grid -I../../../src/libcode/vx_gsl_prob -I../../../src/libcode/vx_nav -I../../../src/libcode/vx_nc_obs -I../../../src/libcode/vx_nc_util -I../../../src/libcode/vx_pb_util -I../../../src/libcode/vx_plot_util -I../../../src/libcode/vx_ps -I../../../src/libcode/vx_pxm -I../../../src/libcode/vx_render -I../../../src/libcode/vx_regrid -I../../../src/libcode/vx_shapedata -I../../../src/libcode/vx_solar -I../../../src/libcode/vx_statistics -I../../../src/libcode/vx_stat_out -I../../../src/libcode/vx_summary -I../../../src/libcode/vx_time_series -I../../../src/libcode/vx_series_data -I../../../src/libcode/vx_tc_util -I/home/hank.fisher/MET/external_libs/include -I/home/hank.fisher/MET9_0_1_nopython/external_libs/include -I/home/hank.fisher/MET9_0_1_nopython/external_libs/include -I/home/hank.fisher/MET9_0_1_nopython/external_libs/include -I/home/hank.fisher/MET9_0_1_nopython/external_libs/include -I/home/hank.fisher/MET9_0_1_nopython/external_libs/include -I/home/hank.fisher/MET9_0_1_nopython/external_libs/include -DBLOCK4 -DWITH_GRIB2 -DMET_BASE="\"/home/hank.fisher/MET9_0_1_nopython/share/met\""  -g -MT libvx_data2d_grib2_a-data2d_grib2.o -MD -MP -MF .deps/libvx_data2d_grib2_a-data2d_grib2.Tpo -c -o libvx_data2d_grib2_a-data2d_grib2.o `test -f 'data2d_grib2.cc' || echo './'`data2d_grib2.cc
mv -f .deps/libvx_data2d_grib2_a-data2d_grib2.Tpo .deps/libvx_data2d_grib2_a-data2d_grib2.Po
rm -f libvx_data2d_grib2.a
ar cru libvx_data2d_grib2.a libvx_data2d_grib2_a-var_info_grib2.o libvx_data2d_grib2_a-data2d_grib2.o 
ranlib libvx_data2d_grib2.a
make[4]: Leaving directory `/home/hank.fisher/MET9_0_1_nopython/met-9.0.1/src/libcode/vx_data2d_grib2'
Making all in vx_data2d_factory
make[4]: Entering directory `/home/hank.fisher/MET9_0_1_nopython/met-9.0.1/src/libcode/vx_data2d_factory'
/bin/g++ -DHAVE_CONFIG_H -I. -I../../..  -I../../../src/basic/vx_cal -I../../../src/basic/vx_config -I../../../src/basic/vx_log -I../../../src/basic/vx_math -I../../../src/basic/vx_util -I../../../src/libcode/vx_afm -I../../../src/libcode/vx_analysis_util -I../../../src/libcode/vx_color -I../../../src/libcode/vx_data2d -I../../../src/libcode/vx_data2d_factory -I../../../src/libcode/vx_data2d_grib -I../../../src/libcode/vx_data2d_grib2 -I../../../src/libcode/vx_data2d_nccf -I../../../src/libcode/vx_data2d_nc_met -I../../../src/libcode/vx_data2d_nc_pinterp -I../../../src/libcode/vx_data2d_python -I../../../src/libcode/vx_python3_utils -I../../../src/libcode/vx_geodesy -I../../../src/libcode/vx_gis -I../../../src/libcode/vx_gnomon -I../../../src/libcode/vx_grid -I../../../src/libcode/vx_gsl_prob -I../../../src/libcode/vx_nav -I../../../src/libcode/vx_nc_obs -I../../../src/libcode/vx_nc_util -I../../../src/libcode/vx_pb_util -I../../../src/libcode/vx_plot_util -I../../../src/libcode/vx_ps -I../../../src/libcode/vx_pxm -I../../../src/libcode/vx_render -I../../../src/libcode/vx_regrid -I../../../src/libcode/vx_shapedata -I../../../src/libcode/vx_solar -I../../../src/libcode/vx_statistics -I../../../src/libcode/vx_stat_out -I../../../src/libcode/vx_summary -I../../../src/libcode/vx_time_series -I../../../src/libcode/vx_series_data -I../../../src/libcode/vx_tc_util   -I/home/hank.fisher/MET/external_libs/include -I/home/hank.fisher/MET9_0_1_nopython/external_libs/include -I/home/hank.fisher/MET9_0_1_nopython/external_libs/include -I/home/hank.fisher/MET9_0_1_nopython/external_libs/include -I/home/hank.fisher/MET9_0_1_nopython/external_libs/include -I/home/hank.fisher/MET9_0_1_nopython/external_libs/include -I/home/hank.fisher/MET9_0_1_nopython/external_libs/include -DBLOCK4 -DWITH_GRIB2 -DMET_BASE="\"/home/hank.fisher/MET9_0_1_nopython/share/met\""  -g -MT libvx_data2d_factory_a-is_netcdf_file.o -MD -MP -MF .deps/libvx_data2d_factory_a-is_netcdf_file.Tpo -c -o libvx_data2d_factory_a-is_netcdf_file.o `test -f 'is_netcdf_file.cc' || echo './'`is_netcdf_file.cc
mv -f .deps/libvx_data2d_factory_a-is_netcdf_file.Tpo .deps/libvx_data2d_factory_a-is_netcdf_file.Po
/bin/g++ -DHAVE_CONFIG_H -I. -I../../..  -I../../../src/basic/vx_cal -I../../../src/basic/vx_config -I../../../src/basic/vx_log -I../../../src/basic/vx_math -I../../../src/basic/vx_util -I../../../src/libcode/vx_afm -I../../../src/libcode/vx_analysis_util -I../../../src/libcode/vx_color -I../../../src/libcode/vx_data2d -I../../../src/libcode/vx_data2d_factory -I../../../src/libcode/vx_data2d_grib -I../../../src/libcode/vx_data2d_grib2 -I../../../src/libcode/vx_data2d_nccf -I../../../src/libcode/vx_data2d_nc_met -I../../../src/libcode/vx_data2d_nc_pinterp -I../../../src/libcode/vx_data2d_python -I../../../src/libcode/vx_python3_utils -I../../../src/libcode/vx_geodesy -I../../../src/libcode/vx_gis -I../../../src/libcode/vx_gnomon -I../../../src/libcode/vx_grid -I../../../src/libcode/vx_gsl_prob -I../../../src/libcode/vx_nav -I../../../src/libcode/vx_nc_obs -I../../../src/libcode/vx_nc_util -I../../../src/libcode/vx_pb_util -I../../../src/libcode/vx_plot_util -I../../../src/libcode/vx_ps -I../../../src/libcode/vx_pxm -I../../../src/libcode/vx_render -I../../../src/libcode/vx_regrid -I../../../src/libcode/vx_shapedata -I../../../src/libcode/vx_solar -I../../../src/libcode/vx_statistics -I../../../src/libcode/vx_stat_out -I../../../src/libcode/vx_summary -I../../../src/libcode/vx_time_series -I../../../src/libcode/vx_series_data -I../../../src/libcode/vx_tc_util   -I/home/hank.fisher/MET/external_libs/include -I/home/hank.fisher/MET9_0_1_nopython/external_libs/include -I/home/hank.fisher/MET9_0_1_nopython/external_libs/include -I/home/hank.fisher/MET9_0_1_nopython/external_libs/include -I/home/hank.fisher/MET9_0_1_nopython/external_libs/include -I/home/hank.fisher/MET9_0_1_nopython/external_libs/include -I/home/hank.fisher/MET9_0_1_nopython/external_libs/include -DBLOCK4 -DWITH_GRIB2 -DMET_BASE="\"/home/hank.fisher/MET9_0_1_nopython/share/met\""  -g -MT libvx_data2d_factory_a-is_grib_file.o -MD -MP -MF .deps/libvx_data2d_factory_a-is_grib_file.Tpo -c -o libvx_data2d_factory_a-is_grib_file.o `test -f 'is_grib_file.cc' || echo './'`is_grib_file.cc
mv -f .deps/libvx_data2d_factory_a-is_grib_file.Tpo .deps/libvx_data2d_factory_a-is_grib_file.Po
/bin/g++ -DHAVE_CONFIG_H -I. -I../../..  -I../../../src/basic/vx_cal -I../../../src/basic/vx_config -I../../../src/basic/vx_log -I../../../src/basic/vx_math -I../../../src/basic/vx_util -I../../../src/libcode/vx_afm -I../../../src/libcode/vx_analysis_util -I../../../src/libcode/vx_color -I../../../src/libcode/vx_data2d -I../../../src/libcode/vx_data2d_factory -I../../../src/libcode/vx_data2d_grib -I../../../src/libcode/vx_data2d_grib2 -I../../../src/libcode/vx_data2d_nccf -I../../../src/libcode/vx_data2d_nc_met -I../../../src/libcode/vx_data2d_nc_pinterp -I../../../src/libcode/vx_data2d_python -I../../../src/libcode/vx_python3_utils -I../../../src/libcode/vx_geodesy -I../../../src/libcode/vx_gis -I../../../src/libcode/vx_gnomon -I../../../src/libcode/vx_grid -I../../../src/libcode/vx_gsl_prob -I../../../src/libcode/vx_nav -I../../../src/libcode/vx_nc_obs -I../../../src/libcode/vx_nc_util -I../../../src/libcode/vx_pb_util -I../../../src/libcode/vx_plot_util -I../../../src/libcode/vx_ps -I../../../src/libcode/vx_pxm -I../../../src/libcode/vx_render -I../../../src/libcode/vx_regrid -I../../../src/libcode/vx_shapedata -I../../../src/libcode/vx_solar -I../../../src/libcode/vx_statistics -I../../../src/libcode/vx_stat_out -I../../../src/libcode/vx_summary -I../../../src/libcode/vx_time_series -I../../../src/libcode/vx_series_data -I../../../src/libcode/vx_tc_util   -I/home/hank.fisher/MET/external_libs/include -I/home/hank.fisher/MET9_0_1_nopython/external_libs/include -I/home/hank.fisher/MET9_0_1_nopython/external_libs/include -I/home/hank.fisher/MET9_0_1_nopython/external_libs/include -I/home/hank.fisher/MET9_0_1_nopython/external_libs/include -I/home/hank.fisher/MET9_0_1_nopython/external_libs/include -I/home/hank.fisher/MET9_0_1_nopython/external_libs/include -DBLOCK4 -DWITH_GRIB2 -DMET_BASE="\"/home/hank.fisher/MET9_0_1_nopython/share/met\""  -g -MT libvx_data2d_factory_a-is_bufr_file.o -MD -MP -MF .deps/libvx_data2d_factory_a-is_bufr_file.Tpo -c -o libvx_data2d_factory_a-is_bufr_file.o `test -f 'is_bufr_file.cc' || echo './'`is_bufr_file.cc
mv -f .deps/libvx_data2d_factory_a-is_bufr_file.Tpo .deps/libvx_data2d_factory_a-is_bufr_file.Po
/bin/g++ -DHAVE_CONFIG_H -I. -I../../..  -I../../../src/basic/vx_cal -I../../../src/basic/vx_config -I../../../src/basic/vx_log -I../../../src/basic/vx_math -I../../../src/basic/vx_util -I../../../src/libcode/vx_afm -I../../../src/libcode/vx_analysis_util -I../../../src/libcode/vx_color -I../../../src/libcode/vx_data2d -I../../../src/libcode/vx_data2d_factory -I../../../src/libcode/vx_data2d_grib -I../../../src/libcode/vx_data2d_grib2 -I../../../src/libcode/vx_data2d_nccf -I../../../src/libcode/vx_data2d_nc_met -I../../../src/libcode/vx_data2d_nc_pinterp -I../../../src/libcode/vx_data2d_python -I../../../src/libcode/vx_python3_utils -I../../../src/libcode/vx_geodesy -I../../../src/libcode/vx_gis -I../../../src/libcode/vx_gnomon -I../../../src/libcode/vx_grid -I../../../src/libcode/vx_gsl_prob -I../../../src/libcode/vx_nav -I../../../src/libcode/vx_nc_obs -I../../../src/libcode/vx_nc_util -I../../../src/libcode/vx_pb_util -I../../../src/libcode/vx_plot_util -I../../../src/libcode/vx_ps -I../../../src/libcode/vx_pxm -I../../../src/libcode/vx_render -I../../../src/libcode/vx_regrid -I../../../src/libcode/vx_shapedata -I../../../src/libcode/vx_solar -I../../../src/libcode/vx_statistics -I../../../src/libcode/vx_stat_out -I../../../src/libcode/vx_summary -I../../../src/libcode/vx_time_series -I../../../src/libcode/vx_series_data -I../../../src/libcode/vx_tc_util   -I/home/hank.fisher/MET/external_libs/include -I/home/hank.fisher/MET9_0_1_nopython/external_libs/include -I/home/hank.fisher/MET9_0_1_nopython/external_libs/include -I/home/hank.fisher/MET9_0_1_nopython/external_libs/include -I/home/hank.fisher/MET9_0_1_nopython/external_libs/include -I/home/hank.fisher/MET9_0_1_nopython/external_libs/include -I/home/hank.fisher/MET9_0_1_nopython/external_libs/include -DBLOCK4 -DWITH_GRIB2 -DMET_BASE="\"/home/hank.fisher/MET9_0_1_nopython/share/met\""  -g -MT libvx_data2d_factory_a-var_info_factory.o -MD -MP -MF .deps/libvx_data2d_factory_a-var_info_factory.Tpo -c -o libvx_data2d_factory_a-var_info_factory.o `test -f 'var_info_factory.cc' || echo './'`var_info_factory.cc
mv -f .deps/libvx_data2d_factory_a-var_info_factory.Tpo .deps/libvx_data2d_factory_a-var_info_factory.Po
/bin/g++ -DHAVE_CONFIG_H -I. -I../../..  -I../../../src/basic/vx_cal -I../../../src/basic/vx_config -I../../../src/basic/vx_log -I../../../src/basic/vx_math -I../../../src/basic/vx_util -I../../../src/libcode/vx_afm -I../../../src/libcode/vx_analysis_util -I../../../src/libcode/vx_color -I../../../src/libcode/vx_data2d -I../../../src/libcode/vx_data2d_factory -I../../../src/libcode/vx_data2d_grib -I../../../src/libcode/vx_data2d_grib2 -I../../../src/libcode/vx_data2d_nccf -I../../../src/libcode/vx_data2d_nc_met -I../../../src/libcode/vx_data2d_nc_pinterp -I../../../src/libcode/vx_data2d_python -I../../../src/libcode/vx_python3_utils -I../../../src/libcode/vx_geodesy -I../../../src/libcode/vx_gis -I../../../src/libcode/vx_gnomon -I../../../src/libcode/vx_grid -I../../../src/libcode/vx_gsl_prob -I../../../src/libcode/vx_nav -I../../../src/libcode/vx_nc_obs -I../../../src/libcode/vx_nc_util -I../../../src/libcode/vx_pb_util -I../../../src/libcode/vx_plot_util -I../../../src/libcode/vx_ps -I../../../src/libcode/vx_pxm -I../../../src/libcode/vx_render -I../../../src/libcode/vx_regrid -I../../../src/libcode/vx_shapedata -I../../../src/libcode/vx_solar -I../../../src/libcode/vx_statistics -I../../../src/libcode/vx_stat_out -I../../../src/libcode/vx_summary -I../../../src/libcode/vx_time_series -I../../../src/libcode/vx_series_data -I../../../src/libcode/vx_tc_util   -I/home/hank.fisher/MET/external_libs/include -I/home/hank.fisher/MET9_0_1_nopython/external_libs/include -I/home/hank.fisher/MET9_0_1_nopython/external_libs/include -I/home/hank.fisher/MET9_0_1_nopython/external_libs/include -I/home/hank.fisher/MET9_0_1_nopython/external_libs/include -I/home/hank.fisher/MET9_0_1_nopython/external_libs/include -I/home/hank.fisher/MET9_0_1_nopython/external_libs/include -DBLOCK4 -DWITH_GRIB2 -DMET_BASE="\"/home/hank.fisher/MET9_0_1_nopython/share/met\""  -g -MT libvx_data2d_factory_a-data2d_factory_utils.o -MD -MP -MF .deps/libvx_data2d_factory_a-data2d_factory_utils.Tpo -c -o libvx_data2d_factory_a-data2d_factory_utils.o `test -f 'data2d_factory_utils.cc' || echo './'`data2d_factory_utils.cc
mv -f .deps/libvx_data2d_factory_a-data2d_factory_utils.Tpo .deps/libvx_data2d_factory_a-data2d_factory_utils.Po
/bin/g++ -DHAVE_CONFIG_H -I. -I../../..  -I../../../src/basic/vx_cal -I../../../src/basic/vx_config -I../../../src/basic/vx_log -I../../../src/basic/vx_math -I../../../src/basic/vx_util -I../../../src/libcode/vx_afm -I../../../src/libcode/vx_analysis_util -I../../../src/libcode/vx_color -I../../../src/libcode/vx_data2d -I../../../src/libcode/vx_data2d_factory -I../../../src/libcode/vx_data2d_grib -I../../../src/libcode/vx_data2d_grib2 -I../../../src/libcode/vx_data2d_nccf -I../../../src/libcode/vx_data2d_nc_met -I../../../src/libcode/vx_data2d_nc_pinterp -I../../../src/libcode/vx_data2d_python -I../../../src/libcode/vx_python3_utils -I../../../src/libcode/vx_geodesy -I../../../src/libcode/vx_gis -I../../../src/libcode/vx_gnomon -I../../../src/libcode/vx_grid -I../../../src/libcode/vx_gsl_prob -I../../../src/libcode/vx_nav -I../../../src/libcode/vx_nc_obs -I../../../src/libcode/vx_nc_util -I../../../src/libcode/vx_pb_util -I../../../src/libcode/vx_plot_util -I../../../src/libcode/vx_ps -I../../../src/libcode/vx_pxm -I../../../src/libcode/vx_render -I../../../src/libcode/vx_regrid -I../../../src/libcode/vx_shapedata -I../../../src/libcode/vx_solar -I../../../src/libcode/vx_statistics -I../../../src/libcode/vx_stat_out -I../../../src/libcode/vx_summary -I../../../src/libcode/vx_time_series -I../../../src/libcode/vx_series_data -I../../../src/libcode/vx_tc_util   -I/home/hank.fisher/MET/external_libs/include -I/home/hank.fisher/MET9_0_1_nopython/external_libs/include -I/home/hank.fisher/MET9_0_1_nopython/external_libs/include -I/home/hank.fisher/MET9_0_1_nopython/external_libs/include -I/home/hank.fisher/MET9_0_1_nopython/external_libs/include -I/home/hank.fisher/MET9_0_1_nopython/external_libs/include -I/home/hank.fisher/MET9_0_1_nopython/external_libs/include -DBLOCK4 -DWITH_GRIB2 -DMET_BASE="\"/home/hank.fisher/MET9_0_1_nopython/share/met\""  -g -MT libvx_data2d_factory_a-data2d_factory.o -MD -MP -MF .deps/libvx_data2d_factory_a-data2d_factory.Tpo -c -o libvx_data2d_factory_a-data2d_factory.o `test -f 'data2d_factory.cc' || echo './'`data2d_factory.cc
mv -f .deps/libvx_data2d_factory_a-data2d_factory.Tpo .deps/libvx_data2d_factory_a-data2d_factory.Po
rm -f libvx_data2d_factory.a
ar cru libvx_data2d_factory.a libvx_data2d_factory_a-is_netcdf_file.o libvx_data2d_factory_a-is_grib_file.o libvx_data2d_factory_a-is_bufr_file.o libvx_data2d_factory_a-var_info_factory.o libvx_data2d_factory_a-data2d_factory_utils.o libvx_data2d_factory_a-data2d_factory.o 
ranlib libvx_data2d_factory.a
make[4]: Leaving directory `/home/hank.fisher/MET9_0_1_nopython/met-9.0.1/src/libcode/vx_data2d_factory'
Making all in vx_gsl_prob
make[4]: Entering directory `/home/hank.fisher/MET9_0_1_nopython/met-9.0.1/src/libcode/vx_gsl_prob'
/bin/g++ -DHAVE_CONFIG_H -I. -I../../..  -I../../../src/basic/vx_cal -I../../../src/basic/vx_config -I../../../src/basic/vx_log -I../../../src/basic/vx_math -I../../../src/basic/vx_util -I../../../src/libcode/vx_afm -I../../../src/libcode/vx_analysis_util -I../../../src/libcode/vx_color -I../../../src/libcode/vx_data2d -I../../../src/libcode/vx_data2d_factory -I../../../src/libcode/vx_data2d_grib -I../../../src/libcode/vx_data2d_grib2 -I../../../src/libcode/vx_data2d_nccf -I../../../src/libcode/vx_data2d_nc_met -I../../../src/libcode/vx_data2d_nc_pinterp -I../../../src/libcode/vx_data2d_python -I../../../src/libcode/vx_python3_utils -I../../../src/libcode/vx_geodesy -I../../../src/libcode/vx_gis -I../../../src/libcode/vx_gnomon -I../../../src/libcode/vx_grid -I../../../src/libcode/vx_gsl_prob -I../../../src/libcode/vx_nav -I../../../src/libcode/vx_nc_obs -I../../../src/libcode/vx_nc_util -I../../../src/libcode/vx_pb_util -I../../../src/libcode/vx_plot_util -I../../../src/libcode/vx_ps -I../../../src/libcode/vx_pxm -I../../../src/libcode/vx_render -I../../../src/libcode/vx_regrid -I../../../src/libcode/vx_shapedata -I../../../src/libcode/vx_solar -I../../../src/libcode/vx_statistics -I../../../src/libcode/vx_stat_out -I../../../src/libcode/vx_summary -I../../../src/libcode/vx_time_series -I../../../src/libcode/vx_series_data -I../../../src/libcode/vx_tc_util -I/home/hank.fisher/MET/external_libs/include -I/home/hank.fisher/MET9_0_1_nopython/external_libs/include -I/home/hank.fisher/MET9_0_1_nopython/external_libs/include -I/home/hank.fisher/MET9_0_1_nopython/external_libs/include -I/home/hank.fisher/MET9_0_1_nopython/external_libs/include -I/home/hank.fisher/MET9_0_1_nopython/external_libs/include -I/home/hank.fisher/MET9_0_1_nopython/external_libs/include -DBLOCK4 -DWITH_GRIB2 -DMET_BASE="\"/home/hank.fisher/MET9_0_1_nopython/share/met\""  -g -MT libvx_gsl_prob_a-gsl_bvn.o -MD -MP -MF .deps/libvx_gsl_prob_a-gsl_bvn.Tpo -c -o libvx_gsl_prob_a-gsl_bvn.o `test -f 'gsl_bvn.cc' || echo './'`gsl_bvn.cc
mv -f .deps/libvx_gsl_prob_a-gsl_bvn.Tpo .deps/libvx_gsl_prob_a-gsl_bvn.Po
/bin/g++ -DHAVE_CONFIG_H -I. -I../../..  -I../../../src/basic/vx_cal -I../../../src/basic/vx_config -I../../../src/basic/vx_log -I../../../src/basic/vx_math -I../../../src/basic/vx_util -I../../../src/libcode/vx_afm -I../../../src/libcode/vx_analysis_util -I../../../src/libcode/vx_color -I../../../src/libcode/vx_data2d -I../../../src/libcode/vx_data2d_factory -I../../../src/libcode/vx_data2d_grib -I../../../src/libcode/vx_data2d_grib2 -I../../../src/libcode/vx_data2d_nccf -I../../../src/libcode/vx_data2d_nc_met -I../../../src/libcode/vx_data2d_nc_pinterp -I../../../src/libcode/vx_data2d_python -I../../../src/libcode/vx_python3_utils -I../../../src/libcode/vx_geodesy -I../../../src/libcode/vx_gis -I../../../src/libcode/vx_gnomon -I../../../src/libcode/vx_grid -I../../../src/libcode/vx_gsl_prob -I../../../src/libcode/vx_nav -I../../../src/libcode/vx_nc_obs -I../../../src/libcode/vx_nc_util -I../../../src/libcode/vx_pb_util -I../../../src/libcode/vx_plot_util -I../../../src/libcode/vx_ps -I../../../src/libcode/vx_pxm -I../../../src/libcode/vx_render -I../../../src/libcode/vx_regrid -I../../../src/libcode/vx_shapedata -I../../../src/libcode/vx_solar -I../../../src/libcode/vx_statistics -I../../../src/libcode/vx_stat_out -I../../../src/libcode/vx_summary -I../../../src/libcode/vx_time_series -I../../../src/libcode/vx_series_data -I../../../src/libcode/vx_tc_util -I/home/hank.fisher/MET/external_libs/include -I/home/hank.fisher/MET9_0_1_nopython/external_libs/include -I/home/hank.fisher/MET9_0_1_nopython/external_libs/include -I/home/hank.fisher/MET9_0_1_nopython/external_libs/include -I/home/hank.fisher/MET9_0_1_nopython/external_libs/include -I/home/hank.fisher/MET9_0_1_nopython/external_libs/include -I/home/hank.fisher/MET9_0_1_nopython/external_libs/include -DBLOCK4 -DWITH_GRIB2 -DMET_BASE="\"/home/hank.fisher/MET9_0_1_nopython/share/met\""  -g -MT libvx_gsl_prob_a-gsl_cdf.o -MD -MP -MF .deps/libvx_gsl_prob_a-gsl_cdf.Tpo -c -o libvx_gsl_prob_a-gsl_cdf.o `test -f 'gsl_cdf.cc' || echo './'`gsl_cdf.cc
mv -f .deps/libvx_gsl_prob_a-gsl_cdf.Tpo .deps/libvx_gsl_prob_a-gsl_cdf.Po
/bin/g++ -DHAVE_CONFIG_H -I. -I../../..  -I../../../src/basic/vx_cal -I../../../src/basic/vx_config -I../../../src/basic/vx_log -I../../../src/basic/vx_math -I../../../src/basic/vx_util -I../../../src/libcode/vx_afm -I../../../src/libcode/vx_analysis_util -I../../../src/libcode/vx_color -I../../../src/libcode/vx_data2d -I../../../src/libcode/vx_data2d_factory -I../../../src/libcode/vx_data2d_grib -I../../../src/libcode/vx_data2d_grib2 -I../../../src/libcode/vx_data2d_nccf -I../../../src/libcode/vx_data2d_nc_met -I../../../src/libcode/vx_data2d_nc_pinterp -I../../../src/libcode/vx_data2d_python -I../../../src/libcode/vx_python3_utils -I../../../src/libcode/vx_geodesy -I../../../src/libcode/vx_gis -I../../../src/libcode/vx_gnomon -I../../../src/libcode/vx_grid -I../../../src/libcode/vx_gsl_prob -I../../../src/libcode/vx_nav -I../../../src/libcode/vx_nc_obs -I../../../src/libcode/vx_nc_util -I../../../src/libcode/vx_pb_util -I../../../src/libcode/vx_plot_util -I../../../src/libcode/vx_ps -I../../../src/libcode/vx_pxm -I../../../src/libcode/vx_render -I../../../src/libcode/vx_regrid -I../../../src/libcode/vx_shapedata -I../../../src/libcode/vx_solar -I../../../src/libcode/vx_statistics -I../../../src/libcode/vx_stat_out -I../../../src/libcode/vx_summary -I../../../src/libcode/vx_time_series -I../../../src/libcode/vx_series_data -I../../../src/libcode/vx_tc_util -I/home/hank.fisher/MET/external_libs/include -I/home/hank.fisher/MET9_0_1_nopython/external_libs/include -I/home/hank.fisher/MET9_0_1_nopython/external_libs/include -I/home/hank.fisher/MET9_0_1_nopython/external_libs/include -I/home/hank.fisher/MET9_0_1_nopython/external_libs/include -I/home/hank.fisher/MET9_0_1_nopython/external_libs/include -I/home/hank.fisher/MET9_0_1_nopython/external_libs/include -DBLOCK4 -DWITH_GRIB2 -DMET_BASE="\"/home/hank.fisher/MET9_0_1_nopython/share/met\""  -g -MT libvx_gsl_prob_a-gsl_randist.o -MD -MP -MF .deps/libvx_gsl_prob_a-gsl_randist.Tpo -c -o libvx_gsl_prob_a-gsl_randist.o `test -f 'gsl_randist.cc' || echo './'`gsl_randist.cc
mv -f .deps/libvx_gsl_prob_a-gsl_randist.Tpo .deps/libvx_gsl_prob_a-gsl_randist.Po
/bin/g++ -DHAVE_CONFIG_H -I. -I../../..  -I../../../src/basic/vx_cal -I../../../src/basic/vx_config -I../../../src/basic/vx_log -I../../../src/basic/vx_math -I../../../src/basic/vx_util -I../../../src/libcode/vx_afm -I../../../src/libcode/vx_analysis_util -I../../../src/libcode/vx_color -I../../../src/libcode/vx_data2d -I../../../src/libcode/vx_data2d_factory -I../../../src/libcode/vx_data2d_grib -I../../../src/libcode/vx_data2d_grib2 -I../../../src/libcode/vx_data2d_nccf -I../../../src/libcode/vx_data2d_nc_met -I../../../src/libcode/vx_data2d_nc_pinterp -I../../../src/libcode/vx_data2d_python -I../../../src/libcode/vx_python3_utils -I../../../src/libcode/vx_geodesy -I../../../src/libcode/vx_gis -I../../../src/libcode/vx_gnomon -I../../../src/libcode/vx_grid -I../../../src/libcode/vx_gsl_prob -I../../../src/libcode/vx_nav -I../../../src/libcode/vx_nc_obs -I../../../src/libcode/vx_nc_util -I../../../src/libcode/vx_pb_util -I../../../src/libcode/vx_plot_util -I../../../src/libcode/vx_ps -I../../../src/libcode/vx_pxm -I../../../src/libcode/vx_render -I../../../src/libcode/vx_regrid -I../../../src/libcode/vx_shapedata -I../../../src/libcode/vx_solar -I../../../src/libcode/vx_statistics -I../../../src/libcode/vx_stat_out -I../../../src/libcode/vx_summary -I../../../src/libcode/vx_time_series -I../../../src/libcode/vx_series_data -I../../../src/libcode/vx_tc_util -I/home/hank.fisher/MET/external_libs/include -I/home/hank.fisher/MET9_0_1_nopython/external_libs/include -I/home/hank.fisher/MET9_0_1_nopython/external_libs/include -I/home/hank.fisher/MET9_0_1_nopython/external_libs/include -I/home/hank.fisher/MET9_0_1_nopython/external_libs/include -I/home/hank.fisher/MET9_0_1_nopython/external_libs/include -I/home/hank.fisher/MET9_0_1_nopython/external_libs/include -DBLOCK4 -DWITH_GRIB2 -DMET_BASE="\"/home/hank.fisher/MET9_0_1_nopython/share/met\""  -g -MT libvx_gsl_prob_a-gsl_statistics.o -MD -MP -MF .deps/libvx_gsl_prob_a-gsl_statistics.Tpo -c -o libvx_gsl_prob_a-gsl_statistics.o `test -f 'gsl_statistics.cc' || echo './'`gsl_statistics.cc
mv -f .deps/libvx_gsl_prob_a-gsl_statistics.Tpo .deps/libvx_gsl_prob_a-gsl_statistics.Po
/bin/g++ -DHAVE_CONFIG_H -I. -I../../..  -I../../../src/basic/vx_cal -I../../../src/basic/vx_config -I../../../src/basic/vx_log -I../../../src/basic/vx_math -I../../../src/basic/vx_util -I../../../src/libcode/vx_afm -I../../../src/libcode/vx_analysis_util -I../../../src/libcode/vx_color -I../../../src/libcode/vx_data2d -I../../../src/libcode/vx_data2d_factory -I../../../src/libcode/vx_data2d_grib -I../../../src/libcode/vx_data2d_grib2 -I../../../src/libcode/vx_data2d_nccf -I../../../src/libcode/vx_data2d_nc_met -I../../../src/libcode/vx_data2d_nc_pinterp -I../../../src/libcode/vx_data2d_python -I../../../src/libcode/vx_python3_utils -I../../../src/libcode/vx_geodesy -I../../../src/libcode/vx_gis -I../../../src/libcode/vx_gnomon -I../../../src/libcode/vx_grid -I../../../src/libcode/vx_gsl_prob -I../../../src/libcode/vx_nav -I../../../src/libcode/vx_nc_obs -I../../../src/libcode/vx_nc_util -I../../../src/libcode/vx_pb_util -I../../../src/libcode/vx_plot_util -I../../../src/libcode/vx_ps -I../../../src/libcode/vx_pxm -I../../../src/libcode/vx_render -I../../../src/libcode/vx_regrid -I../../../src/libcode/vx_shapedata -I../../../src/libcode/vx_solar -I../../../src/libcode/vx_statistics -I../../../src/libcode/vx_stat_out -I../../../src/libcode/vx_summary -I../../../src/libcode/vx_time_series -I../../../src/libcode/vx_series_data -I../../../src/libcode/vx_tc_util -I/home/hank.fisher/MET/external_libs/include -I/home/hank.fisher/MET9_0_1_nopython/external_libs/include -I/home/hank.fisher/MET9_0_1_nopython/external_libs/include -I/home/hank.fisher/MET9_0_1_nopython/external_libs/include -I/home/hank.fisher/MET9_0_1_nopython/external_libs/include -I/home/hank.fisher/MET9_0_1_nopython/external_libs/include -I/home/hank.fisher/MET9_0_1_nopython/external_libs/include -DBLOCK4 -DWITH_GRIB2 -DMET_BASE="\"/home/hank.fisher/MET9_0_1_nopython/share/met\""  -g -MT libvx_gsl_prob_a-gsl_wavelet2d.o -MD -MP -MF .deps/libvx_gsl_prob_a-gsl_wavelet2d.Tpo -c -o libvx_gsl_prob_a-gsl_wavelet2d.o `test -f 'gsl_wavelet2d.cc' || echo './'`gsl_wavelet2d.cc
mv -f .deps/libvx_gsl_prob_a-gsl_wavelet2d.Tpo .deps/libvx_gsl_prob_a-gsl_wavelet2d.Po
rm -f libvx_gsl_prob.a
ar cru libvx_gsl_prob.a libvx_gsl_prob_a-gsl_bvn.o libvx_gsl_prob_a-gsl_cdf.o libvx_gsl_prob_a-gsl_randist.o libvx_gsl_prob_a-gsl_statistics.o libvx_gsl_prob_a-gsl_wavelet2d.o 
ranlib libvx_gsl_prob.a
make[4]: Leaving directory `/home/hank.fisher/MET9_0_1_nopython/met-9.0.1/src/libcode/vx_gsl_prob'
Making all in vx_gnomon
make[4]: Entering directory `/home/hank.fisher/MET9_0_1_nopython/met-9.0.1/src/libcode/vx_gnomon'
/bin/g++ -DHAVE_CONFIG_H -I. -I../../..  -I../../../src/basic/vx_cal -I../../../src/basic/vx_config -I../../../src/basic/vx_log -I../../../src/basic/vx_math -I../../../src/basic/vx_util -I../../../src/libcode/vx_afm -I../../../src/libcode/vx_analysis_util -I../../../src/libcode/vx_color -I../../../src/libcode/vx_data2d -I../../../src/libcode/vx_data2d_factory -I../../../src/libcode/vx_data2d_grib -I../../../src/libcode/vx_data2d_grib2 -I../../../src/libcode/vx_data2d_nccf -I../../../src/libcode/vx_data2d_nc_met -I../../../src/libcode/vx_data2d_nc_pinterp -I../../../src/libcode/vx_data2d_python -I../../../src/libcode/vx_python3_utils -I../../../src/libcode/vx_geodesy -I../../../src/libcode/vx_gis -I../../../src/libcode/vx_gnomon -I../../../src/libcode/vx_grid -I../../../src/libcode/vx_gsl_prob -I../../../src/libcode/vx_nav -I../../../src/libcode/vx_nc_obs -I../../../src/libcode/vx_nc_util -I../../../src/libcode/vx_pb_util -I../../../src/libcode/vx_plot_util -I../../../src/libcode/vx_ps -I../../../src/libcode/vx_pxm -I../../../src/libcode/vx_render -I../../../src/libcode/vx_regrid -I../../../src/libcode/vx_shapedata -I../../../src/libcode/vx_solar -I../../../src/libcode/vx_statistics -I../../../src/libcode/vx_stat_out -I../../../src/libcode/vx_summary -I../../../src/libcode/vx_time_series -I../../../src/libcode/vx_series_data -I../../../src/libcode/vx_tc_util -I/home/hank.fisher/MET/external_libs/include -I/home/hank.fisher/MET9_0_1_nopython/external_libs/include -I/home/hank.fisher/MET9_0_1_nopython/external_libs/include -I/home/hank.fisher/MET9_0_1_nopython/external_libs/include -I/home/hank.fisher/MET9_0_1_nopython/external_libs/include -I/home/hank.fisher/MET9_0_1_nopython/external_libs/include -I/home/hank.fisher/MET9_0_1_nopython/external_libs/include -DBLOCK4 -DWITH_GRIB2 -DMET_BASE="\"/home/hank.fisher/MET9_0_1_nopython/share/met\""  -g -MT libvx_gnomon_a-gnomon.o -MD -MP -MF .deps/libvx_gnomon_a-gnomon.Tpo -c -o libvx_gnomon_a-gnomon.o `test -f 'gnomon.cc' || echo './'`gnomon.cc
mv -f .deps/libvx_gnomon_a-gnomon.Tpo .deps/libvx_gnomon_a-gnomon.Po
rm -f libvx_gnomon.a
ar cru libvx_gnomon.a libvx_gnomon_a-gnomon.o 
ranlib libvx_gnomon.a
make[4]: Leaving directory `/home/hank.fisher/MET9_0_1_nopython/met-9.0.1/src/libcode/vx_gnomon'
Making all in vx_geodesy
make[4]: Entering directory `/home/hank.fisher/MET9_0_1_nopython/met-9.0.1/src/libcode/vx_geodesy'
/bin/g++ -DHAVE_CONFIG_H -I. -I../../..  -I../../../src/basic/vx_cal -I../../../src/basic/vx_config -I../../../src/basic/vx_log -I../../../src/basic/vx_math -I../../../src/basic/vx_util -I../../../src/libcode/vx_afm -I../../../src/libcode/vx_analysis_util -I../../../src/libcode/vx_color -I../../../src/libcode/vx_data2d -I../../../src/libcode/vx_data2d_factory -I../../../src/libcode/vx_data2d_grib -I../../../src/libcode/vx_data2d_grib2 -I../../../src/libcode/vx_data2d_nccf -I../../../src/libcode/vx_data2d_nc_met -I../../../src/libcode/vx_data2d_nc_pinterp -I../../../src/libcode/vx_data2d_python -I../../../src/libcode/vx_python3_utils -I../../../src/libcode/vx_geodesy -I../../../src/libcode/vx_gis -I../../../src/libcode/vx_gnomon -I../../../src/libcode/vx_grid -I../../../src/libcode/vx_gsl_prob -I../../../src/libcode/vx_nav -I../../../src/libcode/vx_nc_obs -I../../../src/libcode/vx_nc_util -I../../../src/libcode/vx_pb_util -I../../../src/libcode/vx_plot_util -I../../../src/libcode/vx_ps -I../../../src/libcode/vx_pxm -I../../../src/libcode/vx_render -I../../../src/libcode/vx_regrid -I../../../src/libcode/vx_shapedata -I../../../src/libcode/vx_solar -I../../../src/libcode/vx_statistics -I../../../src/libcode/vx_stat_out -I../../../src/libcode/vx_summary -I../../../src/libcode/vx_time_series -I../../../src/libcode/vx_series_data -I../../../src/libcode/vx_tc_util -I/home/hank.fisher/MET/external_libs/include -I/home/hank.fisher/MET9_0_1_nopython/external_libs/include -I/home/hank.fisher/MET9_0_1_nopython/external_libs/include -I/home/hank.fisher/MET9_0_1_nopython/external_libs/include -I/home/hank.fisher/MET9_0_1_nopython/external_libs/include -I/home/hank.fisher/MET9_0_1_nopython/external_libs/include -I/home/hank.fisher/MET9_0_1_nopython/external_libs/include -DBLOCK4 -DWITH_GRIB2 -DMET_BASE="\"/home/hank.fisher/MET9_0_1_nopython/share/met\""  -g -MT libvx_geodesy_a-spheroid.o -MD -MP -MF .deps/libvx_geodesy_a-spheroid.Tpo -c -o libvx_geodesy_a-spheroid.o `test -f 'spheroid.cc' || echo './'`spheroid.cc
mv -f .deps/libvx_geodesy_a-spheroid.Tpo .deps/libvx_geodesy_a-spheroid.Po
rm -f libvx_geodesy.a
ar cru libvx_geodesy.a libvx_geodesy_a-spheroid.o 
ranlib libvx_geodesy.a
make[4]: Leaving directory `/home/hank.fisher/MET9_0_1_nopython/met-9.0.1/src/libcode/vx_geodesy'
Making all in vx_gis
make[4]: Entering directory `/home/hank.fisher/MET9_0_1_nopython/met-9.0.1/src/libcode/vx_gis'
/bin/g++ -DHAVE_CONFIG_H -I. -I../../..  -I../../../src/basic/vx_cal -I../../../src/basic/vx_config -I../../../src/basic/vx_log -I../../../src/basic/vx_math -I../../../src/basic/vx_util -I../../../src/libcode/vx_afm -I../../../src/libcode/vx_analysis_util -I../../../src/libcode/vx_color -I../../../src/libcode/vx_data2d -I../../../src/libcode/vx_data2d_factory -I../../../src/libcode/vx_data2d_grib -I../../../src/libcode/vx_data2d_grib2 -I../../../src/libcode/vx_data2d_nccf -I../../../src/libcode/vx_data2d_nc_met -I../../../src/libcode/vx_data2d_nc_pinterp -I../../../src/libcode/vx_data2d_python -I../../../src/libcode/vx_python3_utils -I../../../src/libcode/vx_geodesy -I../../../src/libcode/vx_gis -I../../../src/libcode/vx_gnomon -I../../../src/libcode/vx_grid -I../../../src/libcode/vx_gsl_prob -I../../../src/libcode/vx_nav -I../../../src/libcode/vx_nc_obs -I../../../src/libcode/vx_nc_util -I../../../src/libcode/vx_pb_util -I../../../src/libcode/vx_plot_util -I../../../src/libcode/vx_ps -I../../../src/libcode/vx_pxm -I../../../src/libcode/vx_render -I../../../src/libcode/vx_regrid -I../../../src/libcode/vx_shapedata -I../../../src/libcode/vx_solar -I../../../src/libcode/vx_statistics -I../../../src/libcode/vx_stat_out -I../../../src/libcode/vx_summary -I../../../src/libcode/vx_time_series -I../../../src/libcode/vx_series_data -I../../../src/libcode/vx_tc_util -I/home/hank.fisher/MET/external_libs/include -I/home/hank.fisher/MET9_0_1_nopython/external_libs/include -I/home/hank.fisher/MET9_0_1_nopython/external_libs/include -I/home/hank.fisher/MET9_0_1_nopython/external_libs/include -I/home/hank.fisher/MET9_0_1_nopython/external_libs/include -I/home/hank.fisher/MET9_0_1_nopython/external_libs/include -I/home/hank.fisher/MET9_0_1_nopython/external_libs/include -DBLOCK4 -DWITH_GRIB2 -DMET_BASE="\"/home/hank.fisher/MET9_0_1_nopython/share/met\""  -g -MT libvx_gis_a-shapetype_to_string.o -MD -MP -MF .deps/libvx_gis_a-shapetype_to_string.Tpo -c -o libvx_gis_a-shapetype_to_string.o `test -f 'shapetype_to_string.cc' || echo './'`shapetype_to_string.cc
mv -f .deps/libvx_gis_a-shapetype_to_string.Tpo .deps/libvx_gis_a-shapetype_to_string.Po
/bin/g++ -DHAVE_CONFIG_H -I. -I../../..  -I../../../src/basic/vx_cal -I../../../src/basic/vx_config -I../../../src/basic/vx_log -I../../../src/basic/vx_math -I../../../src/basic/vx_util -I../../../src/libcode/vx_afm -I../../../src/libcode/vx_analysis_util -I../../../src/libcode/vx_color -I../../../src/libcode/vx_data2d -I../../../src/libcode/vx_data2d_factory -I../../../src/libcode/vx_data2d_grib -I../../../src/libcode/vx_data2d_grib2 -I../../../src/libcode/vx_data2d_nccf -I../../../src/libcode/vx_data2d_nc_met -I../../../src/libcode/vx_data2d_nc_pinterp -I../../../src/libcode/vx_data2d_python -I../../../src/libcode/vx_python3_utils -I../../../src/libcode/vx_geodesy -I../../../src/libcode/vx_gis -I../../../src/libcode/vx_gnomon -I../../../src/libcode/vx_grid -I../../../src/libcode/vx_gsl_prob -I../../../src/libcode/vx_nav -I../../../src/libcode/vx_nc_obs -I../../../src/libcode/vx_nc_util -I../../../src/libcode/vx_pb_util -I../../../src/libcode/vx_plot_util -I../../../src/libcode/vx_ps -I../../../src/libcode/vx_pxm -I../../../src/libcode/vx_render -I../../../src/libcode/vx_regrid -I../../../src/libcode/vx_shapedata -I../../../src/libcode/vx_solar -I../../../src/libcode/vx_statistics -I../../../src/libcode/vx_stat_out -I../../../src/libcode/vx_summary -I../../../src/libcode/vx_time_series -I../../../src/libcode/vx_series_data -I../../../src/libcode/vx_tc_util -I/home/hank.fisher/MET/external_libs/include -I/home/hank.fisher/MET9_0_1_nopython/external_libs/include -I/home/hank.fisher/MET9_0_1_nopython/external_libs/include -I/home/hank.fisher/MET9_0_1_nopython/external_libs/include -I/home/hank.fisher/MET9_0_1_nopython/external_libs/include -I/home/hank.fisher/MET9_0_1_nopython/external_libs/include -I/home/hank.fisher/MET9_0_1_nopython/external_libs/include -DBLOCK4 -DWITH_GRIB2 -DMET_BASE="\"/home/hank.fisher/MET9_0_1_nopython/share/met\""  -g -MT libvx_gis_a-dbf_file.o -MD -MP -MF .deps/libvx_gis_a-dbf_file.Tpo -c -o libvx_gis_a-dbf_file.o `test -f 'dbf_file.cc' || echo './'`dbf_file.cc
mv -f .deps/libvx_gis_a-dbf_file.Tpo .deps/libvx_gis_a-dbf_file.Po
/bin/g++ -DHAVE_CONFIG_H -I. -I../../..  -I../../../src/basic/vx_cal -I../../../src/basic/vx_config -I../../../src/basic/vx_log -I../../../src/basic/vx_math -I../../../src/basic/vx_util -I../../../src/libcode/vx_afm -I../../../src/libcode/vx_analysis_util -I../../../src/libcode/vx_color -I../../../src/libcode/vx_data2d -I../../../src/libcode/vx_data2d_factory -I../../../src/libcode/vx_data2d_grib -I../../../src/libcode/vx_data2d_grib2 -I../../../src/libcode/vx_data2d_nccf -I../../../src/libcode/vx_data2d_nc_met -I../../../src/libcode/vx_data2d_nc_pinterp -I../../../src/libcode/vx_data2d_python -I../../../src/libcode/vx_python3_utils -I../../../src/libcode/vx_geodesy -I../../../src/libcode/vx_gis -I../../../src/libcode/vx_gnomon -I../../../src/libcode/vx_grid -I../../../src/libcode/vx_gsl_prob -I../../../src/libcode/vx_nav -I../../../src/libcode/vx_nc_obs -I../../../src/libcode/vx_nc_util -I../../../src/libcode/vx_pb_util -I../../../src/libcode/vx_plot_util -I../../../src/libcode/vx_ps -I../../../src/libcode/vx_pxm -I../../../src/libcode/vx_render -I../../../src/libcode/vx_regrid -I../../../src/libcode/vx_shapedata -I../../../src/libcode/vx_solar -I../../../src/libcode/vx_statistics -I../../../src/libcode/vx_stat_out -I../../../src/libcode/vx_summary -I../../../src/libcode/vx_time_series -I../../../src/libcode/vx_series_data -I../../../src/libcode/vx_tc_util -I/home/hank.fisher/MET/external_libs/include -I/home/hank.fisher/MET9_0_1_nopython/external_libs/include -I/home/hank.fisher/MET9_0_1_nopython/external_libs/include -I/home/hank.fisher/MET9_0_1_nopython/external_libs/include -I/home/hank.fisher/MET9_0_1_nopython/external_libs/include -I/home/hank.fisher/MET9_0_1_nopython/external_libs/include -I/home/hank.fisher/MET9_0_1_nopython/external_libs/include -DBLOCK4 -DWITH_GRIB2 -DMET_BASE="\"/home/hank.fisher/MET9_0_1_nopython/share/met\""  -g -MT libvx_gis_a-shp_file.o -MD -MP -MF .deps/libvx_gis_a-shp_file.Tpo -c -o libvx_gis_a-shp_file.o `test -f 'shp_file.cc' || echo './'`shp_file.cc
mv -f .deps/libvx_gis_a-shp_file.Tpo .deps/libvx_gis_a-shp_file.Po
/bin/g++ -DHAVE_CONFIG_H -I. -I../../..  -I../../../src/basic/vx_cal -I../../../src/basic/vx_config -I../../../src/basic/vx_log -I../../../src/basic/vx_math -I../../../src/basic/vx_util -I../../../src/libcode/vx_afm -I../../../src/libcode/vx_analysis_util -I../../../src/libcode/vx_color -I../../../src/libcode/vx_data2d -I../../../src/libcode/vx_data2d_factory -I../../../src/libcode/vx_data2d_grib -I../../../src/libcode/vx_data2d_grib2 -I../../../src/libcode/vx_data2d_nccf -I../../../src/libcode/vx_data2d_nc_met -I../../../src/libcode/vx_data2d_nc_pinterp -I../../../src/libcode/vx_data2d_python -I../../../src/libcode/vx_python3_utils -I../../../src/libcode/vx_geodesy -I../../../src/libcode/vx_gis -I../../../src/libcode/vx_gnomon -I../../../src/libcode/vx_grid -I../../../src/libcode/vx_gsl_prob -I../../../src/libcode/vx_nav -I../../../src/libcode/vx_nc_obs -I../../../src/libcode/vx_nc_util -I../../../src/libcode/vx_pb_util -I../../../src/libcode/vx_plot_util -I../../../src/libcode/vx_ps -I../../../src/libcode/vx_pxm -I../../../src/libcode/vx_render -I../../../src/libcode/vx_regrid -I../../../src/libcode/vx_shapedata -I../../../src/libcode/vx_solar -I../../../src/libcode/vx_statistics -I../../../src/libcode/vx_stat_out -I../../../src/libcode/vx_summary -I../../../src/libcode/vx_time_series -I../../../src/libcode/vx_series_data -I../../../src/libcode/vx_tc_util -I/home/hank.fisher/MET/external_libs/include -I/home/hank.fisher/MET9_0_1_nopython/external_libs/include -I/home/hank.fisher/MET9_0_1_nopython/external_libs/include -I/home/hank.fisher/MET9_0_1_nopython/external_libs/include -I/home/hank.fisher/MET9_0_1_nopython/external_libs/include -I/home/hank.fisher/MET9_0_1_nopython/external_libs/include -I/home/hank.fisher/MET9_0_1_nopython/external_libs/include -DBLOCK4 -DWITH_GRIB2 -DMET_BASE="\"/home/hank.fisher/MET9_0_1_nopython/share/met\""  -g -MT libvx_gis_a-shp_point_record.o -MD -MP -MF .deps/libvx_gis_a-shp_point_record.Tpo -c -o libvx_gis_a-shp_point_record.o `test -f 'shp_point_record.cc' || echo './'`shp_point_record.cc
mv -f .deps/libvx_gis_a-shp_point_record.Tpo .deps/libvx_gis_a-shp_point_record.Po
/bin/g++ -DHAVE_CONFIG_H -I. -I../../..  -I../../../src/basic/vx_cal -I../../../src/basic/vx_config -I../../../src/basic/vx_log -I../../../src/basic/vx_math -I../../../src/basic/vx_util -I../../../src/libcode/vx_afm -I../../../src/libcode/vx_analysis_util -I../../../src/libcode/vx_color -I../../../src/libcode/vx_data2d -I../../../src/libcode/vx_data2d_factory -I../../../src/libcode/vx_data2d_grib -I../../../src/libcode/vx_data2d_grib2 -I../../../src/libcode/vx_data2d_nccf -I../../../src/libcode/vx_data2d_nc_met -I../../../src/libcode/vx_data2d_nc_pinterp -I../../../src/libcode/vx_data2d_python -I../../../src/libcode/vx_python3_utils -I../../../src/libcode/vx_geodesy -I../../../src/libcode/vx_gis -I../../../src/libcode/vx_gnomon -I../../../src/libcode/vx_grid -I../../../src/libcode/vx_gsl_prob -I../../../src/libcode/vx_nav -I../../../src/libcode/vx_nc_obs -I../../../src/libcode/vx_nc_util -I../../../src/libcode/vx_pb_util -I../../../src/libcode/vx_plot_util -I../../../src/libcode/vx_ps -I../../../src/libcode/vx_pxm -I../../../src/libcode/vx_render -I../../../src/libcode/vx_regrid -I../../../src/libcode/vx_shapedata -I../../../src/libcode/vx_solar -I../../../src/libcode/vx_statistics -I../../../src/libcode/vx_stat_out -I../../../src/libcode/vx_summary -I../../../src/libcode/vx_time_series -I../../../src/libcode/vx_series_data -I../../../src/libcode/vx_tc_util -I/home/hank.fisher/MET/external_libs/include -I/home/hank.fisher/MET9_0_1_nopython/external_libs/include -I/home/hank.fisher/MET9_0_1_nopython/external_libs/include -I/home/hank.fisher/MET9_0_1_nopython/external_libs/include -I/home/hank.fisher/MET9_0_1_nopython/external_libs/include -I/home/hank.fisher/MET9_0_1_nopython/external_libs/include -I/home/hank.fisher/MET9_0_1_nopython/external_libs/include -DBLOCK4 -DWITH_GRIB2 -DMET_BASE="\"/home/hank.fisher/MET9_0_1_nopython/share/met\""  -g -MT libvx_gis_a-shp_poly_record.o -MD -MP -MF .deps/libvx_gis_a-shp_poly_record.Tpo -c -o libvx_gis_a-shp_poly_record.o `test -f 'shp_poly_record.cc' || echo './'`shp_poly_record.cc
mv -f .deps/libvx_gis_a-shp_poly_record.Tpo .deps/libvx_gis_a-shp_poly_record.Po
/bin/g++ -DHAVE_CONFIG_H -I. -I../../..  -I../../../src/basic/vx_cal -I../../../src/basic/vx_config -I../../../src/basic/vx_log -I../../../src/basic/vx_math -I../../../src/basic/vx_util -I../../../src/libcode/vx_afm -I../../../src/libcode/vx_analysis_util -I../../../src/libcode/vx_color -I../../../src/libcode/vx_data2d -I../../../src/libcode/vx_data2d_factory -I../../../src/libcode/vx_data2d_grib -I../../../src/libcode/vx_data2d_grib2 -I../../../src/libcode/vx_data2d_nccf -I../../../src/libcode/vx_data2d_nc_met -I../../../src/libcode/vx_data2d_nc_pinterp -I../../../src/libcode/vx_data2d_python -I../../../src/libcode/vx_python3_utils -I../../../src/libcode/vx_geodesy -I../../../src/libcode/vx_gis -I../../../src/libcode/vx_gnomon -I../../../src/libcode/vx_grid -I../../../src/libcode/vx_gsl_prob -I../../../src/libcode/vx_nav -I../../../src/libcode/vx_nc_obs -I../../../src/libcode/vx_nc_util -I../../../src/libcode/vx_pb_util -I../../../src/libcode/vx_plot_util -I../../../src/libcode/vx_ps -I../../../src/libcode/vx_pxm -I../../../src/libcode/vx_render -I../../../src/libcode/vx_regrid -I../../../src/libcode/vx_shapedata -I../../../src/libcode/vx_solar -I../../../src/libcode/vx_statistics -I../../../src/libcode/vx_stat_out -I../../../src/libcode/vx_summary -I../../../src/libcode/vx_time_series -I../../../src/libcode/vx_series_data -I../../../src/libcode/vx_tc_util -I/home/hank.fisher/MET/external_libs/include -I/home/hank.fisher/MET9_0_1_nopython/external_libs/include -I/home/hank.fisher/MET9_0_1_nopython/external_libs/include -I/home/hank.fisher/MET9_0_1_nopython/external_libs/include -I/home/hank.fisher/MET9_0_1_nopython/external_libs/include -I/home/hank.fisher/MET9_0_1_nopython/external_libs/include -I/home/hank.fisher/MET9_0_1_nopython/external_libs/include -DBLOCK4 -DWITH_GRIB2 -DMET_BASE="\"/home/hank.fisher/MET9_0_1_nopython/share/met\""  -g -MT libvx_gis_a-shx_file.o -MD -MP -MF .deps/libvx_gis_a-shx_file.Tpo -c -o libvx_gis_a-shx_file.o `test -f 'shx_file.cc' || echo './'`shx_file.cc
mv -f .deps/libvx_gis_a-shx_file.Tpo .deps/libvx_gis_a-shx_file.Po
rm -f libvx_gis.a
ar cru libvx_gis.a libvx_gis_a-shapetype_to_string.o libvx_gis_a-dbf_file.o libvx_gis_a-shp_file.o libvx_gis_a-shp_point_record.o libvx_gis_a-shp_poly_record.o libvx_gis_a-shx_file.o 
ranlib libvx_gis.a
make[4]: Leaving directory `/home/hank.fisher/MET9_0_1_nopython/met-9.0.1/src/libcode/vx_gis'
Making all in vx_nav
make[4]: Entering directory `/home/hank.fisher/MET9_0_1_nopython/met-9.0.1/src/libcode/vx_nav'
/bin/g++ -DHAVE_CONFIG_H -I. -I../../..  -I../../../src/basic/vx_cal -I../../../src/basic/vx_config -I../../../src/basic/vx_log -I../../../src/basic/vx_math -I../../../src/basic/vx_util -I../../../src/libcode/vx_afm -I../../../src/libcode/vx_analysis_util -I../../../src/libcode/vx_color -I../../../src/libcode/vx_data2d -I../../../src/libcode/vx_data2d_factory -I../../../src/libcode/vx_data2d_grib -I../../../src/libcode/vx_data2d_grib2 -I../../../src/libcode/vx_data2d_nccf -I../../../src/libcode/vx_data2d_nc_met -I../../../src/libcode/vx_data2d_nc_pinterp -I../../../src/libcode/vx_data2d_python -I../../../src/libcode/vx_python3_utils -I../../../src/libcode/vx_geodesy -I../../../src/libcode/vx_gis -I../../../src/libcode/vx_gnomon -I../../../src/libcode/vx_grid -I../../../src/libcode/vx_gsl_prob -I../../../src/libcode/vx_nav -I../../../src/libcode/vx_nc_obs -I../../../src/libcode/vx_nc_util -I../../../src/libcode/vx_pb_util -I../../../src/libcode/vx_plot_util -I../../../src/libcode/vx_ps -I../../../src/libcode/vx_pxm -I../../../src/libcode/vx_render -I../../../src/libcode/vx_regrid -I../../../src/libcode/vx_shapedata -I../../../src/libcode/vx_solar -I../../../src/libcode/vx_statistics -I../../../src/libcode/vx_stat_out -I../../../src/libcode/vx_summary -I../../../src/libcode/vx_time_series -I../../../src/libcode/vx_series_data -I../../../src/libcode/vx_tc_util -I/home/hank.fisher/MET/external_libs/include -I/home/hank.fisher/MET9_0_1_nopython/external_libs/include -I/home/hank.fisher/MET9_0_1_nopython/external_libs/include -I/home/hank.fisher/MET9_0_1_nopython/external_libs/include -I/home/hank.fisher/MET9_0_1_nopython/external_libs/include -I/home/hank.fisher/MET9_0_1_nopython/external_libs/include -I/home/hank.fisher/MET9_0_1_nopython/external_libs/include -DBLOCK4 -DWITH_GRIB2 -DMET_BASE="\"/home/hank.fisher/MET9_0_1_nopython/share/met\""  -g -MT libvx_nav_a-nav.o -MD -MP -MF .deps/libvx_nav_a-nav.Tpo -c -o libvx_nav_a-nav.o `test -f 'nav.cc' || echo './'`nav.cc
mv -f .deps/libvx_nav_a-nav.Tpo .deps/libvx_nav_a-nav.Po
rm -f libvx_nav.a
ar cru libvx_nav.a libvx_nav_a-nav.o 
ranlib libvx_nav.a
make[4]: Leaving directory `/home/hank.fisher/MET9_0_1_nopython/met-9.0.1/src/libcode/vx_nav'
Making all in vx_pb_util
make[4]: Entering directory `/home/hank.fisher/MET9_0_1_nopython/met-9.0.1/src/libcode/vx_pb_util'
/bin/g++ -DHAVE_CONFIG_H -I. -I../../..  -I../../../src/basic/vx_cal -I../../../src/basic/vx_config -I../../../src/basic/vx_log -I../../../src/basic/vx_math -I../../../src/basic/vx_util -I../../../src/libcode/vx_afm -I../../../src/libcode/vx_analysis_util -I../../../src/libcode/vx_color -I../../../src/libcode/vx_data2d -I../../../src/libcode/vx_data2d_factory -I../../../src/libcode/vx_data2d_grib -I../../../src/libcode/vx_data2d_grib2 -I../../../src/libcode/vx_data2d_nccf -I../../../src/libcode/vx_data2d_nc_met -I../../../src/libcode/vx_data2d_nc_pinterp -I../../../src/libcode/vx_data2d_python -I../../../src/libcode/vx_python3_utils -I../../../src/libcode/vx_geodesy -I../../../src/libcode/vx_gis -I../../../src/libcode/vx_gnomon -I../../../src/libcode/vx_grid -I../../../src/libcode/vx_gsl_prob -I../../../src/libcode/vx_nav -I../../../src/libcode/vx_nc_obs -I../../../src/libcode/vx_nc_util -I../../../src/libcode/vx_pb_util -I../../../src/libcode/vx_plot_util -I../../../src/libcode/vx_ps -I../../../src/libcode/vx_pxm -I../../../src/libcode/vx_render -I../../../src/libcode/vx_regrid -I../../../src/libcode/vx_shapedata -I../../../src/libcode/vx_solar -I../../../src/libcode/vx_statistics -I../../../src/libcode/vx_stat_out -I../../../src/libcode/vx_summary -I../../../src/libcode/vx_time_series -I../../../src/libcode/vx_series_data -I../../../src/libcode/vx_tc_util -I/home/hank.fisher/MET/external_libs/include -I/home/hank.fisher/MET9_0_1_nopython/external_libs/include -I/home/hank.fisher/MET9_0_1_nopython/external_libs/include -I/home/hank.fisher/MET9_0_1_nopython/external_libs/include -I/home/hank.fisher/MET9_0_1_nopython/external_libs/include -I/home/hank.fisher/MET9_0_1_nopython/external_libs/include -I/home/hank.fisher/MET9_0_1_nopython/external_libs/include -DBLOCK4 -DWITH_GRIB2 -DMET_BASE="\"/home/hank.fisher/MET9_0_1_nopython/share/met\""  -g -MT libvx_pb_util_a-pblock.o -MD -MP -MF .deps/libvx_pb_util_a-pblock.Tpo -c -o libvx_pb_util_a-pblock.o `test -f 'pblock.cc' || echo './'`pblock.cc
mv -f .deps/libvx_pb_util_a-pblock.Tpo .deps/libvx_pb_util_a-pblock.Po
/bin/g++ -DHAVE_CONFIG_H -I. -I../../..  -I../../../src/basic/vx_cal -I../../../src/basic/vx_config -I../../../src/basic/vx_log -I../../../src/basic/vx_math -I../../../src/basic/vx_util -I../../../src/libcode/vx_afm -I../../../src/libcode/vx_analysis_util -I../../../src/libcode/vx_color -I../../../src/libcode/vx_data2d -I../../../src/libcode/vx_data2d_factory -I../../../src/libcode/vx_data2d_grib -I../../../src/libcode/vx_data2d_grib2 -I../../../src/libcode/vx_data2d_nccf -I../../../src/libcode/vx_data2d_nc_met -I../../../src/libcode/vx_data2d_nc_pinterp -I../../../src/libcode/vx_data2d_python -I../../../src/libcode/vx_python3_utils -I../../../src/libcode/vx_geodesy -I../../../src/libcode/vx_gis -I../../../src/libcode/vx_gnomon -I../../../src/libcode/vx_grid -I../../../src/libcode/vx_gsl_prob -I../../../src/libcode/vx_nav -I../../../src/libcode/vx_nc_obs -I../../../src/libcode/vx_nc_util -I../../../src/libcode/vx_pb_util -I../../../src/libcode/vx_plot_util -I../../../src/libcode/vx_ps -I../../../src/libcode/vx_pxm -I../../../src/libcode/vx_render -I../../../src/libcode/vx_regrid -I../../../src/libcode/vx_shapedata -I../../../src/libcode/vx_solar -I../../../src/libcode/vx_statistics -I../../../src/libcode/vx_stat_out -I../../../src/libcode/vx_summary -I../../../src/libcode/vx_time_series -I../../../src/libcode/vx_series_data -I../../../src/libcode/vx_tc_util -I/home/hank.fisher/MET/external_libs/include -I/home/hank.fisher/MET9_0_1_nopython/external_libs/include -I/home/hank.fisher/MET9_0_1_nopython/external_libs/include -I/home/hank.fisher/MET9_0_1_nopython/external_libs/include -I/home/hank.fisher/MET9_0_1_nopython/external_libs/include -I/home/hank.fisher/MET9_0_1_nopython/external_libs/include -I/home/hank.fisher/MET9_0_1_nopython/external_libs/include -DBLOCK4 -DWITH_GRIB2 -DMET_BASE="\"/home/hank.fisher/MET9_0_1_nopython/share/met\""  -g -MT libvx_pb_util_a-do_blocking.o -MD -MP -MF .deps/libvx_pb_util_a-do_blocking.Tpo -c -o libvx_pb_util_a-do_blocking.o `test -f 'do_blocking.cc' || echo './'`do_blocking.cc
mv -f .deps/libvx_pb_util_a-do_blocking.Tpo .deps/libvx_pb_util_a-do_blocking.Po
/bin/g++ -DHAVE_CONFIG_H -I. -I../../..  -I../../../src/basic/vx_cal -I../../../src/basic/vx_config -I../../../src/basic/vx_log -I../../../src/basic/vx_math -I../../../src/basic/vx_util -I../../../src/libcode/vx_afm -I../../../src/libcode/vx_analysis_util -I../../../src/libcode/vx_color -I../../../src/libcode/vx_data2d -I../../../src/libcode/vx_data2d_factory -I../../../src/libcode/vx_data2d_grib -I../../../src/libcode/vx_data2d_grib2 -I../../../src/libcode/vx_data2d_nccf -I../../../src/libcode/vx_data2d_nc_met -I../../../src/libcode/vx_data2d_nc_pinterp -I../../../src/libcode/vx_data2d_python -I../../../src/libcode/vx_python3_utils -I../../../src/libcode/vx_geodesy -I../../../src/libcode/vx_gis -I../../../src/libcode/vx_gnomon -I../../../src/libcode/vx_grid -I../../../src/libcode/vx_gsl_prob -I../../../src/libcode/vx_nav -I../../../src/libcode/vx_nc_obs -I../../../src/libcode/vx_nc_util -I../../../src/libcode/vx_pb_util -I../../../src/libcode/vx_plot_util -I../../../src/libcode/vx_ps -I../../../src/libcode/vx_pxm -I../../../src/libcode/vx_render -I../../../src/libcode/vx_regrid -I../../../src/libcode/vx_shapedata -I../../../src/libcode/vx_solar -I../../../src/libcode/vx_statistics -I../../../src/libcode/vx_stat_out -I../../../src/libcode/vx_summary -I../../../src/libcode/vx_time_series -I../../../src/libcode/vx_series_data -I../../../src/libcode/vx_tc_util -I/home/hank.fisher/MET/external_libs/include -I/home/hank.fisher/MET9_0_1_nopython/external_libs/include -I/home/hank.fisher/MET9_0_1_nopython/external_libs/include -I/home/hank.fisher/MET9_0_1_nopython/external_libs/include -I/home/hank.fisher/MET9_0_1_nopython/external_libs/include -I/home/hank.fisher/MET9_0_1_nopython/external_libs/include -I/home/hank.fisher/MET9_0_1_nopython/external_libs/include -DBLOCK4 -DWITH_GRIB2 -DMET_BASE="\"/home/hank.fisher/MET9_0_1_nopython/share/met\""  -g -MT libvx_pb_util_a-do_unblocking.o -MD -MP -MF .deps/libvx_pb_util_a-do_unblocking.Tpo -c -o libvx_pb_util_a-do_unblocking.o `test -f 'do_unblocking.cc' || echo './'`do_unblocking.cc
mv -f .deps/libvx_pb_util_a-do_unblocking.Tpo .deps/libvx_pb_util_a-do_unblocking.Po
/bin/g++ -DHAVE_CONFIG_H -I. -I../../..  -I../../../src/basic/vx_cal -I../../../src/basic/vx_config -I../../../src/basic/vx_log -I../../../src/basic/vx_math -I../../../src/basic/vx_util -I../../../src/libcode/vx_afm -I../../../src/libcode/vx_analysis_util -I../../../src/libcode/vx_color -I../../../src/libcode/vx_data2d -I../../../src/libcode/vx_data2d_factory -I../../../src/libcode/vx_data2d_grib -I../../../src/libcode/vx_data2d_grib2 -I../../../src/libcode/vx_data2d_nccf -I../../../src/libcode/vx_data2d_nc_met -I../../../src/libcode/vx_data2d_nc_pinterp -I../../../src/libcode/vx_data2d_python -I../../../src/libcode/vx_python3_utils -I../../../src/libcode/vx_geodesy -I../../../src/libcode/vx_gis -I../../../src/libcode/vx_gnomon -I../../../src/libcode/vx_grid -I../../../src/libcode/vx_gsl_prob -I../../../src/libcode/vx_nav -I../../../src/libcode/vx_nc_obs -I../../../src/libcode/vx_nc_util -I../../../src/libcode/vx_pb_util -I../../../src/libcode/vx_plot_util -I../../../src/libcode/vx_ps -I../../../src/libcode/vx_pxm -I../../../src/libcode/vx_render -I../../../src/libcode/vx_regrid -I../../../src/libcode/vx_shapedata -I../../../src/libcode/vx_solar -I../../../src/libcode/vx_statistics -I../../../src/libcode/vx_stat_out -I../../../src/libcode/vx_summary -I../../../src/libcode/vx_time_series -I../../../src/libcode/vx_series_data -I../../../src/libcode/vx_tc_util -I/home/hank.fisher/MET/external_libs/include -I/home/hank.fisher/MET9_0_1_nopython/external_libs/include -I/home/hank.fisher/MET9_0_1_nopython/external_libs/include -I/home/hank.fisher/MET9_0_1_nopython/external_libs/include -I/home/hank.fisher/MET9_0_1_nopython/external_libs/include -I/home/hank.fisher/MET9_0_1_nopython/external_libs/include -I/home/hank.fisher/MET9_0_1_nopython/external_libs/include -DBLOCK4 -DWITH_GRIB2 -DMET_BASE="\"/home/hank.fisher/MET9_0_1_nopython/share/met\""  -g -MT libvx_pb_util_a-copy_bytes.o -MD -MP -MF .deps/libvx_pb_util_a-copy_bytes.Tpo -c -o libvx_pb_util_a-copy_bytes.o `test -f 'copy_bytes.cc' || echo './'`copy_bytes.cc
mv -f .deps/libvx_pb_util_a-copy_bytes.Tpo .deps/libvx_pb_util_a-copy_bytes.Po
rm -f libvx_pb_util.a
ar cru libvx_pb_util.a libvx_pb_util_a-pblock.o libvx_pb_util_a-do_blocking.o libvx_pb_util_a-do_unblocking.o libvx_pb_util_a-copy_bytes.o 
ranlib libvx_pb_util.a
make[4]: Leaving directory `/home/hank.fisher/MET9_0_1_nopython/met-9.0.1/src/libcode/vx_pb_util'
Making all in vx_afm
make[4]: Entering directory `/home/hank.fisher/MET9_0_1_nopython/met-9.0.1/src/libcode/vx_afm'
/bin/g++ -DHAVE_CONFIG_H -I. -I../../..  -I../../../src/basic/vx_cal -I../../../src/basic/vx_config -I../../../src/basic/vx_log -I../../../src/basic/vx_math -I../../../src/basic/vx_util -I../../../src/libcode/vx_afm -I../../../src/libcode/vx_analysis_util -I../../../src/libcode/vx_color -I../../../src/libcode/vx_data2d -I../../../src/libcode/vx_data2d_factory -I../../../src/libcode/vx_data2d_grib -I../../../src/libcode/vx_data2d_grib2 -I../../../src/libcode/vx_data2d_nccf -I../../../src/libcode/vx_data2d_nc_met -I../../../src/libcode/vx_data2d_nc_pinterp -I../../../src/libcode/vx_data2d_python -I../../../src/libcode/vx_python3_utils -I../../../src/libcode/vx_geodesy -I../../../src/libcode/vx_gis -I../../../src/libcode/vx_gnomon -I../../../src/libcode/vx_grid -I../../../src/libcode/vx_gsl_prob -I../../../src/libcode/vx_nav -I../../../src/libcode/vx_nc_obs -I../../../src/libcode/vx_nc_util -I../../../src/libcode/vx_pb_util -I../../../src/libcode/vx_plot_util -I../../../src/libcode/vx_ps -I../../../src/libcode/vx_pxm -I../../../src/libcode/vx_render -I../../../src/libcode/vx_regrid -I../../../src/libcode/vx_shapedata -I../../../src/libcode/vx_solar -I../../../src/libcode/vx_statistics -I../../../src/libcode/vx_stat_out -I../../../src/libcode/vx_summary -I../../../src/libcode/vx_time_series -I../../../src/libcode/vx_series_data -I../../../src/libcode/vx_tc_util -I/home/hank.fisher/MET/external_libs/include -I/home/hank.fisher/MET9_0_1_nopython/external_libs/include -I/home/hank.fisher/MET9_0_1_nopython/external_libs/include -I/home/hank.fisher/MET9_0_1_nopython/external_libs/include -I/home/hank.fisher/MET9_0_1_nopython/external_libs/include -I/home/hank.fisher/MET9_0_1_nopython/external_libs/include -I/home/hank.fisher/MET9_0_1_nopython/external_libs/include -DBLOCK4 -DWITH_GRIB2 -DMET_BASE="\"/home/hank.fisher/MET9_0_1_nopython/share/met\""  -g -MT libvx_afm_a-afm.o -MD -MP -MF .deps/libvx_afm_a-afm.Tpo -c -o libvx_afm_a-afm.o `test -f 'afm.cc' || echo './'`afm.cc
mv -f .deps/libvx_afm_a-afm.Tpo .deps/libvx_afm_a-afm.Po
/bin/g++ -DHAVE_CONFIG_H -I. -I../../..  -I../../../src/basic/vx_cal -I../../../src/basic/vx_config -I../../../src/basic/vx_log -I../../../src/basic/vx_math -I../../../src/basic/vx_util -I../../../src/libcode/vx_afm -I../../../src/libcode/vx_analysis_util -I../../../src/libcode/vx_color -I../../../src/libcode/vx_data2d -I../../../src/libcode/vx_data2d_factory -I../../../src/libcode/vx_data2d_grib -I../../../src/libcode/vx_data2d_grib2 -I../../../src/libcode/vx_data2d_nccf -I../../../src/libcode/vx_data2d_nc_met -I../../../src/libcode/vx_data2d_nc_pinterp -I../../../src/libcode/vx_data2d_python -I../../../src/libcode/vx_python3_utils -I../../../src/libcode/vx_geodesy -I../../../src/libcode/vx_gis -I../../../src/libcode/vx_gnomon -I../../../src/libcode/vx_grid -I../../../src/libcode/vx_gsl_prob -I../../../src/libcode/vx_nav -I../../../src/libcode/vx_nc_obs -I../../../src/libcode/vx_nc_util -I../../../src/libcode/vx_pb_util -I../../../src/libcode/vx_plot_util -I../../../src/libcode/vx_ps -I../../../src/libcode/vx_pxm -I../../../src/libcode/vx_render -I../../../src/libcode/vx_regrid -I../../../src/libcode/vx_shapedata -I../../../src/libcode/vx_solar -I../../../src/libcode/vx_statistics -I../../../src/libcode/vx_stat_out -I../../../src/libcode/vx_summary -I../../../src/libcode/vx_time_series -I../../../src/libcode/vx_series_data -I../../../src/libcode/vx_tc_util -I/home/hank.fisher/MET/external_libs/include -I/home/hank.fisher/MET9_0_1_nopython/external_libs/include -I/home/hank.fisher/MET9_0_1_nopython/external_libs/include -I/home/hank.fisher/MET9_0_1_nopython/external_libs/include -I/home/hank.fisher/MET9_0_1_nopython/external_libs/include -I/home/hank.fisher/MET9_0_1_nopython/external_libs/include -I/home/hank.fisher/MET9_0_1_nopython/external_libs/include -DBLOCK4 -DWITH_GRIB2 -DMET_BASE="\"/home/hank.fisher/MET9_0_1_nopython/share/met\""  -g -MT libvx_afm_a-afm_keywords.o -MD -MP -MF .deps/libvx_afm_a-afm_keywords.Tpo -c -o libvx_afm_a-afm_keywords.o `test -f 'afm_keywords.cc' || echo './'`afm_keywords.cc
mv -f .deps/libvx_afm_a-afm_keywords.Tpo .deps/libvx_afm_a-afm_keywords.Po
/bin/g++ -DHAVE_CONFIG_H -I. -I../../..  -I../../../src/basic/vx_cal -I../../../src/basic/vx_config -I../../../src/basic/vx_log -I../../../src/basic/vx_math -I../../../src/basic/vx_util -I../../../src/libcode/vx_afm -I../../../src/libcode/vx_analysis_util -I../../../src/libcode/vx_color -I../../../src/libcode/vx_data2d -I../../../src/libcode/vx_data2d_factory -I../../../src/libcode/vx_data2d_grib -I../../../src/libcode/vx_data2d_grib2 -I../../../src/libcode/vx_data2d_nccf -I../../../src/libcode/vx_data2d_nc_met -I../../../src/libcode/vx_data2d_nc_pinterp -I../../../src/libcode/vx_data2d_python -I../../../src/libcode/vx_python3_utils -I../../../src/libcode/vx_geodesy -I../../../src/libcode/vx_gis -I../../../src/libcode/vx_gnomon -I../../../src/libcode/vx_grid -I../../../src/libcode/vx_gsl_prob -I../../../src/libcode/vx_nav -I../../../src/libcode/vx_nc_obs -I../../../src/libcode/vx_nc_util -I../../../src/libcode/vx_pb_util -I../../../src/libcode/vx_plot_util -I../../../src/libcode/vx_ps -I../../../src/libcode/vx_pxm -I../../../src/libcode/vx_render -I../../../src/libcode/vx_regrid -I../../../src/libcode/vx_shapedata -I../../../src/libcode/vx_solar -I../../../src/libcode/vx_statistics -I../../../src/libcode/vx_stat_out -I../../../src/libcode/vx_summary -I../../../src/libcode/vx_time_series -I../../../src/libcode/vx_series_data -I../../../src/libcode/vx_tc_util -I/home/hank.fisher/MET/external_libs/include -I/home/hank.fisher/MET9_0_1_nopython/external_libs/include -I/home/hank.fisher/MET9_0_1_nopython/external_libs/include -I/home/hank.fisher/MET9_0_1_nopython/external_libs/include -I/home/hank.fisher/MET9_0_1_nopython/external_libs/include -I/home/hank.fisher/MET9_0_1_nopython/external_libs/include -I/home/hank.fisher/MET9_0_1_nopython/external_libs/include -DBLOCK4 -DWITH_GRIB2 -DMET_BASE="\"/home/hank.fisher/MET9_0_1_nopython/share/met\""  -g -MT libvx_afm_a-afm_line.o -MD -MP -MF .deps/libvx_afm_a-afm_line.Tpo -c -o libvx_afm_a-afm_line.o `test -f 'afm_line.cc' || echo './'`afm_line.cc
mv -f .deps/libvx_afm_a-afm_line.Tpo .deps/libvx_afm_a-afm_line.Po
/bin/g++ -DHAVE_CONFIG_H -I. -I../../..  -I../../../src/basic/vx_cal -I../../../src/basic/vx_config -I../../../src/basic/vx_log -I../../../src/basic/vx_math -I../../../src/basic/vx_util -I../../../src/libcode/vx_afm -I../../../src/libcode/vx_analysis_util -I../../../src/libcode/vx_color -I../../../src/libcode/vx_data2d -I../../../src/libcode/vx_data2d_factory -I../../../src/libcode/vx_data2d_grib -I../../../src/libcode/vx_data2d_grib2 -I../../../src/libcode/vx_data2d_nccf -I../../../src/libcode/vx_data2d_nc_met -I../../../src/libcode/vx_data2d_nc_pinterp -I../../../src/libcode/vx_data2d_python -I../../../src/libcode/vx_python3_utils -I../../../src/libcode/vx_geodesy -I../../../src/libcode/vx_gis -I../../../src/libcode/vx_gnomon -I../../../src/libcode/vx_grid -I../../../src/libcode/vx_gsl_prob -I../../../src/libcode/vx_nav -I../../../src/libcode/vx_nc_obs -I../../../src/libcode/vx_nc_util -I../../../src/libcode/vx_pb_util -I../../../src/libcode/vx_plot_util -I../../../src/libcode/vx_ps -I../../../src/libcode/vx_pxm -I../../../src/libcode/vx_render -I../../../src/libcode/vx_regrid -I../../../src/libcode/vx_shapedata -I../../../src/libcode/vx_solar -I../../../src/libcode/vx_statistics -I../../../src/libcode/vx_stat_out -I../../../src/libcode/vx_summary -I../../../src/libcode/vx_time_series -I../../../src/libcode/vx_series_data -I../../../src/libcode/vx_tc_util -I/home/hank.fisher/MET/external_libs/include -I/home/hank.fisher/MET9_0_1_nopython/external_libs/include -I/home/hank.fisher/MET9_0_1_nopython/external_libs/include -I/home/hank.fisher/MET9_0_1_nopython/external_libs/include -I/home/hank.fisher/MET9_0_1_nopython/external_libs/include -I/home/hank.fisher/MET9_0_1_nopython/external_libs/include -I/home/hank.fisher/MET9_0_1_nopython/external_libs/include -DBLOCK4 -DWITH_GRIB2 -DMET_BASE="\"/home/hank.fisher/MET9_0_1_nopython/share/met\""  -g -MT libvx_afm_a-afm_token.o -MD -MP -MF .deps/libvx_afm_a-afm_token.Tpo -c -o libvx_afm_a-afm_token.o `test -f 'afm_token.cc' || echo './'`afm_token.cc
mv -f .deps/libvx_afm_a-afm_token.Tpo .deps/libvx_afm_a-afm_token.Po
/bin/g++ -DHAVE_CONFIG_H -I. -I../../..  -I../../../src/basic/vx_cal -I../../../src/basic/vx_config -I../../../src/basic/vx_log -I../../../src/basic/vx_math -I../../../src/basic/vx_util -I../../../src/libcode/vx_afm -I../../../src/libcode/vx_analysis_util -I../../../src/libcode/vx_color -I../../../src/libcode/vx_data2d -I../../../src/libcode/vx_data2d_factory -I../../../src/libcode/vx_data2d_grib -I../../../src/libcode/vx_data2d_grib2 -I../../../src/libcode/vx_data2d_nccf -I../../../src/libcode/vx_data2d_nc_met -I../../../src/libcode/vx_data2d_nc_pinterp -I../../../src/libcode/vx_data2d_python -I../../../src/libcode/vx_python3_utils -I../../../src/libcode/vx_geodesy -I../../../src/libcode/vx_gis -I../../../src/libcode/vx_gnomon -I../../../src/libcode/vx_grid -I../../../src/libcode/vx_gsl_prob -I../../../src/libcode/vx_nav -I../../../src/libcode/vx_nc_obs -I../../../src/libcode/vx_nc_util -I../../../src/libcode/vx_pb_util -I../../../src/libcode/vx_plot_util -I../../../src/libcode/vx_ps -I../../../src/libcode/vx_pxm -I../../../src/libcode/vx_render -I../../../src/libcode/vx_regrid -I../../../src/libcode/vx_shapedata -I../../../src/libcode/vx_solar -I../../../src/libcode/vx_statistics -I../../../src/libcode/vx_stat_out -I../../../src/libcode/vx_summary -I../../../src/libcode/vx_time_series -I../../../src/libcode/vx_series_data -I../../../src/libcode/vx_tc_util -I/home/hank.fisher/MET/external_libs/include -I/home/hank.fisher/MET9_0_1_nopython/external_libs/include -I/home/hank.fisher/MET9_0_1_nopython/external_libs/include -I/home/hank.fisher/MET9_0_1_nopython/external_libs/include -I/home/hank.fisher/MET9_0_1_nopython/external_libs/include -I/home/hank.fisher/MET9_0_1_nopython/external_libs/include -I/home/hank.fisher/MET9_0_1_nopython/external_libs/include -DBLOCK4 -DWITH_GRIB2 -DMET_BASE="\"/home/hank.fisher/MET9_0_1_nopython/share/met\""  -g -MT libvx_afm_a-afmkeyword_to_string.o -MD -MP -MF .deps/libvx_afm_a-afmkeyword_to_string.Tpo -c -o libvx_afm_a-afmkeyword_to_string.o `test -f 'afmkeyword_to_string.cc' || echo './'`afmkeyword_to_string.cc
mv -f .deps/libvx_afm_a-afmkeyword_to_string.Tpo .deps/libvx_afm_a-afmkeyword_to_string.Po
/bin/g++ -DHAVE_CONFIG_H -I. -I../../..  -I../../../src/basic/vx_cal -I../../../src/basic/vx_config -I../../../src/basic/vx_log -I../../../src/basic/vx_math -I../../../src/basic/vx_util -I../../../src/libcode/vx_afm -I../../../src/libcode/vx_analysis_util -I../../../src/libcode/vx_color -I../../../src/libcode/vx_data2d -I../../../src/libcode/vx_data2d_factory -I../../../src/libcode/vx_data2d_grib -I../../../src/libcode/vx_data2d_grib2 -I../../../src/libcode/vx_data2d_nccf -I../../../src/libcode/vx_data2d_nc_met -I../../../src/libcode/vx_data2d_nc_pinterp -I../../../src/libcode/vx_data2d_python -I../../../src/libcode/vx_python3_utils -I../../../src/libcode/vx_geodesy -I../../../src/libcode/vx_gis -I../../../src/libcode/vx_gnomon -I../../../src/libcode/vx_grid -I../../../src/libcode/vx_gsl_prob -I../../../src/libcode/vx_nav -I../../../src/libcode/vx_nc_obs -I../../../src/libcode/vx_nc_util -I../../../src/libcode/vx_pb_util -I../../../src/libcode/vx_plot_util -I../../../src/libcode/vx_ps -I../../../src/libcode/vx_pxm -I../../../src/libcode/vx_render -I../../../src/libcode/vx_regrid -I../../../src/libcode/vx_shapedata -I../../../src/libcode/vx_solar -I../../../src/libcode/vx_statistics -I../../../src/libcode/vx_stat_out -I../../../src/libcode/vx_summary -I../../../src/libcode/vx_time_series -I../../../src/libcode/vx_series_data -I../../../src/libcode/vx_tc_util -I/home/hank.fisher/MET/external_libs/include -I/home/hank.fisher/MET9_0_1_nopython/external_libs/include -I/home/hank.fisher/MET9_0_1_nopython/external_libs/include -I/home/hank.fisher/MET9_0_1_nopython/external_libs/include -I/home/hank.fisher/MET9_0_1_nopython/external_libs/include -I/home/hank.fisher/MET9_0_1_nopython/external_libs/include -I/home/hank.fisher/MET9_0_1_nopython/external_libs/include -DBLOCK4 -DWITH_GRIB2 -DMET_BASE="\"/home/hank.fisher/MET9_0_1_nopython/share/met\""  -g -MT libvx_afm_a-afmtokentype_to_string.o -MD -MP -MF .deps/libvx_afm_a-afmtokentype_to_string.Tpo -c -o libvx_afm_a-afmtokentype_to_string.o `test -f 'afmtokentype_to_string.cc' || echo './'`afmtokentype_to_string.cc
mv -f .deps/libvx_afm_a-afmtokentype_to_string.Tpo .deps/libvx_afm_a-afmtokentype_to_string.Po
rm -f libvx_afm.a
ar cru libvx_afm.a libvx_afm_a-afm.o libvx_afm_a-afm_keywords.o libvx_afm_a-afm_line.o libvx_afm_a-afm_token.o libvx_afm_a-afmkeyword_to_string.o libvx_afm_a-afmtokentype_to_string.o 
ranlib libvx_afm.a
make[4]: Leaving directory `/home/hank.fisher/MET9_0_1_nopython/met-9.0.1/src/libcode/vx_afm'
Making all in vx_color
make[4]: Entering directory `/home/hank.fisher/MET9_0_1_nopython/met-9.0.1/src/libcode/vx_color'
/bin/g++ -DHAVE_CONFIG_H -I. -I../../..  -I../../../src/basic/vx_cal -I../../../src/basic/vx_config -I../../../src/basic/vx_log -I../../../src/basic/vx_math -I../../../src/basic/vx_util -I../../../src/libcode/vx_afm -I../../../src/libcode/vx_analysis_util -I../../../src/libcode/vx_color -I../../../src/libcode/vx_data2d -I../../../src/libcode/vx_data2d_factory -I../../../src/libcode/vx_data2d_grib -I../../../src/libcode/vx_data2d_grib2 -I../../../src/libcode/vx_data2d_nccf -I../../../src/libcode/vx_data2d_nc_met -I../../../src/libcode/vx_data2d_nc_pinterp -I../../../src/libcode/vx_data2d_python -I../../../src/libcode/vx_python3_utils -I../../../src/libcode/vx_geodesy -I../../../src/libcode/vx_gis -I../../../src/libcode/vx_gnomon -I../../../src/libcode/vx_grid -I../../../src/libcode/vx_gsl_prob -I../../../src/libcode/vx_nav -I../../../src/libcode/vx_nc_obs -I../../../src/libcode/vx_nc_util -I../../../src/libcode/vx_pb_util -I../../../src/libcode/vx_plot_util -I../../../src/libcode/vx_ps -I../../../src/libcode/vx_pxm -I../../../src/libcode/vx_render -I../../../src/libcode/vx_regrid -I../../../src/libcode/vx_shapedata -I../../../src/libcode/vx_solar -I../../../src/libcode/vx_statistics -I../../../src/libcode/vx_stat_out -I../../../src/libcode/vx_summary -I../../../src/libcode/vx_time_series -I../../../src/libcode/vx_series_data -I../../../src/libcode/vx_tc_util -I/home/hank.fisher/MET/external_libs/include -I/home/hank.fisher/MET9_0_1_nopython/external_libs/include -I/home/hank.fisher/MET9_0_1_nopython/external_libs/include -I/home/hank.fisher/MET9_0_1_nopython/external_libs/include -I/home/hank.fisher/MET9_0_1_nopython/external_libs/include -I/home/hank.fisher/MET9_0_1_nopython/external_libs/include -I/home/hank.fisher/MET9_0_1_nopython/external_libs/include -DBLOCK4 -DWITH_GRIB2 -DMET_BASE="\"/home/hank.fisher/MET9_0_1_nopython/share/met\""  -g -MT libvx_color_a-color_parser_yacc.o -MD -MP -MF .deps/libvx_color_a-color_parser_yacc.Tpo -c -o libvx_color_a-color_parser_yacc.o `test -f 'color_parser_yacc.cc' || echo './'`color_parser_yacc.cc
mv -f .deps/libvx_color_a-color_parser_yacc.Tpo .deps/libvx_color_a-color_parser_yacc.Po
/bin/g++ -DHAVE_CONFIG_H -I. -I../../..  -I../../../src/basic/vx_cal -I../../../src/basic/vx_config -I../../../src/basic/vx_log -I../../../src/basic/vx_math -I../../../src/basic/vx_util -I../../../src/libcode/vx_afm -I../../../src/libcode/vx_analysis_util -I../../../src/libcode/vx_color -I../../../src/libcode/vx_data2d -I../../../src/libcode/vx_data2d_factory -I../../../src/libcode/vx_data2d_grib -I../../../src/libcode/vx_data2d_grib2 -I../../../src/libcode/vx_data2d_nccf -I../../../src/libcode/vx_data2d_nc_met -I../../../src/libcode/vx_data2d_nc_pinterp -I../../../src/libcode/vx_data2d_python -I../../../src/libcode/vx_python3_utils -I../../../src/libcode/vx_geodesy -I../../../src/libcode/vx_gis -I../../../src/libcode/vx_gnomon -I../../../src/libcode/vx_grid -I../../../src/libcode/vx_gsl_prob -I../../../src/libcode/vx_nav -I../../../src/libcode/vx_nc_obs -I../../../src/libcode/vx_nc_util -I../../../src/libcode/vx_pb_util -I../../../src/libcode/vx_plot_util -I../../../src/libcode/vx_ps -I../../../src/libcode/vx_pxm -I../../../src/libcode/vx_render -I../../../src/libcode/vx_regrid -I../../../src/libcode/vx_shapedata -I../../../src/libcode/vx_solar -I../../../src/libcode/vx_statistics -I../../../src/libcode/vx_stat_out -I../../../src/libcode/vx_summary -I../../../src/libcode/vx_time_series -I../../../src/libcode/vx_series_data -I../../../src/libcode/vx_tc_util -I/home/hank.fisher/MET/external_libs/include -I/home/hank.fisher/MET9_0_1_nopython/external_libs/include -I/home/hank.fisher/MET9_0_1_nopython/external_libs/include -I/home/hank.fisher/MET9_0_1_nopython/external_libs/include -I/home/hank.fisher/MET9_0_1_nopython/external_libs/include -I/home/hank.fisher/MET9_0_1_nopython/external_libs/include -I/home/hank.fisher/MET9_0_1_nopython/external_libs/include -DBLOCK4 -DWITH_GRIB2 -DMET_BASE="\"/home/hank.fisher/MET9_0_1_nopython/share/met\""  -g -MT libvx_color_a-my_color_scanner.o -MD -MP -MF .deps/libvx_color_a-my_color_scanner.Tpo -c -o libvx_color_a-my_color_scanner.o `test -f 'my_color_scanner.cc' || echo './'`my_color_scanner.cc
mv -f .deps/libvx_color_a-my_color_scanner.Tpo .deps/libvx_color_a-my_color_scanner.Po
/bin/g++ -DHAVE_CONFIG_H -I. -I../../..  -I../../../src/basic/vx_cal -I../../../src/basic/vx_config -I../../../src/basic/vx_log -I../../../src/basic/vx_math -I../../../src/basic/vx_util -I../../../src/libcode/vx_afm -I../../../src/libcode/vx_analysis_util -I../../../src/libcode/vx_color -I../../../src/libcode/vx_data2d -I../../../src/libcode/vx_data2d_factory -I../../../src/libcode/vx_data2d_grib -I../../../src/libcode/vx_data2d_grib2 -I../../../src/libcode/vx_data2d_nccf -I../../../src/libcode/vx_data2d_nc_met -I../../../src/libcode/vx_data2d_nc_pinterp -I../../../src/libcode/vx_data2d_python -I../../../src/libcode/vx_python3_utils -I../../../src/libcode/vx_geodesy -I../../../src/libcode/vx_gis -I../../../src/libcode/vx_gnomon -I../../../src/libcode/vx_grid -I../../../src/libcode/vx_gsl_prob -I../../../src/libcode/vx_nav -I../../../src/libcode/vx_nc_obs -I../../../src/libcode/vx_nc_util -I../../../src/libcode/vx_pb_util -I../../../src/libcode/vx_plot_util -I../../../src/libcode/vx_ps -I../../../src/libcode/vx_pxm -I../../../src/libcode/vx_render -I../../../src/libcode/vx_regrid -I../../../src/libcode/vx_shapedata -I../../../src/libcode/vx_solar -I../../../src/libcode/vx_statistics -I../../../src/libcode/vx_stat_out -I../../../src/libcode/vx_summary -I../../../src/libcode/vx_time_series -I../../../src/libcode/vx_series_data -I../../../src/libcode/vx_tc_util -I/home/hank.fisher/MET/external_libs/include -I/home/hank.fisher/MET9_0_1_nopython/external_libs/include -I/home/hank.fisher/MET9_0_1_nopython/external_libs/include -I/home/hank.fisher/MET9_0_1_nopython/external_libs/include -I/home/hank.fisher/MET9_0_1_nopython/external_libs/include -I/home/hank.fisher/MET9_0_1_nopython/external_libs/include -I/home/hank.fisher/MET9_0_1_nopython/external_libs/include -DBLOCK4 -DWITH_GRIB2 -DMET_BASE="\"/home/hank.fisher/MET9_0_1_nopython/share/met\""  -g -MT libvx_color_a-color.o -MD -MP -MF .deps/libvx_color_a-color.Tpo -c -o libvx_color_a-color.o `test -f 'color.cc' || echo './'`color.cc
mv -f .deps/libvx_color_a-color.Tpo .deps/libvx_color_a-color.Po
/bin/g++ -DHAVE_CONFIG_H -I. -I../../..  -I../../../src/basic/vx_cal -I../../../src/basic/vx_config -I../../../src/basic/vx_log -I../../../src/basic/vx_math -I../../../src/basic/vx_util -I../../../src/libcode/vx_afm -I../../../src/libcode/vx_analysis_util -I../../../src/libcode/vx_color -I../../../src/libcode/vx_data2d -I../../../src/libcode/vx_data2d_factory -I../../../src/libcode/vx_data2d_grib -I../../../src/libcode/vx_data2d_grib2 -I../../../src/libcode/vx_data2d_nccf -I../../../src/libcode/vx_data2d_nc_met -I../../../src/libcode/vx_data2d_nc_pinterp -I../../../src/libcode/vx_data2d_python -I../../../src/libcode/vx_python3_utils -I../../../src/libcode/vx_geodesy -I../../../src/libcode/vx_gis -I../../../src/libcode/vx_gnomon -I../../../src/libcode/vx_grid -I../../../src/libcode/vx_gsl_prob -I../../../src/libcode/vx_nav -I../../../src/libcode/vx_nc_obs -I../../../src/libcode/vx_nc_util -I../../../src/libcode/vx_pb_util -I../../../src/libcode/vx_plot_util -I../../../src/libcode/vx_ps -I../../../src/libcode/vx_pxm -I../../../src/libcode/vx_render -I../../../src/libcode/vx_regrid -I../../../src/libcode/vx_shapedata -I../../../src/libcode/vx_solar -I../../../src/libcode/vx_statistics -I../../../src/libcode/vx_stat_out -I../../../src/libcode/vx_summary -I../../../src/libcode/vx_time_series -I../../../src/libcode/vx_series_data -I../../../src/libcode/vx_tc_util -I/home/hank.fisher/MET/external_libs/include -I/home/hank.fisher/MET9_0_1_nopython/external_libs/include -I/home/hank.fisher/MET9_0_1_nopython/external_libs/include -I/home/hank.fisher/MET9_0_1_nopython/external_libs/include -I/home/hank.fisher/MET9_0_1_nopython/external_libs/include -I/home/hank.fisher/MET9_0_1_nopython/external_libs/include -I/home/hank.fisher/MET9_0_1_nopython/external_libs/include -DBLOCK4 -DWITH_GRIB2 -DMET_BASE="\"/home/hank.fisher/MET9_0_1_nopython/share/met\""  -g -MT libvx_color_a-color_list.o -MD -MP -MF .deps/libvx_color_a-color_list.Tpo -c -o libvx_color_a-color_list.o `test -f 'color_list.cc' || echo './'`color_list.cc
mv -f .deps/libvx_color_a-color_list.Tpo .deps/libvx_color_a-color_list.Po
/bin/g++ -DHAVE_CONFIG_H -I. -I../../..  -I../../../src/basic/vx_cal -I../../../src/basic/vx_config -I../../../src/basic/vx_log -I../../../src/basic/vx_math -I../../../src/basic/vx_util -I../../../src/libcode/vx_afm -I../../../src/libcode/vx_analysis_util -I../../../src/libcode/vx_color -I../../../src/libcode/vx_data2d -I../../../src/libcode/vx_data2d_factory -I../../../src/libcode/vx_data2d_grib -I../../../src/libcode/vx_data2d_grib2 -I../../../src/libcode/vx_data2d_nccf -I../../../src/libcode/vx_data2d_nc_met -I../../../src/libcode/vx_data2d_nc_pinterp -I../../../src/libcode/vx_data2d_python -I../../../src/libcode/vx_python3_utils -I../../../src/libcode/vx_geodesy -I../../../src/libcode/vx_gis -I../../../src/libcode/vx_gnomon -I../../../src/libcode/vx_grid -I../../../src/libcode/vx_gsl_prob -I../../../src/libcode/vx_nav -I../../../src/libcode/vx_nc_obs -I../../../src/libcode/vx_nc_util -I../../../src/libcode/vx_pb_util -I../../../src/libcode/vx_plot_util -I../../../src/libcode/vx_ps -I../../../src/libcode/vx_pxm -I../../../src/libcode/vx_render -I../../../src/libcode/vx_regrid -I../../../src/libcode/vx_shapedata -I../../../src/libcode/vx_solar -I../../../src/libcode/vx_statistics -I../../../src/libcode/vx_stat_out -I../../../src/libcode/vx_summary -I../../../src/libcode/vx_time_series -I../../../src/libcode/vx_series_data -I../../../src/libcode/vx_tc_util -I/home/hank.fisher/MET/external_libs/include -I/home/hank.fisher/MET9_0_1_nopython/external_libs/include -I/home/hank.fisher/MET9_0_1_nopython/external_libs/include -I/home/hank.fisher/MET9_0_1_nopython/external_libs/include -I/home/hank.fisher/MET9_0_1_nopython/external_libs/include -I/home/hank.fisher/MET9_0_1_nopython/external_libs/include -I/home/hank.fisher/MET9_0_1_nopython/external_libs/include -DBLOCK4 -DWITH_GRIB2 -DMET_BASE="\"/home/hank.fisher/MET9_0_1_nopython/share/met\""  -g -MT libvx_color_a-color_table.o -MD -MP -MF .deps/libvx_color_a-color_table.Tpo -c -o libvx_color_a-color_table.o `test -f 'color_table.cc' || echo './'`color_table.cc
mv -f .deps/libvx_color_a-color_table.Tpo .deps/libvx_color_a-color_table.Po
rm -f libvx_color.a
ar cru libvx_color.a libvx_color_a-color_parser_yacc.o libvx_color_a-my_color_scanner.o libvx_color_a-color.o libvx_color_a-color_list.o libvx_color_a-color_table.o libvx_color_a-my_color_scanner.o 
ranlib libvx_color.a
make[4]: Leaving directory `/home/hank.fisher/MET9_0_1_nopython/met-9.0.1/src/libcode/vx_color'
Making all in vx_pxm
make[4]: Entering directory `/home/hank.fisher/MET9_0_1_nopython/met-9.0.1/src/libcode/vx_pxm'
/bin/g++ -DHAVE_CONFIG_H -I. -I../../..  -I../../../src/basic/vx_cal -I../../../src/basic/vx_config -I../../../src/basic/vx_log -I../../../src/basic/vx_math -I../../../src/basic/vx_util -I../../../src/libcode/vx_afm -I../../../src/libcode/vx_analysis_util -I../../../src/libcode/vx_color -I../../../src/libcode/vx_data2d -I../../../src/libcode/vx_data2d_factory -I../../../src/libcode/vx_data2d_grib -I../../../src/libcode/vx_data2d_grib2 -I../../../src/libcode/vx_data2d_nccf -I../../../src/libcode/vx_data2d_nc_met -I../../../src/libcode/vx_data2d_nc_pinterp -I../../../src/libcode/vx_data2d_python -I../../../src/libcode/vx_python3_utils -I../../../src/libcode/vx_geodesy -I../../../src/libcode/vx_gis -I../../../src/libcode/vx_gnomon -I../../../src/libcode/vx_grid -I../../../src/libcode/vx_gsl_prob -I../../../src/libcode/vx_nav -I../../../src/libcode/vx_nc_obs -I../../../src/libcode/vx_nc_util -I../../../src/libcode/vx_pb_util -I../../../src/libcode/vx_plot_util -I../../../src/libcode/vx_ps -I../../../src/libcode/vx_pxm -I../../../src/libcode/vx_render -I../../../src/libcode/vx_regrid -I../../../src/libcode/vx_shapedata -I../../../src/libcode/vx_solar -I../../../src/libcode/vx_statistics -I../../../src/libcode/vx_stat_out -I../../../src/libcode/vx_summary -I../../../src/libcode/vx_time_series -I../../../src/libcode/vx_series_data -I../../../src/libcode/vx_tc_util -I/home/hank.fisher/MET/external_libs/include -I/home/hank.fisher/MET9_0_1_nopython/external_libs/include -I/home/hank.fisher/MET9_0_1_nopython/external_libs/include -I/home/hank.fisher/MET9_0_1_nopython/external_libs/include -I/home/hank.fisher/MET9_0_1_nopython/external_libs/include -I/home/hank.fisher/MET9_0_1_nopython/external_libs/include -I/home/hank.fisher/MET9_0_1_nopython/external_libs/include -DBLOCK4 -DWITH_GRIB2 -DMET_BASE="\"/home/hank.fisher/MET9_0_1_nopython/share/met\""  -g -MT libvx_pxm_a-pbm.o -MD -MP -MF .deps/libvx_pxm_a-pbm.Tpo -c -o libvx_pxm_a-pbm.o `test -f 'pbm.cc' || echo './'`pbm.cc
mv -f .deps/libvx_pxm_a-pbm.Tpo .deps/libvx_pxm_a-pbm.Po
/bin/g++ -DHAVE_CONFIG_H -I. -I../../..  -I../../../src/basic/vx_cal -I../../../src/basic/vx_config -I../../../src/basic/vx_log -I../../../src/basic/vx_math -I../../../src/basic/vx_util -I../../../src/libcode/vx_afm -I../../../src/libcode/vx_analysis_util -I../../../src/libcode/vx_color -I../../../src/libcode/vx_data2d -I../../../src/libcode/vx_data2d_factory -I../../../src/libcode/vx_data2d_grib -I../../../src/libcode/vx_data2d_grib2 -I../../../src/libcode/vx_data2d_nccf -I../../../src/libcode/vx_data2d_nc_met -I../../../src/libcode/vx_data2d_nc_pinterp -I../../../src/libcode/vx_data2d_python -I../../../src/libcode/vx_python3_utils -I../../../src/libcode/vx_geodesy -I../../../src/libcode/vx_gis -I../../../src/libcode/vx_gnomon -I../../../src/libcode/vx_grid -I../../../src/libcode/vx_gsl_prob -I../../../src/libcode/vx_nav -I../../../src/libcode/vx_nc_obs -I../../../src/libcode/vx_nc_util -I../../../src/libcode/vx_pb_util -I../../../src/libcode/vx_plot_util -I../../../src/libcode/vx_ps -I../../../src/libcode/vx_pxm -I../../../src/libcode/vx_render -I../../../src/libcode/vx_regrid -I../../../src/libcode/vx_shapedata -I../../../src/libcode/vx_solar -I../../../src/libcode/vx_statistics -I../../../src/libcode/vx_stat_out -I../../../src/libcode/vx_summary -I../../../src/libcode/vx_time_series -I../../../src/libcode/vx_series_data -I../../../src/libcode/vx_tc_util -I/home/hank.fisher/MET/external_libs/include -I/home/hank.fisher/MET9_0_1_nopython/external_libs/include -I/home/hank.fisher/MET9_0_1_nopython/external_libs/include -I/home/hank.fisher/MET9_0_1_nopython/external_libs/include -I/home/hank.fisher/MET9_0_1_nopython/external_libs/include -I/home/hank.fisher/MET9_0_1_nopython/external_libs/include -I/home/hank.fisher/MET9_0_1_nopython/external_libs/include -DBLOCK4 -DWITH_GRIB2 -DMET_BASE="\"/home/hank.fisher/MET9_0_1_nopython/share/met\""  -g -MT libvx_pxm_a-pcm.o -MD -MP -MF .deps/libvx_pxm_a-pcm.Tpo -c -o libvx_pxm_a-pcm.o `test -f 'pcm.cc' || echo './'`pcm.cc
mv -f .deps/libvx_pxm_a-pcm.Tpo .deps/libvx_pxm_a-pcm.Po
/bin/g++ -DHAVE_CONFIG_H -I. -I../../..  -I../../../src/basic/vx_cal -I../../../src/basic/vx_config -I../../../src/basic/vx_log -I../../../src/basic/vx_math -I../../../src/basic/vx_util -I../../../src/libcode/vx_afm -I../../../src/libcode/vx_analysis_util -I../../../src/libcode/vx_color -I../../../src/libcode/vx_data2d -I../../../src/libcode/vx_data2d_factory -I../../../src/libcode/vx_data2d_grib -I../../../src/libcode/vx_data2d_grib2 -I../../../src/libcode/vx_data2d_nccf -I../../../src/libcode/vx_data2d_nc_met -I../../../src/libcode/vx_data2d_nc_pinterp -I../../../src/libcode/vx_data2d_python -I../../../src/libcode/vx_python3_utils -I../../../src/libcode/vx_geodesy -I../../../src/libcode/vx_gis -I../../../src/libcode/vx_gnomon -I../../../src/libcode/vx_grid -I../../../src/libcode/vx_gsl_prob -I../../../src/libcode/vx_nav -I../../../src/libcode/vx_nc_obs -I../../../src/libcode/vx_nc_util -I../../../src/libcode/vx_pb_util -I../../../src/libcode/vx_plot_util -I../../../src/libcode/vx_ps -I../../../src/libcode/vx_pxm -I../../../src/libcode/vx_render -I../../../src/libcode/vx_regrid -I../../../src/libcode/vx_shapedata -I../../../src/libcode/vx_solar -I../../../src/libcode/vx_statistics -I../../../src/libcode/vx_stat_out -I../../../src/libcode/vx_summary -I../../../src/libcode/vx_time_series -I../../../src/libcode/vx_series_data -I../../../src/libcode/vx_tc_util -I/home/hank.fisher/MET/external_libs/include -I/home/hank.fisher/MET9_0_1_nopython/external_libs/include -I/home/hank.fisher/MET9_0_1_nopython/external_libs/include -I/home/hank.fisher/MET9_0_1_nopython/external_libs/include -I/home/hank.fisher/MET9_0_1_nopython/external_libs/include -I/home/hank.fisher/MET9_0_1_nopython/external_libs/include -I/home/hank.fisher/MET9_0_1_nopython/external_libs/include -DBLOCK4 -DWITH_GRIB2 -DMET_BASE="\"/home/hank.fisher/MET9_0_1_nopython/share/met\""  -g -MT libvx_pxm_a-pgm.o -MD -MP -MF .deps/libvx_pxm_a-pgm.Tpo -c -o libvx_pxm_a-pgm.o `test -f 'pgm.cc' || echo './'`pgm.cc
mv -f .deps/libvx_pxm_a-pgm.Tpo .deps/libvx_pxm_a-pgm.Po
/bin/g++ -DHAVE_CONFIG_H -I. -I../../..  -I../../../src/basic/vx_cal -I../../../src/basic/vx_config -I../../../src/basic/vx_log -I../../../src/basic/vx_math -I../../../src/basic/vx_util -I../../../src/libcode/vx_afm -I../../../src/libcode/vx_analysis_util -I../../../src/libcode/vx_color -I../../../src/libcode/vx_data2d -I../../../src/libcode/vx_data2d_factory -I../../../src/libcode/vx_data2d_grib -I../../../src/libcode/vx_data2d_grib2 -I../../../src/libcode/vx_data2d_nccf -I../../../src/libcode/vx_data2d_nc_met -I../../../src/libcode/vx_data2d_nc_pinterp -I../../../src/libcode/vx_data2d_python -I../../../src/libcode/vx_python3_utils -I../../../src/libcode/vx_geodesy -I../../../src/libcode/vx_gis -I../../../src/libcode/vx_gnomon -I../../../src/libcode/vx_grid -I../../../src/libcode/vx_gsl_prob -I../../../src/libcode/vx_nav -I../../../src/libcode/vx_nc_obs -I../../../src/libcode/vx_nc_util -I../../../src/libcode/vx_pb_util -I../../../src/libcode/vx_plot_util -I../../../src/libcode/vx_ps -I../../../src/libcode/vx_pxm -I../../../src/libcode/vx_render -I../../../src/libcode/vx_regrid -I../../../src/libcode/vx_shapedata -I../../../src/libcode/vx_solar -I../../../src/libcode/vx_statistics -I../../../src/libcode/vx_stat_out -I../../../src/libcode/vx_summary -I../../../src/libcode/vx_time_series -I../../../src/libcode/vx_series_data -I../../../src/libcode/vx_tc_util -I/home/hank.fisher/MET/external_libs/include -I/home/hank.fisher/MET9_0_1_nopython/external_libs/include -I/home/hank.fisher/MET9_0_1_nopython/external_libs/include -I/home/hank.fisher/MET9_0_1_nopython/external_libs/include -I/home/hank.fisher/MET9_0_1_nopython/external_libs/include -I/home/hank.fisher/MET9_0_1_nopython/external_libs/include -I/home/hank.fisher/MET9_0_1_nopython/external_libs/include -DBLOCK4 -DWITH_GRIB2 -DMET_BASE="\"/home/hank.fisher/MET9_0_1_nopython/share/met\""  -g -MT libvx_pxm_a-ppm.o -MD -MP -MF .deps/libvx_pxm_a-ppm.Tpo -c -o libvx_pxm_a-ppm.o `test -f 'ppm.cc' || echo './'`ppm.cc
mv -f .deps/libvx_pxm_a-ppm.Tpo .deps/libvx_pxm_a-ppm.Po
/bin/g++ -DHAVE_CONFIG_H -I. -I../../..  -I../../../src/basic/vx_cal -I../../../src/basic/vx_config -I../../../src/basic/vx_log -I../../../src/basic/vx_math -I../../../src/basic/vx_util -I../../../src/libcode/vx_afm -I../../../src/libcode/vx_analysis_util -I../../../src/libcode/vx_color -I../../../src/libcode/vx_data2d -I../../../src/libcode/vx_data2d_factory -I../../../src/libcode/vx_data2d_grib -I../../../src/libcode/vx_data2d_grib2 -I../../../src/libcode/vx_data2d_nccf -I../../../src/libcode/vx_data2d_nc_met -I../../../src/libcode/vx_data2d_nc_pinterp -I../../../src/libcode/vx_data2d_python -I../../../src/libcode/vx_python3_utils -I../../../src/libcode/vx_geodesy -I../../../src/libcode/vx_gis -I../../../src/libcode/vx_gnomon -I../../../src/libcode/vx_grid -I../../../src/libcode/vx_gsl_prob -I../../../src/libcode/vx_nav -I../../../src/libcode/vx_nc_obs -I../../../src/libcode/vx_nc_util -I../../../src/libcode/vx_pb_util -I../../../src/libcode/vx_plot_util -I../../../src/libcode/vx_ps -I../../../src/libcode/vx_pxm -I../../../src/libcode/vx_render -I../../../src/libcode/vx_regrid -I../../../src/libcode/vx_shapedata -I../../../src/libcode/vx_solar -I../../../src/libcode/vx_statistics -I../../../src/libcode/vx_stat_out -I../../../src/libcode/vx_summary -I../../../src/libcode/vx_time_series -I../../../src/libcode/vx_series_data -I../../../src/libcode/vx_tc_util -I/home/hank.fisher/MET/external_libs/include -I/home/hank.fisher/MET9_0_1_nopython/external_libs/include -I/home/hank.fisher/MET9_0_1_nopython/external_libs/include -I/home/hank.fisher/MET9_0_1_nopython/external_libs/include -I/home/hank.fisher/MET9_0_1_nopython/external_libs/include -I/home/hank.fisher/MET9_0_1_nopython/external_libs/include -I/home/hank.fisher/MET9_0_1_nopython/external_libs/include -DBLOCK4 -DWITH_GRIB2 -DMET_BASE="\"/home/hank.fisher/MET9_0_1_nopython/share/met\""  -g -MT libvx_pxm_a-pxm_base.o -MD -MP -MF .deps/libvx_pxm_a-pxm_base.Tpo -c -o libvx_pxm_a-pxm_base.o `test -f 'pxm_base.cc' || echo './'`pxm_base.cc
mv -f .deps/libvx_pxm_a-pxm_base.Tpo .deps/libvx_pxm_a-pxm_base.Po
/bin/g++ -DHAVE_CONFIG_H -I. -I../../..  -I../../../src/basic/vx_cal -I../../../src/basic/vx_config -I../../../src/basic/vx_log -I../../../src/basic/vx_math -I../../../src/basic/vx_util -I../../../src/libcode/vx_afm -I../../../src/libcode/vx_analysis_util -I../../../src/libcode/vx_color -I../../../src/libcode/vx_data2d -I../../../src/libcode/vx_data2d_factory -I../../../src/libcode/vx_data2d_grib -I../../../src/libcode/vx_data2d_grib2 -I../../../src/libcode/vx_data2d_nccf -I../../../src/libcode/vx_data2d_nc_met -I../../../src/libcode/vx_data2d_nc_pinterp -I../../../src/libcode/vx_data2d_python -I../../../src/libcode/vx_python3_utils -I../../../src/libcode/vx_geodesy -I../../../src/libcode/vx_gis -I../../../src/libcode/vx_gnomon -I../../../src/libcode/vx_grid -I../../../src/libcode/vx_gsl_prob -I../../../src/libcode/vx_nav -I../../../src/libcode/vx_nc_obs -I../../../src/libcode/vx_nc_util -I../../../src/libcode/vx_pb_util -I../../../src/libcode/vx_plot_util -I../../../src/libcode/vx_ps -I../../../src/libcode/vx_pxm -I../../../src/libcode/vx_render -I../../../src/libcode/vx_regrid -I../../../src/libcode/vx_shapedata -I../../../src/libcode/vx_solar -I../../../src/libcode/vx_statistics -I../../../src/libcode/vx_stat_out -I../../../src/libcode/vx_summary -I../../../src/libcode/vx_time_series -I../../../src/libcode/vx_series_data -I../../../src/libcode/vx_tc_util -I/home/hank.fisher/MET/external_libs/include -I/home/hank.fisher/MET9_0_1_nopython/external_libs/include -I/home/hank.fisher/MET9_0_1_nopython/external_libs/include -I/home/hank.fisher/MET9_0_1_nopython/external_libs/include -I/home/hank.fisher/MET9_0_1_nopython/external_libs/include -I/home/hank.fisher/MET9_0_1_nopython/external_libs/include -I/home/hank.fisher/MET9_0_1_nopython/external_libs/include -DBLOCK4 -DWITH_GRIB2 -DMET_BASE="\"/home/hank.fisher/MET9_0_1_nopython/share/met\""  -g -MT libvx_pxm_a-pxm_utils.o -MD -MP -MF .deps/libvx_pxm_a-pxm_utils.Tpo -c -o libvx_pxm_a-pxm_utils.o `test -f 'pxm_utils.cc' || echo './'`pxm_utils.cc
mv -f .deps/libvx_pxm_a-pxm_utils.Tpo .deps/libvx_pxm_a-pxm_utils.Po
rm -f libvx_pxm.a
ar cru libvx_pxm.a libvx_pxm_a-pbm.o libvx_pxm_a-pcm.o libvx_pxm_a-pgm.o libvx_pxm_a-ppm.o libvx_pxm_a-pxm_base.o libvx_pxm_a-pxm_utils.o 
ranlib libvx_pxm.a
make[4]: Leaving directory `/home/hank.fisher/MET9_0_1_nopython/met-9.0.1/src/libcode/vx_pxm'
Making all in vx_render
make[4]: Entering directory `/home/hank.fisher/MET9_0_1_nopython/met-9.0.1/src/libcode/vx_render'
/bin/g++ -DHAVE_CONFIG_H -I. -I../../..  -I../../../src/basic/vx_cal -I../../../src/basic/vx_config -I../../../src/basic/vx_log -I../../../src/basic/vx_math -I../../../src/basic/vx_util -I../../../src/libcode/vx_afm -I../../../src/libcode/vx_analysis_util -I../../../src/libcode/vx_color -I../../../src/libcode/vx_data2d -I../../../src/libcode/vx_data2d_factory -I../../../src/libcode/vx_data2d_grib -I../../../src/libcode/vx_data2d_grib2 -I../../../src/libcode/vx_data2d_nccf -I../../../src/libcode/vx_data2d_nc_met -I../../../src/libcode/vx_data2d_nc_pinterp -I../../../src/libcode/vx_data2d_python -I../../../src/libcode/vx_python3_utils -I../../../src/libcode/vx_geodesy -I../../../src/libcode/vx_gis -I../../../src/libcode/vx_gnomon -I../../../src/libcode/vx_grid -I../../../src/libcode/vx_gsl_prob -I../../../src/libcode/vx_nav -I../../../src/libcode/vx_nc_obs -I../../../src/libcode/vx_nc_util -I../../../src/libcode/vx_pb_util -I../../../src/libcode/vx_plot_util -I../../../src/libcode/vx_ps -I../../../src/libcode/vx_pxm -I../../../src/libcode/vx_render -I../../../src/libcode/vx_regrid -I../../../src/libcode/vx_shapedata -I../../../src/libcode/vx_solar -I../../../src/libcode/vx_statistics -I../../../src/libcode/vx_stat_out -I../../../src/libcode/vx_summary -I../../../src/libcode/vx_time_series -I../../../src/libcode/vx_series_data -I../../../src/libcode/vx_tc_util -I/home/hank.fisher/MET/external_libs/include -I/home/hank.fisher/MET9_0_1_nopython/external_libs/include -I/home/hank.fisher/MET9_0_1_nopython/external_libs/include -I/home/hank.fisher/MET9_0_1_nopython/external_libs/include -I/home/hank.fisher/MET9_0_1_nopython/external_libs/include -I/home/hank.fisher/MET9_0_1_nopython/external_libs/include -I/home/hank.fisher/MET9_0_1_nopython/external_libs/include -DBLOCK4 -DWITH_GRIB2 -DMET_BASE="\"/home/hank.fisher/MET9_0_1_nopython/share/met\""  -g -MT libvx_render_a-ascii85_filter.o -MD -MP -MF .deps/libvx_render_a-ascii85_filter.Tpo -c -o libvx_render_a-ascii85_filter.o `test -f 'ascii85_filter.cc' || echo './'`ascii85_filter.cc
mv -f .deps/libvx_render_a-ascii85_filter.Tpo .deps/libvx_render_a-ascii85_filter.Po
/bin/g++ -DHAVE_CONFIG_H -I. -I../../..  -I../../../src/basic/vx_cal -I../../../src/basic/vx_config -I../../../src/basic/vx_log -I../../../src/basic/vx_math -I../../../src/basic/vx_util -I../../../src/libcode/vx_afm -I../../../src/libcode/vx_analysis_util -I../../../src/libcode/vx_color -I../../../src/libcode/vx_data2d -I../../../src/libcode/vx_data2d_factory -I../../../src/libcode/vx_data2d_grib -I../../../src/libcode/vx_data2d_grib2 -I../../../src/libcode/vx_data2d_nccf -I../../../src/libcode/vx_data2d_nc_met -I../../../src/libcode/vx_data2d_nc_pinterp -I../../../src/libcode/vx_data2d_python -I../../../src/libcode/vx_python3_utils -I../../../src/libcode/vx_geodesy -I../../../src/libcode/vx_gis -I../../../src/libcode/vx_gnomon -I../../../src/libcode/vx_grid -I../../../src/libcode/vx_gsl_prob -I../../../src/libcode/vx_nav -I../../../src/libcode/vx_nc_obs -I../../../src/libcode/vx_nc_util -I../../../src/libcode/vx_pb_util -I../../../src/libcode/vx_plot_util -I../../../src/libcode/vx_ps -I../../../src/libcode/vx_pxm -I../../../src/libcode/vx_render -I../../../src/libcode/vx_regrid -I../../../src/libcode/vx_shapedata -I../../../src/libcode/vx_solar -I../../../src/libcode/vx_statistics -I../../../src/libcode/vx_stat_out -I../../../src/libcode/vx_summary -I../../../src/libcode/vx_time_series -I../../../src/libcode/vx_series_data -I../../../src/libcode/vx_tc_util -I/home/hank.fisher/MET/external_libs/include -I/home/hank.fisher/MET9_0_1_nopython/external_libs/include -I/home/hank.fisher/MET9_0_1_nopython/external_libs/include -I/home/hank.fisher/MET9_0_1_nopython/external_libs/include -I/home/hank.fisher/MET9_0_1_nopython/external_libs/include -I/home/hank.fisher/MET9_0_1_nopython/external_libs/include -I/home/hank.fisher/MET9_0_1_nopython/external_libs/include -DBLOCK4 -DWITH_GRIB2 -DMET_BASE="\"/home/hank.fisher/MET9_0_1_nopython/share/met\""  -g -MT libvx_render_a-bit_filter.o -MD -MP -MF .deps/libvx_render_a-bit_filter.Tpo -c -o libvx_render_a-bit_filter.o `test -f 'bit_filter.cc' || echo './'`bit_filter.cc
mv -f .deps/libvx_render_a-bit_filter.Tpo .deps/libvx_render_a-bit_filter.Po
/bin/g++ -DHAVE_CONFIG_H -I. -I../../..  -I../../../src/basic/vx_cal -I../../../src/basic/vx_config -I../../../src/basic/vx_log -I../../../src/basic/vx_math -I../../../src/basic/vx_util -I../../../src/libcode/vx_afm -I../../../src/libcode/vx_analysis_util -I../../../src/libcode/vx_color -I../../../src/libcode/vx_data2d -I../../../src/libcode/vx_data2d_factory -I../../../src/libcode/vx_data2d_grib -I../../../src/libcode/vx_data2d_grib2 -I../../../src/libcode/vx_data2d_nccf -I../../../src/libcode/vx_data2d_nc_met -I../../../src/libcode/vx_data2d_nc_pinterp -I../../../src/libcode/vx_data2d_python -I../../../src/libcode/vx_python3_utils -I../../../src/libcode/vx_geodesy -I../../../src/libcode/vx_gis -I../../../src/libcode/vx_gnomon -I../../../src/libcode/vx_grid -I../../../src/libcode/vx_gsl_prob -I../../../src/libcode/vx_nav -I../../../src/libcode/vx_nc_obs -I../../../src/libcode/vx_nc_util -I../../../src/libcode/vx_pb_util -I../../../src/libcode/vx_plot_util -I../../../src/libcode/vx_ps -I../../../src/libcode/vx_pxm -I../../../src/libcode/vx_render -I../../../src/libcode/vx_regrid -I../../../src/libcode/vx_shapedata -I../../../src/libcode/vx_solar -I../../../src/libcode/vx_statistics -I../../../src/libcode/vx_stat_out -I../../../src/libcode/vx_summary -I../../../src/libcode/vx_time_series -I../../../src/libcode/vx_series_data -I../../../src/libcode/vx_tc_util -I/home/hank.fisher/MET/external_libs/include -I/home/hank.fisher/MET9_0_1_nopython/external_libs/include -I/home/hank.fisher/MET9_0_1_nopython/external_libs/include -I/home/hank.fisher/MET9_0_1_nopython/external_libs/include -I/home/hank.fisher/MET9_0_1_nopython/external_libs/include -I/home/hank.fisher/MET9_0_1_nopython/external_libs/include -I/home/hank.fisher/MET9_0_1_nopython/external_libs/include -DBLOCK4 -DWITH_GRIB2 -DMET_BASE="\"/home/hank.fisher/MET9_0_1_nopython/share/met\""  -g -MT libvx_render_a-hex_filter.o -MD -MP -MF .deps/libvx_render_a-hex_filter.Tpo -c -o libvx_render_a-hex_filter.o `test -f 'hex_filter.cc' || echo './'`hex_filter.cc
mv -f .deps/libvx_render_a-hex_filter.Tpo .deps/libvx_render_a-hex_filter.Po
/bin/g++ -DHAVE_CONFIG_H -I. -I../../..  -I../../../src/basic/vx_cal -I../../../src/basic/vx_config -I../../../src/basic/vx_log -I../../../src/basic/vx_math -I../../../src/basic/vx_util -I../../../src/libcode/vx_afm -I../../../src/libcode/vx_analysis_util -I../../../src/libcode/vx_color -I../../../src/libcode/vx_data2d -I../../../src/libcode/vx_data2d_factory -I../../../src/libcode/vx_data2d_grib -I../../../src/libcode/vx_data2d_grib2 -I../../../src/libcode/vx_data2d_nccf -I../../../src/libcode/vx_data2d_nc_met -I../../../src/libcode/vx_data2d_nc_pinterp -I../../../src/libcode/vx_data2d_python -I../../../src/libcode/vx_python3_utils -I../../../src/libcode/vx_geodesy -I../../../src/libcode/vx_gis -I../../../src/libcode/vx_gnomon -I../../../src/libcode/vx_grid -I../../../src/libcode/vx_gsl_prob -I../../../src/libcode/vx_nav -I../../../src/libcode/vx_nc_obs -I../../../src/libcode/vx_nc_util -I../../../src/libcode/vx_pb_util -I../../../src/libcode/vx_plot_util -I../../../src/libcode/vx_ps -I../../../src/libcode/vx_pxm -I../../../src/libcode/vx_render -I../../../src/libcode/vx_regrid -I../../../src/libcode/vx_shapedata -I../../../src/libcode/vx_solar -I../../../src/libcode/vx_statistics -I../../../src/libcode/vx_stat_out -I../../../src/libcode/vx_summary -I../../../src/libcode/vx_time_series -I../../../src/libcode/vx_series_data -I../../../src/libcode/vx_tc_util -I/home/hank.fisher/MET/external_libs/include -I/home/hank.fisher/MET9_0_1_nopython/external_libs/include -I/home/hank.fisher/MET9_0_1_nopython/external_libs/include -I/home/hank.fisher/MET9_0_1_nopython/external_libs/include -I/home/hank.fisher/MET9_0_1_nopython/external_libs/include -I/home/hank.fisher/MET9_0_1_nopython/external_libs/include -I/home/hank.fisher/MET9_0_1_nopython/external_libs/include -DBLOCK4 -DWITH_GRIB2 -DMET_BASE="\"/home/hank.fisher/MET9_0_1_nopython/share/met\""  -g -MT libvx_render_a-ps_filter.o -MD -MP -MF .deps/libvx_render_a-ps_filter.Tpo -c -o libvx_render_a-ps_filter.o `test -f 'ps_filter.cc' || echo './'`ps_filter.cc
mv -f .deps/libvx_render_a-ps_filter.Tpo .deps/libvx_render_a-ps_filter.Po
/bin/g++ -DHAVE_CONFIG_H -I. -I../../..  -I../../../src/basic/vx_cal -I../../../src/basic/vx_config -I../../../src/basic/vx_log -I../../../src/basic/vx_math -I../../../src/basic/vx_util -I../../../src/libcode/vx_afm -I../../../src/libcode/vx_analysis_util -I../../../src/libcode/vx_color -I../../../src/libcode/vx_data2d -I../../../src/libcode/vx_data2d_factory -I../../../src/libcode/vx_data2d_grib -I../../../src/libcode/vx_data2d_grib2 -I../../../src/libcode/vx_data2d_nccf -I../../../src/libcode/vx_data2d_nc_met -I../../../src/libcode/vx_data2d_nc_pinterp -I../../../src/libcode/vx_data2d_python -I../../../src/libcode/vx_python3_utils -I../../../src/libcode/vx_geodesy -I../../../src/libcode/vx_gis -I../../../src/libcode/vx_gnomon -I../../../src/libcode/vx_grid -I../../../src/libcode/vx_gsl_prob -I../../../src/libcode/vx_nav -I../../../src/libcode/vx_nc_obs -I../../../src/libcode/vx_nc_util -I../../../src/libcode/vx_pb_util -I../../../src/libcode/vx_plot_util -I../../../src/libcode/vx_ps -I../../../src/libcode/vx_pxm -I../../../src/libcode/vx_render -I../../../src/libcode/vx_regrid -I../../../src/libcode/vx_shapedata -I../../../src/libcode/vx_solar -I../../../src/libcode/vx_statistics -I../../../src/libcode/vx_stat_out -I../../../src/libcode/vx_summary -I../../../src/libcode/vx_time_series -I../../../src/libcode/vx_series_data -I../../../src/libcode/vx_tc_util -I/home/hank.fisher/MET/external_libs/include -I/home/hank.fisher/MET9_0_1_nopython/external_libs/include -I/home/hank.fisher/MET9_0_1_nopython/external_libs/include -I/home/hank.fisher/MET9_0_1_nopython/external_libs/include -I/home/hank.fisher/MET9_0_1_nopython/external_libs/include -I/home/hank.fisher/MET9_0_1_nopython/external_libs/include -I/home/hank.fisher/MET9_0_1_nopython/external_libs/include -DBLOCK4 -DWITH_GRIB2 -DMET_BASE="\"/home/hank.fisher/MET9_0_1_nopython/share/met\""  -g -MT libvx_render_a-psout_filter.o -MD -MP -MF .deps/libvx_render_a-psout_filter.Tpo -c -o libvx_render_a-psout_filter.o `test -f 'psout_filter.cc' || echo './'`psout_filter.cc
mv -f .deps/libvx_render_a-psout_filter.Tpo .deps/libvx_render_a-psout_filter.Po
/bin/g++ -DHAVE_CONFIG_H -I. -I../../..  -I../../../src/basic/vx_cal -I../../../src/basic/vx_config -I../../../src/basic/vx_log -I../../../src/basic/vx_math -I../../../src/basic/vx_util -I../../../src/libcode/vx_afm -I../../../src/libcode/vx_analysis_util -I../../../src/libcode/vx_color -I../../../src/libcode/vx_data2d -I../../../src/libcode/vx_data2d_factory -I../../../src/libcode/vx_data2d_grib -I../../../src/libcode/vx_data2d_grib2 -I../../../src/libcode/vx_data2d_nccf -I../../../src/libcode/vx_data2d_nc_met -I../../../src/libcode/vx_data2d_nc_pinterp -I../../../src/libcode/vx_data2d_python -I../../../src/libcode/vx_python3_utils -I../../../src/libcode/vx_geodesy -I../../../src/libcode/vx_gis -I../../../src/libcode/vx_gnomon -I../../../src/libcode/vx_grid -I../../../src/libcode/vx_gsl_prob -I../../../src/libcode/vx_nav -I../../../src/libcode/vx_nc_obs -I../../../src/libcode/vx_nc_util -I../../../src/libcode/vx_pb_util -I../../../src/libcode/vx_plot_util -I../../../src/libcode/vx_ps -I../../../src/libcode/vx_pxm -I../../../src/libcode/vx_render -I../../../src/libcode/vx_regrid -I../../../src/libcode/vx_shapedata -I../../../src/libcode/vx_solar -I../../../src/libcode/vx_statistics -I../../../src/libcode/vx_stat_out -I../../../src/libcode/vx_summary -I../../../src/libcode/vx_time_series -I../../../src/libcode/vx_series_data -I../../../src/libcode/vx_tc_util -I/home/hank.fisher/MET/external_libs/include -I/home/hank.fisher/MET9_0_1_nopython/external_libs/include -I/home/hank.fisher/MET9_0_1_nopython/external_libs/include -I/home/hank.fisher/MET9_0_1_nopython/external_libs/include -I/home/hank.fisher/MET9_0_1_nopython/external_libs/include -I/home/hank.fisher/MET9_0_1_nopython/external_libs/include -I/home/hank.fisher/MET9_0_1_nopython/external_libs/include -DBLOCK4 -DWITH_GRIB2 -DMET_BASE="\"/home/hank.fisher/MET9_0_1_nopython/share/met\""  -g -MT libvx_render_a-render_pbm.o -MD -MP -MF .deps/libvx_render_a-render_pbm.Tpo -c -o libvx_render_a-render_pbm.o `test -f 'render_pbm.cc' || echo './'`render_pbm.cc
mv -f .deps/libvx_render_a-render_pbm.Tpo .deps/libvx_render_a-render_pbm.Po
/bin/g++ -DHAVE_CONFIG_H -I. -I../../..  -I../../../src/basic/vx_cal -I../../../src/basic/vx_config -I../../../src/basic/vx_log -I../../../src/basic/vx_math -I../../../src/basic/vx_util -I../../../src/libcode/vx_afm -I../../../src/libcode/vx_analysis_util -I../../../src/libcode/vx_color -I../../../src/libcode/vx_data2d -I../../../src/libcode/vx_data2d_factory -I../../../src/libcode/vx_data2d_grib -I../../../src/libcode/vx_data2d_grib2 -I../../../src/libcode/vx_data2d_nccf -I../../../src/libcode/vx_data2d_nc_met -I../../../src/libcode/vx_data2d_nc_pinterp -I../../../src/libcode/vx_data2d_python -I../../../src/libcode/vx_python3_utils -I../../../src/libcode/vx_geodesy -I../../../src/libcode/vx_gis -I../../../src/libcode/vx_gnomon -I../../../src/libcode/vx_grid -I../../../src/libcode/vx_gsl_prob -I../../../src/libcode/vx_nav -I../../../src/libcode/vx_nc_obs -I../../../src/libcode/vx_nc_util -I../../../src/libcode/vx_pb_util -I../../../src/libcode/vx_plot_util -I../../../src/libcode/vx_ps -I../../../src/libcode/vx_pxm -I../../../src/libcode/vx_render -I../../../src/libcode/vx_regrid -I../../../src/libcode/vx_shapedata -I../../../src/libcode/vx_solar -I../../../src/libcode/vx_statistics -I../../../src/libcode/vx_stat_out -I../../../src/libcode/vx_summary -I../../../src/libcode/vx_time_series -I../../../src/libcode/vx_series_data -I../../../src/libcode/vx_tc_util -I/home/hank.fisher/MET/external_libs/include -I/home/hank.fisher/MET9_0_1_nopython/external_libs/include -I/home/hank.fisher/MET9_0_1_nopython/external_libs/include -I/home/hank.fisher/MET9_0_1_nopython/external_libs/include -I/home/hank.fisher/MET9_0_1_nopython/external_libs/include -I/home/hank.fisher/MET9_0_1_nopython/external_libs/include -I/home/hank.fisher/MET9_0_1_nopython/external_libs/include -DBLOCK4 -DWITH_GRIB2 -DMET_BASE="\"/home/hank.fisher/MET9_0_1_nopython/share/met\""  -g -MT libvx_render_a-render_pcm.o -MD -MP -MF .deps/libvx_render_a-render_pcm.Tpo -c -o libvx_render_a-render_pcm.o `test -f 'render_pcm.cc' || echo './'`render_pcm.cc
mv -f .deps/libvx_render_a-render_pcm.Tpo .deps/libvx_render_a-render_pcm.Po
/bin/g++ -DHAVE_CONFIG_H -I. -I../../..  -I../../../src/basic/vx_cal -I../../../src/basic/vx_config -I../../../src/basic/vx_log -I../../../src/basic/vx_math -I../../../src/basic/vx_util -I../../../src/libcode/vx_afm -I../../../src/libcode/vx_analysis_util -I../../../src/libcode/vx_color -I../../../src/libcode/vx_data2d -I../../../src/libcode/vx_data2d_factory -I../../../src/libcode/vx_data2d_grib -I../../../src/libcode/vx_data2d_grib2 -I../../../src/libcode/vx_data2d_nccf -I../../../src/libcode/vx_data2d_nc_met -I../../../src/libcode/vx_data2d_nc_pinterp -I../../../src/libcode/vx_data2d_python -I../../../src/libcode/vx_python3_utils -I../../../src/libcode/vx_geodesy -I../../../src/libcode/vx_gis -I../../../src/libcode/vx_gnomon -I../../../src/libcode/vx_grid -I../../../src/libcode/vx_gsl_prob -I../../../src/libcode/vx_nav -I../../../src/libcode/vx_nc_obs -I../../../src/libcode/vx_nc_util -I../../../src/libcode/vx_pb_util -I../../../src/libcode/vx_plot_util -I../../../src/libcode/vx_ps -I../../../src/libcode/vx_pxm -I../../../src/libcode/vx_render -I../../../src/libcode/vx_regrid -I../../../src/libcode/vx_shapedata -I../../../src/libcode/vx_solar -I../../../src/libcode/vx_statistics -I../../../src/libcode/vx_stat_out -I../../../src/libcode/vx_summary -I../../../src/libcode/vx_time_series -I../../../src/libcode/vx_series_data -I../../../src/libcode/vx_tc_util -I/home/hank.fisher/MET/external_libs/include -I/home/hank.fisher/MET9_0_1_nopython/external_libs/include -I/home/hank.fisher/MET9_0_1_nopython/external_libs/include -I/home/hank.fisher/MET9_0_1_nopython/external_libs/include -I/home/hank.fisher/MET9_0_1_nopython/external_libs/include -I/home/hank.fisher/MET9_0_1_nopython/external_libs/include -I/home/hank.fisher/MET9_0_1_nopython/external_libs/include -DBLOCK4 -DWITH_GRIB2 -DMET_BASE="\"/home/hank.fisher/MET9_0_1_nopython/share/met\""  -g -MT libvx_render_a-render_pgm.o -MD -MP -MF .deps/libvx_render_a-render_pgm.Tpo -c -o libvx_render_a-render_pgm.o `test -f 'render_pgm.cc' || echo './'`render_pgm.cc
mv -f .deps/libvx_render_a-render_pgm.Tpo .deps/libvx_render_a-render_pgm.Po
/bin/g++ -DHAVE_CONFIG_H -I. -I../../..  -I../../../src/basic/vx_cal -I../../../src/basic/vx_config -I../../../src/basic/vx_log -I../../../src/basic/vx_math -I../../../src/basic/vx_util -I../../../src/libcode/vx_afm -I../../../src/libcode/vx_analysis_util -I../../../src/libcode/vx_color -I../../../src/libcode/vx_data2d -I../../../src/libcode/vx_data2d_factory -I../../../src/libcode/vx_data2d_grib -I../../../src/libcode/vx_data2d_grib2 -I../../../src/libcode/vx_data2d_nccf -I../../../src/libcode/vx_data2d_nc_met -I../../../src/libcode/vx_data2d_nc_pinterp -I../../../src/libcode/vx_data2d_python -I../../../src/libcode/vx_python3_utils -I../../../src/libcode/vx_geodesy -I../../../src/libcode/vx_gis -I../../../src/libcode/vx_gnomon -I../../../src/libcode/vx_grid -I../../../src/libcode/vx_gsl_prob -I../../../src/libcode/vx_nav -I../../../src/libcode/vx_nc_obs -I../../../src/libcode/vx_nc_util -I../../../src/libcode/vx_pb_util -I../../../src/libcode/vx_plot_util -I../../../src/libcode/vx_ps -I../../../src/libcode/vx_pxm -I../../../src/libcode/vx_render -I../../../src/libcode/vx_regrid -I../../../src/libcode/vx_shapedata -I../../../src/libcode/vx_solar -I../../../src/libcode/vx_statistics -I../../../src/libcode/vx_stat_out -I../../../src/libcode/vx_summary -I../../../src/libcode/vx_time_series -I../../../src/libcode/vx_series_data -I../../../src/libcode/vx_tc_util -I/home/hank.fisher/MET/external_libs/include -I/home/hank.fisher/MET9_0_1_nopython/external_libs/include -I/home/hank.fisher/MET9_0_1_nopython/external_libs/include -I/home/hank.fisher/MET9_0_1_nopython/external_libs/include -I/home/hank.fisher/MET9_0_1_nopython/external_libs/include -I/home/hank.fisher/MET9_0_1_nopython/external_libs/include -I/home/hank.fisher/MET9_0_1_nopython/external_libs/include -DBLOCK4 -DWITH_GRIB2 -DMET_BASE="\"/home/hank.fisher/MET9_0_1_nopython/share/met\""  -g -MT libvx_render_a-render_ppm.o -MD -MP -MF .deps/libvx_render_a-render_ppm.Tpo -c -o libvx_render_a-render_ppm.o `test -f 'render_ppm.cc' || echo './'`render_ppm.cc
mv -f .deps/libvx_render_a-render_ppm.Tpo .deps/libvx_render_a-render_ppm.Po
/bin/g++ -DHAVE_CONFIG_H -I. -I../../..  -I../../../src/basic/vx_cal -I../../../src/basic/vx_config -I../../../src/basic/vx_log -I../../../src/basic/vx_math -I../../../src/basic/vx_util -I../../../src/libcode/vx_afm -I../../../src/libcode/vx_analysis_util -I../../../src/libcode/vx_color -I../../../src/libcode/vx_data2d -I../../../src/libcode/vx_data2d_factory -I../../../src/libcode/vx_data2d_grib -I../../../src/libcode/vx_data2d_grib2 -I../../../src/libcode/vx_data2d_nccf -I../../../src/libcode/vx_data2d_nc_met -I../../../src/libcode/vx_data2d_nc_pinterp -I../../../src/libcode/vx_data2d_python -I../../../src/libcode/vx_python3_utils -I../../../src/libcode/vx_geodesy -I../../../src/libcode/vx_gis -I../../../src/libcode/vx_gnomon -I../../../src/libcode/vx_grid -I../../../src/libcode/vx_gsl_prob -I../../../src/libcode/vx_nav -I../../../src/libcode/vx_nc_obs -I../../../src/libcode/vx_nc_util -I../../../src/libcode/vx_pb_util -I../../../src/libcode/vx_plot_util -I../../../src/libcode/vx_ps -I../../../src/libcode/vx_pxm -I../../../src/libcode/vx_render -I../../../src/libcode/vx_regrid -I../../../src/libcode/vx_shapedata -I../../../src/libcode/vx_solar -I../../../src/libcode/vx_statistics -I../../../src/libcode/vx_stat_out -I../../../src/libcode/vx_summary -I../../../src/libcode/vx_time_series -I../../../src/libcode/vx_series_data -I../../../src/libcode/vx_tc_util -I/home/hank.fisher/MET/external_libs/include -I/home/hank.fisher/MET9_0_1_nopython/external_libs/include -I/home/hank.fisher/MET9_0_1_nopython/external_libs/include -I/home/hank.fisher/MET9_0_1_nopython/external_libs/include -I/home/hank.fisher/MET9_0_1_nopython/external_libs/include -I/home/hank.fisher/MET9_0_1_nopython/external_libs/include -I/home/hank.fisher/MET9_0_1_nopython/external_libs/include -DBLOCK4 -DWITH_GRIB2 -DMET_BASE="\"/home/hank.fisher/MET9_0_1_nopython/share/met\""  -g -MT libvx_render_a-renderinfo.o -MD -MP -MF .deps/libvx_render_a-renderinfo.Tpo -c -o libvx_render_a-renderinfo.o `test -f 'renderinfo.cc' || echo './'`renderinfo.cc
mv -f .deps/libvx_render_a-renderinfo.Tpo .deps/libvx_render_a-renderinfo.Po
/bin/g++ -DHAVE_CONFIG_H -I. -I../../..  -I../../../src/basic/vx_cal -I../../../src/basic/vx_config -I../../../src/basic/vx_log -I../../../src/basic/vx_math -I../../../src/basic/vx_util -I../../../src/libcode/vx_afm -I../../../src/libcode/vx_analysis_util -I../../../src/libcode/vx_color -I../../../src/libcode/vx_data2d -I../../../src/libcode/vx_data2d_factory -I../../../src/libcode/vx_data2d_grib -I../../../src/libcode/vx_data2d_grib2 -I../../../src/libcode/vx_data2d_nccf -I../../../src/libcode/vx_data2d_nc_met -I../../../src/libcode/vx_data2d_nc_pinterp -I../../../src/libcode/vx_data2d_python -I../../../src/libcode/vx_python3_utils -I../../../src/libcode/vx_geodesy -I../../../src/libcode/vx_gis -I../../../src/libcode/vx_gnomon -I../../../src/libcode/vx_grid -I../../../src/libcode/vx_gsl_prob -I../../../src/libcode/vx_nav -I../../../src/libcode/vx_nc_obs -I../../../src/libcode/vx_nc_util -I../../../src/libcode/vx_pb_util -I../../../src/libcode/vx_plot_util -I../../../src/libcode/vx_ps -I../../../src/libcode/vx_pxm -I../../../src/libcode/vx_render -I../../../src/libcode/vx_regrid -I../../../src/libcode/vx_shapedata -I../../../src/libcode/vx_solar -I../../../src/libcode/vx_statistics -I../../../src/libcode/vx_stat_out -I../../../src/libcode/vx_summary -I../../../src/libcode/vx_time_series -I../../../src/libcode/vx_series_data -I../../../src/libcode/vx_tc_util -I/home/hank.fisher/MET/external_libs/include -I/home/hank.fisher/MET9_0_1_nopython/external_libs/include -I/home/hank.fisher/MET9_0_1_nopython/external_libs/include -I/home/hank.fisher/MET9_0_1_nopython/external_libs/include -I/home/hank.fisher/MET9_0_1_nopython/external_libs/include -I/home/hank.fisher/MET9_0_1_nopython/external_libs/include -I/home/hank.fisher/MET9_0_1_nopython/external_libs/include -DBLOCK4 -DWITH_GRIB2 -DMET_BASE="\"/home/hank.fisher/MET9_0_1_nopython/share/met\""  -g -MT libvx_render_a-rle_filter.o -MD -MP -MF .deps/libvx_render_a-rle_filter.Tpo -c -o libvx_render_a-rle_filter.o `test -f 'rle_filter.cc' || echo './'`rle_filter.cc
mv -f .deps/libvx_render_a-rle_filter.Tpo .deps/libvx_render_a-rle_filter.Po
/bin/g++ -DHAVE_CONFIG_H -I. -I../../..  -I../../../src/basic/vx_cal -I../../../src/basic/vx_config -I../../../src/basic/vx_log -I../../../src/basic/vx_math -I../../../src/basic/vx_util -I../../../src/libcode/vx_afm -I../../../src/libcode/vx_analysis_util -I../../../src/libcode/vx_color -I../../../src/libcode/vx_data2d -I../../../src/libcode/vx_data2d_factory -I../../../src/libcode/vx_data2d_grib -I../../../src/libcode/vx_data2d_grib2 -I../../../src/libcode/vx_data2d_nccf -I../../../src/libcode/vx_data2d_nc_met -I../../../src/libcode/vx_data2d_nc_pinterp -I../../../src/libcode/vx_data2d_python -I../../../src/libcode/vx_python3_utils -I../../../src/libcode/vx_geodesy -I../../../src/libcode/vx_gis -I../../../src/libcode/vx_gnomon -I../../../src/libcode/vx_grid -I../../../src/libcode/vx_gsl_prob -I../../../src/libcode/vx_nav -I../../../src/libcode/vx_nc_obs -I../../../src/libcode/vx_nc_util -I../../../src/libcode/vx_pb_util -I../../../src/libcode/vx_plot_util -I../../../src/libcode/vx_ps -I../../../src/libcode/vx_pxm -I../../../src/libcode/vx_render -I../../../src/libcode/vx_regrid -I../../../src/libcode/vx_shapedata -I../../../src/libcode/vx_solar -I../../../src/libcode/vx_statistics -I../../../src/libcode/vx_stat_out -I../../../src/libcode/vx_summary -I../../../src/libcode/vx_time_series -I../../../src/libcode/vx_series_data -I../../../src/libcode/vx_tc_util -I/home/hank.fisher/MET/external_libs/include -I/home/hank.fisher/MET9_0_1_nopython/external_libs/include -I/home/hank.fisher/MET9_0_1_nopython/external_libs/include -I/home/hank.fisher/MET9_0_1_nopython/external_libs/include -I/home/hank.fisher/MET9_0_1_nopython/external_libs/include -I/home/hank.fisher/MET9_0_1_nopython/external_libs/include -I/home/hank.fisher/MET9_0_1_nopython/external_libs/include -DBLOCK4 -DWITH_GRIB2 -DMET_BASE="\"/home/hank.fisher/MET9_0_1_nopython/share/met\""  -g -MT libvx_render_a-flate_filter.o -MD -MP -MF .deps/libvx_render_a-flate_filter.Tpo -c -o libvx_render_a-flate_filter.o `test -f 'flate_filter.cc' || echo './'`flate_filter.cc
mv -f .deps/libvx_render_a-flate_filter.Tpo .deps/libvx_render_a-flate_filter.Po
/bin/g++ -DHAVE_CONFIG_H -I. -I../../..  -I../../../src/basic/vx_cal -I../../../src/basic/vx_config -I../../../src/basic/vx_log -I../../../src/basic/vx_math -I../../../src/basic/vx_util -I../../../src/libcode/vx_afm -I../../../src/libcode/vx_analysis_util -I../../../src/libcode/vx_color -I../../../src/libcode/vx_data2d -I../../../src/libcode/vx_data2d_factory -I../../../src/libcode/vx_data2d_grib -I../../../src/libcode/vx_data2d_grib2 -I../../../src/libcode/vx_data2d_nccf -I../../../src/libcode/vx_data2d_nc_met -I../../../src/libcode/vx_data2d_nc_pinterp -I../../../src/libcode/vx_data2d_python -I../../../src/libcode/vx_python3_utils -I../../../src/libcode/vx_geodesy -I../../../src/libcode/vx_gis -I../../../src/libcode/vx_gnomon -I../../../src/libcode/vx_grid -I../../../src/libcode/vx_gsl_prob -I../../../src/libcode/vx_nav -I../../../src/libcode/vx_nc_obs -I../../../src/libcode/vx_nc_util -I../../../src/libcode/vx_pb_util -I../../../src/libcode/vx_plot_util -I../../../src/libcode/vx_ps -I../../../src/libcode/vx_pxm -I../../../src/libcode/vx_render -I../../../src/libcode/vx_regrid -I../../../src/libcode/vx_shapedata -I../../../src/libcode/vx_solar -I../../../src/libcode/vx_statistics -I../../../src/libcode/vx_stat_out -I../../../src/libcode/vx_summary -I../../../src/libcode/vx_time_series -I../../../src/libcode/vx_series_data -I../../../src/libcode/vx_tc_util -I/home/hank.fisher/MET/external_libs/include -I/home/hank.fisher/MET9_0_1_nopython/external_libs/include -I/home/hank.fisher/MET9_0_1_nopython/external_libs/include -I/home/hank.fisher/MET9_0_1_nopython/external_libs/include -I/home/hank.fisher/MET9_0_1_nopython/external_libs/include -I/home/hank.fisher/MET9_0_1_nopython/external_libs/include -I/home/hank.fisher/MET9_0_1_nopython/external_libs/include -DBLOCK4 -DWITH_GRIB2 -DMET_BASE="\"/home/hank.fisher/MET9_0_1_nopython/share/met\""  -g -MT libvx_render_a-uc_queue.o -MD -MP -MF .deps/libvx_render_a-uc_queue.Tpo -c -o libvx_render_a-uc_queue.o `test -f 'uc_queue.cc' || echo './'`uc_queue.cc
mv -f .deps/libvx_render_a-uc_queue.Tpo .deps/libvx_render_a-uc_queue.Po
rm -f libvx_render.a
ar cru libvx_render.a libvx_render_a-ascii85_filter.o libvx_render_a-bit_filter.o libvx_render_a-hex_filter.o libvx_render_a-ps_filter.o libvx_render_a-psout_filter.o libvx_render_a-render_pbm.o libvx_render_a-render_pcm.o libvx_render_a-render_pgm.o libvx_render_a-render_ppm.o libvx_render_a-renderinfo.o libvx_render_a-rle_filter.o libvx_render_a-flate_filter.o libvx_render_a-uc_queue.o 
ranlib libvx_render.a
make[4]: Leaving directory `/home/hank.fisher/MET9_0_1_nopython/met-9.0.1/src/libcode/vx_render'
Making all in vx_ps
make[4]: Entering directory `/home/hank.fisher/MET9_0_1_nopython/met-9.0.1/src/libcode/vx_ps'
/bin/g++ -DHAVE_CONFIG_H -I. -I../../..  -I../../../src/basic/vx_cal -I../../../src/basic/vx_config -I../../../src/basic/vx_log -I../../../src/basic/vx_math -I../../../src/basic/vx_util -I../../../src/libcode/vx_afm -I../../../src/libcode/vx_analysis_util -I../../../src/libcode/vx_color -I../../../src/libcode/vx_data2d -I../../../src/libcode/vx_data2d_factory -I../../../src/libcode/vx_data2d_grib -I../../../src/libcode/vx_data2d_grib2 -I../../../src/libcode/vx_data2d_nccf -I../../../src/libcode/vx_data2d_nc_met -I../../../src/libcode/vx_data2d_nc_pinterp -I../../../src/libcode/vx_data2d_python -I../../../src/libcode/vx_python3_utils -I../../../src/libcode/vx_geodesy -I../../../src/libcode/vx_gis -I../../../src/libcode/vx_gnomon -I../../../src/libcode/vx_grid -I../../../src/libcode/vx_gsl_prob -I../../../src/libcode/vx_nav -I../../../src/libcode/vx_nc_obs -I../../../src/libcode/vx_nc_util -I../../../src/libcode/vx_pb_util -I../../../src/libcode/vx_plot_util -I../../../src/libcode/vx_ps -I../../../src/libcode/vx_pxm -I../../../src/libcode/vx_render -I../../../src/libcode/vx_regrid -I../../../src/libcode/vx_shapedata -I../../../src/libcode/vx_solar -I../../../src/libcode/vx_statistics -I../../../src/libcode/vx_stat_out -I../../../src/libcode/vx_summary -I../../../src/libcode/vx_time_series -I../../../src/libcode/vx_series_data -I../../../src/libcode/vx_tc_util -I/home/hank.fisher/MET/external_libs/include -I/home/hank.fisher/MET9_0_1_nopython/external_libs/include -I/home/hank.fisher/MET9_0_1_nopython/external_libs/include -I/home/hank.fisher/MET9_0_1_nopython/external_libs/include -I/home/hank.fisher/MET9_0_1_nopython/external_libs/include -I/home/hank.fisher/MET9_0_1_nopython/external_libs/include -I/home/hank.fisher/MET9_0_1_nopython/external_libs/include -DBLOCK4 -DWITH_GRIB2 -DMET_BASE="\"/home/hank.fisher/MET9_0_1_nopython/share/met\""  -g -MT libvx_ps_a-documentmedia_to_string.o -MD -MP -MF .deps/libvx_ps_a-documentmedia_to_string.Tpo -c -o libvx_ps_a-documentmedia_to_string.o `test -f 'documentmedia_to_string.cc' || echo './'`documentmedia_to_string.cc
mv -f .deps/libvx_ps_a-documentmedia_to_string.Tpo .deps/libvx_ps_a-documentmedia_to_string.Po
/bin/g++ -DHAVE_CONFIG_H -I. -I../../..  -I../../../src/basic/vx_cal -I../../../src/basic/vx_config -I../../../src/basic/vx_log -I../../../src/basic/vx_math -I../../../src/basic/vx_util -I../../../src/libcode/vx_afm -I../../../src/libcode/vx_analysis_util -I../../../src/libcode/vx_color -I../../../src/libcode/vx_data2d -I../../../src/libcode/vx_data2d_factory -I../../../src/libcode/vx_data2d_grib -I../../../src/libcode/vx_data2d_grib2 -I../../../src/libcode/vx_data2d_nccf -I../../../src/libcode/vx_data2d_nc_met -I../../../src/libcode/vx_data2d_nc_pinterp -I../../../src/libcode/vx_data2d_python -I../../../src/libcode/vx_python3_utils -I../../../src/libcode/vx_geodesy -I../../../src/libcode/vx_gis -I../../../src/libcode/vx_gnomon -I../../../src/libcode/vx_grid -I../../../src/libcode/vx_gsl_prob -I../../../src/libcode/vx_nav -I../../../src/libcode/vx_nc_obs -I../../../src/libcode/vx_nc_util -I../../../src/libcode/vx_pb_util -I../../../src/libcode/vx_plot_util -I../../../src/libcode/vx_ps -I../../../src/libcode/vx_pxm -I../../../src/libcode/vx_render -I../../../src/libcode/vx_regrid -I../../../src/libcode/vx_shapedata -I../../../src/libcode/vx_solar -I../../../src/libcode/vx_statistics -I../../../src/libcode/vx_stat_out -I../../../src/libcode/vx_summary -I../../../src/libcode/vx_time_series -I../../../src/libcode/vx_series_data -I../../../src/libcode/vx_tc_util -I/home/hank.fisher/MET/external_libs/include -I/home/hank.fisher/MET9_0_1_nopython/external_libs/include -I/home/hank.fisher/MET9_0_1_nopython/external_libs/include -I/home/hank.fisher/MET9_0_1_nopython/external_libs/include -I/home/hank.fisher/MET9_0_1_nopython/external_libs/include -I/home/hank.fisher/MET9_0_1_nopython/external_libs/include -I/home/hank.fisher/MET9_0_1_nopython/external_libs/include -DBLOCK4 -DWITH_GRIB2 -DMET_BASE="\"/home/hank.fisher/MET9_0_1_nopython/share/met\""  -g -MT libvx_ps_a-documentorientation_to_string.o -MD -MP -MF .deps/libvx_ps_a-documentorientation_to_string.Tpo -c -o libvx_ps_a-documentorientation_to_string.o `test -f 'documentorientation_to_string.cc' || echo './'`documentorientation_to_string.cc
mv -f .deps/libvx_ps_a-documentorientation_to_string.Tpo .deps/libvx_ps_a-documentorientation_to_string.Po
/bin/g++ -DHAVE_CONFIG_H -I. -I../../..  -I../../../src/basic/vx_cal -I../../../src/basic/vx_config -I../../../src/basic/vx_log -I../../../src/basic/vx_math -I../../../src/basic/vx_util -I../../../src/libcode/vx_afm -I../../../src/libcode/vx_analysis_util -I../../../src/libcode/vx_color -I../../../src/libcode/vx_data2d -I../../../src/libcode/vx_data2d_factory -I../../../src/libcode/vx_data2d_grib -I../../../src/libcode/vx_data2d_grib2 -I../../../src/libcode/vx_data2d_nccf -I../../../src/libcode/vx_data2d_nc_met -I../../../src/libcode/vx_data2d_nc_pinterp -I../../../src/libcode/vx_data2d_python -I../../../src/libcode/vx_python3_utils -I../../../src/libcode/vx_geodesy -I../../../src/libcode/vx_gis -I../../../src/libcode/vx_gnomon -I../../../src/libcode/vx_grid -I../../../src/libcode/vx_gsl_prob -I../../../src/libcode/vx_nav -I../../../src/libcode/vx_nc_obs -I../../../src/libcode/vx_nc_util -I../../../src/libcode/vx_pb_util -I../../../src/libcode/vx_plot_util -I../../../src/libcode/vx_ps -I../../../src/libcode/vx_pxm -I../../../src/libcode/vx_render -I../../../src/libcode/vx_regrid -I../../../src/libcode/vx_shapedata -I../../../src/libcode/vx_solar -I../../../src/libcode/vx_statistics -I../../../src/libcode/vx_stat_out -I../../../src/libcode/vx_summary -I../../../src/libcode/vx_time_series -I../../../src/libcode/vx_series_data -I../../../src/libcode/vx_tc_util -I/home/hank.fisher/MET/external_libs/include -I/home/hank.fisher/MET9_0_1_nopython/external_libs/include -I/home/hank.fisher/MET9_0_1_nopython/external_libs/include -I/home/hank.fisher/MET9_0_1_nopython/external_libs/include -I/home/hank.fisher/MET9_0_1_nopython/external_libs/include -I/home/hank.fisher/MET9_0_1_nopython/external_libs/include -I/home/hank.fisher/MET9_0_1_nopython/external_libs/include -DBLOCK4 -DWITH_GRIB2 -DMET_BASE="\"/home/hank.fisher/MET9_0_1_nopython/share/met\""  -g -MT libvx_ps_a-fontfamily_to_string.o -MD -MP -MF .deps/libvx_ps_a-fontfamily_to_string.Tpo -c -o libvx_ps_a-fontfamily_to_string.o `test -f 'fontfamily_to_string.cc' || echo './'`fontfamily_to_string.cc
mv -f .deps/libvx_ps_a-fontfamily_to_string.Tpo .deps/libvx_ps_a-fontfamily_to_string.Po
/bin/g++ -DHAVE_CONFIG_H -I. -I../../..  -I../../../src/basic/vx_cal -I../../../src/basic/vx_config -I../../../src/basic/vx_log -I../../../src/basic/vx_math -I../../../src/basic/vx_util -I../../../src/libcode/vx_afm -I../../../src/libcode/vx_analysis_util -I../../../src/libcode/vx_color -I../../../src/libcode/vx_data2d -I../../../src/libcode/vx_data2d_factory -I../../../src/libcode/vx_data2d_grib -I../../../src/libcode/vx_data2d_grib2 -I../../../src/libcode/vx_data2d_nccf -I../../../src/libcode/vx_data2d_nc_met -I../../../src/libcode/vx_data2d_nc_pinterp -I../../../src/libcode/vx_data2d_python -I../../../src/libcode/vx_python3_utils -I../../../src/libcode/vx_geodesy -I../../../src/libcode/vx_gis -I../../../src/libcode/vx_gnomon -I../../../src/libcode/vx_grid -I../../../src/libcode/vx_gsl_prob -I../../../src/libcode/vx_nav -I../../../src/libcode/vx_nc_obs -I../../../src/libcode/vx_nc_util -I../../../src/libcode/vx_pb_util -I../../../src/libcode/vx_plot_util -I../../../src/libcode/vx_ps -I../../../src/libcode/vx_pxm -I../../../src/libcode/vx_render -I../../../src/libcode/vx_regrid -I../../../src/libcode/vx_shapedata -I../../../src/libcode/vx_solar -I../../../src/libcode/vx_statistics -I../../../src/libcode/vx_stat_out -I../../../src/libcode/vx_summary -I../../../src/libcode/vx_time_series -I../../../src/libcode/vx_series_data -I../../../src/libcode/vx_tc_util -I/home/hank.fisher/MET/external_libs/include -I/home/hank.fisher/MET9_0_1_nopython/external_libs/include -I/home/hank.fisher/MET9_0_1_nopython/external_libs/include -I/home/hank.fisher/MET9_0_1_nopython/external_libs/include -I/home/hank.fisher/MET9_0_1_nopython/external_libs/include -I/home/hank.fisher/MET9_0_1_nopython/external_libs/include -I/home/hank.fisher/MET9_0_1_nopython/external_libs/include -DBLOCK4 -DWITH_GRIB2 -DMET_BASE="\"/home/hank.fisher/MET9_0_1_nopython/share/met\""  -g -MT libvx_ps_a-vx_ps.o -MD -MP -MF .deps/libvx_ps_a-vx_ps.Tpo -c -o libvx_ps_a-vx_ps.o `test -f 'vx_ps.cc' || echo './'`vx_ps.cc
mv -f .deps/libvx_ps_a-vx_ps.Tpo .deps/libvx_ps_a-vx_ps.Po
/bin/g++ -DHAVE_CONFIG_H -I. -I../../..  -I../../../src/basic/vx_cal -I../../../src/basic/vx_config -I../../../src/basic/vx_log -I../../../src/basic/vx_math -I../../../src/basic/vx_util -I../../../src/libcode/vx_afm -I../../../src/libcode/vx_analysis_util -I../../../src/libcode/vx_color -I../../../src/libcode/vx_data2d -I../../../src/libcode/vx_data2d_factory -I../../../src/libcode/vx_data2d_grib -I../../../src/libcode/vx_data2d_grib2 -I../../../src/libcode/vx_data2d_nccf -I../../../src/libcode/vx_data2d_nc_met -I../../../src/libcode/vx_data2d_nc_pinterp -I../../../src/libcode/vx_data2d_python -I../../../src/libcode/vx_python3_utils -I../../../src/libcode/vx_geodesy -I../../../src/libcode/vx_gis -I../../../src/libcode/vx_gnomon -I../../../src/libcode/vx_grid -I../../../src/libcode/vx_gsl_prob -I../../../src/libcode/vx_nav -I../../../src/libcode/vx_nc_obs -I../../../src/libcode/vx_nc_util -I../../../src/libcode/vx_pb_util -I../../../src/libcode/vx_plot_util -I../../../src/libcode/vx_ps -I../../../src/libcode/vx_pxm -I../../../src/libcode/vx_render -I../../../src/libcode/vx_regrid -I../../../src/libcode/vx_shapedata -I../../../src/libcode/vx_solar -I../../../src/libcode/vx_statistics -I../../../src/libcode/vx_stat_out -I../../../src/libcode/vx_summary -I../../../src/libcode/vx_time_series -I../../../src/libcode/vx_series_data -I../../../src/libcode/vx_tc_util -I/home/hank.fisher/MET/external_libs/include -I/home/hank.fisher/MET9_0_1_nopython/external_libs/include -I/home/hank.fisher/MET9_0_1_nopython/external_libs/include -I/home/hank.fisher/MET9_0_1_nopython/external_libs/include -I/home/hank.fisher/MET9_0_1_nopython/external_libs/include -I/home/hank.fisher/MET9_0_1_nopython/external_libs/include -I/home/hank.fisher/MET9_0_1_nopython/external_libs/include -DBLOCK4 -DWITH_GRIB2 -DMET_BASE="\"/home/hank.fisher/MET9_0_1_nopython/share/met\""  -g -MT libvx_ps_a-ps_text.o -MD -MP -MF .deps/libvx_ps_a-ps_text.Tpo -c -o libvx_ps_a-ps_text.o `test -f 'ps_text.cc' || echo './'`ps_text.cc
mv -f .deps/libvx_ps_a-ps_text.Tpo .deps/libvx_ps_a-ps_text.Po
/bin/g++ -DHAVE_CONFIG_H -I. -I../../..  -I../../../src/basic/vx_cal -I../../../src/basic/vx_config -I../../../src/basic/vx_log -I../../../src/basic/vx_math -I../../../src/basic/vx_util -I../../../src/libcode/vx_afm -I../../../src/libcode/vx_analysis_util -I../../../src/libcode/vx_color -I../../../src/libcode/vx_data2d -I../../../src/libcode/vx_data2d_factory -I../../../src/libcode/vx_data2d_grib -I../../../src/libcode/vx_data2d_grib2 -I../../../src/libcode/vx_data2d_nccf -I../../../src/libcode/vx_data2d_nc_met -I../../../src/libcode/vx_data2d_nc_pinterp -I../../../src/libcode/vx_data2d_python -I../../../src/libcode/vx_python3_utils -I../../../src/libcode/vx_geodesy -I../../../src/libcode/vx_gis -I../../../src/libcode/vx_gnomon -I../../../src/libcode/vx_grid -I../../../src/libcode/vx_gsl_prob -I../../../src/libcode/vx_nav -I../../../src/libcode/vx_nc_obs -I../../../src/libcode/vx_nc_util -I../../../src/libcode/vx_pb_util -I../../../src/libcode/vx_plot_util -I../../../src/libcode/vx_ps -I../../../src/libcode/vx_pxm -I../../../src/libcode/vx_render -I../../../src/libcode/vx_regrid -I../../../src/libcode/vx_shapedata -I../../../src/libcode/vx_solar -I../../../src/libcode/vx_statistics -I../../../src/libcode/vx_stat_out -I../../../src/libcode/vx_summary -I../../../src/libcode/vx_time_series -I../../../src/libcode/vx_series_data -I../../../src/libcode/vx_tc_util -I/home/hank.fisher/MET/external_libs/include -I/home/hank.fisher/MET9_0_1_nopython/external_libs/include -I/home/hank.fisher/MET9_0_1_nopython/external_libs/include -I/home/hank.fisher/MET9_0_1_nopython/external_libs/include -I/home/hank.fisher/MET9_0_1_nopython/external_libs/include -I/home/hank.fisher/MET9_0_1_nopython/external_libs/include -I/home/hank.fisher/MET9_0_1_nopython/external_libs/include -DBLOCK4 -DWITH_GRIB2 -DMET_BASE="\"/home/hank.fisher/MET9_0_1_nopython/share/met\""  -g -MT libvx_ps_a-table_helper.o -MD -MP -MF .deps/libvx_ps_a-table_helper.Tpo -c -o libvx_ps_a-table_helper.o `test -f 'table_helper.cc' || echo './'`table_helper.cc
mv -f .deps/libvx_ps_a-table_helper.Tpo .deps/libvx_ps_a-table_helper.Po
rm -f libvx_ps.a
ar cru libvx_ps.a libvx_ps_a-documentmedia_to_string.o libvx_ps_a-documentorientation_to_string.o libvx_ps_a-fontfamily_to_string.o libvx_ps_a-vx_ps.o libvx_ps_a-ps_text.o libvx_ps_a-table_helper.o 
ranlib libvx_ps.a
make[4]: Leaving directory `/home/hank.fisher/MET9_0_1_nopython/met-9.0.1/src/libcode/vx_ps'
Making all in vx_plot_util
make[4]: Entering directory `/home/hank.fisher/MET9_0_1_nopython/met-9.0.1/src/libcode/vx_plot_util'
/bin/g++ -DHAVE_CONFIG_H -I. -I../../..  -I../../../src/basic/vx_cal -I../../../src/basic/vx_config -I../../../src/basic/vx_log -I../../../src/basic/vx_math -I../../../src/basic/vx_util -I../../../src/libcode/vx_afm -I../../../src/libcode/vx_analysis_util -I../../../src/libcode/vx_color -I../../../src/libcode/vx_data2d -I../../../src/libcode/vx_data2d_factory -I../../../src/libcode/vx_data2d_grib -I../../../src/libcode/vx_data2d_grib2 -I../../../src/libcode/vx_data2d_nccf -I../../../src/libcode/vx_data2d_nc_met -I../../../src/libcode/vx_data2d_nc_pinterp -I../../../src/libcode/vx_data2d_python -I../../../src/libcode/vx_python3_utils -I../../../src/libcode/vx_geodesy -I../../../src/libcode/vx_gis -I../../../src/libcode/vx_gnomon -I../../../src/libcode/vx_grid -I../../../src/libcode/vx_gsl_prob -I../../../src/libcode/vx_nav -I../../../src/libcode/vx_nc_obs -I../../../src/libcode/vx_nc_util -I../../../src/libcode/vx_pb_util -I../../../src/libcode/vx_plot_util -I../../../src/libcode/vx_ps -I../../../src/libcode/vx_pxm -I../../../src/libcode/vx_render -I../../../src/libcode/vx_regrid -I../../../src/libcode/vx_shapedata -I../../../src/libcode/vx_solar -I../../../src/libcode/vx_statistics -I../../../src/libcode/vx_stat_out -I../../../src/libcode/vx_summary -I../../../src/libcode/vx_time_series -I../../../src/libcode/vx_series_data -I../../../src/libcode/vx_tc_util -I/home/hank.fisher/MET/external_libs/include -I/home/hank.fisher/MET9_0_1_nopython/external_libs/include -I/home/hank.fisher/MET9_0_1_nopython/external_libs/include -I/home/hank.fisher/MET9_0_1_nopython/external_libs/include -I/home/hank.fisher/MET9_0_1_nopython/external_libs/include -I/home/hank.fisher/MET9_0_1_nopython/external_libs/include -I/home/hank.fisher/MET9_0_1_nopython/external_libs/include -DBLOCK4 -DWITH_GRIB2 -DMET_BASE="\"/home/hank.fisher/MET9_0_1_nopython/share/met\""  -g -MT libvx_plot_util_a-map_region.o -MD -MP -MF .deps/libvx_plot_util_a-map_region.Tpo -c -o libvx_plot_util_a-map_region.o `test -f 'map_region.cc' || echo './'`map_region.cc
mv -f .deps/libvx_plot_util_a-map_region.Tpo .deps/libvx_plot_util_a-map_region.Po
/bin/g++ -DHAVE_CONFIG_H -I. -I../../..  -I../../../src/basic/vx_cal -I../../../src/basic/vx_config -I../../../src/basic/vx_log -I../../../src/basic/vx_math -I../../../src/basic/vx_util -I../../../src/libcode/vx_afm -I../../../src/libcode/vx_analysis_util -I../../../src/libcode/vx_color -I../../../src/libcode/vx_data2d -I../../../src/libcode/vx_data2d_factory -I../../../src/libcode/vx_data2d_grib -I../../../src/libcode/vx_data2d_grib2 -I../../../src/libcode/vx_data2d_nccf -I../../../src/libcode/vx_data2d_nc_met -I../../../src/libcode/vx_data2d_nc_pinterp -I../../../src/libcode/vx_data2d_python -I../../../src/libcode/vx_python3_utils -I../../../src/libcode/vx_geodesy -I../../../src/libcode/vx_gis -I../../../src/libcode/vx_gnomon -I../../../src/libcode/vx_grid -I../../../src/libcode/vx_gsl_prob -I../../../src/libcode/vx_nav -I../../../src/libcode/vx_nc_obs -I../../../src/libcode/vx_nc_util -I../../../src/libcode/vx_pb_util -I../../../src/libcode/vx_plot_util -I../../../src/libcode/vx_ps -I../../../src/libcode/vx_pxm -I../../../src/libcode/vx_render -I../../../src/libcode/vx_regrid -I../../../src/libcode/vx_shapedata -I../../../src/libcode/vx_solar -I../../../src/libcode/vx_statistics -I../../../src/libcode/vx_stat_out -I../../../src/libcode/vx_summary -I../../../src/libcode/vx_time_series -I../../../src/libcode/vx_series_data -I../../../src/libcode/vx_tc_util -I/home/hank.fisher/MET/external_libs/include -I/home/hank.fisher/MET9_0_1_nopython/external_libs/include -I/home/hank.fisher/MET9_0_1_nopython/external_libs/include -I/home/hank.fisher/MET9_0_1_nopython/external_libs/include -I/home/hank.fisher/MET9_0_1_nopython/external_libs/include -I/home/hank.fisher/MET9_0_1_nopython/external_libs/include -I/home/hank.fisher/MET9_0_1_nopython/external_libs/include -DBLOCK4 -DWITH_GRIB2 -DMET_BASE="\"/home/hank.fisher/MET9_0_1_nopython/share/met\""  -g -MT libvx_plot_util_a-vx_plot_util.o -MD -MP -MF .deps/libvx_plot_util_a-vx_plot_util.Tpo -c -o libvx_plot_util_a-vx_plot_util.o `test -f 'vx_plot_util.cc' || echo './'`vx_plot_util.cc
mv -f .deps/libvx_plot_util_a-vx_plot_util.Tpo .deps/libvx_plot_util_a-vx_plot_util.Po
/bin/g++ -DHAVE_CONFIG_H -I. -I../../..  -I../../../src/basic/vx_cal -I../../../src/basic/vx_config -I../../../src/basic/vx_log -I../../../src/basic/vx_math -I../../../src/basic/vx_util -I../../../src/libcode/vx_afm -I../../../src/libcode/vx_analysis_util -I../../../src/libcode/vx_color -I../../../src/libcode/vx_data2d -I../../../src/libcode/vx_data2d_factory -I../../../src/libcode/vx_data2d_grib -I../../../src/libcode/vx_data2d_grib2 -I../../../src/libcode/vx_data2d_nccf -I../../../src/libcode/vx_data2d_nc_met -I../../../src/libcode/vx_data2d_nc_pinterp -I../../../src/libcode/vx_data2d_python -I../../../src/libcode/vx_python3_utils -I../../../src/libcode/vx_geodesy -I../../../src/libcode/vx_gis -I../../../src/libcode/vx_gnomon -I../../../src/libcode/vx_grid -I../../../src/libcode/vx_gsl_prob -I../../../src/libcode/vx_nav -I../../../src/libcode/vx_nc_obs -I../../../src/libcode/vx_nc_util -I../../../src/libcode/vx_pb_util -I../../../src/libcode/vx_plot_util -I../../../src/libcode/vx_ps -I../../../src/libcode/vx_pxm -I../../../src/libcode/vx_render -I../../../src/libcode/vx_regrid -I../../../src/libcode/vx_shapedata -I../../../src/libcode/vx_solar -I../../../src/libcode/vx_statistics -I../../../src/libcode/vx_stat_out -I../../../src/libcode/vx_summary -I../../../src/libcode/vx_time_series -I../../../src/libcode/vx_series_data -I../../../src/libcode/vx_tc_util -I/home/hank.fisher/MET/external_libs/include -I/home/hank.fisher/MET9_0_1_nopython/external_libs/include -I/home/hank.fisher/MET9_0_1_nopython/external_libs/include -I/home/hank.fisher/MET9_0_1_nopython/external_libs/include -I/home/hank.fisher/MET9_0_1_nopython/external_libs/include -I/home/hank.fisher/MET9_0_1_nopython/external_libs/include -I/home/hank.fisher/MET9_0_1_nopython/external_libs/include -DBLOCK4 -DWITH_GRIB2 -DMET_BASE="\"/home/hank.fisher/MET9_0_1_nopython/share/met\""  -g -MT libvx_plot_util_a-data_plane_plot.o -MD -MP -MF .deps/libvx_plot_util_a-data_plane_plot.Tpo -c -o libvx_plot_util_a-data_plane_plot.o `test -f 'data_plane_plot.cc' || echo './'`data_plane_plot.cc
mv -f .deps/libvx_plot_util_a-data_plane_plot.Tpo .deps/libvx_plot_util_a-data_plane_plot.Po
rm -f libvx_plot_util.a
ar cru libvx_plot_util.a libvx_plot_util_a-map_region.o libvx_plot_util_a-vx_plot_util.o libvx_plot_util_a-data_plane_plot.o 
ranlib libvx_plot_util.a
make[4]: Leaving directory `/home/hank.fisher/MET9_0_1_nopython/met-9.0.1/src/libcode/vx_plot_util'
Making all in vx_shapedata
make[4]: Entering directory `/home/hank.fisher/MET9_0_1_nopython/met-9.0.1/src/libcode/vx_shapedata'
/bin/g++ -DHAVE_CONFIG_H -I. -I../../..  -I../../../src/basic/vx_cal -I../../../src/basic/vx_config -I../../../src/basic/vx_log -I../../../src/basic/vx_math -I../../../src/basic/vx_util -I../../../src/libcode/vx_afm -I../../../src/libcode/vx_analysis_util -I../../../src/libcode/vx_color -I../../../src/libcode/vx_data2d -I../../../src/libcode/vx_data2d_factory -I../../../src/libcode/vx_data2d_grib -I../../../src/libcode/vx_data2d_grib2 -I../../../src/libcode/vx_data2d_nccf -I../../../src/libcode/vx_data2d_nc_met -I../../../src/libcode/vx_data2d_nc_pinterp -I../../../src/libcode/vx_data2d_python -I../../../src/libcode/vx_python3_utils -I../../../src/libcode/vx_geodesy -I../../../src/libcode/vx_gis -I../../../src/libcode/vx_gnomon -I../../../src/libcode/vx_grid -I../../../src/libcode/vx_gsl_prob -I../../../src/libcode/vx_nav -I../../../src/libcode/vx_nc_obs -I../../../src/libcode/vx_nc_util -I../../../src/libcode/vx_pb_util -I../../../src/libcode/vx_plot_util -I../../../src/libcode/vx_ps -I../../../src/libcode/vx_pxm -I../../../src/libcode/vx_render -I../../../src/libcode/vx_regrid -I../../../src/libcode/vx_shapedata -I../../../src/libcode/vx_solar -I../../../src/libcode/vx_statistics -I../../../src/libcode/vx_stat_out -I../../../src/libcode/vx_summary -I../../../src/libcode/vx_time_series -I../../../src/libcode/vx_series_data -I../../../src/libcode/vx_tc_util -I/home/hank.fisher/MET/external_libs/include -I/home/hank.fisher/MET9_0_1_nopython/external_libs/include -I/home/hank.fisher/MET9_0_1_nopython/external_libs/include -I/home/hank.fisher/MET9_0_1_nopython/external_libs/include -I/home/hank.fisher/MET9_0_1_nopython/external_libs/include -I/home/hank.fisher/MET9_0_1_nopython/external_libs/include -I/home/hank.fisher/MET9_0_1_nopython/external_libs/include -DBLOCK4 -DWITH_GRIB2 -DMET_BASE="\"/home/hank.fisher/MET9_0_1_nopython/share/met\""  -g -MT libvx_shapedata_a-moments.o -MD -MP -MF .deps/libvx_shapedata_a-moments.Tpo -c -o libvx_shapedata_a-moments.o `test -f 'moments.cc' || echo './'`moments.cc
mv -f .deps/libvx_shapedata_a-moments.Tpo .deps/libvx_shapedata_a-moments.Po
/bin/g++ -DHAVE_CONFIG_H -I. -I../../..  -I../../../src/basic/vx_cal -I../../../src/basic/vx_config -I../../../src/basic/vx_log -I../../../src/basic/vx_math -I../../../src/basic/vx_util -I../../../src/libcode/vx_afm -I../../../src/libcode/vx_analysis_util -I../../../src/libcode/vx_color -I../../../src/libcode/vx_data2d -I../../../src/libcode/vx_data2d_factory -I../../../src/libcode/vx_data2d_grib -I../../../src/libcode/vx_data2d_grib2 -I../../../src/libcode/vx_data2d_nccf -I../../../src/libcode/vx_data2d_nc_met -I../../../src/libcode/vx_data2d_nc_pinterp -I../../../src/libcode/vx_data2d_python -I../../../src/libcode/vx_python3_utils -I../../../src/libcode/vx_geodesy -I../../../src/libcode/vx_gis -I../../../src/libcode/vx_gnomon -I../../../src/libcode/vx_grid -I../../../src/libcode/vx_gsl_prob -I../../../src/libcode/vx_nav -I../../../src/libcode/vx_nc_obs -I../../../src/libcode/vx_nc_util -I../../../src/libcode/vx_pb_util -I../../../src/libcode/vx_plot_util -I../../../src/libcode/vx_ps -I../../../src/libcode/vx_pxm -I../../../src/libcode/vx_render -I../../../src/libcode/vx_regrid -I../../../src/libcode/vx_shapedata -I../../../src/libcode/vx_solar -I../../../src/libcode/vx_statistics -I../../../src/libcode/vx_stat_out -I../../../src/libcode/vx_summary -I../../../src/libcode/vx_time_series -I../../../src/libcode/vx_series_data -I../../../src/libcode/vx_tc_util -I/home/hank.fisher/MET/external_libs/include -I/home/hank.fisher/MET9_0_1_nopython/external_libs/include -I/home/hank.fisher/MET9_0_1_nopython/external_libs/include -I/home/hank.fisher/MET9_0_1_nopython/external_libs/include -I/home/hank.fisher/MET9_0_1_nopython/external_libs/include -I/home/hank.fisher/MET9_0_1_nopython/external_libs/include -I/home/hank.fisher/MET9_0_1_nopython/external_libs/include -DBLOCK4 -DWITH_GRIB2 -DMET_BASE="\"/home/hank.fisher/MET9_0_1_nopython/share/met\""  -g -MT libvx_shapedata_a-node.o -MD -MP -MF .deps/libvx_shapedata_a-node.Tpo -c -o libvx_shapedata_a-node.o `test -f 'node.cc' || echo './'`node.cc
mv -f .deps/libvx_shapedata_a-node.Tpo .deps/libvx_shapedata_a-node.Po
/bin/g++ -DHAVE_CONFIG_H -I. -I../../..  -I../../../src/basic/vx_cal -I../../../src/basic/vx_config -I../../../src/basic/vx_log -I../../../src/basic/vx_math -I../../../src/basic/vx_util -I../../../src/libcode/vx_afm -I../../../src/libcode/vx_analysis_util -I../../../src/libcode/vx_color -I../../../src/libcode/vx_data2d -I../../../src/libcode/vx_data2d_factory -I../../../src/libcode/vx_data2d_grib -I../../../src/libcode/vx_data2d_grib2 -I../../../src/libcode/vx_data2d_nccf -I../../../src/libcode/vx_data2d_nc_met -I../../../src/libcode/vx_data2d_nc_pinterp -I../../../src/libcode/vx_data2d_python -I../../../src/libcode/vx_python3_utils -I../../../src/libcode/vx_geodesy -I../../../src/libcode/vx_gis -I../../../src/libcode/vx_gnomon -I../../../src/libcode/vx_grid -I../../../src/libcode/vx_gsl_prob -I../../../src/libcode/vx_nav -I../../../src/libcode/vx_nc_obs -I../../../src/libcode/vx_nc_util -I../../../src/libcode/vx_pb_util -I../../../src/libcode/vx_plot_util -I../../../src/libcode/vx_ps -I../../../src/libcode/vx_pxm -I../../../src/libcode/vx_render -I../../../src/libcode/vx_regrid -I../../../src/libcode/vx_shapedata -I../../../src/libcode/vx_solar -I../../../src/libcode/vx_statistics -I../../../src/libcode/vx_stat_out -I../../../src/libcode/vx_summary -I../../../src/libcode/vx_time_series -I../../../src/libcode/vx_series_data -I../../../src/libcode/vx_tc_util -I/home/hank.fisher/MET/external_libs/include -I/home/hank.fisher/MET9_0_1_nopython/external_libs/include -I/home/hank.fisher/MET9_0_1_nopython/external_libs/include -I/home/hank.fisher/MET9_0_1_nopython/external_libs/include -I/home/hank.fisher/MET9_0_1_nopython/external_libs/include -I/home/hank.fisher/MET9_0_1_nopython/external_libs/include -I/home/hank.fisher/MET9_0_1_nopython/external_libs/include -DBLOCK4 -DWITH_GRIB2 -DMET_BASE="\"/home/hank.fisher/MET9_0_1_nopython/share/met\""  -g -MT libvx_shapedata_a-shapedata.o -MD -MP -MF .deps/libvx_shapedata_a-shapedata.Tpo -c -o libvx_shapedata_a-shapedata.o `test -f 'shapedata.cc' || echo './'`shapedata.cc
mv -f .deps/libvx_shapedata_a-shapedata.Tpo .deps/libvx_shapedata_a-shapedata.Po
/bin/g++ -DHAVE_CONFIG_H -I. -I../../..  -I../../../src/basic/vx_cal -I../../../src/basic/vx_config -I../../../src/basic/vx_log -I../../../src/basic/vx_math -I../../../src/basic/vx_util -I../../../src/libcode/vx_afm -I../../../src/libcode/vx_analysis_util -I../../../src/libcode/vx_color -I../../../src/libcode/vx_data2d -I../../../src/libcode/vx_data2d_factory -I../../../src/libcode/vx_data2d_grib -I../../../src/libcode/vx_data2d_grib2 -I../../../src/libcode/vx_data2d_nccf -I../../../src/libcode/vx_data2d_nc_met -I../../../src/libcode/vx_data2d_nc_pinterp -I../../../src/libcode/vx_data2d_python -I../../../src/libcode/vx_python3_utils -I../../../src/libcode/vx_geodesy -I../../../src/libcode/vx_gis -I../../../src/libcode/vx_gnomon -I../../../src/libcode/vx_grid -I../../../src/libcode/vx_gsl_prob -I../../../src/libcode/vx_nav -I../../../src/libcode/vx_nc_obs -I../../../src/libcode/vx_nc_util -I../../../src/libcode/vx_pb_util -I../../../src/libcode/vx_plot_util -I../../../src/libcode/vx_ps -I../../../src/libcode/vx_pxm -I../../../src/libcode/vx_render -I../../../src/libcode/vx_regrid -I../../../src/libcode/vx_shapedata -I../../../src/libcode/vx_solar -I../../../src/libcode/vx_statistics -I../../../src/libcode/vx_stat_out -I../../../src/libcode/vx_summary -I../../../src/libcode/vx_time_series -I../../../src/libcode/vx_series_data -I../../../src/libcode/vx_tc_util -I/home/hank.fisher/MET/external_libs/include -I/home/hank.fisher/MET9_0_1_nopython/external_libs/include -I/home/hank.fisher/MET9_0_1_nopython/external_libs/include -I/home/hank.fisher/MET9_0_1_nopython/external_libs/include -I/home/hank.fisher/MET9_0_1_nopython/external_libs/include -I/home/hank.fisher/MET9_0_1_nopython/external_libs/include -I/home/hank.fisher/MET9_0_1_nopython/external_libs/include -DBLOCK4 -DWITH_GRIB2 -DMET_BASE="\"/home/hank.fisher/MET9_0_1_nopython/share/met\""  -g -MT libvx_shapedata_a-set.o -MD -MP -MF .deps/libvx_shapedata_a-set.Tpo -c -o libvx_shapedata_a-set.o `test -f 'set.cc' || echo './'`set.cc
mv -f .deps/libvx_shapedata_a-set.Tpo .deps/libvx_shapedata_a-set.Po
/bin/g++ -DHAVE_CONFIG_H -I. -I../../..  -I../../../src/basic/vx_cal -I../../../src/basic/vx_config -I../../../src/basic/vx_log -I../../../src/basic/vx_math -I../../../src/basic/vx_util -I../../../src/libcode/vx_afm -I../../../src/libcode/vx_analysis_util -I../../../src/libcode/vx_color -I../../../src/libcode/vx_data2d -I../../../src/libcode/vx_data2d_factory -I../../../src/libcode/vx_data2d_grib -I../../../src/libcode/vx_data2d_grib2 -I../../../src/libcode/vx_data2d_nccf -I../../../src/libcode/vx_data2d_nc_met -I../../../src/libcode/vx_data2d_nc_pinterp -I../../../src/libcode/vx_data2d_python -I../../../src/libcode/vx_python3_utils -I../../../src/libcode/vx_geodesy -I../../../src/libcode/vx_gis -I../../../src/libcode/vx_gnomon -I../../../src/libcode/vx_grid -I../../../src/libcode/vx_gsl_prob -I../../../src/libcode/vx_nav -I../../../src/libcode/vx_nc_obs -I../../../src/libcode/vx_nc_util -I../../../src/libcode/vx_pb_util -I../../../src/libcode/vx_plot_util -I../../../src/libcode/vx_ps -I../../../src/libcode/vx_pxm -I../../../src/libcode/vx_render -I../../../src/libcode/vx_regrid -I../../../src/libcode/vx_shapedata -I../../../src/libcode/vx_solar -I../../../src/libcode/vx_statistics -I../../../src/libcode/vx_stat_out -I../../../src/libcode/vx_summary -I../../../src/libcode/vx_time_series -I../../../src/libcode/vx_series_data -I../../../src/libcode/vx_tc_util -I/home/hank.fisher/MET/external_libs/include -I/home/hank.fisher/MET9_0_1_nopython/external_libs/include -I/home/hank.fisher/MET9_0_1_nopython/external_libs/include -I/home/hank.fisher/MET9_0_1_nopython/external_libs/include -I/home/hank.fisher/MET9_0_1_nopython/external_libs/include -I/home/hank.fisher/MET9_0_1_nopython/external_libs/include -I/home/hank.fisher/MET9_0_1_nopython/external_libs/include -DBLOCK4 -DWITH_GRIB2 -DMET_BASE="\"/home/hank.fisher/MET9_0_1_nopython/share/met\""  -g -MT libvx_shapedata_a-interest.o -MD -MP -MF .deps/libvx_shapedata_a-interest.Tpo -c -o libvx_shapedata_a-interest.o `test -f 'interest.cc' || echo './'`interest.cc
mv -f .deps/libvx_shapedata_a-interest.Tpo .deps/libvx_shapedata_a-interest.Po
/bin/g++ -DHAVE_CONFIG_H -I. -I../../..  -I../../../src/basic/vx_cal -I../../../src/basic/vx_config -I../../../src/basic/vx_log -I../../../src/basic/vx_math -I../../../src/basic/vx_util -I../../../src/libcode/vx_afm -I../../../src/libcode/vx_analysis_util -I../../../src/libcode/vx_color -I../../../src/libcode/vx_data2d -I../../../src/libcode/vx_data2d_factory -I../../../src/libcode/vx_data2d_grib -I../../../src/libcode/vx_data2d_grib2 -I../../../src/libcode/vx_data2d_nccf -I../../../src/libcode/vx_data2d_nc_met -I../../../src/libcode/vx_data2d_nc_pinterp -I../../../src/libcode/vx_data2d_python -I../../../src/libcode/vx_python3_utils -I../../../src/libcode/vx_geodesy -I../../../src/libcode/vx_gis -I../../../src/libcode/vx_gnomon -I../../../src/libcode/vx_grid -I../../../src/libcode/vx_gsl_prob -I../../../src/libcode/vx_nav -I../../../src/libcode/vx_nc_obs -I../../../src/libcode/vx_nc_util -I../../../src/libcode/vx_pb_util -I../../../src/libcode/vx_plot_util -I../../../src/libcode/vx_ps -I../../../src/libcode/vx_pxm -I../../../src/libcode/vx_render -I../../../src/libcode/vx_regrid -I../../../src/libcode/vx_shapedata -I../../../src/libcode/vx_solar -I../../../src/libcode/vx_statistics -I../../../src/libcode/vx_stat_out -I../../../src/libcode/vx_summary -I../../../src/libcode/vx_time_series -I../../../src/libcode/vx_series_data -I../../../src/libcode/vx_tc_util -I/home/hank.fisher/MET/external_libs/include -I/home/hank.fisher/MET9_0_1_nopython/external_libs/include -I/home/hank.fisher/MET9_0_1_nopython/external_libs/include -I/home/hank.fisher/MET9_0_1_nopython/external_libs/include -I/home/hank.fisher/MET9_0_1_nopython/external_libs/include -I/home/hank.fisher/MET9_0_1_nopython/external_libs/include -I/home/hank.fisher/MET9_0_1_nopython/external_libs/include -DBLOCK4 -DWITH_GRIB2 -DMET_BASE="\"/home/hank.fisher/MET9_0_1_nopython/share/met\""  -g -MT libvx_shapedata_a-mode_conf_info.o -MD -MP -MF .deps/libvx_shapedata_a-mode_conf_info.Tpo -c -o libvx_shapedata_a-mode_conf_info.o `test -f 'mode_conf_info.cc' || echo './'`mode_conf_info.cc
mv -f .deps/libvx_shapedata_a-mode_conf_info.Tpo .deps/libvx_shapedata_a-mode_conf_info.Po
/bin/g++ -DHAVE_CONFIG_H -I. -I../../..  -I../../../src/basic/vx_cal -I../../../src/basic/vx_config -I../../../src/basic/vx_log -I../../../src/basic/vx_math -I../../../src/basic/vx_util -I../../../src/libcode/vx_afm -I../../../src/libcode/vx_analysis_util -I../../../src/libcode/vx_color -I../../../src/libcode/vx_data2d -I../../../src/libcode/vx_data2d_factory -I../../../src/libcode/vx_data2d_grib -I../../../src/libcode/vx_data2d_grib2 -I../../../src/libcode/vx_data2d_nccf -I../../../src/libcode/vx_data2d_nc_met -I../../../src/libcode/vx_data2d_nc_pinterp -I../../../src/libcode/vx_data2d_python -I../../../src/libcode/vx_python3_utils -I../../../src/libcode/vx_geodesy -I../../../src/libcode/vx_gis -I../../../src/libcode/vx_gnomon -I../../../src/libcode/vx_grid -I../../../src/libcode/vx_gsl_prob -I../../../src/libcode/vx_nav -I../../../src/libcode/vx_nc_obs -I../../../src/libcode/vx_nc_util -I../../../src/libcode/vx_pb_util -I../../../src/libcode/vx_plot_util -I../../../src/libcode/vx_ps -I../../../src/libcode/vx_pxm -I../../../src/libcode/vx_render -I../../../src/libcode/vx_regrid -I../../../src/libcode/vx_shapedata -I../../../src/libcode/vx_solar -I../../../src/libcode/vx_statistics -I../../../src/libcode/vx_stat_out -I../../../src/libcode/vx_summary -I../../../src/libcode/vx_time_series -I../../../src/libcode/vx_series_data -I../../../src/libcode/vx_tc_util -I/home/hank.fisher/MET/external_libs/include -I/home/hank.fisher/MET9_0_1_nopython/external_libs/include -I/home/hank.fisher/MET9_0_1_nopython/external_libs/include -I/home/hank.fisher/MET9_0_1_nopython/external_libs/include -I/home/hank.fisher/MET9_0_1_nopython/external_libs/include -I/home/hank.fisher/MET9_0_1_nopython/external_libs/include -I/home/hank.fisher/MET9_0_1_nopython/external_libs/include -DBLOCK4 -DWITH_GRIB2 -DMET_BASE="\"/home/hank.fisher/MET9_0_1_nopython/share/met\""  -g -MT libvx_shapedata_a-engine.o -MD -MP -MF .deps/libvx_shapedata_a-engine.Tpo -c -o libvx_shapedata_a-engine.o `test -f 'engine.cc' || echo './'`engine.cc
mv -f .deps/libvx_shapedata_a-engine.Tpo .deps/libvx_shapedata_a-engine.Po
/bin/g++ -DHAVE_CONFIG_H -I. -I../../..  -I../../../src/basic/vx_cal -I../../../src/basic/vx_config -I../../../src/basic/vx_log -I../../../src/basic/vx_math -I../../../src/basic/vx_util -I../../../src/libcode/vx_afm -I../../../src/libcode/vx_analysis_util -I../../../src/libcode/vx_color -I../../../src/libcode/vx_data2d -I../../../src/libcode/vx_data2d_factory -I../../../src/libcode/vx_data2d_grib -I../../../src/libcode/vx_data2d_grib2 -I../../../src/libcode/vx_data2d_nccf -I../../../src/libcode/vx_data2d_nc_met -I../../../src/libcode/vx_data2d_nc_pinterp -I../../../src/libcode/vx_data2d_python -I../../../src/libcode/vx_python3_utils -I../../../src/libcode/vx_geodesy -I../../../src/libcode/vx_gis -I../../../src/libcode/vx_gnomon -I../../../src/libcode/vx_grid -I../../../src/libcode/vx_gsl_prob -I../../../src/libcode/vx_nav -I../../../src/libcode/vx_nc_obs -I../../../src/libcode/vx_nc_util -I../../../src/libcode/vx_pb_util -I../../../src/libcode/vx_plot_util -I../../../src/libcode/vx_ps -I../../../src/libcode/vx_pxm -I../../../src/libcode/vx_render -I../../../src/libcode/vx_regrid -I../../../src/libcode/vx_shapedata -I../../../src/libcode/vx_solar -I../../../src/libcode/vx_statistics -I../../../src/libcode/vx_stat_out -I../../../src/libcode/vx_summary -I../../../src/libcode/vx_time_series -I../../../src/libcode/vx_series_data -I../../../src/libcode/vx_tc_util -I/home/hank.fisher/MET/external_libs/include -I/home/hank.fisher/MET9_0_1_nopython/external_libs/include -I/home/hank.fisher/MET9_0_1_nopython/external_libs/include -I/home/hank.fisher/MET9_0_1_nopython/external_libs/include -I/home/hank.fisher/MET9_0_1_nopython/external_libs/include -I/home/hank.fisher/MET9_0_1_nopython/external_libs/include -I/home/hank.fisher/MET9_0_1_nopython/external_libs/include -DBLOCK4 -DWITH_GRIB2 -DMET_BASE="\"/home/hank.fisher/MET9_0_1_nopython/share/met\""  -g -MT libvx_shapedata_a-ihull.o -MD -MP -MF .deps/libvx_shapedata_a-ihull.Tpo -c -o libvx_shapedata_a-ihull.o `test -f 'ihull.cc' || echo './'`ihull.cc
mv -f .deps/libvx_shapedata_a-ihull.Tpo .deps/libvx_shapedata_a-ihull.Po
rm -f libvx_shapedata.a
ar cru libvx_shapedata.a libvx_shapedata_a-moments.o libvx_shapedata_a-node.o libvx_shapedata_a-shapedata.o libvx_shapedata_a-set.o libvx_shapedata_a-interest.o libvx_shapedata_a-mode_conf_info.o libvx_shapedata_a-engine.o libvx_shapedata_a-ihull.o 
ranlib libvx_shapedata.a
make[4]: Leaving directory `/home/hank.fisher/MET9_0_1_nopython/met-9.0.1/src/libcode/vx_shapedata'
Making all in vx_statistics
make[4]: Entering directory `/home/hank.fisher/MET9_0_1_nopython/met-9.0.1/src/libcode/vx_statistics'
/bin/g++ -DHAVE_CONFIG_H -I. -I../../..  -I../../../src/basic/vx_cal -I../../../src/basic/vx_config -I../../../src/basic/vx_log -I../../../src/basic/vx_math -I../../../src/basic/vx_util -I../../../src/libcode/vx_afm -I../../../src/libcode/vx_analysis_util -I../../../src/libcode/vx_color -I../../../src/libcode/vx_data2d -I../../../src/libcode/vx_data2d_factory -I../../../src/libcode/vx_data2d_grib -I../../../src/libcode/vx_data2d_grib2 -I../../../src/libcode/vx_data2d_nccf -I../../../src/libcode/vx_data2d_nc_met -I../../../src/libcode/vx_data2d_nc_pinterp -I../../../src/libcode/vx_data2d_python -I../../../src/libcode/vx_python3_utils -I../../../src/libcode/vx_geodesy -I../../../src/libcode/vx_gis -I../../../src/libcode/vx_gnomon -I../../../src/libcode/vx_grid -I../../../src/libcode/vx_gsl_prob -I../../../src/libcode/vx_nav -I../../../src/libcode/vx_nc_obs -I../../../src/libcode/vx_nc_util -I../../../src/libcode/vx_pb_util -I../../../src/libcode/vx_plot_util -I../../../src/libcode/vx_ps -I../../../src/libcode/vx_pxm -I../../../src/libcode/vx_render -I../../../src/libcode/vx_regrid -I../../../src/libcode/vx_shapedata -I../../../src/libcode/vx_solar -I../../../src/libcode/vx_statistics -I../../../src/libcode/vx_stat_out -I../../../src/libcode/vx_summary -I../../../src/libcode/vx_time_series -I../../../src/libcode/vx_series_data -I../../../src/libcode/vx_tc_util -I/home/hank.fisher/MET/external_libs/include -I/home/hank.fisher/MET9_0_1_nopython/external_libs/include -I/home/hank.fisher/MET9_0_1_nopython/external_libs/include -I/home/hank.fisher/MET9_0_1_nopython/external_libs/include -I/home/hank.fisher/MET9_0_1_nopython/external_libs/include -I/home/hank.fisher/MET9_0_1_nopython/external_libs/include -I/home/hank.fisher/MET9_0_1_nopython/external_libs/include -DBLOCK4 -DWITH_GRIB2 -DMET_BASE="\"/home/hank.fisher/MET9_0_1_nopython/share/met\""  -g -MT libvx_statistics_a-apply_mask.o -MD -MP -MF .deps/libvx_statistics_a-apply_mask.Tpo -c -o libvx_statistics_a-apply_mask.o `test -f 'apply_mask.cc' || echo './'`apply_mask.cc
mv -f .deps/libvx_statistics_a-apply_mask.Tpo .deps/libvx_statistics_a-apply_mask.Po
/bin/g++ -DHAVE_CONFIG_H -I. -I../../..  -I../../../src/basic/vx_cal -I../../../src/basic/vx_config -I../../../src/basic/vx_log -I../../../src/basic/vx_math -I../../../src/basic/vx_util -I../../../src/libcode/vx_afm -I../../../src/libcode/vx_analysis_util -I../../../src/libcode/vx_color -I../../../src/libcode/vx_data2d -I../../../src/libcode/vx_data2d_factory -I../../../src/libcode/vx_data2d_grib -I../../../src/libcode/vx_data2d_grib2 -I../../../src/libcode/vx_data2d_nccf -I../../../src/libcode/vx_data2d_nc_met -I../../../src/libcode/vx_data2d_nc_pinterp -I../../../src/libcode/vx_data2d_python -I../../../src/libcode/vx_python3_utils -I../../../src/libcode/vx_geodesy -I../../../src/libcode/vx_gis -I../../../src/libcode/vx_gnomon -I../../../src/libcode/vx_grid -I../../../src/libcode/vx_gsl_prob -I../../../src/libcode/vx_nav -I../../../src/libcode/vx_nc_obs -I../../../src/libcode/vx_nc_util -I../../../src/libcode/vx_pb_util -I../../../src/libcode/vx_plot_util -I../../../src/libcode/vx_ps -I../../../src/libcode/vx_pxm -I../../../src/libcode/vx_render -I../../../src/libcode/vx_regrid -I../../../src/libcode/vx_shapedata -I../../../src/libcode/vx_solar -I../../../src/libcode/vx_statistics -I../../../src/libcode/vx_stat_out -I../../../src/libcode/vx_summary -I../../../src/libcode/vx_time_series -I../../../src/libcode/vx_series_data -I../../../src/libcode/vx_tc_util -I/home/hank.fisher/MET/external_libs/include -I/home/hank.fisher/MET9_0_1_nopython/external_libs/include -I/home/hank.fisher/MET9_0_1_nopython/external_libs/include -I/home/hank.fisher/MET9_0_1_nopython/external_libs/include -I/home/hank.fisher/MET9_0_1_nopython/external_libs/include -I/home/hank.fisher/MET9_0_1_nopython/external_libs/include -I/home/hank.fisher/MET9_0_1_nopython/external_libs/include -DBLOCK4 -DWITH_GRIB2 -DMET_BASE="\"/home/hank.fisher/MET9_0_1_nopython/share/met\""  -g -MT libvx_statistics_a-compute_ci.o -MD -MP -MF .deps/libvx_statistics_a-compute_ci.Tpo -c -o libvx_statistics_a-compute_ci.o `test -f 'compute_ci.cc' || echo './'`compute_ci.cc
mv -f .deps/libvx_statistics_a-compute_ci.Tpo .deps/libvx_statistics_a-compute_ci.Po
/bin/g++ -DHAVE_CONFIG_H -I. -I../../..  -I../../../src/basic/vx_cal -I../../../src/basic/vx_config -I../../../src/basic/vx_log -I../../../src/basic/vx_math -I../../../src/basic/vx_util -I../../../src/libcode/vx_afm -I../../../src/libcode/vx_analysis_util -I../../../src/libcode/vx_color -I../../../src/libcode/vx_data2d -I../../../src/libcode/vx_data2d_factory -I../../../src/libcode/vx_data2d_grib -I../../../src/libcode/vx_data2d_grib2 -I../../../src/libcode/vx_data2d_nccf -I../../../src/libcode/vx_data2d_nc_met -I../../../src/libcode/vx_data2d_nc_pinterp -I../../../src/libcode/vx_data2d_python -I../../../src/libcode/vx_python3_utils -I../../../src/libcode/vx_geodesy -I../../../src/libcode/vx_gis -I../../../src/libcode/vx_gnomon -I../../../src/libcode/vx_grid -I../../../src/libcode/vx_gsl_prob -I../../../src/libcode/vx_nav -I../../../src/libcode/vx_nc_obs -I../../../src/libcode/vx_nc_util -I../../../src/libcode/vx_pb_util -I../../../src/libcode/vx_plot_util -I../../../src/libcode/vx_ps -I../../../src/libcode/vx_pxm -I../../../src/libcode/vx_render -I../../../src/libcode/vx_regrid -I../../../src/libcode/vx_shapedata -I../../../src/libcode/vx_solar -I../../../src/libcode/vx_statistics -I../../../src/libcode/vx_stat_out -I../../../src/libcode/vx_summary -I../../../src/libcode/vx_time_series -I../../../src/libcode/vx_series_data -I../../../src/libcode/vx_tc_util -I/home/hank.fisher/MET/external_libs/include -I/home/hank.fisher/MET9_0_1_nopython/external_libs/include -I/home/hank.fisher/MET9_0_1_nopython/external_libs/include -I/home/hank.fisher/MET9_0_1_nopython/external_libs/include -I/home/hank.fisher/MET9_0_1_nopython/external_libs/include -I/home/hank.fisher/MET9_0_1_nopython/external_libs/include -I/home/hank.fisher/MET9_0_1_nopython/external_libs/include -DBLOCK4 -DWITH_GRIB2 -DMET_BASE="\"/home/hank.fisher/MET9_0_1_nopython/share/met\""  -g -MT libvx_statistics_a-contable.o -MD -MP -MF .deps/libvx_statistics_a-contable.Tpo -c -o libvx_statistics_a-contable.o `test -f 'contable.cc' || echo './'`contable.cc
mv -f .deps/libvx_statistics_a-contable.Tpo .deps/libvx_statistics_a-contable.Po
/bin/g++ -DHAVE_CONFIG_H -I. -I../../..  -I../../../src/basic/vx_cal -I../../../src/basic/vx_config -I../../../src/basic/vx_log -I../../../src/basic/vx_math -I../../../src/basic/vx_util -I../../../src/libcode/vx_afm -I../../../src/libcode/vx_analysis_util -I../../../src/libcode/vx_color -I../../../src/libcode/vx_data2d -I../../../src/libcode/vx_data2d_factory -I../../../src/libcode/vx_data2d_grib -I../../../src/libcode/vx_data2d_grib2 -I../../../src/libcode/vx_data2d_nccf -I../../../src/libcode/vx_data2d_nc_met -I../../../src/libcode/vx_data2d_nc_pinterp -I../../../src/libcode/vx_data2d_python -I../../../src/libcode/vx_python3_utils -I../../../src/libcode/vx_geodesy -I../../../src/libcode/vx_gis -I../../../src/libcode/vx_gnomon -I../../../src/libcode/vx_grid -I../../../src/libcode/vx_gsl_prob -I../../../src/libcode/vx_nav -I../../../src/libcode/vx_nc_obs -I../../../src/libcode/vx_nc_util -I../../../src/libcode/vx_pb_util -I../../../src/libcode/vx_plot_util -I../../../src/libcode/vx_ps -I../../../src/libcode/vx_pxm -I../../../src/libcode/vx_render -I../../../src/libcode/vx_regrid -I../../../src/libcode/vx_shapedata -I../../../src/libcode/vx_solar -I../../../src/libcode/vx_statistics -I../../../src/libcode/vx_stat_out -I../../../src/libcode/vx_summary -I../../../src/libcode/vx_time_series -I../../../src/libcode/vx_series_data -I../../../src/libcode/vx_tc_util -I/home/hank.fisher/MET/external_libs/include -I/home/hank.fisher/MET9_0_1_nopython/external_libs/include -I/home/hank.fisher/MET9_0_1_nopython/external_libs/include -I/home/hank.fisher/MET9_0_1_nopython/external_libs/include -I/home/hank.fisher/MET9_0_1_nopython/external_libs/include -I/home/hank.fisher/MET9_0_1_nopython/external_libs/include -I/home/hank.fisher/MET9_0_1_nopython/external_libs/include -DBLOCK4 -DWITH_GRIB2 -DMET_BASE="\"/home/hank.fisher/MET9_0_1_nopython/share/met\""  -g -MT libvx_statistics_a-contable_stats.o -MD -MP -MF .deps/libvx_statistics_a-contable_stats.Tpo -c -o libvx_statistics_a-contable_stats.o `test -f 'contable_stats.cc' || echo './'`contable_stats.cc
mv -f .deps/libvx_statistics_a-contable_stats.Tpo .deps/libvx_statistics_a-contable_stats.Po
/bin/g++ -DHAVE_CONFIG_H -I. -I../../..  -I../../../src/basic/vx_cal -I../../../src/basic/vx_config -I../../../src/basic/vx_log -I../../../src/basic/vx_math -I../../../src/basic/vx_util -I../../../src/libcode/vx_afm -I../../../src/libcode/vx_analysis_util -I../../../src/libcode/vx_color -I../../../src/libcode/vx_data2d -I../../../src/libcode/vx_data2d_factory -I../../../src/libcode/vx_data2d_grib -I../../../src/libcode/vx_data2d_grib2 -I../../../src/libcode/vx_data2d_nccf -I../../../src/libcode/vx_data2d_nc_met -I../../../src/libcode/vx_data2d_nc_pinterp -I../../../src/libcode/vx_data2d_python -I../../../src/libcode/vx_python3_utils -I../../../src/libcode/vx_geodesy -I../../../src/libcode/vx_gis -I../../../src/libcode/vx_gnomon -I../../../src/libcode/vx_grid -I../../../src/libcode/vx_gsl_prob -I../../../src/libcode/vx_nav -I../../../src/libcode/vx_nc_obs -I../../../src/libcode/vx_nc_util -I../../../src/libcode/vx_pb_util -I../../../src/libcode/vx_plot_util -I../../../src/libcode/vx_ps -I../../../src/libcode/vx_pxm -I../../../src/libcode/vx_render -I../../../src/libcode/vx_regrid -I../../../src/libcode/vx_shapedata -I../../../src/libcode/vx_solar -I../../../src/libcode/vx_statistics -I../../../src/libcode/vx_stat_out -I../../../src/libcode/vx_summary -I../../../src/libcode/vx_time_series -I../../../src/libcode/vx_series_data -I../../../src/libcode/vx_tc_util -I/home/hank.fisher/MET/external_libs/include -I/home/hank.fisher/MET9_0_1_nopython/external_libs/include -I/home/hank.fisher/MET9_0_1_nopython/external_libs/include -I/home/hank.fisher/MET9_0_1_nopython/external_libs/include -I/home/hank.fisher/MET9_0_1_nopython/external_libs/include -I/home/hank.fisher/MET9_0_1_nopython/external_libs/include -I/home/hank.fisher/MET9_0_1_nopython/external_libs/include -DBLOCK4 -DWITH_GRIB2 -DMET_BASE="\"/home/hank.fisher/MET9_0_1_nopython/share/met\""  -g -MT libvx_statistics_a-contable_nx2.o -MD -MP -MF .deps/libvx_statistics_a-contable_nx2.Tpo -c -o libvx_statistics_a-contable_nx2.o `test -f 'contable_nx2.cc' || echo './'`contable_nx2.cc
mv -f .deps/libvx_statistics_a-contable_nx2.Tpo .deps/libvx_statistics_a-contable_nx2.Po
/bin/g++ -DHAVE_CONFIG_H -I. -I../../..  -I../../../src/basic/vx_cal -I../../../src/basic/vx_config -I../../../src/basic/vx_log -I../../../src/basic/vx_math -I../../../src/basic/vx_util -I../../../src/libcode/vx_afm -I../../../src/libcode/vx_analysis_util -I../../../src/libcode/vx_color -I../../../src/libcode/vx_data2d -I../../../src/libcode/vx_data2d_factory -I../../../src/libcode/vx_data2d_grib -I../../../src/libcode/vx_data2d_grib2 -I../../../src/libcode/vx_data2d_nccf -I../../../src/libcode/vx_data2d_nc_met -I../../../src/libcode/vx_data2d_nc_pinterp -I../../../src/libcode/vx_data2d_python -I../../../src/libcode/vx_python3_utils -I../../../src/libcode/vx_geodesy -I../../../src/libcode/vx_gis -I../../../src/libcode/vx_gnomon -I../../../src/libcode/vx_grid -I../../../src/libcode/vx_gsl_prob -I../../../src/libcode/vx_nav -I../../../src/libcode/vx_nc_obs -I../../../src/libcode/vx_nc_util -I../../../src/libcode/vx_pb_util -I../../../src/libcode/vx_plot_util -I../../../src/libcode/vx_ps -I../../../src/libcode/vx_pxm -I../../../src/libcode/vx_render -I../../../src/libcode/vx_regrid -I../../../src/libcode/vx_shapedata -I../../../src/libcode/vx_solar -I../../../src/libcode/vx_statistics -I../../../src/libcode/vx_stat_out -I../../../src/libcode/vx_summary -I../../../src/libcode/vx_time_series -I../../../src/libcode/vx_series_data -I../../../src/libcode/vx_tc_util -I/home/hank.fisher/MET/external_libs/include -I/home/hank.fisher/MET9_0_1_nopython/external_libs/include -I/home/hank.fisher/MET9_0_1_nopython/external_libs/include -I/home/hank.fisher/MET9_0_1_nopython/external_libs/include -I/home/hank.fisher/MET9_0_1_nopython/external_libs/include -I/home/hank.fisher/MET9_0_1_nopython/external_libs/include -I/home/hank.fisher/MET9_0_1_nopython/external_libs/include -DBLOCK4 -DWITH_GRIB2 -DMET_BASE="\"/home/hank.fisher/MET9_0_1_nopython/share/met\""  -g -MT libvx_statistics_a-compute_stats.o -MD -MP -MF .deps/libvx_statistics_a-compute_stats.Tpo -c -o libvx_statistics_a-compute_stats.o `test -f 'compute_stats.cc' || echo './'`compute_stats.cc
mv -f .deps/libvx_statistics_a-compute_stats.Tpo .deps/libvx_statistics_a-compute_stats.Po
/bin/g++ -DHAVE_CONFIG_H -I. -I../../..  -I../../../src/basic/vx_cal -I../../../src/basic/vx_config -I../../../src/basic/vx_log -I../../../src/basic/vx_math -I../../../src/basic/vx_util -I../../../src/libcode/vx_afm -I../../../src/libcode/vx_analysis_util -I../../../src/libcode/vx_color -I../../../src/libcode/vx_data2d -I../../../src/libcode/vx_data2d_factory -I../../../src/libcode/vx_data2d_grib -I../../../src/libcode/vx_data2d_grib2 -I../../../src/libcode/vx_data2d_nccf -I../../../src/libcode/vx_data2d_nc_met -I../../../src/libcode/vx_data2d_nc_pinterp -I../../../src/libcode/vx_data2d_python -I../../../src/libcode/vx_python3_utils -I../../../src/libcode/vx_geodesy -I../../../src/libcode/vx_gis -I../../../src/libcode/vx_gnomon -I../../../src/libcode/vx_grid -I../../../src/libcode/vx_gsl_prob -I../../../src/libcode/vx_nav -I../../../src/libcode/vx_nc_obs -I../../../src/libcode/vx_nc_util -I../../../src/libcode/vx_pb_util -I../../../src/libcode/vx_plot_util -I../../../src/libcode/vx_ps -I../../../src/libcode/vx_pxm -I../../../src/libcode/vx_render -I../../../src/libcode/vx_regrid -I../../../src/libcode/vx_shapedata -I../../../src/libcode/vx_solar -I../../../src/libcode/vx_statistics -I../../../src/libcode/vx_stat_out -I../../../src/libcode/vx_summary -I../../../src/libcode/vx_time_series -I../../../src/libcode/vx_series_data -I../../../src/libcode/vx_tc_util -I/home/hank.fisher/MET/external_libs/include -I/home/hank.fisher/MET9_0_1_nopython/external_libs/include -I/home/hank.fisher/MET9_0_1_nopython/external_libs/include -I/home/hank.fisher/MET9_0_1_nopython/external_libs/include -I/home/hank.fisher/MET9_0_1_nopython/external_libs/include -I/home/hank.fisher/MET9_0_1_nopython/external_libs/include -I/home/hank.fisher/MET9_0_1_nopython/external_libs/include -DBLOCK4 -DWITH_GRIB2 -DMET_BASE="\"/home/hank.fisher/MET9_0_1_nopython/share/met\""  -g -MT libvx_statistics_a-met_stats.o -MD -MP -MF .deps/libvx_statistics_a-met_stats.Tpo -c -o libvx_statistics_a-met_stats.o `test -f 'met_stats.cc' || echo './'`met_stats.cc
mv -f .deps/libvx_statistics_a-met_stats.Tpo .deps/libvx_statistics_a-met_stats.Po
/bin/g++ -DHAVE_CONFIG_H -I. -I../../..  -I../../../src/basic/vx_cal -I../../../src/basic/vx_config -I../../../src/basic/vx_log -I../../../src/basic/vx_math -I../../../src/basic/vx_util -I../../../src/libcode/vx_afm -I../../../src/libcode/vx_analysis_util -I../../../src/libcode/vx_color -I../../../src/libcode/vx_data2d -I../../../src/libcode/vx_data2d_factory -I../../../src/libcode/vx_data2d_grib -I../../../src/libcode/vx_data2d_grib2 -I../../../src/libcode/vx_data2d_nccf -I../../../src/libcode/vx_data2d_nc_met -I../../../src/libcode/vx_data2d_nc_pinterp -I../../../src/libcode/vx_data2d_python -I../../../src/libcode/vx_python3_utils -I../../../src/libcode/vx_geodesy -I../../../src/libcode/vx_gis -I../../../src/libcode/vx_gnomon -I../../../src/libcode/vx_grid -I../../../src/libcode/vx_gsl_prob -I../../../src/libcode/vx_nav -I../../../src/libcode/vx_nc_obs -I../../../src/libcode/vx_nc_util -I../../../src/libcode/vx_pb_util -I../../../src/libcode/vx_plot_util -I../../../src/libcode/vx_ps -I../../../src/libcode/vx_pxm -I../../../src/libcode/vx_render -I../../../src/libcode/vx_regrid -I../../../src/libcode/vx_shapedata -I../../../src/libcode/vx_solar -I../../../src/libcode/vx_statistics -I../../../src/libcode/vx_stat_out -I../../../src/libcode/vx_summary -I../../../src/libcode/vx_time_series -I../../../src/libcode/vx_series_data -I../../../src/libcode/vx_tc_util -I/home/hank.fisher/MET/external_libs/include -I/home/hank.fisher/MET9_0_1_nopython/external_libs/include -I/home/hank.fisher/MET9_0_1_nopython/external_libs/include -I/home/hank.fisher/MET9_0_1_nopython/external_libs/include -I/home/hank.fisher/MET9_0_1_nopython/external_libs/include -I/home/hank.fisher/MET9_0_1_nopython/external_libs/include -I/home/hank.fisher/MET9_0_1_nopython/external_libs/include -DBLOCK4 -DWITH_GRIB2 -DMET_BASE="\"/home/hank.fisher/MET9_0_1_nopython/share/met\""  -g -MT libvx_statistics_a-ens_stats.o -MD -MP -MF .deps/libvx_statistics_a-ens_stats.Tpo -c -o libvx_statistics_a-ens_stats.o `test -f 'ens_stats.cc' || echo './'`ens_stats.cc
mv -f .deps/libvx_statistics_a-ens_stats.Tpo .deps/libvx_statistics_a-ens_stats.Po
/bin/g++ -DHAVE_CONFIG_H -I. -I../../..  -I../../../src/basic/vx_cal -I../../../src/basic/vx_config -I../../../src/basic/vx_log -I../../../src/basic/vx_math -I../../../src/basic/vx_util -I../../../src/libcode/vx_afm -I../../../src/libcode/vx_analysis_util -I../../../src/libcode/vx_color -I../../../src/libcode/vx_data2d -I../../../src/libcode/vx_data2d_factory -I../../../src/libcode/vx_data2d_grib -I../../../src/libcode/vx_data2d_grib2 -I../../../src/libcode/vx_data2d_nccf -I../../../src/libcode/vx_data2d_nc_met -I../../../src/libcode/vx_data2d_nc_pinterp -I../../../src/libcode/vx_data2d_python -I../../../src/libcode/vx_python3_utils -I../../../src/libcode/vx_geodesy -I../../../src/libcode/vx_gis -I../../../src/libcode/vx_gnomon -I../../../src/libcode/vx_grid -I../../../src/libcode/vx_gsl_prob -I../../../src/libcode/vx_nav -I../../../src/libcode/vx_nc_obs -I../../../src/libcode/vx_nc_util -I../../../src/libcode/vx_pb_util -I../../../src/libcode/vx_plot_util -I../../../src/libcode/vx_ps -I../../../src/libcode/vx_pxm -I../../../src/libcode/vx_render -I../../../src/libcode/vx_regrid -I../../../src/libcode/vx_shapedata -I../../../src/libcode/vx_solar -I../../../src/libcode/vx_statistics -I../../../src/libcode/vx_stat_out -I../../../src/libcode/vx_summary -I../../../src/libcode/vx_time_series -I../../../src/libcode/vx_series_data -I../../../src/libcode/vx_tc_util -I/home/hank.fisher/MET/external_libs/include -I/home/hank.fisher/MET9_0_1_nopython/external_libs/include -I/home/hank.fisher/MET9_0_1_nopython/external_libs/include -I/home/hank.fisher/MET9_0_1_nopython/external_libs/include -I/home/hank.fisher/MET9_0_1_nopython/external_libs/include -I/home/hank.fisher/MET9_0_1_nopython/external_libs/include -I/home/hank.fisher/MET9_0_1_nopython/external_libs/include -DBLOCK4 -DWITH_GRIB2 -DMET_BASE="\"/home/hank.fisher/MET9_0_1_nopython/share/met\""  -g -MT libvx_statistics_a-pair_base.o -MD -MP -MF .deps/libvx_statistics_a-pair_base.Tpo -c -o libvx_statistics_a-pair_base.o `test -f 'pair_base.cc' || echo './'`pair_base.cc
mv -f .deps/libvx_statistics_a-pair_base.Tpo .deps/libvx_statistics_a-pair_base.Po
/bin/g++ -DHAVE_CONFIG_H -I. -I../../..  -I../../../src/basic/vx_cal -I../../../src/basic/vx_config -I../../../src/basic/vx_log -I../../../src/basic/vx_math -I../../../src/basic/vx_util -I../../../src/libcode/vx_afm -I../../../src/libcode/vx_analysis_util -I../../../src/libcode/vx_color -I../../../src/libcode/vx_data2d -I../../../src/libcode/vx_data2d_factory -I../../../src/libcode/vx_data2d_grib -I../../../src/libcode/vx_data2d_grib2 -I../../../src/libcode/vx_data2d_nccf -I../../../src/libcode/vx_data2d_nc_met -I../../../src/libcode/vx_data2d_nc_pinterp -I../../../src/libcode/vx_data2d_python -I../../../src/libcode/vx_python3_utils -I../../../src/libcode/vx_geodesy -I../../../src/libcode/vx_gis -I../../../src/libcode/vx_gnomon -I../../../src/libcode/vx_grid -I../../../src/libcode/vx_gsl_prob -I../../../src/libcode/vx_nav -I../../../src/libcode/vx_nc_obs -I../../../src/libcode/vx_nc_util -I../../../src/libcode/vx_pb_util -I../../../src/libcode/vx_plot_util -I../../../src/libcode/vx_ps -I../../../src/libcode/vx_pxm -I../../../src/libcode/vx_render -I../../../src/libcode/vx_regrid -I../../../src/libcode/vx_shapedata -I../../../src/libcode/vx_solar -I../../../src/libcode/vx_statistics -I../../../src/libcode/vx_stat_out -I../../../src/libcode/vx_summary -I../../../src/libcode/vx_time_series -I../../../src/libcode/vx_series_data -I../../../src/libcode/vx_tc_util -I/home/hank.fisher/MET/external_libs/include -I/home/hank.fisher/MET9_0_1_nopython/external_libs/include -I/home/hank.fisher/MET9_0_1_nopython/external_libs/include -I/home/hank.fisher/MET9_0_1_nopython/external_libs/include -I/home/hank.fisher/MET9_0_1_nopython/external_libs/include -I/home/hank.fisher/MET9_0_1_nopython/external_libs/include -I/home/hank.fisher/MET9_0_1_nopython/external_libs/include -DBLOCK4 -DWITH_GRIB2 -DMET_BASE="\"/home/hank.fisher/MET9_0_1_nopython/share/met\""  -g -MT libvx_statistics_a-pair_data_point.o -MD -MP -MF .deps/libvx_statistics_a-pair_data_point.Tpo -c -o libvx_statistics_a-pair_data_point.o `test -f 'pair_data_point.cc' || echo './'`pair_data_point.cc
mv -f .deps/libvx_statistics_a-pair_data_point.Tpo .deps/libvx_statistics_a-pair_data_point.Po
/bin/g++ -DHAVE_CONFIG_H -I. -I../../..  -I../../../src/basic/vx_cal -I../../../src/basic/vx_config -I../../../src/basic/vx_log -I../../../src/basic/vx_math -I../../../src/basic/vx_util -I../../../src/libcode/vx_afm -I../../../src/libcode/vx_analysis_util -I../../../src/libcode/vx_color -I../../../src/libcode/vx_data2d -I../../../src/libcode/vx_data2d_factory -I../../../src/libcode/vx_data2d_grib -I../../../src/libcode/vx_data2d_grib2 -I../../../src/libcode/vx_data2d_nccf -I../../../src/libcode/vx_data2d_nc_met -I../../../src/libcode/vx_data2d_nc_pinterp -I../../../src/libcode/vx_data2d_python -I../../../src/libcode/vx_python3_utils -I../../../src/libcode/vx_geodesy -I../../../src/libcode/vx_gis -I../../../src/libcode/vx_gnomon -I../../../src/libcode/vx_grid -I../../../src/libcode/vx_gsl_prob -I../../../src/libcode/vx_nav -I../../../src/libcode/vx_nc_obs -I../../../src/libcode/vx_nc_util -I../../../src/libcode/vx_pb_util -I../../../src/libcode/vx_plot_util -I../../../src/libcode/vx_ps -I../../../src/libcode/vx_pxm -I../../../src/libcode/vx_render -I../../../src/libcode/vx_regrid -I../../../src/libcode/vx_shapedata -I../../../src/libcode/vx_solar -I../../../src/libcode/vx_statistics -I../../../src/libcode/vx_stat_out -I../../../src/libcode/vx_summary -I../../../src/libcode/vx_time_series -I../../../src/libcode/vx_series_data -I../../../src/libcode/vx_tc_util -I/home/hank.fisher/MET/external_libs/include -I/home/hank.fisher/MET9_0_1_nopython/external_libs/include -I/home/hank.fisher/MET9_0_1_nopython/external_libs/include -I/home/hank.fisher/MET9_0_1_nopython/external_libs/include -I/home/hank.fisher/MET9_0_1_nopython/external_libs/include -I/home/hank.fisher/MET9_0_1_nopython/external_libs/include -I/home/hank.fisher/MET9_0_1_nopython/external_libs/include -DBLOCK4 -DWITH_GRIB2 -DMET_BASE="\"/home/hank.fisher/MET9_0_1_nopython/share/met\""  -g -MT libvx_statistics_a-pair_data_ensemble.o -MD -MP -MF .deps/libvx_statistics_a-pair_data_ensemble.Tpo -c -o libvx_statistics_a-pair_data_ensemble.o `test -f 'pair_data_ensemble.cc' || echo './'`pair_data_ensemble.cc
mv -f .deps/libvx_statistics_a-pair_data_ensemble.Tpo .deps/libvx_statistics_a-pair_data_ensemble.Po
/bin/g++ -DHAVE_CONFIG_H -I. -I../../..  -I../../../src/basic/vx_cal -I../../../src/basic/vx_config -I../../../src/basic/vx_log -I../../../src/basic/vx_math -I../../../src/basic/vx_util -I../../../src/libcode/vx_afm -I../../../src/libcode/vx_analysis_util -I../../../src/libcode/vx_color -I../../../src/libcode/vx_data2d -I../../../src/libcode/vx_data2d_factory -I../../../src/libcode/vx_data2d_grib -I../../../src/libcode/vx_data2d_grib2 -I../../../src/libcode/vx_data2d_nccf -I../../../src/libcode/vx_data2d_nc_met -I../../../src/libcode/vx_data2d_nc_pinterp -I../../../src/libcode/vx_data2d_python -I../../../src/libcode/vx_python3_utils -I../../../src/libcode/vx_geodesy -I../../../src/libcode/vx_gis -I../../../src/libcode/vx_gnomon -I../../../src/libcode/vx_grid -I../../../src/libcode/vx_gsl_prob -I../../../src/libcode/vx_nav -I../../../src/libcode/vx_nc_obs -I../../../src/libcode/vx_nc_util -I../../../src/libcode/vx_pb_util -I../../../src/libcode/vx_plot_util -I../../../src/libcode/vx_ps -I../../../src/libcode/vx_pxm -I../../../src/libcode/vx_render -I../../../src/libcode/vx_regrid -I../../../src/libcode/vx_shapedata -I../../../src/libcode/vx_solar -I../../../src/libcode/vx_statistics -I../../../src/libcode/vx_stat_out -I../../../src/libcode/vx_summary -I../../../src/libcode/vx_time_series -I../../../src/libcode/vx_series_data -I../../../src/libcode/vx_tc_util -I/home/hank.fisher/MET/external_libs/include -I/home/hank.fisher/MET9_0_1_nopython/external_libs/include -I/home/hank.fisher/MET9_0_1_nopython/external_libs/include -I/home/hank.fisher/MET9_0_1_nopython/external_libs/include -I/home/hank.fisher/MET9_0_1_nopython/external_libs/include -I/home/hank.fisher/MET9_0_1_nopython/external_libs/include -I/home/hank.fisher/MET9_0_1_nopython/external_libs/include -DBLOCK4 -DWITH_GRIB2 -DMET_BASE="\"/home/hank.fisher/MET9_0_1_nopython/share/met\""  -g -MT libvx_statistics_a-read_climo.o -MD -MP -MF .deps/libvx_statistics_a-read_climo.Tpo -c -o libvx_statistics_a-read_climo.o `test -f 'read_climo.cc' || echo './'`read_climo.cc
mv -f .deps/libvx_statistics_a-read_climo.Tpo .deps/libvx_statistics_a-read_climo.Po
/bin/g++ -DHAVE_CONFIG_H -I. -I../../..  -I../../../src/basic/vx_cal -I../../../src/basic/vx_config -I../../../src/basic/vx_log -I../../../src/basic/vx_math -I../../../src/basic/vx_util -I../../../src/libcode/vx_afm -I../../../src/libcode/vx_analysis_util -I../../../src/libcode/vx_color -I../../../src/libcode/vx_data2d -I../../../src/libcode/vx_data2d_factory -I../../../src/libcode/vx_data2d_grib -I../../../src/libcode/vx_data2d_grib2 -I../../../src/libcode/vx_data2d_nccf -I../../../src/libcode/vx_data2d_nc_met -I../../../src/libcode/vx_data2d_nc_pinterp -I../../../src/libcode/vx_data2d_python -I../../../src/libcode/vx_python3_utils -I../../../src/libcode/vx_geodesy -I../../../src/libcode/vx_gis -I../../../src/libcode/vx_gnomon -I../../../src/libcode/vx_grid -I../../../src/libcode/vx_gsl_prob -I../../../src/libcode/vx_nav -I../../../src/libcode/vx_nc_obs -I../../../src/libcode/vx_nc_util -I../../../src/libcode/vx_pb_util -I../../../src/libcode/vx_plot_util -I../../../src/libcode/vx_ps -I../../../src/libcode/vx_pxm -I../../../src/libcode/vx_render -I../../../src/libcode/vx_regrid -I../../../src/libcode/vx_shapedata -I../../../src/libcode/vx_solar -I../../../src/libcode/vx_statistics -I../../../src/libcode/vx_stat_out -I../../../src/libcode/vx_summary -I../../../src/libcode/vx_time_series -I../../../src/libcode/vx_series_data -I../../../src/libcode/vx_tc_util -I/home/hank.fisher/MET/external_libs/include -I/home/hank.fisher/MET9_0_1_nopython/external_libs/include -I/home/hank.fisher/MET9_0_1_nopython/external_libs/include -I/home/hank.fisher/MET9_0_1_nopython/external_libs/include -I/home/hank.fisher/MET9_0_1_nopython/external_libs/include -I/home/hank.fisher/MET9_0_1_nopython/external_libs/include -I/home/hank.fisher/MET9_0_1_nopython/external_libs/include -DBLOCK4 -DWITH_GRIB2 -DMET_BASE="\"/home/hank.fisher/MET9_0_1_nopython/share/met\""  -g -MT libvx_statistics_a-obs_error.o -MD -MP -MF .deps/libvx_statistics_a-obs_error.Tpo -c -o libvx_statistics_a-obs_error.o `test -f 'obs_error.cc' || echo './'`obs_error.cc
mv -f .deps/libvx_statistics_a-obs_error.Tpo .deps/libvx_statistics_a-obs_error.Po
rm -f libvx_statistics.a
ar cru libvx_statistics.a libvx_statistics_a-apply_mask.o libvx_statistics_a-compute_ci.o libvx_statistics_a-contable.o libvx_statistics_a-contable_stats.o libvx_statistics_a-contable_nx2.o libvx_statistics_a-compute_stats.o libvx_statistics_a-met_stats.o libvx_statistics_a-ens_stats.o libvx_statistics_a-pair_base.o libvx_statistics_a-pair_data_point.o libvx_statistics_a-pair_data_ensemble.o libvx_statistics_a-read_climo.o libvx_statistics_a-obs_error.o 
ranlib libvx_statistics.a
make[4]: Leaving directory `/home/hank.fisher/MET9_0_1_nopython/met-9.0.1/src/libcode/vx_statistics'
Making all in vx_stat_out
make[4]: Entering directory `/home/hank.fisher/MET9_0_1_nopython/met-9.0.1/src/libcode/vx_stat_out'
/bin/g++ -DHAVE_CONFIG_H -I. -I../../..  -I../../../src/basic/vx_cal -I../../../src/basic/vx_config -I../../../src/basic/vx_log -I../../../src/basic/vx_math -I../../../src/basic/vx_util -I../../../src/libcode/vx_afm -I../../../src/libcode/vx_analysis_util -I../../../src/libcode/vx_color -I../../../src/libcode/vx_data2d -I../../../src/libcode/vx_data2d_factory -I../../../src/libcode/vx_data2d_grib -I../../../src/libcode/vx_data2d_grib2 -I../../../src/libcode/vx_data2d_nccf -I../../../src/libcode/vx_data2d_nc_met -I../../../src/libcode/vx_data2d_nc_pinterp -I../../../src/libcode/vx_data2d_python -I../../../src/libcode/vx_python3_utils -I../../../src/libcode/vx_geodesy -I../../../src/libcode/vx_gis -I../../../src/libcode/vx_gnomon -I../../../src/libcode/vx_grid -I../../../src/libcode/vx_gsl_prob -I../../../src/libcode/vx_nav -I../../../src/libcode/vx_nc_obs -I../../../src/libcode/vx_nc_util -I../../../src/libcode/vx_pb_util -I../../../src/libcode/vx_plot_util -I../../../src/libcode/vx_ps -I../../../src/libcode/vx_pxm -I../../../src/libcode/vx_render -I../../../src/libcode/vx_regrid -I../../../src/libcode/vx_shapedata -I../../../src/libcode/vx_solar -I../../../src/libcode/vx_statistics -I../../../src/libcode/vx_stat_out -I../../../src/libcode/vx_summary -I../../../src/libcode/vx_time_series -I../../../src/libcode/vx_series_data -I../../../src/libcode/vx_tc_util -I/home/hank.fisher/MET/external_libs/include -I/home/hank.fisher/MET9_0_1_nopython/external_libs/include -I/home/hank.fisher/MET9_0_1_nopython/external_libs/include -I/home/hank.fisher/MET9_0_1_nopython/external_libs/include -I/home/hank.fisher/MET9_0_1_nopython/external_libs/include -I/home/hank.fisher/MET9_0_1_nopython/external_libs/include -I/home/hank.fisher/MET9_0_1_nopython/external_libs/include -DBLOCK4 -DWITH_GRIB2 -DMET_BASE="\"/home/hank.fisher/MET9_0_1_nopython/share/met\""  -g -MT libvx_stat_out_a-stat_columns.o -MD -MP -MF .deps/libvx_stat_out_a-stat_columns.Tpo -c -o libvx_stat_out_a-stat_columns.o `test -f 'stat_columns.cc' || echo './'`stat_columns.cc
mv -f .deps/libvx_stat_out_a-stat_columns.Tpo .deps/libvx_stat_out_a-stat_columns.Po
/bin/g++ -DHAVE_CONFIG_H -I. -I../../..  -I../../../src/basic/vx_cal -I../../../src/basic/vx_config -I../../../src/basic/vx_log -I../../../src/basic/vx_math -I../../../src/basic/vx_util -I../../../src/libcode/vx_afm -I../../../src/libcode/vx_analysis_util -I../../../src/libcode/vx_color -I../../../src/libcode/vx_data2d -I../../../src/libcode/vx_data2d_factory -I../../../src/libcode/vx_data2d_grib -I../../../src/libcode/vx_data2d_grib2 -I../../../src/libcode/vx_data2d_nccf -I../../../src/libcode/vx_data2d_nc_met -I../../../src/libcode/vx_data2d_nc_pinterp -I../../../src/libcode/vx_data2d_python -I../../../src/libcode/vx_python3_utils -I../../../src/libcode/vx_geodesy -I../../../src/libcode/vx_gis -I../../../src/libcode/vx_gnomon -I../../../src/libcode/vx_grid -I../../../src/libcode/vx_gsl_prob -I../../../src/libcode/vx_nav -I../../../src/libcode/vx_nc_obs -I../../../src/libcode/vx_nc_util -I../../../src/libcode/vx_pb_util -I../../../src/libcode/vx_plot_util -I../../../src/libcode/vx_ps -I../../../src/libcode/vx_pxm -I../../../src/libcode/vx_render -I../../../src/libcode/vx_regrid -I../../../src/libcode/vx_shapedata -I../../../src/libcode/vx_solar -I../../../src/libcode/vx_statistics -I../../../src/libcode/vx_stat_out -I../../../src/libcode/vx_summary -I../../../src/libcode/vx_time_series -I../../../src/libcode/vx_series_data -I../../../src/libcode/vx_tc_util -I/home/hank.fisher/MET/external_libs/include -I/home/hank.fisher/MET9_0_1_nopython/external_libs/include -I/home/hank.fisher/MET9_0_1_nopython/external_libs/include -I/home/hank.fisher/MET9_0_1_nopython/external_libs/include -I/home/hank.fisher/MET9_0_1_nopython/external_libs/include -I/home/hank.fisher/MET9_0_1_nopython/external_libs/include -I/home/hank.fisher/MET9_0_1_nopython/external_libs/include -DBLOCK4 -DWITH_GRIB2 -DMET_BASE="\"/home/hank.fisher/MET9_0_1_nopython/share/met\""  -g -MT libvx_stat_out_a-stat_hdr_columns.o -MD -MP -MF .deps/libvx_stat_out_a-stat_hdr_columns.Tpo -c -o libvx_stat_out_a-stat_hdr_columns.o `test -f 'stat_hdr_columns.cc' || echo './'`stat_hdr_columns.cc
mv -f .deps/libvx_stat_out_a-stat_hdr_columns.Tpo .deps/libvx_stat_out_a-stat_hdr_columns.Po
rm -f libvx_stat_out.a
ar cru libvx_stat_out.a libvx_stat_out_a-stat_columns.o libvx_stat_out_a-stat_hdr_columns.o 
ranlib libvx_stat_out.a
make[4]: Leaving directory `/home/hank.fisher/MET9_0_1_nopython/met-9.0.1/src/libcode/vx_stat_out'
Making all in vx_analysis_util
make[4]: Entering directory `/home/hank.fisher/MET9_0_1_nopython/met-9.0.1/src/libcode/vx_analysis_util'
/bin/g++ -DHAVE_CONFIG_H -I. -I../../..  -I../../../src/basic/vx_cal -I../../../src/basic/vx_config -I../../../src/basic/vx_log -I../../../src/basic/vx_math -I../../../src/basic/vx_util -I../../../src/libcode/vx_afm -I../../../src/libcode/vx_analysis_util -I../../../src/libcode/vx_color -I../../../src/libcode/vx_data2d -I../../../src/libcode/vx_data2d_factory -I../../../src/libcode/vx_data2d_grib -I../../../src/libcode/vx_data2d_grib2 -I../../../src/libcode/vx_data2d_nccf -I../../../src/libcode/vx_data2d_nc_met -I../../../src/libcode/vx_data2d_nc_pinterp -I../../../src/libcode/vx_data2d_python -I../../../src/libcode/vx_python3_utils -I../../../src/libcode/vx_geodesy -I../../../src/libcode/vx_gis -I../../../src/libcode/vx_gnomon -I../../../src/libcode/vx_grid -I../../../src/libcode/vx_gsl_prob -I../../../src/libcode/vx_nav -I../../../src/libcode/vx_nc_obs -I../../../src/libcode/vx_nc_util -I../../../src/libcode/vx_pb_util -I../../../src/libcode/vx_plot_util -I../../../src/libcode/vx_ps -I../../../src/libcode/vx_pxm -I../../../src/libcode/vx_render -I../../../src/libcode/vx_regrid -I../../../src/libcode/vx_shapedata -I../../../src/libcode/vx_solar -I../../../src/libcode/vx_statistics -I../../../src/libcode/vx_stat_out -I../../../src/libcode/vx_summary -I../../../src/libcode/vx_time_series -I../../../src/libcode/vx_series_data -I../../../src/libcode/vx_tc_util -I/home/hank.fisher/MET/external_libs/include -I/home/hank.fisher/MET9_0_1_nopython/external_libs/include -I/home/hank.fisher/MET9_0_1_nopython/external_libs/include -I/home/hank.fisher/MET9_0_1_nopython/external_libs/include -I/home/hank.fisher/MET9_0_1_nopython/external_libs/include -I/home/hank.fisher/MET9_0_1_nopython/external_libs/include -I/home/hank.fisher/MET9_0_1_nopython/external_libs/include -DBLOCK4 -DWITH_GRIB2 -DMET_BASE="\"/home/hank.fisher/MET9_0_1_nopython/share/met\""  -g -MT libvx_analysis_util_a-analysis_utils.o -MD -MP -MF .deps/libvx_analysis_util_a-analysis_utils.Tpo -c -o libvx_analysis_util_a-analysis_utils.o `test -f 'analysis_utils.cc' || echo './'`analysis_utils.cc
mv -f .deps/libvx_analysis_util_a-analysis_utils.Tpo .deps/libvx_analysis_util_a-analysis_utils.Po
/bin/g++ -DHAVE_CONFIG_H -I. -I../../..  -I../../../src/basic/vx_cal -I../../../src/basic/vx_config -I../../../src/basic/vx_log -I../../../src/basic/vx_math -I../../../src/basic/vx_util -I../../../src/libcode/vx_afm -I../../../src/libcode/vx_analysis_util -I../../../src/libcode/vx_color -I../../../src/libcode/vx_data2d -I../../../src/libcode/vx_data2d_factory -I../../../src/libcode/vx_data2d_grib -I../../../src/libcode/vx_data2d_grib2 -I../../../src/libcode/vx_data2d_nccf -I../../../src/libcode/vx_data2d_nc_met -I../../../src/libcode/vx_data2d_nc_pinterp -I../../../src/libcode/vx_data2d_python -I../../../src/libcode/vx_python3_utils -I../../../src/libcode/vx_geodesy -I../../../src/libcode/vx_gis -I../../../src/libcode/vx_gnomon -I../../../src/libcode/vx_grid -I../../../src/libcode/vx_gsl_prob -I../../../src/libcode/vx_nav -I../../../src/libcode/vx_nc_obs -I../../../src/libcode/vx_nc_util -I../../../src/libcode/vx_pb_util -I../../../src/libcode/vx_plot_util -I../../../src/libcode/vx_ps -I../../../src/libcode/vx_pxm -I../../../src/libcode/vx_render -I../../../src/libcode/vx_regrid -I../../../src/libcode/vx_shapedata -I../../../src/libcode/vx_solar -I../../../src/libcode/vx_statistics -I../../../src/libcode/vx_stat_out -I../../../src/libcode/vx_summary -I../../../src/libcode/vx_time_series -I../../../src/libcode/vx_series_data -I../../../src/libcode/vx_tc_util -I/home/hank.fisher/MET/external_libs/include -I/home/hank.fisher/MET9_0_1_nopython/external_libs/include -I/home/hank.fisher/MET9_0_1_nopython/external_libs/include -I/home/hank.fisher/MET9_0_1_nopython/external_libs/include -I/home/hank.fisher/MET9_0_1_nopython/external_libs/include -I/home/hank.fisher/MET9_0_1_nopython/external_libs/include -I/home/hank.fisher/MET9_0_1_nopython/external_libs/include -DBLOCK4 -DWITH_GRIB2 -DMET_BASE="\"/home/hank.fisher/MET9_0_1_nopython/share/met\""  -g -MT libvx_analysis_util_a-by_case_info.o -MD -MP -MF .deps/libvx_analysis_util_a-by_case_info.Tpo -c -o libvx_analysis_util_a-by_case_info.o `test -f 'by_case_info.cc' || echo './'`by_case_info.cc
mv -f .deps/libvx_analysis_util_a-by_case_info.Tpo .deps/libvx_analysis_util_a-by_case_info.Po
/bin/g++ -DHAVE_CONFIG_H -I. -I../../..  -I../../../src/basic/vx_cal -I../../../src/basic/vx_config -I../../../src/basic/vx_log -I../../../src/basic/vx_math -I../../../src/basic/vx_util -I../../../src/libcode/vx_afm -I../../../src/libcode/vx_analysis_util -I../../../src/libcode/vx_color -I../../../src/libcode/vx_data2d -I../../../src/libcode/vx_data2d_factory -I../../../src/libcode/vx_data2d_grib -I../../../src/libcode/vx_data2d_grib2 -I../../../src/libcode/vx_data2d_nccf -I../../../src/libcode/vx_data2d_nc_met -I../../../src/libcode/vx_data2d_nc_pinterp -I../../../src/libcode/vx_data2d_python -I../../../src/libcode/vx_python3_utils -I../../../src/libcode/vx_geodesy -I../../../src/libcode/vx_gis -I../../../src/libcode/vx_gnomon -I../../../src/libcode/vx_grid -I../../../src/libcode/vx_gsl_prob -I../../../src/libcode/vx_nav -I../../../src/libcode/vx_nc_obs -I../../../src/libcode/vx_nc_util -I../../../src/libcode/vx_pb_util -I../../../src/libcode/vx_plot_util -I../../../src/libcode/vx_ps -I../../../src/libcode/vx_pxm -I../../../src/libcode/vx_render -I../../../src/libcode/vx_regrid -I../../../src/libcode/vx_shapedata -I../../../src/libcode/vx_solar -I../../../src/libcode/vx_statistics -I../../../src/libcode/vx_stat_out -I../../../src/libcode/vx_summary -I../../../src/libcode/vx_time_series -I../../../src/libcode/vx_series_data -I../../../src/libcode/vx_tc_util -I/home/hank.fisher/MET/external_libs/include -I/home/hank.fisher/MET9_0_1_nopython/external_libs/include -I/home/hank.fisher/MET9_0_1_nopython/external_libs/include -I/home/hank.fisher/MET9_0_1_nopython/external_libs/include -I/home/hank.fisher/MET9_0_1_nopython/external_libs/include -I/home/hank.fisher/MET9_0_1_nopython/external_libs/include -I/home/hank.fisher/MET9_0_1_nopython/external_libs/include -DBLOCK4 -DWITH_GRIB2 -DMET_BASE="\"/home/hank.fisher/MET9_0_1_nopython/share/met\""  -g -MT libvx_analysis_util_a-mode_atts.o -MD -MP -MF .deps/libvx_analysis_util_a-mode_atts.Tpo -c -o libvx_analysis_util_a-mode_atts.o `test -f 'mode_atts.cc' || echo './'`mode_atts.cc
mv -f .deps/libvx_analysis_util_a-mode_atts.Tpo .deps/libvx_analysis_util_a-mode_atts.Po
/bin/g++ -DHAVE_CONFIG_H -I. -I../../..  -I../../../src/basic/vx_cal -I../../../src/basic/vx_config -I../../../src/basic/vx_log -I../../../src/basic/vx_math -I../../../src/basic/vx_util -I../../../src/libcode/vx_afm -I../../../src/libcode/vx_analysis_util -I../../../src/libcode/vx_color -I../../../src/libcode/vx_data2d -I../../../src/libcode/vx_data2d_factory -I../../../src/libcode/vx_data2d_grib -I../../../src/libcode/vx_data2d_grib2 -I../../../src/libcode/vx_data2d_nccf -I../../../src/libcode/vx_data2d_nc_met -I../../../src/libcode/vx_data2d_nc_pinterp -I../../../src/libcode/vx_data2d_python -I../../../src/libcode/vx_python3_utils -I../../../src/libcode/vx_geodesy -I../../../src/libcode/vx_gis -I../../../src/libcode/vx_gnomon -I../../../src/libcode/vx_grid -I../../../src/libcode/vx_gsl_prob -I../../../src/libcode/vx_nav -I../../../src/libcode/vx_nc_obs -I../../../src/libcode/vx_nc_util -I../../../src/libcode/vx_pb_util -I../../../src/libcode/vx_plot_util -I../../../src/libcode/vx_ps -I../../../src/libcode/vx_pxm -I../../../src/libcode/vx_render -I../../../src/libcode/vx_regrid -I../../../src/libcode/vx_shapedata -I../../../src/libcode/vx_solar -I../../../src/libcode/vx_statistics -I../../../src/libcode/vx_stat_out -I../../../src/libcode/vx_summary -I../../../src/libcode/vx_time_series -I../../../src/libcode/vx_series_data -I../../../src/libcode/vx_tc_util -I/home/hank.fisher/MET/external_libs/include -I/home/hank.fisher/MET9_0_1_nopython/external_libs/include -I/home/hank.fisher/MET9_0_1_nopython/external_libs/include -I/home/hank.fisher/MET9_0_1_nopython/external_libs/include -I/home/hank.fisher/MET9_0_1_nopython/external_libs/include -I/home/hank.fisher/MET9_0_1_nopython/external_libs/include -I/home/hank.fisher/MET9_0_1_nopython/external_libs/include -DBLOCK4 -DWITH_GRIB2 -DMET_BASE="\"/home/hank.fisher/MET9_0_1_nopython/share/met\""  -g -MT libvx_analysis_util_a-mode_job.o -MD -MP -MF .deps/libvx_analysis_util_a-mode_job.Tpo -c -o libvx_analysis_util_a-mode_job.o `test -f 'mode_job.cc' || echo './'`mode_job.cc
mv -f .deps/libvx_analysis_util_a-mode_job.Tpo .deps/libvx_analysis_util_a-mode_job.Po
/bin/g++ -DHAVE_CONFIG_H -I. -I../../..  -I../../../src/basic/vx_cal -I../../../src/basic/vx_config -I../../../src/basic/vx_log -I../../../src/basic/vx_math -I../../../src/basic/vx_util -I../../../src/libcode/vx_afm -I../../../src/libcode/vx_analysis_util -I../../../src/libcode/vx_color -I../../../src/libcode/vx_data2d -I../../../src/libcode/vx_data2d_factory -I../../../src/libcode/vx_data2d_grib -I../../../src/libcode/vx_data2d_grib2 -I../../../src/libcode/vx_data2d_nccf -I../../../src/libcode/vx_data2d_nc_met -I../../../src/libcode/vx_data2d_nc_pinterp -I../../../src/libcode/vx_data2d_python -I../../../src/libcode/vx_python3_utils -I../../../src/libcode/vx_geodesy -I../../../src/libcode/vx_gis -I../../../src/libcode/vx_gnomon -I../../../src/libcode/vx_grid -I../../../src/libcode/vx_gsl_prob -I../../../src/libcode/vx_nav -I../../../src/libcode/vx_nc_obs -I../../../src/libcode/vx_nc_util -I../../../src/libcode/vx_pb_util -I../../../src/libcode/vx_plot_util -I../../../src/libcode/vx_ps -I../../../src/libcode/vx_pxm -I../../../src/libcode/vx_render -I../../../src/libcode/vx_regrid -I../../../src/libcode/vx_shapedata -I../../../src/libcode/vx_solar -I../../../src/libcode/vx_statistics -I../../../src/libcode/vx_stat_out -I../../../src/libcode/vx_summary -I../../../src/libcode/vx_time_series -I../../../src/libcode/vx_series_data -I../../../src/libcode/vx_tc_util -I/home/hank.fisher/MET/external_libs/include -I/home/hank.fisher/MET9_0_1_nopython/external_libs/include -I/home/hank.fisher/MET9_0_1_nopython/external_libs/include -I/home/hank.fisher/MET9_0_1_nopython/external_libs/include -I/home/hank.fisher/MET9_0_1_nopython/external_libs/include -I/home/hank.fisher/MET9_0_1_nopython/external_libs/include -I/home/hank.fisher/MET9_0_1_nopython/external_libs/include -DBLOCK4 -DWITH_GRIB2 -DMET_BASE="\"/home/hank.fisher/MET9_0_1_nopython/share/met\""  -g -MT libvx_analysis_util_a-mode_line.o -MD -MP -MF .deps/libvx_analysis_util_a-mode_line.Tpo -c -o libvx_analysis_util_a-mode_line.o `test -f 'mode_line.cc' || echo './'`mode_line.cc
mv -f .deps/libvx_analysis_util_a-mode_line.Tpo .deps/libvx_analysis_util_a-mode_line.Po
/bin/g++ -DHAVE_CONFIG_H -I. -I../../..  -I../../../src/basic/vx_cal -I../../../src/basic/vx_config -I../../../src/basic/vx_log -I../../../src/basic/vx_math -I../../../src/basic/vx_util -I../../../src/libcode/vx_afm -I../../../src/libcode/vx_analysis_util -I../../../src/libcode/vx_color -I../../../src/libcode/vx_data2d -I../../../src/libcode/vx_data2d_factory -I../../../src/libcode/vx_data2d_grib -I../../../src/libcode/vx_data2d_grib2 -I../../../src/libcode/vx_data2d_nccf -I../../../src/libcode/vx_data2d_nc_met -I../../../src/libcode/vx_data2d_nc_pinterp -I../../../src/libcode/vx_data2d_python -I../../../src/libcode/vx_python3_utils -I../../../src/libcode/vx_geodesy -I../../../src/libcode/vx_gis -I../../../src/libcode/vx_gnomon -I../../../src/libcode/vx_grid -I../../../src/libcode/vx_gsl_prob -I../../../src/libcode/vx_nav -I../../../src/libcode/vx_nc_obs -I../../../src/libcode/vx_nc_util -I../../../src/libcode/vx_pb_util -I../../../src/libcode/vx_plot_util -I../../../src/libcode/vx_ps -I../../../src/libcode/vx_pxm -I../../../src/libcode/vx_render -I../../../src/libcode/vx_regrid -I../../../src/libcode/vx_shapedata -I../../../src/libcode/vx_solar -I../../../src/libcode/vx_statistics -I../../../src/libcode/vx_stat_out -I../../../src/libcode/vx_summary -I../../../src/libcode/vx_time_series -I../../../src/libcode/vx_series_data -I../../../src/libcode/vx_tc_util -I/home/hank.fisher/MET/external_libs/include -I/home/hank.fisher/MET9_0_1_nopython/external_libs/include -I/home/hank.fisher/MET9_0_1_nopython/external_libs/include -I/home/hank.fisher/MET9_0_1_nopython/external_libs/include -I/home/hank.fisher/MET9_0_1_nopython/external_libs/include -I/home/hank.fisher/MET9_0_1_nopython/external_libs/include -I/home/hank.fisher/MET9_0_1_nopython/external_libs/include -DBLOCK4 -DWITH_GRIB2 -DMET_BASE="\"/home/hank.fisher/MET9_0_1_nopython/share/met\""  -g -MT libvx_analysis_util_a-stat_job.o -MD -MP -MF .deps/libvx_analysis_util_a-stat_job.Tpo -c -o libvx_analysis_util_a-stat_job.o `test -f 'stat_job.cc' || echo './'`stat_job.cc
mv -f .deps/libvx_analysis_util_a-stat_job.Tpo .deps/libvx_analysis_util_a-stat_job.Po
/bin/g++ -DHAVE_CONFIG_H -I. -I../../..  -I../../../src/basic/vx_cal -I../../../src/basic/vx_config -I../../../src/basic/vx_log -I../../../src/basic/vx_math -I../../../src/basic/vx_util -I../../../src/libcode/vx_afm -I../../../src/libcode/vx_analysis_util -I../../../src/libcode/vx_color -I../../../src/libcode/vx_data2d -I../../../src/libcode/vx_data2d_factory -I../../../src/libcode/vx_data2d_grib -I../../../src/libcode/vx_data2d_grib2 -I../../../src/libcode/vx_data2d_nccf -I../../../src/libcode/vx_data2d_nc_met -I../../../src/libcode/vx_data2d_nc_pinterp -I../../../src/libcode/vx_data2d_python -I../../../src/libcode/vx_python3_utils -I../../../src/libcode/vx_geodesy -I../../../src/libcode/vx_gis -I../../../src/libcode/vx_gnomon -I../../../src/libcode/vx_grid -I../../../src/libcode/vx_gsl_prob -I../../../src/libcode/vx_nav -I../../../src/libcode/vx_nc_obs -I../../../src/libcode/vx_nc_util -I../../../src/libcode/vx_pb_util -I../../../src/libcode/vx_plot_util -I../../../src/libcode/vx_ps -I../../../src/libcode/vx_pxm -I../../../src/libcode/vx_render -I../../../src/libcode/vx_regrid -I../../../src/libcode/vx_shapedata -I../../../src/libcode/vx_solar -I../../../src/libcode/vx_statistics -I../../../src/libcode/vx_stat_out -I../../../src/libcode/vx_summary -I../../../src/libcode/vx_time_series -I../../../src/libcode/vx_series_data -I../../../src/libcode/vx_tc_util -I/home/hank.fisher/MET/external_libs/include -I/home/hank.fisher/MET9_0_1_nopython/external_libs/include -I/home/hank.fisher/MET9_0_1_nopython/external_libs/include -I/home/hank.fisher/MET9_0_1_nopython/external_libs/include -I/home/hank.fisher/MET9_0_1_nopython/external_libs/include -I/home/hank.fisher/MET9_0_1_nopython/external_libs/include -I/home/hank.fisher/MET9_0_1_nopython/external_libs/include -DBLOCK4 -DWITH_GRIB2 -DMET_BASE="\"/home/hank.fisher/MET9_0_1_nopython/share/met\""  -g -MT libvx_analysis_util_a-stat_line.o -MD -MP -MF .deps/libvx_analysis_util_a-stat_line.Tpo -c -o libvx_analysis_util_a-stat_line.o `test -f 'stat_line.cc' || echo './'`stat_line.cc
mv -f .deps/libvx_analysis_util_a-stat_line.Tpo .deps/libvx_analysis_util_a-stat_line.Po
/bin/g++ -DHAVE_CONFIG_H -I. -I../../..  -I../../../src/basic/vx_cal -I../../../src/basic/vx_config -I../../../src/basic/vx_log -I../../../src/basic/vx_math -I../../../src/basic/vx_util -I../../../src/libcode/vx_afm -I../../../src/libcode/vx_analysis_util -I../../../src/libcode/vx_color -I../../../src/libcode/vx_data2d -I../../../src/libcode/vx_data2d_factory -I../../../src/libcode/vx_data2d_grib -I../../../src/libcode/vx_data2d_grib2 -I../../../src/libcode/vx_data2d_nccf -I../../../src/libcode/vx_data2d_nc_met -I../../../src/libcode/vx_data2d_nc_pinterp -I../../../src/libcode/vx_data2d_python -I../../../src/libcode/vx_python3_utils -I../../../src/libcode/vx_geodesy -I../../../src/libcode/vx_gis -I../../../src/libcode/vx_gnomon -I../../../src/libcode/vx_grid -I../../../src/libcode/vx_gsl_prob -I../../../src/libcode/vx_nav -I../../../src/libcode/vx_nc_obs -I../../../src/libcode/vx_nc_util -I../../../src/libcode/vx_pb_util -I../../../src/libcode/vx_plot_util -I../../../src/libcode/vx_ps -I../../../src/libcode/vx_pxm -I../../../src/libcode/vx_render -I../../../src/libcode/vx_regrid -I../../../src/libcode/vx_shapedata -I../../../src/libcode/vx_solar -I../../../src/libcode/vx_statistics -I../../../src/libcode/vx_stat_out -I../../../src/libcode/vx_summary -I../../../src/libcode/vx_time_series -I../../../src/libcode/vx_series_data -I../../../src/libcode/vx_tc_util -I/home/hank.fisher/MET/external_libs/include -I/home/hank.fisher/MET9_0_1_nopython/external_libs/include -I/home/hank.fisher/MET9_0_1_nopython/external_libs/include -I/home/hank.fisher/MET9_0_1_nopython/external_libs/include -I/home/hank.fisher/MET9_0_1_nopython/external_libs/include -I/home/hank.fisher/MET9_0_1_nopython/external_libs/include -I/home/hank.fisher/MET9_0_1_nopython/external_libs/include -DBLOCK4 -DWITH_GRIB2 -DMET_BASE="\"/home/hank.fisher/MET9_0_1_nopython/share/met\""  -g -MT libvx_analysis_util_a-time_series.o -MD -MP -MF .deps/libvx_analysis_util_a-time_series.Tpo -c -o libvx_analysis_util_a-time_series.o `test -f 'time_series.cc' || echo './'`time_series.cc
mv -f .deps/libvx_analysis_util_a-time_series.Tpo .deps/libvx_analysis_util_a-time_series.Po
rm -f libvx_analysis_util.a
ar cru libvx_analysis_util.a libvx_analysis_util_a-analysis_utils.o libvx_analysis_util_a-by_case_info.o libvx_analysis_util_a-mode_atts.o libvx_analysis_util_a-mode_job.o libvx_analysis_util_a-mode_line.o libvx_analysis_util_a-stat_job.o libvx_analysis_util_a-stat_line.o libvx_analysis_util_a-time_series.o 
ranlib libvx_analysis_util.a
make[4]: Leaving directory `/home/hank.fisher/MET9_0_1_nopython/met-9.0.1/src/libcode/vx_analysis_util'
Making all in vx_tc_util
make[4]: Entering directory `/home/hank.fisher/MET9_0_1_nopython/met-9.0.1/src/libcode/vx_tc_util'
/bin/g++ -DHAVE_CONFIG_H -I. -I../../..  -I../../../src/basic/vx_cal -I../../../src/basic/vx_config -I../../../src/basic/vx_log -I../../../src/basic/vx_math -I../../../src/basic/vx_util -I../../../src/libcode/vx_afm -I../../../src/libcode/vx_analysis_util -I../../../src/libcode/vx_color -I../../../src/libcode/vx_data2d -I../../../src/libcode/vx_data2d_factory -I../../../src/libcode/vx_data2d_grib -I../../../src/libcode/vx_data2d_grib2 -I../../../src/libcode/vx_data2d_nccf -I../../../src/libcode/vx_data2d_nc_met -I../../../src/libcode/vx_data2d_nc_pinterp -I../../../src/libcode/vx_data2d_python -I../../../src/libcode/vx_python3_utils -I../../../src/libcode/vx_geodesy -I../../../src/libcode/vx_gis -I../../../src/libcode/vx_gnomon -I../../../src/libcode/vx_grid -I../../../src/libcode/vx_gsl_prob -I../../../src/libcode/vx_nav -I../../../src/libcode/vx_nc_obs -I../../../src/libcode/vx_nc_util -I../../../src/libcode/vx_pb_util -I../../../src/libcode/vx_plot_util -I../../../src/libcode/vx_ps -I../../../src/libcode/vx_pxm -I../../../src/libcode/vx_render -I../../../src/libcode/vx_regrid -I../../../src/libcode/vx_shapedata -I../../../src/libcode/vx_solar -I../../../src/libcode/vx_statistics -I../../../src/libcode/vx_stat_out -I../../../src/libcode/vx_summary -I../../../src/libcode/vx_time_series -I../../../src/libcode/vx_series_data -I../../../src/libcode/vx_tc_util -I/home/hank.fisher/MET/external_libs/include -I/home/hank.fisher/MET9_0_1_nopython/external_libs/include -I/home/hank.fisher/MET9_0_1_nopython/external_libs/include -I/home/hank.fisher/MET9_0_1_nopython/external_libs/include -I/home/hank.fisher/MET9_0_1_nopython/external_libs/include -I/home/hank.fisher/MET9_0_1_nopython/external_libs/include -I/home/hank.fisher/MET9_0_1_nopython/external_libs/include -DBLOCK4 -DWITH_GRIB2 -DMET_BASE="\"/home/hank.fisher/MET9_0_1_nopython/share/met\""  -g -MT libvx_tc_util_a-atcf_line_base.o -MD -MP -MF .deps/libvx_tc_util_a-atcf_line_base.Tpo -c -o libvx_tc_util_a-atcf_line_base.o `test -f 'atcf_line_base.cc' || echo './'`atcf_line_base.cc
mv -f .deps/libvx_tc_util_a-atcf_line_base.Tpo .deps/libvx_tc_util_a-atcf_line_base.Po
/bin/g++ -DHAVE_CONFIG_H -I. -I../../..  -I../../../src/basic/vx_cal -I../../../src/basic/vx_config -I../../../src/basic/vx_log -I../../../src/basic/vx_math -I../../../src/basic/vx_util -I../../../src/libcode/vx_afm -I../../../src/libcode/vx_analysis_util -I../../../src/libcode/vx_color -I../../../src/libcode/vx_data2d -I../../../src/libcode/vx_data2d_factory -I../../../src/libcode/vx_data2d_grib -I../../../src/libcode/vx_data2d_grib2 -I../../../src/libcode/vx_data2d_nccf -I../../../src/libcode/vx_data2d_nc_met -I../../../src/libcode/vx_data2d_nc_pinterp -I../../../src/libcode/vx_data2d_python -I../../../src/libcode/vx_python3_utils -I../../../src/libcode/vx_geodesy -I../../../src/libcode/vx_gis -I../../../src/libcode/vx_gnomon -I../../../src/libcode/vx_grid -I../../../src/libcode/vx_gsl_prob -I../../../src/libcode/vx_nav -I../../../src/libcode/vx_nc_obs -I../../../src/libcode/vx_nc_util -I../../../src/libcode/vx_pb_util -I../../../src/libcode/vx_plot_util -I../../../src/libcode/vx_ps -I../../../src/libcode/vx_pxm -I../../../src/libcode/vx_render -I../../../src/libcode/vx_regrid -I../../../src/libcode/vx_shapedata -I../../../src/libcode/vx_solar -I../../../src/libcode/vx_statistics -I../../../src/libcode/vx_stat_out -I../../../src/libcode/vx_summary -I../../../src/libcode/vx_time_series -I../../../src/libcode/vx_series_data -I../../../src/libcode/vx_tc_util -I/home/hank.fisher/MET/external_libs/include -I/home/hank.fisher/MET9_0_1_nopython/external_libs/include -I/home/hank.fisher/MET9_0_1_nopython/external_libs/include -I/home/hank.fisher/MET9_0_1_nopython/external_libs/include -I/home/hank.fisher/MET9_0_1_nopython/external_libs/include -I/home/hank.fisher/MET9_0_1_nopython/external_libs/include -I/home/hank.fisher/MET9_0_1_nopython/external_libs/include -DBLOCK4 -DWITH_GRIB2 -DMET_BASE="\"/home/hank.fisher/MET9_0_1_nopython/share/met\""  -g -MT libvx_tc_util_a-atcf_track_line.o -MD -MP -MF .deps/libvx_tc_util_a-atcf_track_line.Tpo -c -o libvx_tc_util_a-atcf_track_line.o `test -f 'atcf_track_line.cc' || echo './'`atcf_track_line.cc
mv -f .deps/libvx_tc_util_a-atcf_track_line.Tpo .deps/libvx_tc_util_a-atcf_track_line.Po
/bin/g++ -DHAVE_CONFIG_H -I. -I../../..  -I../../../src/basic/vx_cal -I../../../src/basic/vx_config -I../../../src/basic/vx_log -I../../../src/basic/vx_math -I../../../src/basic/vx_util -I../../../src/libcode/vx_afm -I../../../src/libcode/vx_analysis_util -I../../../src/libcode/vx_color -I../../../src/libcode/vx_data2d -I../../../src/libcode/vx_data2d_factory -I../../../src/libcode/vx_data2d_grib -I../../../src/libcode/vx_data2d_grib2 -I../../../src/libcode/vx_data2d_nccf -I../../../src/libcode/vx_data2d_nc_met -I../../../src/libcode/vx_data2d_nc_pinterp -I../../../src/libcode/vx_data2d_python -I../../../src/libcode/vx_python3_utils -I../../../src/libcode/vx_geodesy -I../../../src/libcode/vx_gis -I../../../src/libcode/vx_gnomon -I../../../src/libcode/vx_grid -I../../../src/libcode/vx_gsl_prob -I../../../src/libcode/vx_nav -I../../../src/libcode/vx_nc_obs -I../../../src/libcode/vx_nc_util -I../../../src/libcode/vx_pb_util -I../../../src/libcode/vx_plot_util -I../../../src/libcode/vx_ps -I../../../src/libcode/vx_pxm -I../../../src/libcode/vx_render -I../../../src/libcode/vx_regrid -I../../../src/libcode/vx_shapedata -I../../../src/libcode/vx_solar -I../../../src/libcode/vx_statistics -I../../../src/libcode/vx_stat_out -I../../../src/libcode/vx_summary -I../../../src/libcode/vx_time_series -I../../../src/libcode/vx_series_data -I../../../src/libcode/vx_tc_util -I/home/hank.fisher/MET/external_libs/include -I/home/hank.fisher/MET9_0_1_nopython/external_libs/include -I/home/hank.fisher/MET9_0_1_nopython/external_libs/include -I/home/hank.fisher/MET9_0_1_nopython/external_libs/include -I/home/hank.fisher/MET9_0_1_nopython/external_libs/include -I/home/hank.fisher/MET9_0_1_nopython/external_libs/include -I/home/hank.fisher/MET9_0_1_nopython/external_libs/include -DBLOCK4 -DWITH_GRIB2 -DMET_BASE="\"/home/hank.fisher/MET9_0_1_nopython/share/met\""  -g -MT libvx_tc_util_a-atcf_prob_line.o -MD -MP -MF .deps/libvx_tc_util_a-atcf_prob_line.Tpo -c -o libvx_tc_util_a-atcf_prob_line.o `test -f 'atcf_prob_line.cc' || echo './'`atcf_prob_line.cc
mv -f .deps/libvx_tc_util_a-atcf_prob_line.Tpo .deps/libvx_tc_util_a-atcf_prob_line.Po
/bin/g++ -DHAVE_CONFIG_H -I. -I../../..  -I../../../src/basic/vx_cal -I../../../src/basic/vx_config -I../../../src/basic/vx_log -I../../../src/basic/vx_math -I../../../src/basic/vx_util -I../../../src/libcode/vx_afm -I../../../src/libcode/vx_analysis_util -I../../../src/libcode/vx_color -I../../../src/libcode/vx_data2d -I../../../src/libcode/vx_data2d_factory -I../../../src/libcode/vx_data2d_grib -I../../../src/libcode/vx_data2d_grib2 -I../../../src/libcode/vx_data2d_nccf -I../../../src/libcode/vx_data2d_nc_met -I../../../src/libcode/vx_data2d_nc_pinterp -I../../../src/libcode/vx_data2d_python -I../../../src/libcode/vx_python3_utils -I../../../src/libcode/vx_geodesy -I../../../src/libcode/vx_gis -I../../../src/libcode/vx_gnomon -I../../../src/libcode/vx_grid -I../../../src/libcode/vx_gsl_prob -I../../../src/libcode/vx_nav -I../../../src/libcode/vx_nc_obs -I../../../src/libcode/vx_nc_util -I../../../src/libcode/vx_pb_util -I../../../src/libcode/vx_plot_util -I../../../src/libcode/vx_ps -I../../../src/libcode/vx_pxm -I../../../src/libcode/vx_render -I../../../src/libcode/vx_regrid -I../../../src/libcode/vx_shapedata -I../../../src/libcode/vx_solar -I../../../src/libcode/vx_statistics -I../../../src/libcode/vx_stat_out -I../../../src/libcode/vx_summary -I../../../src/libcode/vx_time_series -I../../../src/libcode/vx_series_data -I../../../src/libcode/vx_tc_util -I/home/hank.fisher/MET/external_libs/include -I/home/hank.fisher/MET9_0_1_nopython/external_libs/include -I/home/hank.fisher/MET9_0_1_nopython/external_libs/include -I/home/hank.fisher/MET9_0_1_nopython/external_libs/include -I/home/hank.fisher/MET9_0_1_nopython/external_libs/include -I/home/hank.fisher/MET9_0_1_nopython/external_libs/include -I/home/hank.fisher/MET9_0_1_nopython/external_libs/include -DBLOCK4 -DWITH_GRIB2 -DMET_BASE="\"/home/hank.fisher/MET9_0_1_nopython/share/met\""  -g -MT libvx_tc_util_a-track_point.o -MD -MP -MF .deps/libvx_tc_util_a-track_point.Tpo -c -o libvx_tc_util_a-track_point.o `test -f 'track_point.cc' || echo './'`track_point.cc
mv -f .deps/libvx_tc_util_a-track_point.Tpo .deps/libvx_tc_util_a-track_point.Po
/bin/g++ -DHAVE_CONFIG_H -I. -I../../..  -I../../../src/basic/vx_cal -I../../../src/basic/vx_config -I../../../src/basic/vx_log -I../../../src/basic/vx_math -I../../../src/basic/vx_util -I../../../src/libcode/vx_afm -I../../../src/libcode/vx_analysis_util -I../../../src/libcode/vx_color -I../../../src/libcode/vx_data2d -I../../../src/libcode/vx_data2d_factory -I../../../src/libcode/vx_data2d_grib -I../../../src/libcode/vx_data2d_grib2 -I../../../src/libcode/vx_data2d_nccf -I../../../src/libcode/vx_data2d_nc_met -I../../../src/libcode/vx_data2d_nc_pinterp -I../../../src/libcode/vx_data2d_python -I../../../src/libcode/vx_python3_utils -I../../../src/libcode/vx_geodesy -I../../../src/libcode/vx_gis -I../../../src/libcode/vx_gnomon -I../../../src/libcode/vx_grid -I../../../src/libcode/vx_gsl_prob -I../../../src/libcode/vx_nav -I../../../src/libcode/vx_nc_obs -I../../../src/libcode/vx_nc_util -I../../../src/libcode/vx_pb_util -I../../../src/libcode/vx_plot_util -I../../../src/libcode/vx_ps -I../../../src/libcode/vx_pxm -I../../../src/libcode/vx_render -I../../../src/libcode/vx_regrid -I../../../src/libcode/vx_shapedata -I../../../src/libcode/vx_solar -I../../../src/libcode/vx_statistics -I../../../src/libcode/vx_stat_out -I../../../src/libcode/vx_summary -I../../../src/libcode/vx_time_series -I../../../src/libcode/vx_series_data -I../../../src/libcode/vx_tc_util -I/home/hank.fisher/MET/external_libs/include -I/home/hank.fisher/MET9_0_1_nopython/external_libs/include -I/home/hank.fisher/MET9_0_1_nopython/external_libs/include -I/home/hank.fisher/MET9_0_1_nopython/external_libs/include -I/home/hank.fisher/MET9_0_1_nopython/external_libs/include -I/home/hank.fisher/MET9_0_1_nopython/external_libs/include -I/home/hank.fisher/MET9_0_1_nopython/external_libs/include -DBLOCK4 -DWITH_GRIB2 -DMET_BASE="\"/home/hank.fisher/MET9_0_1_nopython/share/met\""  -g -MT libvx_tc_util_a-track_info.o -MD -MP -MF .deps/libvx_tc_util_a-track_info.Tpo -c -o libvx_tc_util_a-track_info.o `test -f 'track_info.cc' || echo './'`track_info.cc
mv -f .deps/libvx_tc_util_a-track_info.Tpo .deps/libvx_tc_util_a-track_info.Po
/bin/g++ -DHAVE_CONFIG_H -I. -I../../..  -I../../../src/basic/vx_cal -I../../../src/basic/vx_config -I../../../src/basic/vx_log -I../../../src/basic/vx_math -I../../../src/basic/vx_util -I../../../src/libcode/vx_afm -I../../../src/libcode/vx_analysis_util -I../../../src/libcode/vx_color -I../../../src/libcode/vx_data2d -I../../../src/libcode/vx_data2d_factory -I../../../src/libcode/vx_data2d_grib -I../../../src/libcode/vx_data2d_grib2 -I../../../src/libcode/vx_data2d_nccf -I../../../src/libcode/vx_data2d_nc_met -I../../../src/libcode/vx_data2d_nc_pinterp -I../../../src/libcode/vx_data2d_python -I../../../src/libcode/vx_python3_utils -I../../../src/libcode/vx_geodesy -I../../../src/libcode/vx_gis -I../../../src/libcode/vx_gnomon -I../../../src/libcode/vx_grid -I../../../src/libcode/vx_gsl_prob -I../../../src/libcode/vx_nav -I../../../src/libcode/vx_nc_obs -I../../../src/libcode/vx_nc_util -I../../../src/libcode/vx_pb_util -I../../../src/libcode/vx_plot_util -I../../../src/libcode/vx_ps -I../../../src/libcode/vx_pxm -I../../../src/libcode/vx_render -I../../../src/libcode/vx_regrid -I../../../src/libcode/vx_shapedata -I../../../src/libcode/vx_solar -I../../../src/libcode/vx_statistics -I../../../src/libcode/vx_stat_out -I../../../src/libcode/vx_summary -I../../../src/libcode/vx_time_series -I../../../src/libcode/vx_series_data -I../../../src/libcode/vx_tc_util -I/home/hank.fisher/MET/external_libs/include -I/home/hank.fisher/MET9_0_1_nopython/external_libs/include -I/home/hank.fisher/MET9_0_1_nopython/external_libs/include -I/home/hank.fisher/MET9_0_1_nopython/external_libs/include -I/home/hank.fisher/MET9_0_1_nopython/external_libs/include -I/home/hank.fisher/MET9_0_1_nopython/external_libs/include -I/home/hank.fisher/MET9_0_1_nopython/external_libs/include -DBLOCK4 -DWITH_GRIB2 -DMET_BASE="\"/home/hank.fisher/MET9_0_1_nopython/share/met\""  -g -MT libvx_tc_util_a-track_pair_info.o -MD -MP -MF .deps/libvx_tc_util_a-track_pair_info.Tpo -c -o libvx_tc_util_a-track_pair_info.o `test -f 'track_pair_info.cc' || echo './'`track_pair_info.cc
mv -f .deps/libvx_tc_util_a-track_pair_info.Tpo .deps/libvx_tc_util_a-track_pair_info.Po
/bin/g++ -DHAVE_CONFIG_H -I. -I../../..  -I../../../src/basic/vx_cal -I../../../src/basic/vx_config -I../../../src/basic/vx_log -I../../../src/basic/vx_math -I../../../src/basic/vx_util -I../../../src/libcode/vx_afm -I../../../src/libcode/vx_analysis_util -I../../../src/libcode/vx_color -I../../../src/libcode/vx_data2d -I../../../src/libcode/vx_data2d_factory -I../../../src/libcode/vx_data2d_grib -I../../../src/libcode/vx_data2d_grib2 -I../../../src/libcode/vx_data2d_nccf -I../../../src/libcode/vx_data2d_nc_met -I../../../src/libcode/vx_data2d_nc_pinterp -I../../../src/libcode/vx_data2d_python -I../../../src/libcode/vx_python3_utils -I../../../src/libcode/vx_geodesy -I../../../src/libcode/vx_gis -I../../../src/libcode/vx_gnomon -I../../../src/libcode/vx_grid -I../../../src/libcode/vx_gsl_prob -I../../../src/libcode/vx_nav -I../../../src/libcode/vx_nc_obs -I../../../src/libcode/vx_nc_util -I../../../src/libcode/vx_pb_util -I../../../src/libcode/vx_plot_util -I../../../src/libcode/vx_ps -I../../../src/libcode/vx_pxm -I../../../src/libcode/vx_render -I../../../src/libcode/vx_regrid -I../../../src/libcode/vx_shapedata -I../../../src/libcode/vx_solar -I../../../src/libcode/vx_statistics -I../../../src/libcode/vx_stat_out -I../../../src/libcode/vx_summary -I../../../src/libcode/vx_time_series -I../../../src/libcode/vx_series_data -I../../../src/libcode/vx_tc_util -I/home/hank.fisher/MET/external_libs/include -I/home/hank.fisher/MET9_0_1_nopython/external_libs/include -I/home/hank.fisher/MET9_0_1_nopython/external_libs/include -I/home/hank.fisher/MET9_0_1_nopython/external_libs/include -I/home/hank.fisher/MET9_0_1_nopython/external_libs/include -I/home/hank.fisher/MET9_0_1_nopython/external_libs/include -I/home/hank.fisher/MET9_0_1_nopython/external_libs/include -DBLOCK4 -DWITH_GRIB2 -DMET_BASE="\"/home/hank.fisher/MET9_0_1_nopython/share/met\""  -g -MT libvx_tc_util_a-prob_info_base.o -MD -MP -MF .deps/libvx_tc_util_a-prob_info_base.Tpo -c -o libvx_tc_util_a-prob_info_base.o `test -f 'prob_info_base.cc' || echo './'`prob_info_base.cc
mv -f .deps/libvx_tc_util_a-prob_info_base.Tpo .deps/libvx_tc_util_a-prob_info_base.Po
/bin/g++ -DHAVE_CONFIG_H -I. -I../../..  -I../../../src/basic/vx_cal -I../../../src/basic/vx_config -I../../../src/basic/vx_log -I../../../src/basic/vx_math -I../../../src/basic/vx_util -I../../../src/libcode/vx_afm -I../../../src/libcode/vx_analysis_util -I../../../src/libcode/vx_color -I../../../src/libcode/vx_data2d -I../../../src/libcode/vx_data2d_factory -I../../../src/libcode/vx_data2d_grib -I../../../src/libcode/vx_data2d_grib2 -I../../../src/libcode/vx_data2d_nccf -I../../../src/libcode/vx_data2d_nc_met -I../../../src/libcode/vx_data2d_nc_pinterp -I../../../src/libcode/vx_data2d_python -I../../../src/libcode/vx_python3_utils -I../../../src/libcode/vx_geodesy -I../../../src/libcode/vx_gis -I../../../src/libcode/vx_gnomon -I../../../src/libcode/vx_grid -I../../../src/libcode/vx_gsl_prob -I../../../src/libcode/vx_nav -I../../../src/libcode/vx_nc_obs -I../../../src/libcode/vx_nc_util -I../../../src/libcode/vx_pb_util -I../../../src/libcode/vx_plot_util -I../../../src/libcode/vx_ps -I../../../src/libcode/vx_pxm -I../../../src/libcode/vx_render -I../../../src/libcode/vx_regrid -I../../../src/libcode/vx_shapedata -I../../../src/libcode/vx_solar -I../../../src/libcode/vx_statistics -I../../../src/libcode/vx_stat_out -I../../../src/libcode/vx_summary -I../../../src/libcode/vx_time_series -I../../../src/libcode/vx_series_data -I../../../src/libcode/vx_tc_util -I/home/hank.fisher/MET/external_libs/include -I/home/hank.fisher/MET9_0_1_nopython/external_libs/include -I/home/hank.fisher/MET9_0_1_nopython/external_libs/include -I/home/hank.fisher/MET9_0_1_nopython/external_libs/include -I/home/hank.fisher/MET9_0_1_nopython/external_libs/include -I/home/hank.fisher/MET9_0_1_nopython/external_libs/include -I/home/hank.fisher/MET9_0_1_nopython/external_libs/include -DBLOCK4 -DWITH_GRIB2 -DMET_BASE="\"/home/hank.fisher/MET9_0_1_nopython/share/met\""  -g -MT libvx_tc_util_a-prob_info_array.o -MD -MP -MF .deps/libvx_tc_util_a-prob_info_array.Tpo -c -o libvx_tc_util_a-prob_info_array.o `test -f 'prob_info_array.cc' || echo './'`prob_info_array.cc
mv -f .deps/libvx_tc_util_a-prob_info_array.Tpo .deps/libvx_tc_util_a-prob_info_array.Po
/bin/g++ -DHAVE_CONFIG_H -I. -I../../..  -I../../../src/basic/vx_cal -I../../../src/basic/vx_config -I../../../src/basic/vx_log -I../../../src/basic/vx_math -I../../../src/basic/vx_util -I../../../src/libcode/vx_afm -I../../../src/libcode/vx_analysis_util -I../../../src/libcode/vx_color -I../../../src/libcode/vx_data2d -I../../../src/libcode/vx_data2d_factory -I../../../src/libcode/vx_data2d_grib -I../../../src/libcode/vx_data2d_grib2 -I../../../src/libcode/vx_data2d_nccf -I../../../src/libcode/vx_data2d_nc_met -I../../../src/libcode/vx_data2d_nc_pinterp -I../../../src/libcode/vx_data2d_python -I../../../src/libcode/vx_python3_utils -I../../../src/libcode/vx_geodesy -I../../../src/libcode/vx_gis -I../../../src/libcode/vx_gnomon -I../../../src/libcode/vx_grid -I../../../src/libcode/vx_gsl_prob -I../../../src/libcode/vx_nav -I../../../src/libcode/vx_nc_obs -I../../../src/libcode/vx_nc_util -I../../../src/libcode/vx_pb_util -I../../../src/libcode/vx_plot_util -I../../../src/libcode/vx_ps -I../../../src/libcode/vx_pxm -I../../../src/libcode/vx_render -I../../../src/libcode/vx_regrid -I../../../src/libcode/vx_shapedata -I../../../src/libcode/vx_solar -I../../../src/libcode/vx_statistics -I../../../src/libcode/vx_stat_out -I../../../src/libcode/vx_summary -I../../../src/libcode/vx_time_series -I../../../src/libcode/vx_series_data -I../../../src/libcode/vx_tc_util -I/home/hank.fisher/MET/external_libs/include -I/home/hank.fisher/MET9_0_1_nopython/external_libs/include -I/home/hank.fisher/MET9_0_1_nopython/external_libs/include -I/home/hank.fisher/MET9_0_1_nopython/external_libs/include -I/home/hank.fisher/MET9_0_1_nopython/external_libs/include -I/home/hank.fisher/MET9_0_1_nopython/external_libs/include -I/home/hank.fisher/MET9_0_1_nopython/external_libs/include -DBLOCK4 -DWITH_GRIB2 -DMET_BASE="\"/home/hank.fisher/MET9_0_1_nopython/share/met\""  -g -MT libvx_tc_util_a-prob_rirw_info.o -MD -MP -MF .deps/libvx_tc_util_a-prob_rirw_info.Tpo -c -o libvx_tc_util_a-prob_rirw_info.o `test -f 'prob_rirw_info.cc' || echo './'`prob_rirw_info.cc
mv -f .deps/libvx_tc_util_a-prob_rirw_info.Tpo .deps/libvx_tc_util_a-prob_rirw_info.Po
/bin/g++ -DHAVE_CONFIG_H -I. -I../../..  -I../../../src/basic/vx_cal -I../../../src/basic/vx_config -I../../../src/basic/vx_log -I../../../src/basic/vx_math -I../../../src/basic/vx_util -I../../../src/libcode/vx_afm -I../../../src/libcode/vx_analysis_util -I../../../src/libcode/vx_color -I../../../src/libcode/vx_data2d -I../../../src/libcode/vx_data2d_factory -I../../../src/libcode/vx_data2d_grib -I../../../src/libcode/vx_data2d_grib2 -I../../../src/libcode/vx_data2d_nccf -I../../../src/libcode/vx_data2d_nc_met -I../../../src/libcode/vx_data2d_nc_pinterp -I../../../src/libcode/vx_data2d_python -I../../../src/libcode/vx_python3_utils -I../../../src/libcode/vx_geodesy -I../../../src/libcode/vx_gis -I../../../src/libcode/vx_gnomon -I../../../src/libcode/vx_grid -I../../../src/libcode/vx_gsl_prob -I../../../src/libcode/vx_nav -I../../../src/libcode/vx_nc_obs -I../../../src/libcode/vx_nc_util -I../../../src/libcode/vx_pb_util -I../../../src/libcode/vx_plot_util -I../../../src/libcode/vx_ps -I../../../src/libcode/vx_pxm -I../../../src/libcode/vx_render -I../../../src/libcode/vx_regrid -I../../../src/libcode/vx_shapedata -I../../../src/libcode/vx_solar -I../../../src/libcode/vx_statistics -I../../../src/libcode/vx_stat_out -I../../../src/libcode/vx_summary -I../../../src/libcode/vx_time_series -I../../../src/libcode/vx_series_data -I../../../src/libcode/vx_tc_util -I/home/hank.fisher/MET/external_libs/include -I/home/hank.fisher/MET9_0_1_nopython/external_libs/include -I/home/hank.fisher/MET9_0_1_nopython/external_libs/include -I/home/hank.fisher/MET9_0_1_nopython/external_libs/include -I/home/hank.fisher/MET9_0_1_nopython/external_libs/include -I/home/hank.fisher/MET9_0_1_nopython/external_libs/include -I/home/hank.fisher/MET9_0_1_nopython/external_libs/include -DBLOCK4 -DWITH_GRIB2 -DMET_BASE="\"/home/hank.fisher/MET9_0_1_nopython/share/met\""  -g -MT libvx_tc_util_a-prob_rirw_pair_info.o -MD -MP -MF .deps/libvx_tc_util_a-prob_rirw_pair_info.Tpo -c -o libvx_tc_util_a-prob_rirw_pair_info.o `test -f 'prob_rirw_pair_info.cc' || echo './'`prob_rirw_pair_info.cc
mv -f .deps/libvx_tc_util_a-prob_rirw_pair_info.Tpo .deps/libvx_tc_util_a-prob_rirw_pair_info.Po
/bin/g++ -DHAVE_CONFIG_H -I. -I../../..  -I../../../src/basic/vx_cal -I../../../src/basic/vx_config -I../../../src/basic/vx_log -I../../../src/basic/vx_math -I../../../src/basic/vx_util -I../../../src/libcode/vx_afm -I../../../src/libcode/vx_analysis_util -I../../../src/libcode/vx_color -I../../../src/libcode/vx_data2d -I../../../src/libcode/vx_data2d_factory -I../../../src/libcode/vx_data2d_grib -I../../../src/libcode/vx_data2d_grib2 -I../../../src/libcode/vx_data2d_nccf -I../../../src/libcode/vx_data2d_nc_met -I../../../src/libcode/vx_data2d_nc_pinterp -I../../../src/libcode/vx_data2d_python -I../../../src/libcode/vx_python3_utils -I../../../src/libcode/vx_geodesy -I../../../src/libcode/vx_gis -I../../../src/libcode/vx_gnomon -I../../../src/libcode/vx_grid -I../../../src/libcode/vx_gsl_prob -I../../../src/libcode/vx_nav -I../../../src/libcode/vx_nc_obs -I../../../src/libcode/vx_nc_util -I../../../src/libcode/vx_pb_util -I../../../src/libcode/vx_plot_util -I../../../src/libcode/vx_ps -I../../../src/libcode/vx_pxm -I../../../src/libcode/vx_render -I../../../src/libcode/vx_regrid -I../../../src/libcode/vx_shapedata -I../../../src/libcode/vx_solar -I../../../src/libcode/vx_statistics -I../../../src/libcode/vx_stat_out -I../../../src/libcode/vx_summary -I../../../src/libcode/vx_time_series -I../../../src/libcode/vx_series_data -I../../../src/libcode/vx_tc_util -I/home/hank.fisher/MET/external_libs/include -I/home/hank.fisher/MET9_0_1_nopython/external_libs/include -I/home/hank.fisher/MET9_0_1_nopython/external_libs/include -I/home/hank.fisher/MET9_0_1_nopython/external_libs/include -I/home/hank.fisher/MET9_0_1_nopython/external_libs/include -I/home/hank.fisher/MET9_0_1_nopython/external_libs/include -I/home/hank.fisher/MET9_0_1_nopython/external_libs/include -DBLOCK4 -DWITH_GRIB2 -DMET_BASE="\"/home/hank.fisher/MET9_0_1_nopython/share/met\""  -g -MT libvx_tc_util_a-genesis_info.o -MD -MP -MF .deps/libvx_tc_util_a-genesis_info.Tpo -c -o libvx_tc_util_a-genesis_info.o `test -f 'genesis_info.cc' || echo './'`genesis_info.cc
mv -f .deps/libvx_tc_util_a-genesis_info.Tpo .deps/libvx_tc_util_a-genesis_info.Po
/bin/g++ -DHAVE_CONFIG_H -I. -I../../..  -I../../../src/basic/vx_cal -I../../../src/basic/vx_config -I../../../src/basic/vx_log -I../../../src/basic/vx_math -I../../../src/basic/vx_util -I../../../src/libcode/vx_afm -I../../../src/libcode/vx_analysis_util -I../../../src/libcode/vx_color -I../../../src/libcode/vx_data2d -I../../../src/libcode/vx_data2d_factory -I../../../src/libcode/vx_data2d_grib -I../../../src/libcode/vx_data2d_grib2 -I../../../src/libcode/vx_data2d_nccf -I../../../src/libcode/vx_data2d_nc_met -I../../../src/libcode/vx_data2d_nc_pinterp -I../../../src/libcode/vx_data2d_python -I../../../src/libcode/vx_python3_utils -I../../../src/libcode/vx_geodesy -I../../../src/libcode/vx_gis -I../../../src/libcode/vx_gnomon -I../../../src/libcode/vx_grid -I../../../src/libcode/vx_gsl_prob -I../../../src/libcode/vx_nav -I../../../src/libcode/vx_nc_obs -I../../../src/libcode/vx_nc_util -I../../../src/libcode/vx_pb_util -I../../../src/libcode/vx_plot_util -I../../../src/libcode/vx_ps -I../../../src/libcode/vx_pxm -I../../../src/libcode/vx_render -I../../../src/libcode/vx_regrid -I../../../src/libcode/vx_shapedata -I../../../src/libcode/vx_solar -I../../../src/libcode/vx_statistics -I../../../src/libcode/vx_stat_out -I../../../src/libcode/vx_summary -I../../../src/libcode/vx_time_series -I../../../src/libcode/vx_series_data -I../../../src/libcode/vx_tc_util -I/home/hank.fisher/MET/external_libs/include -I/home/hank.fisher/MET9_0_1_nopython/external_libs/include -I/home/hank.fisher/MET9_0_1_nopython/external_libs/include -I/home/hank.fisher/MET9_0_1_nopython/external_libs/include -I/home/hank.fisher/MET9_0_1_nopython/external_libs/include -I/home/hank.fisher/MET9_0_1_nopython/external_libs/include -I/home/hank.fisher/MET9_0_1_nopython/external_libs/include -DBLOCK4 -DWITH_GRIB2 -DMET_BASE="\"/home/hank.fisher/MET9_0_1_nopython/share/met\""  -g -MT libvx_tc_util_a-tc_hdr_columns.o -MD -MP -MF .deps/libvx_tc_util_a-tc_hdr_columns.Tpo -c -o libvx_tc_util_a-tc_hdr_columns.o `test -f 'tc_hdr_columns.cc' || echo './'`tc_hdr_columns.cc
mv -f .deps/libvx_tc_util_a-tc_hdr_columns.Tpo .deps/libvx_tc_util_a-tc_hdr_columns.Po
/bin/g++ -DHAVE_CONFIG_H -I. -I../../..  -I../../../src/basic/vx_cal -I../../../src/basic/vx_config -I../../../src/basic/vx_log -I../../../src/basic/vx_math -I../../../src/basic/vx_util -I../../../src/libcode/vx_afm -I../../../src/libcode/vx_analysis_util -I../../../src/libcode/vx_color -I../../../src/libcode/vx_data2d -I../../../src/libcode/vx_data2d_factory -I../../../src/libcode/vx_data2d_grib -I../../../src/libcode/vx_data2d_grib2 -I../../../src/libcode/vx_data2d_nccf -I../../../src/libcode/vx_data2d_nc_met -I../../../src/libcode/vx_data2d_nc_pinterp -I../../../src/libcode/vx_data2d_python -I../../../src/libcode/vx_python3_utils -I../../../src/libcode/vx_geodesy -I../../../src/libcode/vx_gis -I../../../src/libcode/vx_gnomon -I../../../src/libcode/vx_grid -I../../../src/libcode/vx_gsl_prob -I../../../src/libcode/vx_nav -I../../../src/libcode/vx_nc_obs -I../../../src/libcode/vx_nc_util -I../../../src/libcode/vx_pb_util -I../../../src/libcode/vx_plot_util -I../../../src/libcode/vx_ps -I../../../src/libcode/vx_pxm -I../../../src/libcode/vx_render -I../../../src/libcode/vx_regrid -I../../../src/libcode/vx_shapedata -I../../../src/libcode/vx_solar -I../../../src/libcode/vx_statistics -I../../../src/libcode/vx_stat_out -I../../../src/libcode/vx_summary -I../../../src/libcode/vx_time_series -I../../../src/libcode/vx_series_data -I../../../src/libcode/vx_tc_util -I/home/hank.fisher/MET/external_libs/include -I/home/hank.fisher/MET9_0_1_nopython/external_libs/include -I/home/hank.fisher/MET9_0_1_nopython/external_libs/include -I/home/hank.fisher/MET9_0_1_nopython/external_libs/include -I/home/hank.fisher/MET9_0_1_nopython/external_libs/include -I/home/hank.fisher/MET9_0_1_nopython/external_libs/include -I/home/hank.fisher/MET9_0_1_nopython/external_libs/include -DBLOCK4 -DWITH_GRIB2 -DMET_BASE="\"/home/hank.fisher/MET9_0_1_nopython/share/met\""  -g -MT libvx_tc_util_a-tc_columns.o -MD -MP -MF .deps/libvx_tc_util_a-tc_columns.Tpo -c -o libvx_tc_util_a-tc_columns.o `test -f 'tc_columns.cc' || echo './'`tc_columns.cc
mv -f .deps/libvx_tc_util_a-tc_columns.Tpo .deps/libvx_tc_util_a-tc_columns.Po
/bin/g++ -DHAVE_CONFIG_H -I. -I../../..  -I../../../src/basic/vx_cal -I../../../src/basic/vx_config -I../../../src/basic/vx_log -I../../../src/basic/vx_math -I../../../src/basic/vx_util -I../../../src/libcode/vx_afm -I../../../src/libcode/vx_analysis_util -I../../../src/libcode/vx_color -I../../../src/libcode/vx_data2d -I../../../src/libcode/vx_data2d_factory -I../../../src/libcode/vx_data2d_grib -I../../../src/libcode/vx_data2d_grib2 -I../../../src/libcode/vx_data2d_nccf -I../../../src/libcode/vx_data2d_nc_met -I../../../src/libcode/vx_data2d_nc_pinterp -I../../../src/libcode/vx_data2d_python -I../../../src/libcode/vx_python3_utils -I../../../src/libcode/vx_geodesy -I../../../src/libcode/vx_gis -I../../../src/libcode/vx_gnomon -I../../../src/libcode/vx_grid -I../../../src/libcode/vx_gsl_prob -I../../../src/libcode/vx_nav -I../../../src/libcode/vx_nc_obs -I../../../src/libcode/vx_nc_util -I../../../src/libcode/vx_pb_util -I../../../src/libcode/vx_plot_util -I../../../src/libcode/vx_ps -I../../../src/libcode/vx_pxm -I../../../src/libcode/vx_render -I../../../src/libcode/vx_regrid -I../../../src/libcode/vx_shapedata -I../../../src/libcode/vx_solar -I../../../src/libcode/vx_statistics -I../../../src/libcode/vx_stat_out -I../../../src/libcode/vx_summary -I../../../src/libcode/vx_time_series -I../../../src/libcode/vx_series_data -I../../../src/libcode/vx_tc_util -I/home/hank.fisher/MET/external_libs/include -I/home/hank.fisher/MET9_0_1_nopython/external_libs/include -I/home/hank.fisher/MET9_0_1_nopython/external_libs/include -I/home/hank.fisher/MET9_0_1_nopython/external_libs/include -I/home/hank.fisher/MET9_0_1_nopython/external_libs/include -I/home/hank.fisher/MET9_0_1_nopython/external_libs/include -I/home/hank.fisher/MET9_0_1_nopython/external_libs/include -DBLOCK4 -DWITH_GRIB2 -DMET_BASE="\"/home/hank.fisher/MET9_0_1_nopython/share/met\""  -g -MT libvx_tc_util_a-tc_stat_line.o -MD -MP -MF .deps/libvx_tc_util_a-tc_stat_line.Tpo -c -o libvx_tc_util_a-tc_stat_line.o `test -f 'tc_stat_line.cc' || echo './'`tc_stat_line.cc
mv -f .deps/libvx_tc_util_a-tc_stat_line.Tpo .deps/libvx_tc_util_a-tc_stat_line.Po
/bin/g++ -DHAVE_CONFIG_H -I. -I../../..  -I../../../src/basic/vx_cal -I../../../src/basic/vx_config -I../../../src/basic/vx_log -I../../../src/basic/vx_math -I../../../src/basic/vx_util -I../../../src/libcode/vx_afm -I../../../src/libcode/vx_analysis_util -I../../../src/libcode/vx_color -I../../../src/libcode/vx_data2d -I../../../src/libcode/vx_data2d_factory -I../../../src/libcode/vx_data2d_grib -I../../../src/libcode/vx_data2d_grib2 -I../../../src/libcode/vx_data2d_nccf -I../../../src/libcode/vx_data2d_nc_met -I../../../src/libcode/vx_data2d_nc_pinterp -I../../../src/libcode/vx_data2d_python -I../../../src/libcode/vx_python3_utils -I../../../src/libcode/vx_geodesy -I../../../src/libcode/vx_gis -I../../../src/libcode/vx_gnomon -I../../../src/libcode/vx_grid -I../../../src/libcode/vx_gsl_prob -I../../../src/libcode/vx_nav -I../../../src/libcode/vx_nc_obs -I../../../src/libcode/vx_nc_util -I../../../src/libcode/vx_pb_util -I../../../src/libcode/vx_plot_util -I../../../src/libcode/vx_ps -I../../../src/libcode/vx_pxm -I../../../src/libcode/vx_render -I../../../src/libcode/vx_regrid -I../../../src/libcode/vx_shapedata -I../../../src/libcode/vx_solar -I../../../src/libcode/vx_statistics -I../../../src/libcode/vx_stat_out -I../../../src/libcode/vx_summary -I../../../src/libcode/vx_time_series -I../../../src/libcode/vx_series_data -I../../../src/libcode/vx_tc_util -I/home/hank.fisher/MET/external_libs/include -I/home/hank.fisher/MET9_0_1_nopython/external_libs/include -I/home/hank.fisher/MET9_0_1_nopython/external_libs/include -I/home/hank.fisher/MET9_0_1_nopython/external_libs/include -I/home/hank.fisher/MET9_0_1_nopython/external_libs/include -I/home/hank.fisher/MET9_0_1_nopython/external_libs/include -I/home/hank.fisher/MET9_0_1_nopython/external_libs/include -DBLOCK4 -DWITH_GRIB2 -DMET_BASE="\"/home/hank.fisher/MET9_0_1_nopython/share/met\""  -g -MT libvx_tc_util_a-vx_tc_nc_util.o -MD -MP -MF .deps/libvx_tc_util_a-vx_tc_nc_util.Tpo -c -o libvx_tc_util_a-vx_tc_nc_util.o `test -f 'vx_tc_nc_util.cc' || echo './'`vx_tc_nc_util.cc
mv -f .deps/libvx_tc_util_a-vx_tc_nc_util.Tpo .deps/libvx_tc_util_a-vx_tc_nc_util.Po
rm -f libvx_tc_util.a
ar cru libvx_tc_util.a libvx_tc_util_a-atcf_line_base.o libvx_tc_util_a-atcf_track_line.o libvx_tc_util_a-atcf_prob_line.o libvx_tc_util_a-track_point.o libvx_tc_util_a-track_info.o libvx_tc_util_a-track_pair_info.o libvx_tc_util_a-prob_info_base.o libvx_tc_util_a-prob_info_array.o libvx_tc_util_a-prob_rirw_info.o libvx_tc_util_a-prob_rirw_pair_info.o libvx_tc_util_a-genesis_info.o libvx_tc_util_a-tc_hdr_columns.o libvx_tc_util_a-tc_columns.o libvx_tc_util_a-tc_stat_line.o libvx_tc_util_a-vx_tc_nc_util.o 
ranlib libvx_tc_util.a
make[4]: Leaving directory `/home/hank.fisher/MET9_0_1_nopython/met-9.0.1/src/libcode/vx_tc_util'
Making all in vx_summary
make[4]: Entering directory `/home/hank.fisher/MET9_0_1_nopython/met-9.0.1/src/libcode/vx_summary'
/bin/g++ -DHAVE_CONFIG_H -I. -I../../..  -I../../../src/basic/vx_cal -I../../../src/basic/vx_config -I../../../src/basic/vx_log -I../../../src/basic/vx_math -I../../../src/basic/vx_util -I../../../src/libcode/vx_afm -I../../../src/libcode/vx_analysis_util -I../../../src/libcode/vx_color -I../../../src/libcode/vx_data2d -I../../../src/libcode/vx_data2d_factory -I../../../src/libcode/vx_data2d_grib -I../../../src/libcode/vx_data2d_grib2 -I../../../src/libcode/vx_data2d_nccf -I../../../src/libcode/vx_data2d_nc_met -I../../../src/libcode/vx_data2d_nc_pinterp -I../../../src/libcode/vx_data2d_python -I../../../src/libcode/vx_python3_utils -I../../../src/libcode/vx_geodesy -I../../../src/libcode/vx_gis -I../../../src/libcode/vx_gnomon -I../../../src/libcode/vx_grid -I../../../src/libcode/vx_gsl_prob -I../../../src/libcode/vx_nav -I../../../src/libcode/vx_nc_obs -I../../../src/libcode/vx_nc_util -I../../../src/libcode/vx_pb_util -I../../../src/libcode/vx_plot_util -I../../../src/libcode/vx_ps -I../../../src/libcode/vx_pxm -I../../../src/libcode/vx_render -I../../../src/libcode/vx_regrid -I../../../src/libcode/vx_shapedata -I../../../src/libcode/vx_solar -I../../../src/libcode/vx_statistics -I../../../src/libcode/vx_stat_out -I../../../src/libcode/vx_summary -I../../../src/libcode/vx_time_series -I../../../src/libcode/vx_series_data -I../../../src/libcode/vx_tc_util -I/home/hank.fisher/MET/external_libs/include -I/home/hank.fisher/MET9_0_1_nopython/external_libs/include -I/home/hank.fisher/MET9_0_1_nopython/external_libs/include -I/home/hank.fisher/MET9_0_1_nopython/external_libs/include -I/home/hank.fisher/MET9_0_1_nopython/external_libs/include -I/home/hank.fisher/MET9_0_1_nopython/external_libs/include -I/home/hank.fisher/MET9_0_1_nopython/external_libs/include -DBLOCK4 -DWITH_GRIB2 -DMET_BASE="\"/home/hank.fisher/MET9_0_1_nopython/share/met\""  -g -MT libvx_summary_a-summary_calc.o -MD -MP -MF .deps/libvx_summary_a-summary_calc.Tpo -c -o libvx_summary_a-summary_calc.o `test -f 'summary_calc.cc' || echo './'`summary_calc.cc
mv -f .deps/libvx_summary_a-summary_calc.Tpo .deps/libvx_summary_a-summary_calc.Po
/bin/g++ -DHAVE_CONFIG_H -I. -I../../..  -I../../../src/basic/vx_cal -I../../../src/basic/vx_config -I../../../src/basic/vx_log -I../../../src/basic/vx_math -I../../../src/basic/vx_util -I../../../src/libcode/vx_afm -I../../../src/libcode/vx_analysis_util -I../../../src/libcode/vx_color -I../../../src/libcode/vx_data2d -I../../../src/libcode/vx_data2d_factory -I../../../src/libcode/vx_data2d_grib -I../../../src/libcode/vx_data2d_grib2 -I../../../src/libcode/vx_data2d_nccf -I../../../src/libcode/vx_data2d_nc_met -I../../../src/libcode/vx_data2d_nc_pinterp -I../../../src/libcode/vx_data2d_python -I../../../src/libcode/vx_python3_utils -I../../../src/libcode/vx_geodesy -I../../../src/libcode/vx_gis -I../../../src/libcode/vx_gnomon -I../../../src/libcode/vx_grid -I../../../src/libcode/vx_gsl_prob -I../../../src/libcode/vx_nav -I../../../src/libcode/vx_nc_obs -I../../../src/libcode/vx_nc_util -I../../../src/libcode/vx_pb_util -I../../../src/libcode/vx_plot_util -I../../../src/libcode/vx_ps -I../../../src/libcode/vx_pxm -I../../../src/libcode/vx_render -I../../../src/libcode/vx_regrid -I../../../src/libcode/vx_shapedata -I../../../src/libcode/vx_solar -I../../../src/libcode/vx_statistics -I../../../src/libcode/vx_stat_out -I../../../src/libcode/vx_summary -I../../../src/libcode/vx_time_series -I../../../src/libcode/vx_series_data -I../../../src/libcode/vx_tc_util -I/home/hank.fisher/MET/external_libs/include -I/home/hank.fisher/MET9_0_1_nopython/external_libs/include -I/home/hank.fisher/MET9_0_1_nopython/external_libs/include -I/home/hank.fisher/MET9_0_1_nopython/external_libs/include -I/home/hank.fisher/MET9_0_1_nopython/external_libs/include -I/home/hank.fisher/MET9_0_1_nopython/external_libs/include -I/home/hank.fisher/MET9_0_1_nopython/external_libs/include -DBLOCK4 -DWITH_GRIB2 -DMET_BASE="\"/home/hank.fisher/MET9_0_1_nopython/share/met\""  -g -MT libvx_summary_a-summary_calc_max.o -MD -MP -MF .deps/libvx_summary_a-summary_calc_max.Tpo -c -o libvx_summary_a-summary_calc_max.o `test -f 'summary_calc_max.cc' || echo './'`summary_calc_max.cc
mv -f .deps/libvx_summary_a-summary_calc_max.Tpo .deps/libvx_summary_a-summary_calc_max.Po
/bin/g++ -DHAVE_CONFIG_H -I. -I../../..  -I../../../src/basic/vx_cal -I../../../src/basic/vx_config -I../../../src/basic/vx_log -I../../../src/basic/vx_math -I../../../src/basic/vx_util -I../../../src/libcode/vx_afm -I../../../src/libcode/vx_analysis_util -I../../../src/libcode/vx_color -I../../../src/libcode/vx_data2d -I../../../src/libcode/vx_data2d_factory -I../../../src/libcode/vx_data2d_grib -I../../../src/libcode/vx_data2d_grib2 -I../../../src/libcode/vx_data2d_nccf -I../../../src/libcode/vx_data2d_nc_met -I../../../src/libcode/vx_data2d_nc_pinterp -I../../../src/libcode/vx_data2d_python -I../../../src/libcode/vx_python3_utils -I../../../src/libcode/vx_geodesy -I../../../src/libcode/vx_gis -I../../../src/libcode/vx_gnomon -I../../../src/libcode/vx_grid -I../../../src/libcode/vx_gsl_prob -I../../../src/libcode/vx_nav -I../../../src/libcode/vx_nc_obs -I../../../src/libcode/vx_nc_util -I../../../src/libcode/vx_pb_util -I../../../src/libcode/vx_plot_util -I../../../src/libcode/vx_ps -I../../../src/libcode/vx_pxm -I../../../src/libcode/vx_render -I../../../src/libcode/vx_regrid -I../../../src/libcode/vx_shapedata -I../../../src/libcode/vx_solar -I../../../src/libcode/vx_statistics -I../../../src/libcode/vx_stat_out -I../../../src/libcode/vx_summary -I../../../src/libcode/vx_time_series -I../../../src/libcode/vx_series_data -I../../../src/libcode/vx_tc_util -I/home/hank.fisher/MET/external_libs/include -I/home/hank.fisher/MET9_0_1_nopython/external_libs/include -I/home/hank.fisher/MET9_0_1_nopython/external_libs/include -I/home/hank.fisher/MET9_0_1_nopython/external_libs/include -I/home/hank.fisher/MET9_0_1_nopython/external_libs/include -I/home/hank.fisher/MET9_0_1_nopython/external_libs/include -I/home/hank.fisher/MET9_0_1_nopython/external_libs/include -DBLOCK4 -DWITH_GRIB2 -DMET_BASE="\"/home/hank.fisher/MET9_0_1_nopython/share/met\""  -g -MT libvx_summary_a-summary_calc_mean.o -MD -MP -MF .deps/libvx_summary_a-summary_calc_mean.Tpo -c -o libvx_summary_a-summary_calc_mean.o `test -f 'summary_calc_mean.cc' || echo './'`summary_calc_mean.cc
mv -f .deps/libvx_summary_a-summary_calc_mean.Tpo .deps/libvx_summary_a-summary_calc_mean.Po
/bin/g++ -DHAVE_CONFIG_H -I. -I../../..  -I../../../src/basic/vx_cal -I../../../src/basic/vx_config -I../../../src/basic/vx_log -I../../../src/basic/vx_math -I../../../src/basic/vx_util -I../../../src/libcode/vx_afm -I../../../src/libcode/vx_analysis_util -I../../../src/libcode/vx_color -I../../../src/libcode/vx_data2d -I../../../src/libcode/vx_data2d_factory -I../../../src/libcode/vx_data2d_grib -I../../../src/libcode/vx_data2d_grib2 -I../../../src/libcode/vx_data2d_nccf -I../../../src/libcode/vx_data2d_nc_met -I../../../src/libcode/vx_data2d_nc_pinterp -I../../../src/libcode/vx_data2d_python -I../../../src/libcode/vx_python3_utils -I../../../src/libcode/vx_geodesy -I../../../src/libcode/vx_gis -I../../../src/libcode/vx_gnomon -I../../../src/libcode/vx_grid -I../../../src/libcode/vx_gsl_prob -I../../../src/libcode/vx_nav -I../../../src/libcode/vx_nc_obs -I../../../src/libcode/vx_nc_util -I../../../src/libcode/vx_pb_util -I../../../src/libcode/vx_plot_util -I../../../src/libcode/vx_ps -I../../../src/libcode/vx_pxm -I../../../src/libcode/vx_render -I../../../src/libcode/vx_regrid -I../../../src/libcode/vx_shapedata -I../../../src/libcode/vx_solar -I../../../src/libcode/vx_statistics -I../../../src/libcode/vx_stat_out -I../../../src/libcode/vx_summary -I../../../src/libcode/vx_time_series -I../../../src/libcode/vx_series_data -I../../../src/libcode/vx_tc_util -I/home/hank.fisher/MET/external_libs/include -I/home/hank.fisher/MET9_0_1_nopython/external_libs/include -I/home/hank.fisher/MET9_0_1_nopython/external_libs/include -I/home/hank.fisher/MET9_0_1_nopython/external_libs/include -I/home/hank.fisher/MET9_0_1_nopython/external_libs/include -I/home/hank.fisher/MET9_0_1_nopython/external_libs/include -I/home/hank.fisher/MET9_0_1_nopython/external_libs/include -DBLOCK4 -DWITH_GRIB2 -DMET_BASE="\"/home/hank.fisher/MET9_0_1_nopython/share/met\""  -g -MT libvx_summary_a-summary_calc_median.o -MD -MP -MF .deps/libvx_summary_a-summary_calc_median.Tpo -c -o libvx_summary_a-summary_calc_median.o `test -f 'summary_calc_median.cc' || echo './'`summary_calc_median.cc
mv -f .deps/libvx_summary_a-summary_calc_median.Tpo .deps/libvx_summary_a-summary_calc_median.Po
/bin/g++ -DHAVE_CONFIG_H -I. -I../../..  -I../../../src/basic/vx_cal -I../../../src/basic/vx_config -I../../../src/basic/vx_log -I../../../src/basic/vx_math -I../../../src/basic/vx_util -I../../../src/libcode/vx_afm -I../../../src/libcode/vx_analysis_util -I../../../src/libcode/vx_color -I../../../src/libcode/vx_data2d -I../../../src/libcode/vx_data2d_factory -I../../../src/libcode/vx_data2d_grib -I../../../src/libcode/vx_data2d_grib2 -I../../../src/libcode/vx_data2d_nccf -I../../../src/libcode/vx_data2d_nc_met -I../../../src/libcode/vx_data2d_nc_pinterp -I../../../src/libcode/vx_data2d_python -I../../../src/libcode/vx_python3_utils -I../../../src/libcode/vx_geodesy -I../../../src/libcode/vx_gis -I../../../src/libcode/vx_gnomon -I../../../src/libcode/vx_grid -I../../../src/libcode/vx_gsl_prob -I../../../src/libcode/vx_nav -I../../../src/libcode/vx_nc_obs -I../../../src/libcode/vx_nc_util -I../../../src/libcode/vx_pb_util -I../../../src/libcode/vx_plot_util -I../../../src/libcode/vx_ps -I../../../src/libcode/vx_pxm -I../../../src/libcode/vx_render -I../../../src/libcode/vx_regrid -I../../../src/libcode/vx_shapedata -I../../../src/libcode/vx_solar -I../../../src/libcode/vx_statistics -I../../../src/libcode/vx_stat_out -I../../../src/libcode/vx_summary -I../../../src/libcode/vx_time_series -I../../../src/libcode/vx_series_data -I../../../src/libcode/vx_tc_util -I/home/hank.fisher/MET/external_libs/include -I/home/hank.fisher/MET9_0_1_nopython/external_libs/include -I/home/hank.fisher/MET9_0_1_nopython/external_libs/include -I/home/hank.fisher/MET9_0_1_nopython/external_libs/include -I/home/hank.fisher/MET9_0_1_nopython/external_libs/include -I/home/hank.fisher/MET9_0_1_nopython/external_libs/include -I/home/hank.fisher/MET9_0_1_nopython/external_libs/include -DBLOCK4 -DWITH_GRIB2 -DMET_BASE="\"/home/hank.fisher/MET9_0_1_nopython/share/met\""  -g -MT libvx_summary_a-summary_calc_min.o -MD -MP -MF .deps/libvx_summary_a-summary_calc_min.Tpo -c -o libvx_summary_a-summary_calc_min.o `test -f 'summary_calc_min.cc' || echo './'`summary_calc_min.cc
mv -f .deps/libvx_summary_a-summary_calc_min.Tpo .deps/libvx_summary_a-summary_calc_min.Po
/bin/g++ -DHAVE_CONFIG_H -I. -I../../..  -I../../../src/basic/vx_cal -I../../../src/basic/vx_config -I../../../src/basic/vx_log -I../../../src/basic/vx_math -I../../../src/basic/vx_util -I../../../src/libcode/vx_afm -I../../../src/libcode/vx_analysis_util -I../../../src/libcode/vx_color -I../../../src/libcode/vx_data2d -I../../../src/libcode/vx_data2d_factory -I../../../src/libcode/vx_data2d_grib -I../../../src/libcode/vx_data2d_grib2 -I../../../src/libcode/vx_data2d_nccf -I../../../src/libcode/vx_data2d_nc_met -I../../../src/libcode/vx_data2d_nc_pinterp -I../../../src/libcode/vx_data2d_python -I../../../src/libcode/vx_python3_utils -I../../../src/libcode/vx_geodesy -I../../../src/libcode/vx_gis -I../../../src/libcode/vx_gnomon -I../../../src/libcode/vx_grid -I../../../src/libcode/vx_gsl_prob -I../../../src/libcode/vx_nav -I../../../src/libcode/vx_nc_obs -I../../../src/libcode/vx_nc_util -I../../../src/libcode/vx_pb_util -I../../../src/libcode/vx_plot_util -I../../../src/libcode/vx_ps -I../../../src/libcode/vx_pxm -I../../../src/libcode/vx_render -I../../../src/libcode/vx_regrid -I../../../src/libcode/vx_shapedata -I../../../src/libcode/vx_solar -I../../../src/libcode/vx_statistics -I../../../src/libcode/vx_stat_out -I../../../src/libcode/vx_summary -I../../../src/libcode/vx_time_series -I../../../src/libcode/vx_series_data -I../../../src/libcode/vx_tc_util -I/home/hank.fisher/MET/external_libs/include -I/home/hank.fisher/MET9_0_1_nopython/external_libs/include -I/home/hank.fisher/MET9_0_1_nopython/external_libs/include -I/home/hank.fisher/MET9_0_1_nopython/external_libs/include -I/home/hank.fisher/MET9_0_1_nopython/external_libs/include -I/home/hank.fisher/MET9_0_1_nopython/external_libs/include -I/home/hank.fisher/MET9_0_1_nopython/external_libs/include -DBLOCK4 -DWITH_GRIB2 -DMET_BASE="\"/home/hank.fisher/MET9_0_1_nopython/share/met\""  -g -MT libvx_summary_a-summary_calc_percentile.o -MD -MP -MF .deps/libvx_summary_a-summary_calc_percentile.Tpo -c -o libvx_summary_a-summary_calc_percentile.o `test -f 'summary_calc_percentile.cc' || echo './'`summary_calc_percentile.cc
mv -f .deps/libvx_summary_a-summary_calc_percentile.Tpo .deps/libvx_summary_a-summary_calc_percentile.Po
/bin/g++ -DHAVE_CONFIG_H -I. -I../../..  -I../../../src/basic/vx_cal -I../../../src/basic/vx_config -I../../../src/basic/vx_log -I../../../src/basic/vx_math -I../../../src/basic/vx_util -I../../../src/libcode/vx_afm -I../../../src/libcode/vx_analysis_util -I../../../src/libcode/vx_color -I../../../src/libcode/vx_data2d -I../../../src/libcode/vx_data2d_factory -I../../../src/libcode/vx_data2d_grib -I../../../src/libcode/vx_data2d_grib2 -I../../../src/libcode/vx_data2d_nccf -I../../../src/libcode/vx_data2d_nc_met -I../../../src/libcode/vx_data2d_nc_pinterp -I../../../src/libcode/vx_data2d_python -I../../../src/libcode/vx_python3_utils -I../../../src/libcode/vx_geodesy -I../../../src/libcode/vx_gis -I../../../src/libcode/vx_gnomon -I../../../src/libcode/vx_grid -I../../../src/libcode/vx_gsl_prob -I../../../src/libcode/vx_nav -I../../../src/libcode/vx_nc_obs -I../../../src/libcode/vx_nc_util -I../../../src/libcode/vx_pb_util -I../../../src/libcode/vx_plot_util -I../../../src/libcode/vx_ps -I../../../src/libcode/vx_pxm -I../../../src/libcode/vx_render -I../../../src/libcode/vx_regrid -I../../../src/libcode/vx_shapedata -I../../../src/libcode/vx_solar -I../../../src/libcode/vx_statistics -I../../../src/libcode/vx_stat_out -I../../../src/libcode/vx_summary -I../../../src/libcode/vx_time_series -I../../../src/libcode/vx_series_data -I../../../src/libcode/vx_tc_util -I/home/hank.fisher/MET/external_libs/include -I/home/hank.fisher/MET9_0_1_nopython/external_libs/include -I/home/hank.fisher/MET9_0_1_nopython/external_libs/include -I/home/hank.fisher/MET9_0_1_nopython/external_libs/include -I/home/hank.fisher/MET9_0_1_nopython/external_libs/include -I/home/hank.fisher/MET9_0_1_nopython/external_libs/include -I/home/hank.fisher/MET9_0_1_nopython/external_libs/include -DBLOCK4 -DWITH_GRIB2 -DMET_BASE="\"/home/hank.fisher/MET9_0_1_nopython/share/met\""  -g -MT libvx_summary_a-summary_calc_range.o -MD -MP -MF .deps/libvx_summary_a-summary_calc_range.Tpo -c -o libvx_summary_a-summary_calc_range.o `test -f 'summary_calc_range.cc' || echo './'`summary_calc_range.cc
mv -f .deps/libvx_summary_a-summary_calc_range.Tpo .deps/libvx_summary_a-summary_calc_range.Po
/bin/g++ -DHAVE_CONFIG_H -I. -I../../..  -I../../../src/basic/vx_cal -I../../../src/basic/vx_config -I../../../src/basic/vx_log -I../../../src/basic/vx_math -I../../../src/basic/vx_util -I../../../src/libcode/vx_afm -I../../../src/libcode/vx_analysis_util -I../../../src/libcode/vx_color -I../../../src/libcode/vx_data2d -I../../../src/libcode/vx_data2d_factory -I../../../src/libcode/vx_data2d_grib -I../../../src/libcode/vx_data2d_grib2 -I../../../src/libcode/vx_data2d_nccf -I../../../src/libcode/vx_data2d_nc_met -I../../../src/libcode/vx_data2d_nc_pinterp -I../../../src/libcode/vx_data2d_python -I../../../src/libcode/vx_python3_utils -I../../../src/libcode/vx_geodesy -I../../../src/libcode/vx_gis -I../../../src/libcode/vx_gnomon -I../../../src/libcode/vx_grid -I../../../src/libcode/vx_gsl_prob -I../../../src/libcode/vx_nav -I../../../src/libcode/vx_nc_obs -I../../../src/libcode/vx_nc_util -I../../../src/libcode/vx_pb_util -I../../../src/libcode/vx_plot_util -I../../../src/libcode/vx_ps -I../../../src/libcode/vx_pxm -I../../../src/libcode/vx_render -I../../../src/libcode/vx_regrid -I../../../src/libcode/vx_shapedata -I../../../src/libcode/vx_solar -I../../../src/libcode/vx_statistics -I../../../src/libcode/vx_stat_out -I../../../src/libcode/vx_summary -I../../../src/libcode/vx_time_series -I../../../src/libcode/vx_series_data -I../../../src/libcode/vx_tc_util -I/home/hank.fisher/MET/external_libs/include -I/home/hank.fisher/MET9_0_1_nopython/external_libs/include -I/home/hank.fisher/MET9_0_1_nopython/external_libs/include -I/home/hank.fisher/MET9_0_1_nopython/external_libs/include -I/home/hank.fisher/MET9_0_1_nopython/external_libs/include -I/home/hank.fisher/MET9_0_1_nopython/external_libs/include -I/home/hank.fisher/MET9_0_1_nopython/external_libs/include -DBLOCK4 -DWITH_GRIB2 -DMET_BASE="\"/home/hank.fisher/MET9_0_1_nopython/share/met\""  -g -MT libvx_summary_a-summary_calc_stdev.o -MD -MP -MF .deps/libvx_summary_a-summary_calc_stdev.Tpo -c -o libvx_summary_a-summary_calc_stdev.o `test -f 'summary_calc_stdev.cc' || echo './'`summary_calc_stdev.cc
mv -f .deps/libvx_summary_a-summary_calc_stdev.Tpo .deps/libvx_summary_a-summary_calc_stdev.Po
/bin/g++ -DHAVE_CONFIG_H -I. -I../../..  -I../../../src/basic/vx_cal -I../../../src/basic/vx_config -I../../../src/basic/vx_log -I../../../src/basic/vx_math -I../../../src/basic/vx_util -I../../../src/libcode/vx_afm -I../../../src/libcode/vx_analysis_util -I../../../src/libcode/vx_color -I../../../src/libcode/vx_data2d -I../../../src/libcode/vx_data2d_factory -I../../../src/libcode/vx_data2d_grib -I../../../src/libcode/vx_data2d_grib2 -I../../../src/libcode/vx_data2d_nccf -I../../../src/libcode/vx_data2d_nc_met -I../../../src/libcode/vx_data2d_nc_pinterp -I../../../src/libcode/vx_data2d_python -I../../../src/libcode/vx_python3_utils -I../../../src/libcode/vx_geodesy -I../../../src/libcode/vx_gis -I../../../src/libcode/vx_gnomon -I../../../src/libcode/vx_grid -I../../../src/libcode/vx_gsl_prob -I../../../src/libcode/vx_nav -I../../../src/libcode/vx_nc_obs -I../../../src/libcode/vx_nc_util -I../../../src/libcode/vx_pb_util -I../../../src/libcode/vx_plot_util -I../../../src/libcode/vx_ps -I../../../src/libcode/vx_pxm -I../../../src/libcode/vx_render -I../../../src/libcode/vx_regrid -I../../../src/libcode/vx_shapedata -I../../../src/libcode/vx_solar -I../../../src/libcode/vx_statistics -I../../../src/libcode/vx_stat_out -I../../../src/libcode/vx_summary -I../../../src/libcode/vx_time_series -I../../../src/libcode/vx_series_data -I../../../src/libcode/vx_tc_util -I/home/hank.fisher/MET/external_libs/include -I/home/hank.fisher/MET9_0_1_nopython/external_libs/include -I/home/hank.fisher/MET9_0_1_nopython/external_libs/include -I/home/hank.fisher/MET9_0_1_nopython/external_libs/include -I/home/hank.fisher/MET9_0_1_nopython/external_libs/include -I/home/hank.fisher/MET9_0_1_nopython/external_libs/include -I/home/hank.fisher/MET9_0_1_nopython/external_libs/include -DBLOCK4 -DWITH_GRIB2 -DMET_BASE="\"/home/hank.fisher/MET9_0_1_nopython/share/met\""  -g -MT libvx_summary_a-summary_key.o -MD -MP -MF .deps/libvx_summary_a-summary_key.Tpo -c -o libvx_summary_a-summary_key.o `test -f 'summary_key.cc' || echo './'`summary_key.cc
mv -f .deps/libvx_summary_a-summary_key.Tpo .deps/libvx_summary_a-summary_key.Po
/bin/g++ -DHAVE_CONFIG_H -I. -I../../..  -I../../../src/basic/vx_cal -I../../../src/basic/vx_config -I../../../src/basic/vx_log -I../../../src/basic/vx_math -I../../../src/basic/vx_util -I../../../src/libcode/vx_afm -I../../../src/libcode/vx_analysis_util -I../../../src/libcode/vx_color -I../../../src/libcode/vx_data2d -I../../../src/libcode/vx_data2d_factory -I../../../src/libcode/vx_data2d_grib -I../../../src/libcode/vx_data2d_grib2 -I../../../src/libcode/vx_data2d_nccf -I../../../src/libcode/vx_data2d_nc_met -I../../../src/libcode/vx_data2d_nc_pinterp -I../../../src/libcode/vx_data2d_python -I../../../src/libcode/vx_python3_utils -I../../../src/libcode/vx_geodesy -I../../../src/libcode/vx_gis -I../../../src/libcode/vx_gnomon -I../../../src/libcode/vx_grid -I../../../src/libcode/vx_gsl_prob -I../../../src/libcode/vx_nav -I../../../src/libcode/vx_nc_obs -I../../../src/libcode/vx_nc_util -I../../../src/libcode/vx_pb_util -I../../../src/libcode/vx_plot_util -I../../../src/libcode/vx_ps -I../../../src/libcode/vx_pxm -I../../../src/libcode/vx_render -I../../../src/libcode/vx_regrid -I../../../src/libcode/vx_shapedata -I../../../src/libcode/vx_solar -I../../../src/libcode/vx_statistics -I../../../src/libcode/vx_stat_out -I../../../src/libcode/vx_summary -I../../../src/libcode/vx_time_series -I../../../src/libcode/vx_series_data -I../../../src/libcode/vx_tc_util -I/home/hank.fisher/MET/external_libs/include -I/home/hank.fisher/MET9_0_1_nopython/external_libs/include -I/home/hank.fisher/MET9_0_1_nopython/external_libs/include -I/home/hank.fisher/MET9_0_1_nopython/external_libs/include -I/home/hank.fisher/MET9_0_1_nopython/external_libs/include -I/home/hank.fisher/MET9_0_1_nopython/external_libs/include -I/home/hank.fisher/MET9_0_1_nopython/external_libs/include -DBLOCK4 -DWITH_GRIB2 -DMET_BASE="\"/home/hank.fisher/MET9_0_1_nopython/share/met\""  -g -MT libvx_summary_a-summary_obs.o -MD -MP -MF .deps/libvx_summary_a-summary_obs.Tpo -c -o libvx_summary_a-summary_obs.o `test -f 'summary_obs.cc' || echo './'`summary_obs.cc
mv -f .deps/libvx_summary_a-summary_obs.Tpo .deps/libvx_summary_a-summary_obs.Po
/bin/g++ -DHAVE_CONFIG_H -I. -I../../..  -I../../../src/basic/vx_cal -I../../../src/basic/vx_config -I../../../src/basic/vx_log -I../../../src/basic/vx_math -I../../../src/basic/vx_util -I../../../src/libcode/vx_afm -I../../../src/libcode/vx_analysis_util -I../../../src/libcode/vx_color -I../../../src/libcode/vx_data2d -I../../../src/libcode/vx_data2d_factory -I../../../src/libcode/vx_data2d_grib -I../../../src/libcode/vx_data2d_grib2 -I../../../src/libcode/vx_data2d_nccf -I../../../src/libcode/vx_data2d_nc_met -I../../../src/libcode/vx_data2d_nc_pinterp -I../../../src/libcode/vx_data2d_python -I../../../src/libcode/vx_python3_utils -I../../../src/libcode/vx_geodesy -I../../../src/libcode/vx_gis -I../../../src/libcode/vx_gnomon -I../../../src/libcode/vx_grid -I../../../src/libcode/vx_gsl_prob -I../../../src/libcode/vx_nav -I../../../src/libcode/vx_nc_obs -I../../../src/libcode/vx_nc_util -I../../../src/libcode/vx_pb_util -I../../../src/libcode/vx_plot_util -I../../../src/libcode/vx_ps -I../../../src/libcode/vx_pxm -I../../../src/libcode/vx_render -I../../../src/libcode/vx_regrid -I../../../src/libcode/vx_shapedata -I../../../src/libcode/vx_solar -I../../../src/libcode/vx_statistics -I../../../src/libcode/vx_stat_out -I../../../src/libcode/vx_summary -I../../../src/libcode/vx_time_series -I../../../src/libcode/vx_series_data -I../../../src/libcode/vx_tc_util -I/home/hank.fisher/MET/external_libs/include -I/home/hank.fisher/MET9_0_1_nopython/external_libs/include -I/home/hank.fisher/MET9_0_1_nopython/external_libs/include -I/home/hank.fisher/MET9_0_1_nopython/external_libs/include -I/home/hank.fisher/MET9_0_1_nopython/external_libs/include -I/home/hank.fisher/MET9_0_1_nopython/external_libs/include -I/home/hank.fisher/MET9_0_1_nopython/external_libs/include -DBLOCK4 -DWITH_GRIB2 -DMET_BASE="\"/home/hank.fisher/MET9_0_1_nopython/share/met\""  -g -MT libvx_summary_a-time_summary_interval.o -MD -MP -MF .deps/libvx_summary_a-time_summary_interval.Tpo -c -o libvx_summary_a-time_summary_interval.o `test -f 'time_summary_interval.cc' || echo './'`time_summary_interval.cc
mv -f .deps/libvx_summary_a-time_summary_interval.Tpo .deps/libvx_summary_a-time_summary_interval.Po
rm -f libvx_summary.a
ar cru libvx_summary.a libvx_summary_a-summary_calc.o libvx_summary_a-summary_calc_max.o libvx_summary_a-summary_calc_mean.o libvx_summary_a-summary_calc_median.o libvx_summary_a-summary_calc_min.o libvx_summary_a-summary_calc_percentile.o libvx_summary_a-summary_calc_range.o libvx_summary_a-summary_calc_stdev.o libvx_summary_a-summary_key.o libvx_summary_a-summary_obs.o libvx_summary_a-time_summary_interval.o 
ranlib libvx_summary.a
make[4]: Leaving directory `/home/hank.fisher/MET9_0_1_nopython/met-9.0.1/src/libcode/vx_summary'
Making all in vx_time_series
make[4]: Entering directory `/home/hank.fisher/MET9_0_1_nopython/met-9.0.1/src/libcode/vx_time_series'
/bin/g++ -DHAVE_CONFIG_H -I. -I../../..  -I../../../src/basic/vx_cal -I../../../src/basic/vx_config -I../../../src/basic/vx_log -I../../../src/basic/vx_math -I../../../src/basic/vx_util -I../../../src/libcode/vx_afm -I../../../src/libcode/vx_analysis_util -I../../../src/libcode/vx_color -I../../../src/libcode/vx_data2d -I../../../src/libcode/vx_data2d_factory -I../../../src/libcode/vx_data2d_grib -I../../../src/libcode/vx_data2d_grib2 -I../../../src/libcode/vx_data2d_nccf -I../../../src/libcode/vx_data2d_nc_met -I../../../src/libcode/vx_data2d_nc_pinterp -I../../../src/libcode/vx_data2d_python -I../../../src/libcode/vx_python3_utils -I../../../src/libcode/vx_geodesy -I../../../src/libcode/vx_gis -I../../../src/libcode/vx_gnomon -I../../../src/libcode/vx_grid -I../../../src/libcode/vx_gsl_prob -I../../../src/libcode/vx_nav -I../../../src/libcode/vx_nc_obs -I../../../src/libcode/vx_nc_util -I../../../src/libcode/vx_pb_util -I../../../src/libcode/vx_plot_util -I../../../src/libcode/vx_ps -I../../../src/libcode/vx_pxm -I../../../src/libcode/vx_render -I../../../src/libcode/vx_regrid -I../../../src/libcode/vx_shapedata -I../../../src/libcode/vx_solar -I../../../src/libcode/vx_statistics -I../../../src/libcode/vx_stat_out -I../../../src/libcode/vx_summary -I../../../src/libcode/vx_time_series -I../../../src/libcode/vx_series_data -I../../../src/libcode/vx_tc_util -I/home/hank.fisher/MET/external_libs/include -I/home/hank.fisher/MET9_0_1_nopython/external_libs/include -I/home/hank.fisher/MET9_0_1_nopython/external_libs/include -I/home/hank.fisher/MET9_0_1_nopython/external_libs/include -I/home/hank.fisher/MET9_0_1_nopython/external_libs/include -I/home/hank.fisher/MET9_0_1_nopython/external_libs/include -I/home/hank.fisher/MET9_0_1_nopython/external_libs/include -DBLOCK4 -DWITH_GRIB2 -DMET_BASE="\"/home/hank.fisher/MET9_0_1_nopython/share/met\""  -g -MT libvx_time_series_a-compute_swinging_door.o -MD -MP -MF .deps/libvx_time_series_a-compute_swinging_door.Tpo -c -o libvx_time_series_a-compute_swinging_door.o `test -f 'compute_swinging_door.cc' || echo './'`compute_swinging_door.cc
mv -f .deps/libvx_time_series_a-compute_swinging_door.Tpo .deps/libvx_time_series_a-compute_swinging_door.Po
/bin/g++ -DHAVE_CONFIG_H -I. -I../../..  -I../../../src/basic/vx_cal -I../../../src/basic/vx_config -I../../../src/basic/vx_log -I../../../src/basic/vx_math -I../../../src/basic/vx_util -I../../../src/libcode/vx_afm -I../../../src/libcode/vx_analysis_util -I../../../src/libcode/vx_color -I../../../src/libcode/vx_data2d -I../../../src/libcode/vx_data2d_factory -I../../../src/libcode/vx_data2d_grib -I../../../src/libcode/vx_data2d_grib2 -I../../../src/libcode/vx_data2d_nccf -I../../../src/libcode/vx_data2d_nc_met -I../../../src/libcode/vx_data2d_nc_pinterp -I../../../src/libcode/vx_data2d_python -I../../../src/libcode/vx_python3_utils -I../../../src/libcode/vx_geodesy -I../../../src/libcode/vx_gis -I../../../src/libcode/vx_gnomon -I../../../src/libcode/vx_grid -I../../../src/libcode/vx_gsl_prob -I../../../src/libcode/vx_nav -I../../../src/libcode/vx_nc_obs -I../../../src/libcode/vx_nc_util -I../../../src/libcode/vx_pb_util -I../../../src/libcode/vx_plot_util -I../../../src/libcode/vx_ps -I../../../src/libcode/vx_pxm -I../../../src/libcode/vx_render -I../../../src/libcode/vx_regrid -I../../../src/libcode/vx_shapedata -I../../../src/libcode/vx_solar -I../../../src/libcode/vx_statistics -I../../../src/libcode/vx_stat_out -I../../../src/libcode/vx_summary -I../../../src/libcode/vx_time_series -I../../../src/libcode/vx_series_data -I../../../src/libcode/vx_tc_util -I/home/hank.fisher/MET/external_libs/include -I/home/hank.fisher/MET9_0_1_nopython/external_libs/include -I/home/hank.fisher/MET9_0_1_nopython/external_libs/include -I/home/hank.fisher/MET9_0_1_nopython/external_libs/include -I/home/hank.fisher/MET9_0_1_nopython/external_libs/include -I/home/hank.fisher/MET9_0_1_nopython/external_libs/include -I/home/hank.fisher/MET9_0_1_nopython/external_libs/include -DBLOCK4 -DWITH_GRIB2 -DMET_BASE="\"/home/hank.fisher/MET9_0_1_nopython/share/met\""  -g -MT libvx_time_series_a-time_series_util.o -MD -MP -MF .deps/libvx_time_series_a-time_series_util.Tpo -c -o libvx_time_series_a-time_series_util.o `test -f 'time_series_util.cc' || echo './'`time_series_util.cc
mv -f .deps/libvx_time_series_a-time_series_util.Tpo .deps/libvx_time_series_a-time_series_util.Po
rm -f libvx_time_series.a
ar cru libvx_time_series.a libvx_time_series_a-compute_swinging_door.o libvx_time_series_a-time_series_util.o 
ranlib libvx_time_series.a
make[4]: Leaving directory `/home/hank.fisher/MET9_0_1_nopython/met-9.0.1/src/libcode/vx_time_series'
Making all in vx_physics
make[4]: Entering directory `/home/hank.fisher/MET9_0_1_nopython/met-9.0.1/src/libcode/vx_physics'
/bin/g++ -DHAVE_CONFIG_H -I. -I../../..  -I../../../src/basic/vx_cal -I../../../src/basic/vx_config -I../../../src/basic/vx_log -I../../../src/basic/vx_math -I../../../src/basic/vx_util -I../../../src/libcode/vx_afm -I../../../src/libcode/vx_analysis_util -I../../../src/libcode/vx_color -I../../../src/libcode/vx_data2d -I../../../src/libcode/vx_data2d_factory -I../../../src/libcode/vx_data2d_grib -I../../../src/libcode/vx_data2d_grib2 -I../../../src/libcode/vx_data2d_nccf -I../../../src/libcode/vx_data2d_nc_met -I../../../src/libcode/vx_data2d_nc_pinterp -I../../../src/libcode/vx_data2d_python -I../../../src/libcode/vx_python3_utils -I../../../src/libcode/vx_geodesy -I../../../src/libcode/vx_gis -I../../../src/libcode/vx_gnomon -I../../../src/libcode/vx_grid -I../../../src/libcode/vx_gsl_prob -I../../../src/libcode/vx_nav -I../../../src/libcode/vx_nc_obs -I../../../src/libcode/vx_nc_util -I../../../src/libcode/vx_pb_util -I../../../src/libcode/vx_plot_util -I../../../src/libcode/vx_ps -I../../../src/libcode/vx_pxm -I../../../src/libcode/vx_render -I../../../src/libcode/vx_regrid -I../../../src/libcode/vx_shapedata -I../../../src/libcode/vx_solar -I../../../src/libcode/vx_statistics -I../../../src/libcode/vx_stat_out -I../../../src/libcode/vx_summary -I../../../src/libcode/vx_time_series -I../../../src/libcode/vx_series_data -I../../../src/libcode/vx_tc_util -I/home/hank.fisher/MET/external_libs/include -I/home/hank.fisher/MET9_0_1_nopython/external_libs/include -I/home/hank.fisher/MET9_0_1_nopython/external_libs/include -I/home/hank.fisher/MET9_0_1_nopython/external_libs/include -I/home/hank.fisher/MET9_0_1_nopython/external_libs/include -I/home/hank.fisher/MET9_0_1_nopython/external_libs/include -I/home/hank.fisher/MET9_0_1_nopython/external_libs/include -DBLOCK4 -DWITH_GRIB2 -DMET_BASE="\"/home/hank.fisher/MET9_0_1_nopython/share/met\""  -g -MT libvx_physics_a-thermo.o -MD -MP -MF .deps/libvx_physics_a-thermo.Tpo -c -o libvx_physics_a-thermo.o `test -f 'thermo.cc' || echo './'`thermo.cc
mv -f .deps/libvx_physics_a-thermo.Tpo .deps/libvx_physics_a-thermo.Po
rm -f libvx_physics.a
ar cru libvx_physics.a libvx_physics_a-thermo.o 
ranlib libvx_physics.a
make[4]: Leaving directory `/home/hank.fisher/MET9_0_1_nopython/met-9.0.1/src/libcode/vx_physics'
Making all in vx_series_data
make[4]: Entering directory `/home/hank.fisher/MET9_0_1_nopython/met-9.0.1/src/libcode/vx_series_data'
/bin/g++ -DHAVE_CONFIG_H -I. -I../../..  -I../../../src/basic/vx_cal -I../../../src/basic/vx_config -I../../../src/basic/vx_log -I../../../src/basic/vx_math -I../../../src/basic/vx_util -I../../../src/libcode/vx_afm -I../../../src/libcode/vx_analysis_util -I../../../src/libcode/vx_color -I../../../src/libcode/vx_data2d -I../../../src/libcode/vx_data2d_factory -I../../../src/libcode/vx_data2d_grib -I../../../src/libcode/vx_data2d_grib2 -I../../../src/libcode/vx_data2d_nccf -I../../../src/libcode/vx_data2d_nc_met -I../../../src/libcode/vx_data2d_nc_pinterp -I../../../src/libcode/vx_data2d_python -I../../../src/libcode/vx_python3_utils -I../../../src/libcode/vx_geodesy -I../../../src/libcode/vx_gis -I../../../src/libcode/vx_gnomon -I../../../src/libcode/vx_grid -I../../../src/libcode/vx_gsl_prob -I../../../src/libcode/vx_nav -I../../../src/libcode/vx_nc_obs -I../../../src/libcode/vx_nc_util -I../../../src/libcode/vx_pb_util -I../../../src/libcode/vx_plot_util -I../../../src/libcode/vx_ps -I../../../src/libcode/vx_pxm -I../../../src/libcode/vx_render -I../../../src/libcode/vx_regrid -I../../../src/libcode/vx_shapedata -I../../../src/libcode/vx_solar -I../../../src/libcode/vx_statistics -I../../../src/libcode/vx_stat_out -I../../../src/libcode/vx_summary -I../../../src/libcode/vx_time_series -I../../../src/libcode/vx_series_data -I../../../src/libcode/vx_tc_util -I/home/hank.fisher/MET/external_libs/include -I/home/hank.fisher/MET9_0_1_nopython/external_libs/include -I/home/hank.fisher/MET9_0_1_nopython/external_libs/include -I/home/hank.fisher/MET9_0_1_nopython/external_libs/include -I/home/hank.fisher/MET9_0_1_nopython/external_libs/include -I/home/hank.fisher/MET9_0_1_nopython/external_libs/include -I/home/hank.fisher/MET9_0_1_nopython/external_libs/include -DBLOCK4 -DWITH_GRIB2 -DMET_BASE="\"/home/hank.fisher/MET9_0_1_nopython/share/met\""  -g -MT libvx_series_data_a-series_pdf.o -MD -MP -MF .deps/libvx_series_data_a-series_pdf.Tpo -c -o libvx_series_data_a-series_pdf.o `test -f 'series_pdf.cc' || echo './'`series_pdf.cc
mv -f .deps/libvx_series_data_a-series_pdf.Tpo .deps/libvx_series_data_a-series_pdf.Po
/bin/g++ -DHAVE_CONFIG_H -I. -I../../..  -I../../../src/basic/vx_cal -I../../../src/basic/vx_config -I../../../src/basic/vx_log -I../../../src/basic/vx_math -I../../../src/basic/vx_util -I../../../src/libcode/vx_afm -I../../../src/libcode/vx_analysis_util -I../../../src/libcode/vx_color -I../../../src/libcode/vx_data2d -I../../../src/libcode/vx_data2d_factory -I../../../src/libcode/vx_data2d_grib -I../../../src/libcode/vx_data2d_grib2 -I../../../src/libcode/vx_data2d_nccf -I../../../src/libcode/vx_data2d_nc_met -I../../../src/libcode/vx_data2d_nc_pinterp -I../../../src/libcode/vx_data2d_python -I../../../src/libcode/vx_python3_utils -I../../../src/libcode/vx_geodesy -I../../../src/libcode/vx_gis -I../../../src/libcode/vx_gnomon -I../../../src/libcode/vx_grid -I../../../src/libcode/vx_gsl_prob -I../../../src/libcode/vx_nav -I../../../src/libcode/vx_nc_obs -I../../../src/libcode/vx_nc_util -I../../../src/libcode/vx_pb_util -I../../../src/libcode/vx_plot_util -I../../../src/libcode/vx_ps -I../../../src/libcode/vx_pxm -I../../../src/libcode/vx_render -I../../../src/libcode/vx_regrid -I../../../src/libcode/vx_shapedata -I../../../src/libcode/vx_solar -I../../../src/libcode/vx_statistics -I../../../src/libcode/vx_stat_out -I../../../src/libcode/vx_summary -I../../../src/libcode/vx_time_series -I../../../src/libcode/vx_series_data -I../../../src/libcode/vx_tc_util -I/home/hank.fisher/MET/external_libs/include -I/home/hank.fisher/MET9_0_1_nopython/external_libs/include -I/home/hank.fisher/MET9_0_1_nopython/external_libs/include -I/home/hank.fisher/MET9_0_1_nopython/external_libs/include -I/home/hank.fisher/MET9_0_1_nopython/external_libs/include -I/home/hank.fisher/MET9_0_1_nopython/external_libs/include -I/home/hank.fisher/MET9_0_1_nopython/external_libs/include -DBLOCK4 -DWITH_GRIB2 -DMET_BASE="\"/home/hank.fisher/MET9_0_1_nopython/share/met\""  -g -MT libvx_series_data_a-series_data.o -MD -MP -MF .deps/libvx_series_data_a-series_data.Tpo -c -o libvx_series_data_a-series_data.o `test -f 'series_data.cc' || echo './'`series_data.cc
mv -f .deps/libvx_series_data_a-series_data.Tpo .deps/libvx_series_data_a-series_data.Po
rm -f libvx_series_data.a
ar cru libvx_series_data.a libvx_series_data_a-series_pdf.o libvx_series_data_a-series_data.o 
ranlib libvx_series_data.a
make[4]: Leaving directory `/home/hank.fisher/MET9_0_1_nopython/met-9.0.1/src/libcode/vx_series_data'
Making all in vx_regrid
make[4]: Entering directory `/home/hank.fisher/MET9_0_1_nopython/met-9.0.1/src/libcode/vx_regrid'
/bin/g++ -DHAVE_CONFIG_H -I. -I../../..  -I../../../src/basic/vx_cal -I../../../src/basic/vx_config -I../../../src/basic/vx_log -I../../../src/basic/vx_math -I../../../src/basic/vx_util -I../../../src/libcode/vx_afm -I../../../src/libcode/vx_analysis_util -I../../../src/libcode/vx_color -I../../../src/libcode/vx_data2d -I../../../src/libcode/vx_data2d_factory -I../../../src/libcode/vx_data2d_grib -I../../../src/libcode/vx_data2d_grib2 -I../../../src/libcode/vx_data2d_nccf -I../../../src/libcode/vx_data2d_nc_met -I../../../src/libcode/vx_data2d_nc_pinterp -I../../../src/libcode/vx_data2d_python -I../../../src/libcode/vx_python3_utils -I../../../src/libcode/vx_geodesy -I../../../src/libcode/vx_gis -I../../../src/libcode/vx_gnomon -I../../../src/libcode/vx_grid -I../../../src/libcode/vx_gsl_prob -I../../../src/libcode/vx_nav -I../../../src/libcode/vx_nc_obs -I../../../src/libcode/vx_nc_util -I../../../src/libcode/vx_pb_util -I../../../src/libcode/vx_plot_util -I../../../src/libcode/vx_ps -I../../../src/libcode/vx_pxm -I../../../src/libcode/vx_render -I../../../src/libcode/vx_regrid -I../../../src/libcode/vx_shapedata -I../../../src/libcode/vx_solar -I../../../src/libcode/vx_statistics -I../../../src/libcode/vx_stat_out -I../../../src/libcode/vx_summary -I../../../src/libcode/vx_time_series -I../../../src/libcode/vx_series_data -I../../../src/libcode/vx_tc_util -I/home/hank.fisher/MET/external_libs/include -I/home/hank.fisher/MET9_0_1_nopython/external_libs/include -I/home/hank.fisher/MET9_0_1_nopython/external_libs/include -I/home/hank.fisher/MET9_0_1_nopython/external_libs/include -I/home/hank.fisher/MET9_0_1_nopython/external_libs/include -I/home/hank.fisher/MET9_0_1_nopython/external_libs/include -I/home/hank.fisher/MET9_0_1_nopython/external_libs/include -DBLOCK4 -DWITH_GRIB2 -DMET_BASE="\"/home/hank.fisher/MET9_0_1_nopython/share/met\""  -g -MT libvx_regrid_a-vx_regrid.o -MD -MP -MF .deps/libvx_regrid_a-vx_regrid.Tpo -c -o libvx_regrid_a-vx_regrid.o `test -f 'vx_regrid.cc' || echo './'`vx_regrid.cc
mv -f .deps/libvx_regrid_a-vx_regrid.Tpo .deps/libvx_regrid_a-vx_regrid.Po
/bin/g++ -DHAVE_CONFIG_H -I. -I../../..  -I../../../src/basic/vx_cal -I../../../src/basic/vx_config -I../../../src/basic/vx_log -I../../../src/basic/vx_math -I../../../src/basic/vx_util -I../../../src/libcode/vx_afm -I../../../src/libcode/vx_analysis_util -I../../../src/libcode/vx_color -I../../../src/libcode/vx_data2d -I../../../src/libcode/vx_data2d_factory -I../../../src/libcode/vx_data2d_grib -I../../../src/libcode/vx_data2d_grib2 -I../../../src/libcode/vx_data2d_nccf -I../../../src/libcode/vx_data2d_nc_met -I../../../src/libcode/vx_data2d_nc_pinterp -I../../../src/libcode/vx_data2d_python -I../../../src/libcode/vx_python3_utils -I../../../src/libcode/vx_geodesy -I../../../src/libcode/vx_gis -I../../../src/libcode/vx_gnomon -I../../../src/libcode/vx_grid -I../../../src/libcode/vx_gsl_prob -I../../../src/libcode/vx_nav -I../../../src/libcode/vx_nc_obs -I../../../src/libcode/vx_nc_util -I../../../src/libcode/vx_pb_util -I../../../src/libcode/vx_plot_util -I../../../src/libcode/vx_ps -I../../../src/libcode/vx_pxm -I../../../src/libcode/vx_render -I../../../src/libcode/vx_regrid -I../../../src/libcode/vx_shapedata -I../../../src/libcode/vx_solar -I../../../src/libcode/vx_statistics -I../../../src/libcode/vx_stat_out -I../../../src/libcode/vx_summary -I../../../src/libcode/vx_time_series -I../../../src/libcode/vx_series_data -I../../../src/libcode/vx_tc_util -I/home/hank.fisher/MET/external_libs/include -I/home/hank.fisher/MET9_0_1_nopython/external_libs/include -I/home/hank.fisher/MET9_0_1_nopython/external_libs/include -I/home/hank.fisher/MET9_0_1_nopython/external_libs/include -I/home/hank.fisher/MET9_0_1_nopython/external_libs/include -I/home/hank.fisher/MET9_0_1_nopython/external_libs/include -I/home/hank.fisher/MET9_0_1_nopython/external_libs/include -DBLOCK4 -DWITH_GRIB2 -DMET_BASE="\"/home/hank.fisher/MET9_0_1_nopython/share/met\""  -g -MT libvx_regrid_a-vx_regrid_budget.o -MD -MP -MF .deps/libvx_regrid_a-vx_regrid_budget.Tpo -c -o libvx_regrid_a-vx_regrid_budget.o `test -f 'vx_regrid_budget.cc' || echo './'`vx_regrid_budget.cc
mv -f .deps/libvx_regrid_a-vx_regrid_budget.Tpo .deps/libvx_regrid_a-vx_regrid_budget.Po
rm -f libvx_regrid.a
ar cru libvx_regrid.a libvx_regrid_a-vx_regrid.o libvx_regrid_a-vx_regrid_budget.o 
ranlib libvx_regrid.a
make[4]: Leaving directory `/home/hank.fisher/MET9_0_1_nopython/met-9.0.1/src/libcode/vx_regrid'
Making all in vx_nc_obs
make[4]: Entering directory `/home/hank.fisher/MET9_0_1_nopython/met-9.0.1/src/libcode/vx_nc_obs'
/bin/g++ -DHAVE_CONFIG_H -I. -I../../..  -I../../../src/basic/vx_cal -I../../../src/basic/vx_config -I../../../src/basic/vx_log -I../../../src/basic/vx_math -I../../../src/basic/vx_util -I../../../src/libcode/vx_afm -I../../../src/libcode/vx_analysis_util -I../../../src/libcode/vx_color -I../../../src/libcode/vx_data2d -I../../../src/libcode/vx_data2d_factory -I../../../src/libcode/vx_data2d_grib -I../../../src/libcode/vx_data2d_grib2 -I../../../src/libcode/vx_data2d_nccf -I../../../src/libcode/vx_data2d_nc_met -I../../../src/libcode/vx_data2d_nc_pinterp -I../../../src/libcode/vx_data2d_python -I../../../src/libcode/vx_python3_utils -I../../../src/libcode/vx_geodesy -I../../../src/libcode/vx_gis -I../../../src/libcode/vx_gnomon -I../../../src/libcode/vx_grid -I../../../src/libcode/vx_gsl_prob -I../../../src/libcode/vx_nav -I../../../src/libcode/vx_nc_obs -I../../../src/libcode/vx_nc_util -I../../../src/libcode/vx_pb_util -I../../../src/libcode/vx_plot_util -I../../../src/libcode/vx_ps -I../../../src/libcode/vx_pxm -I../../../src/libcode/vx_render -I../../../src/libcode/vx_regrid -I../../../src/libcode/vx_shapedata -I../../../src/libcode/vx_solar -I../../../src/libcode/vx_statistics -I../../../src/libcode/vx_stat_out -I../../../src/libcode/vx_summary -I../../../src/libcode/vx_time_series -I../../../src/libcode/vx_series_data -I../../../src/libcode/vx_tc_util -I/home/hank.fisher/MET/external_libs/include -I/home/hank.fisher/MET9_0_1_nopython/external_libs/include -I/home/hank.fisher/MET9_0_1_nopython/external_libs/include -I/home/hank.fisher/MET9_0_1_nopython/external_libs/include -I/home/hank.fisher/MET9_0_1_nopython/external_libs/include -I/home/hank.fisher/MET9_0_1_nopython/external_libs/include -I/home/hank.fisher/MET9_0_1_nopython/external_libs/include -DBLOCK4 -DWITH_GRIB2 -DMET_BASE="\"/home/hank.fisher/MET9_0_1_nopython/share/met\""  -g -MT libvx_nc_obs_a-nc_obs_util.o -MD -MP -MF .deps/libvx_nc_obs_a-nc_obs_util.Tpo -c -o libvx_nc_obs_a-nc_obs_util.o `test -f 'nc_obs_util.cc' || echo './'`nc_obs_util.cc
mv -f .deps/libvx_nc_obs_a-nc_obs_util.Tpo .deps/libvx_nc_obs_a-nc_obs_util.Po
/bin/g++ -DHAVE_CONFIG_H -I. -I../../..  -I../../../src/basic/vx_cal -I../../../src/basic/vx_config -I../../../src/basic/vx_log -I../../../src/basic/vx_math -I../../../src/basic/vx_util -I../../../src/libcode/vx_afm -I../../../src/libcode/vx_analysis_util -I../../../src/libcode/vx_color -I../../../src/libcode/vx_data2d -I../../../src/libcode/vx_data2d_factory -I../../../src/libcode/vx_data2d_grib -I../../../src/libcode/vx_data2d_grib2 -I../../../src/libcode/vx_data2d_nccf -I../../../src/libcode/vx_data2d_nc_met -I../../../src/libcode/vx_data2d_nc_pinterp -I../../../src/libcode/vx_data2d_python -I../../../src/libcode/vx_python3_utils -I../../../src/libcode/vx_geodesy -I../../../src/libcode/vx_gis -I../../../src/libcode/vx_gnomon -I../../../src/libcode/vx_grid -I../../../src/libcode/vx_gsl_prob -I../../../src/libcode/vx_nav -I../../../src/libcode/vx_nc_obs -I../../../src/libcode/vx_nc_util -I../../../src/libcode/vx_pb_util -I../../../src/libcode/vx_plot_util -I../../../src/libcode/vx_ps -I../../../src/libcode/vx_pxm -I../../../src/libcode/vx_render -I../../../src/libcode/vx_regrid -I../../../src/libcode/vx_shapedata -I../../../src/libcode/vx_solar -I../../../src/libcode/vx_statistics -I../../../src/libcode/vx_stat_out -I../../../src/libcode/vx_summary -I../../../src/libcode/vx_time_series -I../../../src/libcode/vx_series_data -I../../../src/libcode/vx_tc_util -I/home/hank.fisher/MET/external_libs/include -I/home/hank.fisher/MET9_0_1_nopython/external_libs/include -I/home/hank.fisher/MET9_0_1_nopython/external_libs/include -I/home/hank.fisher/MET9_0_1_nopython/external_libs/include -I/home/hank.fisher/MET9_0_1_nopython/external_libs/include -I/home/hank.fisher/MET9_0_1_nopython/external_libs/include -I/home/hank.fisher/MET9_0_1_nopython/external_libs/include -DBLOCK4 -DWITH_GRIB2 -DMET_BASE="\"/home/hank.fisher/MET9_0_1_nopython/share/met\""  -g -MT libvx_nc_obs_a-nc_summary.o -MD -MP -MF .deps/libvx_nc_obs_a-nc_summary.Tpo -c -o libvx_nc_obs_a-nc_summary.o `test -f 'nc_summary.cc' || echo './'`nc_summary.cc
mv -f .deps/libvx_nc_obs_a-nc_summary.Tpo .deps/libvx_nc_obs_a-nc_summary.Po
rm -f libvx_nc_obs.a
ar cru libvx_nc_obs.a libvx_nc_obs_a-nc_obs_util.o libvx_nc_obs_a-nc_summary.o 
ranlib libvx_nc_obs.a
make[4]: Leaving directory `/home/hank.fisher/MET9_0_1_nopython/met-9.0.1/src/libcode/vx_nc_obs'
Making all in vx_solar
make[4]: Entering directory `/home/hank.fisher/MET9_0_1_nopython/met-9.0.1/src/libcode/vx_solar'
/bin/g++ -DHAVE_CONFIG_H -I. -I../../..  -I../../../src/basic/vx_cal -I../../../src/basic/vx_config -I../../../src/basic/vx_log -I../../../src/basic/vx_math -I../../../src/basic/vx_util -I../../../src/libcode/vx_afm -I../../../src/libcode/vx_analysis_util -I../../../src/libcode/vx_color -I../../../src/libcode/vx_data2d -I../../../src/libcode/vx_data2d_factory -I../../../src/libcode/vx_data2d_grib -I../../../src/libcode/vx_data2d_grib2 -I../../../src/libcode/vx_data2d_nccf -I../../../src/libcode/vx_data2d_nc_met -I../../../src/libcode/vx_data2d_nc_pinterp -I../../../src/libcode/vx_data2d_python -I../../../src/libcode/vx_python3_utils -I../../../src/libcode/vx_geodesy -I../../../src/libcode/vx_gis -I../../../src/libcode/vx_gnomon -I../../../src/libcode/vx_grid -I../../../src/libcode/vx_gsl_prob -I../../../src/libcode/vx_nav -I../../../src/libcode/vx_nc_obs -I../../../src/libcode/vx_nc_util -I../../../src/libcode/vx_pb_util -I../../../src/libcode/vx_plot_util -I../../../src/libcode/vx_ps -I../../../src/libcode/vx_pxm -I../../../src/libcode/vx_render -I../../../src/libcode/vx_regrid -I../../../src/libcode/vx_shapedata -I../../../src/libcode/vx_solar -I../../../src/libcode/vx_statistics -I../../../src/libcode/vx_stat_out -I../../../src/libcode/vx_summary -I../../../src/libcode/vx_time_series -I../../../src/libcode/vx_series_data -I../../../src/libcode/vx_tc_util -I/home/hank.fisher/MET/external_libs/include -I/home/hank.fisher/MET9_0_1_nopython/external_libs/include -I/home/hank.fisher/MET9_0_1_nopython/external_libs/include -I/home/hank.fisher/MET9_0_1_nopython/external_libs/include -I/home/hank.fisher/MET9_0_1_nopython/external_libs/include -I/home/hank.fisher/MET9_0_1_nopython/external_libs/include -I/home/hank.fisher/MET9_0_1_nopython/external_libs/include -DBLOCK4 -DWITH_GRIB2 -DMET_BASE="\"/home/hank.fisher/MET9_0_1_nopython/share/met\""  -g -MT libvx_solar_a-siderial.o -MD -MP -MF .deps/libvx_solar_a-siderial.Tpo -c -o libvx_solar_a-siderial.o `test -f 'siderial.cc' || echo './'`siderial.cc
mv -f .deps/libvx_solar_a-siderial.Tpo .deps/libvx_solar_a-siderial.Po
/bin/g++ -DHAVE_CONFIG_H -I. -I../../..  -I../../../src/basic/vx_cal -I../../../src/basic/vx_config -I../../../src/basic/vx_log -I../../../src/basic/vx_math -I../../../src/basic/vx_util -I../../../src/libcode/vx_afm -I../../../src/libcode/vx_analysis_util -I../../../src/libcode/vx_color -I../../../src/libcode/vx_data2d -I../../../src/libcode/vx_data2d_factory -I../../../src/libcode/vx_data2d_grib -I../../../src/libcode/vx_data2d_grib2 -I../../../src/libcode/vx_data2d_nccf -I../../../src/libcode/vx_data2d_nc_met -I../../../src/libcode/vx_data2d_nc_pinterp -I../../../src/libcode/vx_data2d_python -I../../../src/libcode/vx_python3_utils -I../../../src/libcode/vx_geodesy -I../../../src/libcode/vx_gis -I../../../src/libcode/vx_gnomon -I../../../src/libcode/vx_grid -I../../../src/libcode/vx_gsl_prob -I../../../src/libcode/vx_nav -I../../../src/libcode/vx_nc_obs -I../../../src/libcode/vx_nc_util -I../../../src/libcode/vx_pb_util -I../../../src/libcode/vx_plot_util -I../../../src/libcode/vx_ps -I../../../src/libcode/vx_pxm -I../../../src/libcode/vx_render -I../../../src/libcode/vx_regrid -I../../../src/libcode/vx_shapedata -I../../../src/libcode/vx_solar -I../../../src/libcode/vx_statistics -I../../../src/libcode/vx_stat_out -I../../../src/libcode/vx_summary -I../../../src/libcode/vx_time_series -I../../../src/libcode/vx_series_data -I../../../src/libcode/vx_tc_util -I/home/hank.fisher/MET/external_libs/include -I/home/hank.fisher/MET9_0_1_nopython/external_libs/include -I/home/hank.fisher/MET9_0_1_nopython/external_libs/include -I/home/hank.fisher/MET9_0_1_nopython/external_libs/include -I/home/hank.fisher/MET9_0_1_nopython/external_libs/include -I/home/hank.fisher/MET9_0_1_nopython/external_libs/include -I/home/hank.fisher/MET9_0_1_nopython/external_libs/include -DBLOCK4 -DWITH_GRIB2 -DMET_BASE="\"/home/hank.fisher/MET9_0_1_nopython/share/met\""  -g -MT libvx_solar_a-solar.o -MD -MP -MF .deps/libvx_solar_a-solar.Tpo -c -o libvx_solar_a-solar.o `test -f 'solar.cc' || echo './'`solar.cc
mv -f .deps/libvx_solar_a-solar.Tpo .deps/libvx_solar_a-solar.Po
rm -f libvx_solar.a
ar cru libvx_solar.a libvx_solar_a-siderial.o libvx_solar_a-solar.o 
ranlib libvx_solar.a
make[4]: Leaving directory `/home/hank.fisher/MET9_0_1_nopython/met-9.0.1/src/libcode/vx_solar'
make[4]: Entering directory `/home/hank.fisher/MET9_0_1_nopython/met-9.0.1/src/libcode'
make[4]: Nothing to be done for `all-am'.
make[4]: Leaving directory `/home/hank.fisher/MET9_0_1_nopython/met-9.0.1/src/libcode'
make[3]: Leaving directory `/home/hank.fisher/MET9_0_1_nopython/met-9.0.1/src/libcode'
Making all in tools
make[3]: Entering directory `/home/hank.fisher/MET9_0_1_nopython/met-9.0.1/src/tools'
Making all in core
make[4]: Entering directory `/home/hank.fisher/MET9_0_1_nopython/met-9.0.1/src/tools/core'
Making all in ensemble_stat
make[5]: Entering directory `/home/hank.fisher/MET9_0_1_nopython/met-9.0.1/src/tools/core/ensemble_stat'
/bin/g++ -DHAVE_CONFIG_H -I. -I../../../..  -I../../../../src/basic/vx_cal -I../../../../src/basic/vx_config -I../../../../src/basic/vx_log -I../../../../src/basic/vx_math -I../../../../src/basic/vx_util -I../../../../src/libcode/vx_afm -I../../../../src/libcode/vx_analysis_util -I../../../../src/libcode/vx_color -I../../../../src/libcode/vx_data2d -I../../../../src/libcode/vx_data2d_factory -I../../../../src/libcode/vx_data2d_grib -I../../../../src/libcode/vx_data2d_grib2 -I../../../../src/libcode/vx_data2d_nccf -I../../../../src/libcode/vx_data2d_nc_met -I../../../../src/libcode/vx_data2d_nc_pinterp -I../../../../src/libcode/vx_data2d_python -I../../../../src/libcode/vx_python3_utils -I../../../../src/libcode/vx_geodesy -I../../../../src/libcode/vx_gis -I../../../../src/libcode/vx_gnomon -I../../../../src/libcode/vx_grid -I../../../../src/libcode/vx_gsl_prob -I../../../../src/libcode/vx_nav -I../../../../src/libcode/vx_nc_obs -I../../../../src/libcode/vx_nc_util -I../../../../src/libcode/vx_pb_util -I../../../../src/libcode/vx_plot_util -I../../../../src/libcode/vx_ps -I../../../../src/libcode/vx_pxm -I../../../../src/libcode/vx_render -I../../../../src/libcode/vx_regrid -I../../../../src/libcode/vx_shapedata -I../../../../src/libcode/vx_solar -I../../../../src/libcode/vx_statistics -I../../../../src/libcode/vx_stat_out -I../../../../src/libcode/vx_summary -I../../../../src/libcode/vx_time_series -I../../../../src/libcode/vx_series_data -I../../../../src/libcode/vx_tc_util -I/home/hank.fisher/MET/external_libs/include -I/home/hank.fisher/MET9_0_1_nopython/external_libs/include -I/home/hank.fisher/MET9_0_1_nopython/external_libs/include -I/home/hank.fisher/MET9_0_1_nopython/external_libs/include -I/home/hank.fisher/MET9_0_1_nopython/external_libs/include -I/home/hank.fisher/MET9_0_1_nopython/external_libs/include -I/home/hank.fisher/MET9_0_1_nopython/external_libs/include -DBLOCK4 -DWITH_GRIB2 -DMET_BASE="\"/home/hank.fisher/MET9_0_1_nopython/share/met\""  -g -MT ensemble_stat-ensemble_stat.o -MD -MP -MF .deps/ensemble_stat-ensemble_stat.Tpo -c -o ensemble_stat-ensemble_stat.o `test -f 'ensemble_stat.cc' || echo './'`ensemble_stat.cc
mv -f .deps/ensemble_stat-ensemble_stat.Tpo .deps/ensemble_stat-ensemble_stat.Po
/bin/g++ -DHAVE_CONFIG_H -I. -I../../../..  -I../../../../src/basic/vx_cal -I../../../../src/basic/vx_config -I../../../../src/basic/vx_log -I../../../../src/basic/vx_math -I../../../../src/basic/vx_util -I../../../../src/libcode/vx_afm -I../../../../src/libcode/vx_analysis_util -I../../../../src/libcode/vx_color -I../../../../src/libcode/vx_data2d -I../../../../src/libcode/vx_data2d_factory -I../../../../src/libcode/vx_data2d_grib -I../../../../src/libcode/vx_data2d_grib2 -I../../../../src/libcode/vx_data2d_nccf -I../../../../src/libcode/vx_data2d_nc_met -I../../../../src/libcode/vx_data2d_nc_pinterp -I../../../../src/libcode/vx_data2d_python -I../../../../src/libcode/vx_python3_utils -I../../../../src/libcode/vx_geodesy -I../../../../src/libcode/vx_gis -I../../../../src/libcode/vx_gnomon -I../../../../src/libcode/vx_grid -I../../../../src/libcode/vx_gsl_prob -I../../../../src/libcode/vx_nav -I../../../../src/libcode/vx_nc_obs -I../../../../src/libcode/vx_nc_util -I../../../../src/libcode/vx_pb_util -I../../../../src/libcode/vx_plot_util -I../../../../src/libcode/vx_ps -I../../../../src/libcode/vx_pxm -I../../../../src/libcode/vx_render -I../../../../src/libcode/vx_regrid -I../../../../src/libcode/vx_shapedata -I../../../../src/libcode/vx_solar -I../../../../src/libcode/vx_statistics -I../../../../src/libcode/vx_stat_out -I../../../../src/libcode/vx_summary -I../../../../src/libcode/vx_time_series -I../../../../src/libcode/vx_series_data -I../../../../src/libcode/vx_tc_util -I/home/hank.fisher/MET/external_libs/include -I/home/hank.fisher/MET9_0_1_nopython/external_libs/include -I/home/hank.fisher/MET9_0_1_nopython/external_libs/include -I/home/hank.fisher/MET9_0_1_nopython/external_libs/include -I/home/hank.fisher/MET9_0_1_nopython/external_libs/include -I/home/hank.fisher/MET9_0_1_nopython/external_libs/include -I/home/hank.fisher/MET9_0_1_nopython/external_libs/include -DBLOCK4 -DWITH_GRIB2 -DMET_BASE="\"/home/hank.fisher/MET9_0_1_nopython/share/met\""  -g -MT ensemble_stat-ensemble_stat_conf_info.o -MD -MP -MF .deps/ensemble_stat-ensemble_stat_conf_info.Tpo -c -o ensemble_stat-ensemble_stat_conf_info.o `test -f 'ensemble_stat_conf_info.cc' || echo './'`ensemble_stat_conf_info.cc
mv -f .deps/ensemble_stat-ensemble_stat_conf_info.Tpo .deps/ensemble_stat-ensemble_stat_conf_info.Po
/bin/g++  -g -L../../../../src/basic/vx_cal -L../../../../src/basic/vx_config -L../../../../src/basic/vx_log -L../../../../src/basic/vx_math -L../../../../src/basic/vx_util -L../../../../src/libcode/vx_afm -L../../../../src/libcode/vx_analysis_util -L../../../../src/libcode/vx_color -L../../../../src/libcode/vx_data2d -L../../../../src/libcode/vx_data2d_factory -L../../../../src/libcode/vx_data2d_grib -L../../../../src/libcode/vx_data2d_grib2 -L../../../../src/libcode/vx_data2d_nccf -L../../../../src/libcode/vx_data2d_nc_met -L../../../../src/libcode/vx_data2d_nc_pinterp -L../../../../src/libcode/vx_data2d_python -L../../../../src/libcode/vx_python3_utils -L../../../../src/libcode/vx_geodesy -L../../../../src/libcode/vx_gis -L../../../../src/libcode/vx_gnomon -L../../../../src/libcode/vx_grid -L../../../../src/libcode/vx_gsl_prob -L../../../../src/libcode/vx_nav -L../../../../src/libcode/vx_nc_obs -L../../../../src/libcode/vx_nc_util -L../../../../src/libcode/vx_pb_util -L../../../../src/libcode/vx_plot_util -L../../../../src/libcode/vx_ps -L../../../../src/libcode/vx_pxm -L../../../../src/libcode/vx_render -L../../../../src/libcode/vx_regrid -L../../../../src/libcode/vx_shapedata -L../../../../src/libcode/vx_solar -L../../../../src/libcode/vx_statistics -L../../../../src/libcode/vx_stat_out -L../../../../src/libcode/vx_summary -L../../../../src/libcode/vx_time_series -L../../../../src/libcode/vx_series_data -L../../../../src/libcode/vx_tc_util -Wl,--disable-new-dtags -Wl,-rpath,/home/hank.fisher/MET9_0_1_nopython/external_libs/lib:/home/hank.fisher/MET9_0_1_nopython/external_libs/lib:/home/hank.fisher/MET9_0_1_nopython/external_libs/lib:/home/hank.fisher/MET9_0_1_nopython/external_libs/lib::/lib -Wl,-rpath,:: -L -L/home/hank.fisher/MET9_0_1_nopython/external_libs/lib -L/home/hank.fisher/MET9_0_1_nopython/external_libs/lib -L/home/hank.fisher/MET9_0_1_nopython/external_libs/lib -L/home/hank.fisher/MET9_0_1_nopython/external_libs/lib -L/home/hank.fisher/MET9_0_1_nopython/external_libs/lib -L/home/hank.fisher/MET9_0_1_nopython/external_libs/lib -L/home/hank.fisher/MET9_0_1_nopython/external_libs/lib -L/home/hank.fisher/MET9_0_1_nopython/external_libs/lib -o ensemble_stat ensemble_stat-ensemble_stat.o ensemble_stat-ensemble_stat_conf_info.o -lvx_stat_out -lvx_statistics -lvx_shapedata -lvx_gsl_prob -lvx_analysis_util -lvx_data2d_factory -lvx_data2d_nc_met -lvx_data2d_grib -lvx_data2d_grib2 -lgrib2c -ljasper -lpng -lz -lvx_data2d_nc_pinterp  -lvx_data2d_nccf -lvx_data2d -lvx_nc_obs -lvx_nc_util -lvx_regrid -lvx_grid -lvx_config -lvx_cal -lvx_util -lvx_math -lvx_color -lvx_log -lm -lnetcdf_c++4 -lnetcdf -lgsl -lgslcblas 
/home/hank.fisher/MET9_0_1_nopython/external_libs/lib/libjasper.a(jas_stream.o): In function `jas_stream_tmpfile':
/home/hank.fisher/MET9_0_1_nopython/external_libs/jasper/jasper-1.900.1/src/libjasper/base/jas_stream.c:368: warning: the use of `tmpnam' is dangerous, better use `mkstemp'
make[5]: Leaving directory `/home/hank.fisher/MET9_0_1_nopython/met-9.0.1/src/tools/core/ensemble_stat'
Making all in grid_stat
make[5]: Entering directory `/home/hank.fisher/MET9_0_1_nopython/met-9.0.1/src/tools/core/grid_stat'
/bin/g++ -DHAVE_CONFIG_H -I. -I../../../..  -I../../../../src/basic/vx_cal -I../../../../src/basic/vx_config -I../../../../src/basic/vx_log -I../../../../src/basic/vx_math -I../../../../src/basic/vx_util -I../../../../src/libcode/vx_afm -I../../../../src/libcode/vx_analysis_util -I../../../../src/libcode/vx_color -I../../../../src/libcode/vx_data2d -I../../../../src/libcode/vx_data2d_factory -I../../../../src/libcode/vx_data2d_grib -I../../../../src/libcode/vx_data2d_grib2 -I../../../../src/libcode/vx_data2d_nccf -I../../../../src/libcode/vx_data2d_nc_met -I../../../../src/libcode/vx_data2d_nc_pinterp -I../../../../src/libcode/vx_data2d_python -I../../../../src/libcode/vx_python3_utils -I../../../../src/libcode/vx_geodesy -I../../../../src/libcode/vx_gis -I../../../../src/libcode/vx_gnomon -I../../../../src/libcode/vx_grid -I../../../../src/libcode/vx_gsl_prob -I../../../../src/libcode/vx_nav -I../../../../src/libcode/vx_nc_obs -I../../../../src/libcode/vx_nc_util -I../../../../src/libcode/vx_pb_util -I../../../../src/libcode/vx_plot_util -I../../../../src/libcode/vx_ps -I../../../../src/libcode/vx_pxm -I../../../../src/libcode/vx_render -I../../../../src/libcode/vx_regrid -I../../../../src/libcode/vx_shapedata -I../../../../src/libcode/vx_solar -I../../../../src/libcode/vx_statistics -I../../../../src/libcode/vx_stat_out -I../../../../src/libcode/vx_summary -I../../../../src/libcode/vx_time_series -I../../../../src/libcode/vx_series_data -I../../../../src/libcode/vx_tc_util -I/home/hank.fisher/MET/external_libs/include -I/home/hank.fisher/MET9_0_1_nopython/external_libs/include -I/home/hank.fisher/MET9_0_1_nopython/external_libs/include -I/home/hank.fisher/MET9_0_1_nopython/external_libs/include -I/home/hank.fisher/MET9_0_1_nopython/external_libs/include -I/home/hank.fisher/MET9_0_1_nopython/external_libs/include -I/home/hank.fisher/MET9_0_1_nopython/external_libs/include -DBLOCK4 -DWITH_GRIB2 -DMET_BASE="\"/home/hank.fisher/MET9_0_1_nopython/share/met\""  -g -MT grid_stat-grid_stat.o -MD -MP -MF .deps/grid_stat-grid_stat.Tpo -c -o grid_stat-grid_stat.o `test -f 'grid_stat.cc' || echo './'`grid_stat.cc
mv -f .deps/grid_stat-grid_stat.Tpo .deps/grid_stat-grid_stat.Po
/bin/g++ -DHAVE_CONFIG_H -I. -I../../../..  -I../../../../src/basic/vx_cal -I../../../../src/basic/vx_config -I../../../../src/basic/vx_log -I../../../../src/basic/vx_math -I../../../../src/basic/vx_util -I../../../../src/libcode/vx_afm -I../../../../src/libcode/vx_analysis_util -I../../../../src/libcode/vx_color -I../../../../src/libcode/vx_data2d -I../../../../src/libcode/vx_data2d_factory -I../../../../src/libcode/vx_data2d_grib -I../../../../src/libcode/vx_data2d_grib2 -I../../../../src/libcode/vx_data2d_nccf -I../../../../src/libcode/vx_data2d_nc_met -I../../../../src/libcode/vx_data2d_nc_pinterp -I../../../../src/libcode/vx_data2d_python -I../../../../src/libcode/vx_python3_utils -I../../../../src/libcode/vx_geodesy -I../../../../src/libcode/vx_gis -I../../../../src/libcode/vx_gnomon -I../../../../src/libcode/vx_grid -I../../../../src/libcode/vx_gsl_prob -I../../../../src/libcode/vx_nav -I../../../../src/libcode/vx_nc_obs -I../../../../src/libcode/vx_nc_util -I../../../../src/libcode/vx_pb_util -I../../../../src/libcode/vx_plot_util -I../../../../src/libcode/vx_ps -I../../../../src/libcode/vx_pxm -I../../../../src/libcode/vx_render -I../../../../src/libcode/vx_regrid -I../../../../src/libcode/vx_shapedata -I../../../../src/libcode/vx_solar -I../../../../src/libcode/vx_statistics -I../../../../src/libcode/vx_stat_out -I../../../../src/libcode/vx_summary -I../../../../src/libcode/vx_time_series -I../../../../src/libcode/vx_series_data -I../../../../src/libcode/vx_tc_util -I/home/hank.fisher/MET/external_libs/include -I/home/hank.fisher/MET9_0_1_nopython/external_libs/include -I/home/hank.fisher/MET9_0_1_nopython/external_libs/include -I/home/hank.fisher/MET9_0_1_nopython/external_libs/include -I/home/hank.fisher/MET9_0_1_nopython/external_libs/include -I/home/hank.fisher/MET9_0_1_nopython/external_libs/include -I/home/hank.fisher/MET9_0_1_nopython/external_libs/include -DBLOCK4 -DWITH_GRIB2 -DMET_BASE="\"/home/hank.fisher/MET9_0_1_nopython/share/met\""  -g -MT grid_stat-grid_stat_conf_info.o -MD -MP -MF .deps/grid_stat-grid_stat_conf_info.Tpo -c -o grid_stat-grid_stat_conf_info.o `test -f 'grid_stat_conf_info.cc' || echo './'`grid_stat_conf_info.cc
mv -f .deps/grid_stat-grid_stat_conf_info.Tpo .deps/grid_stat-grid_stat_conf_info.Po
/bin/g++  -g -L../../../../src/basic/vx_cal -L../../../../src/basic/vx_config -L../../../../src/basic/vx_log -L../../../../src/basic/vx_math -L../../../../src/basic/vx_util -L../../../../src/libcode/vx_afm -L../../../../src/libcode/vx_analysis_util -L../../../../src/libcode/vx_color -L../../../../src/libcode/vx_data2d -L../../../../src/libcode/vx_data2d_factory -L../../../../src/libcode/vx_data2d_grib -L../../../../src/libcode/vx_data2d_grib2 -L../../../../src/libcode/vx_data2d_nccf -L../../../../src/libcode/vx_data2d_nc_met -L../../../../src/libcode/vx_data2d_nc_pinterp -L../../../../src/libcode/vx_data2d_python -L../../../../src/libcode/vx_python3_utils -L../../../../src/libcode/vx_geodesy -L../../../../src/libcode/vx_gis -L../../../../src/libcode/vx_gnomon -L../../../../src/libcode/vx_grid -L../../../../src/libcode/vx_gsl_prob -L../../../../src/libcode/vx_nav -L../../../../src/libcode/vx_nc_obs -L../../../../src/libcode/vx_nc_util -L../../../../src/libcode/vx_pb_util -L../../../../src/libcode/vx_plot_util -L../../../../src/libcode/vx_ps -L../../../../src/libcode/vx_pxm -L../../../../src/libcode/vx_render -L../../../../src/libcode/vx_regrid -L../../../../src/libcode/vx_shapedata -L../../../../src/libcode/vx_solar -L../../../../src/libcode/vx_statistics -L../../../../src/libcode/vx_stat_out -L../../../../src/libcode/vx_summary -L../../../../src/libcode/vx_time_series -L../../../../src/libcode/vx_series_data -L../../../../src/libcode/vx_tc_util -Wl,--disable-new-dtags -Wl,-rpath,/home/hank.fisher/MET9_0_1_nopython/external_libs/lib:/home/hank.fisher/MET9_0_1_nopython/external_libs/lib:/home/hank.fisher/MET9_0_1_nopython/external_libs/lib:/home/hank.fisher/MET9_0_1_nopython/external_libs/lib::/lib -Wl,-rpath,:: -L -L/home/hank.fisher/MET9_0_1_nopython/external_libs/lib -L/home/hank.fisher/MET9_0_1_nopython/external_libs/lib -L/home/hank.fisher/MET9_0_1_nopython/external_libs/lib -L/home/hank.fisher/MET9_0_1_nopython/external_libs/lib -L/home/hank.fisher/MET9_0_1_nopython/external_libs/lib -L/home/hank.fisher/MET9_0_1_nopython/external_libs/lib -L/home/hank.fisher/MET9_0_1_nopython/external_libs/lib -L/home/hank.fisher/MET9_0_1_nopython/external_libs/lib -o grid_stat grid_stat-grid_stat.o grid_stat-grid_stat_conf_info.o -lvx_stat_out -lvx_statistics -lvx_shapedata -lvx_gsl_prob -lvx_analysis_util -lvx_data2d_factory -lvx_data2d_nc_met -lvx_data2d_grib -lvx_data2d_grib2 -lgrib2c -ljasper -lpng -lz -lvx_data2d_nc_pinterp  -lvx_data2d_nccf -lvx_data2d -lvx_nc_util -lvx_regrid -lvx_grid -lvx_config -lvx_cal -lvx_util -lvx_math -lvx_color -lvx_log -lm -lnetcdf_c++4 -lnetcdf -lgsl -lgslcblas 
/home/hank.fisher/MET9_0_1_nopython/external_libs/lib/libjasper.a(jas_stream.o): In function `jas_stream_tmpfile':
/home/hank.fisher/MET9_0_1_nopython/external_libs/jasper/jasper-1.900.1/src/libjasper/base/jas_stream.c:368: warning: the use of `tmpnam' is dangerous, better use `mkstemp'
make[5]: Leaving directory `/home/hank.fisher/MET9_0_1_nopython/met-9.0.1/src/tools/core/grid_stat'
Making all in mode
make[5]: Entering directory `/home/hank.fisher/MET9_0_1_nopython/met-9.0.1/src/tools/core/mode'
/bin/g++ -DHAVE_CONFIG_H -I. -I../../../..  -I../../../../src/basic/vx_cal -I../../../../src/basic/vx_config -I../../../../src/basic/vx_log -I../../../../src/basic/vx_math -I../../../../src/basic/vx_util -I../../../../src/libcode/vx_afm -I../../../../src/libcode/vx_analysis_util -I../../../../src/libcode/vx_color -I../../../../src/libcode/vx_data2d -I../../../../src/libcode/vx_data2d_factory -I../../../../src/libcode/vx_data2d_grib -I../../../../src/libcode/vx_data2d_grib2 -I../../../../src/libcode/vx_data2d_nccf -I../../../../src/libcode/vx_data2d_nc_met -I../../../../src/libcode/vx_data2d_nc_pinterp -I../../../../src/libcode/vx_data2d_python -I../../../../src/libcode/vx_python3_utils -I../../../../src/libcode/vx_geodesy -I../../../../src/libcode/vx_gis -I../../../../src/libcode/vx_gnomon -I../../../../src/libcode/vx_grid -I../../../../src/libcode/vx_gsl_prob -I../../../../src/libcode/vx_nav -I../../../../src/libcode/vx_nc_obs -I../../../../src/libcode/vx_nc_util -I../../../../src/libcode/vx_pb_util -I../../../../src/libcode/vx_plot_util -I../../../../src/libcode/vx_ps -I../../../../src/libcode/vx_pxm -I../../../../src/libcode/vx_render -I../../../../src/libcode/vx_regrid -I../../../../src/libcode/vx_shapedata -I../../../../src/libcode/vx_solar -I../../../../src/libcode/vx_statistics -I../../../../src/libcode/vx_stat_out -I../../../../src/libcode/vx_summary -I../../../../src/libcode/vx_time_series -I../../../../src/libcode/vx_series_data -I../../../../src/libcode/vx_tc_util -I/home/hank.fisher/MET/external_libs/include -I/home/hank.fisher/MET9_0_1_nopython/external_libs/include -I/home/hank.fisher/MET9_0_1_nopython/external_libs/include -I/home/hank.fisher/MET9_0_1_nopython/external_libs/include -I/home/hank.fisher/MET9_0_1_nopython/external_libs/include -I/home/hank.fisher/MET9_0_1_nopython/external_libs/include -I/home/hank.fisher/MET9_0_1_nopython/external_libs/include -DBLOCK4 -DWITH_GRIB2 -DMET_BASE="\"/home/hank.fisher/MET9_0_1_nopython/share/met\""  -g -MT mode-mode.o -MD -MP -MF .deps/mode-mode.Tpo -c -o mode-mode.o `test -f 'mode.cc' || echo './'`mode.cc
mv -f .deps/mode-mode.Tpo .deps/mode-mode.Po
/bin/g++ -DHAVE_CONFIG_H -I. -I../../../..  -I../../../../src/basic/vx_cal -I../../../../src/basic/vx_config -I../../../../src/basic/vx_log -I../../../../src/basic/vx_math -I../../../../src/basic/vx_util -I../../../../src/libcode/vx_afm -I../../../../src/libcode/vx_analysis_util -I../../../../src/libcode/vx_color -I../../../../src/libcode/vx_data2d -I../../../../src/libcode/vx_data2d_factory -I../../../../src/libcode/vx_data2d_grib -I../../../../src/libcode/vx_data2d_grib2 -I../../../../src/libcode/vx_data2d_nccf -I../../../../src/libcode/vx_data2d_nc_met -I../../../../src/libcode/vx_data2d_nc_pinterp -I../../../../src/libcode/vx_data2d_python -I../../../../src/libcode/vx_python3_utils -I../../../../src/libcode/vx_geodesy -I../../../../src/libcode/vx_gis -I../../../../src/libcode/vx_gnomon -I../../../../src/libcode/vx_grid -I../../../../src/libcode/vx_gsl_prob -I../../../../src/libcode/vx_nav -I../../../../src/libcode/vx_nc_obs -I../../../../src/libcode/vx_nc_util -I../../../../src/libcode/vx_pb_util -I../../../../src/libcode/vx_plot_util -I../../../../src/libcode/vx_ps -I../../../../src/libcode/vx_pxm -I../../../../src/libcode/vx_render -I../../../../src/libcode/vx_regrid -I../../../../src/libcode/vx_shapedata -I../../../../src/libcode/vx_solar -I../../../../src/libcode/vx_statistics -I../../../../src/libcode/vx_stat_out -I../../../../src/libcode/vx_summary -I../../../../src/libcode/vx_time_series -I../../../../src/libcode/vx_series_data -I../../../../src/libcode/vx_tc_util -I/home/hank.fisher/MET/external_libs/include -I/home/hank.fisher/MET9_0_1_nopython/external_libs/include -I/home/hank.fisher/MET9_0_1_nopython/external_libs/include -I/home/hank.fisher/MET9_0_1_nopython/external_libs/include -I/home/hank.fisher/MET9_0_1_nopython/external_libs/include -I/home/hank.fisher/MET9_0_1_nopython/external_libs/include -I/home/hank.fisher/MET9_0_1_nopython/external_libs/include -DBLOCK4 -DWITH_GRIB2 -DMET_BASE="\"/home/hank.fisher/MET9_0_1_nopython/share/met\""  -g -MT mode-mode_ps_file.o -MD -MP -MF .deps/mode-mode_ps_file.Tpo -c -o mode-mode_ps_file.o `test -f 'mode_ps_file.cc' || echo './'`mode_ps_file.cc
mv -f .deps/mode-mode_ps_file.Tpo .deps/mode-mode_ps_file.Po
/bin/g++ -DHAVE_CONFIG_H -I. -I../../../..  -I../../../../src/basic/vx_cal -I../../../../src/basic/vx_config -I../../../../src/basic/vx_log -I../../../../src/basic/vx_math -I../../../../src/basic/vx_util -I../../../../src/libcode/vx_afm -I../../../../src/libcode/vx_analysis_util -I../../../../src/libcode/vx_color -I../../../../src/libcode/vx_data2d -I../../../../src/libcode/vx_data2d_factory -I../../../../src/libcode/vx_data2d_grib -I../../../../src/libcode/vx_data2d_grib2 -I../../../../src/libcode/vx_data2d_nccf -I../../../../src/libcode/vx_data2d_nc_met -I../../../../src/libcode/vx_data2d_nc_pinterp -I../../../../src/libcode/vx_data2d_python -I../../../../src/libcode/vx_python3_utils -I../../../../src/libcode/vx_geodesy -I../../../../src/libcode/vx_gis -I../../../../src/libcode/vx_gnomon -I../../../../src/libcode/vx_grid -I../../../../src/libcode/vx_gsl_prob -I../../../../src/libcode/vx_nav -I../../../../src/libcode/vx_nc_obs -I../../../../src/libcode/vx_nc_util -I../../../../src/libcode/vx_pb_util -I../../../../src/libcode/vx_plot_util -I../../../../src/libcode/vx_ps -I../../../../src/libcode/vx_pxm -I../../../../src/libcode/vx_render -I../../../../src/libcode/vx_regrid -I../../../../src/libcode/vx_shapedata -I../../../../src/libcode/vx_solar -I../../../../src/libcode/vx_statistics -I../../../../src/libcode/vx_stat_out -I../../../../src/libcode/vx_summary -I../../../../src/libcode/vx_time_series -I../../../../src/libcode/vx_series_data -I../../../../src/libcode/vx_tc_util -I/home/hank.fisher/MET/external_libs/include -I/home/hank.fisher/MET9_0_1_nopython/external_libs/include -I/home/hank.fisher/MET9_0_1_nopython/external_libs/include -I/home/hank.fisher/MET9_0_1_nopython/external_libs/include -I/home/hank.fisher/MET9_0_1_nopython/external_libs/include -I/home/hank.fisher/MET9_0_1_nopython/external_libs/include -I/home/hank.fisher/MET9_0_1_nopython/external_libs/include -DBLOCK4 -DWITH_GRIB2 -DMET_BASE="\"/home/hank.fisher/MET9_0_1_nopython/share/met\""  -g -MT mode-plot_engine.o -MD -MP -MF .deps/mode-plot_engine.Tpo -c -o mode-plot_engine.o `test -f 'plot_engine.cc' || echo './'`plot_engine.cc
mv -f .deps/mode-plot_engine.Tpo .deps/mode-plot_engine.Po
/bin/g++ -DHAVE_CONFIG_H -I. -I../../../..  -I../../../../src/basic/vx_cal -I../../../../src/basic/vx_config -I../../../../src/basic/vx_log -I../../../../src/basic/vx_math -I../../../../src/basic/vx_util -I../../../../src/libcode/vx_afm -I../../../../src/libcode/vx_analysis_util -I../../../../src/libcode/vx_color -I../../../../src/libcode/vx_data2d -I../../../../src/libcode/vx_data2d_factory -I../../../../src/libcode/vx_data2d_grib -I../../../../src/libcode/vx_data2d_grib2 -I../../../../src/libcode/vx_data2d_nccf -I../../../../src/libcode/vx_data2d_nc_met -I../../../../src/libcode/vx_data2d_nc_pinterp -I../../../../src/libcode/vx_data2d_python -I../../../../src/libcode/vx_python3_utils -I../../../../src/libcode/vx_geodesy -I../../../../src/libcode/vx_gis -I../../../../src/libcode/vx_gnomon -I../../../../src/libcode/vx_grid -I../../../../src/libcode/vx_gsl_prob -I../../../../src/libcode/vx_nav -I../../../../src/libcode/vx_nc_obs -I../../../../src/libcode/vx_nc_util -I../../../../src/libcode/vx_pb_util -I../../../../src/libcode/vx_plot_util -I../../../../src/libcode/vx_ps -I../../../../src/libcode/vx_pxm -I../../../../src/libcode/vx_render -I../../../../src/libcode/vx_regrid -I../../../../src/libcode/vx_shapedata -I../../../../src/libcode/vx_solar -I../../../../src/libcode/vx_statistics -I../../../../src/libcode/vx_stat_out -I../../../../src/libcode/vx_summary -I../../../../src/libcode/vx_time_series -I../../../../src/libcode/vx_series_data -I../../../../src/libcode/vx_tc_util -I/home/hank.fisher/MET/external_libs/include -I/home/hank.fisher/MET9_0_1_nopython/external_libs/include -I/home/hank.fisher/MET9_0_1_nopython/external_libs/include -I/home/hank.fisher/MET9_0_1_nopython/external_libs/include -I/home/hank.fisher/MET9_0_1_nopython/external_libs/include -I/home/hank.fisher/MET9_0_1_nopython/external_libs/include -I/home/hank.fisher/MET9_0_1_nopython/external_libs/include -DBLOCK4 -DWITH_GRIB2 -DMET_BASE="\"/home/hank.fisher/MET9_0_1_nopython/share/met\""  -g -MT mode-page_1.o -MD -MP -MF .deps/mode-page_1.Tpo -c -o mode-page_1.o `test -f 'page_1.cc' || echo './'`page_1.cc
mv -f .deps/mode-page_1.Tpo .deps/mode-page_1.Po
/bin/g++ -DHAVE_CONFIG_H -I. -I../../../..  -I../../../../src/basic/vx_cal -I../../../../src/basic/vx_config -I../../../../src/basic/vx_log -I../../../../src/basic/vx_math -I../../../../src/basic/vx_util -I../../../../src/libcode/vx_afm -I../../../../src/libcode/vx_analysis_util -I../../../../src/libcode/vx_color -I../../../../src/libcode/vx_data2d -I../../../../src/libcode/vx_data2d_factory -I../../../../src/libcode/vx_data2d_grib -I../../../../src/libcode/vx_data2d_grib2 -I../../../../src/libcode/vx_data2d_nccf -I../../../../src/libcode/vx_data2d_nc_met -I../../../../src/libcode/vx_data2d_nc_pinterp -I../../../../src/libcode/vx_data2d_python -I../../../../src/libcode/vx_python3_utils -I../../../../src/libcode/vx_geodesy -I../../../../src/libcode/vx_gis -I../../../../src/libcode/vx_gnomon -I../../../../src/libcode/vx_grid -I../../../../src/libcode/vx_gsl_prob -I../../../../src/libcode/vx_nav -I../../../../src/libcode/vx_nc_obs -I../../../../src/libcode/vx_nc_util -I../../../../src/libcode/vx_pb_util -I../../../../src/libcode/vx_plot_util -I../../../../src/libcode/vx_ps -I../../../../src/libcode/vx_pxm -I../../../../src/libcode/vx_render -I../../../../src/libcode/vx_regrid -I../../../../src/libcode/vx_shapedata -I../../../../src/libcode/vx_solar -I../../../../src/libcode/vx_statistics -I../../../../src/libcode/vx_stat_out -I../../../../src/libcode/vx_summary -I../../../../src/libcode/vx_time_series -I../../../../src/libcode/vx_series_data -I../../../../src/libcode/vx_tc_util -I/home/hank.fisher/MET/external_libs/include -I/home/hank.fisher/MET9_0_1_nopython/external_libs/include -I/home/hank.fisher/MET9_0_1_nopython/external_libs/include -I/home/hank.fisher/MET9_0_1_nopython/external_libs/include -I/home/hank.fisher/MET9_0_1_nopython/external_libs/include -I/home/hank.fisher/MET9_0_1_nopython/external_libs/include -I/home/hank.fisher/MET9_0_1_nopython/external_libs/include -DBLOCK4 -DWITH_GRIB2 -DMET_BASE="\"/home/hank.fisher/MET9_0_1_nopython/share/met\""  -g -MT mode-fcst_enlarge_page.o -MD -MP -MF .deps/mode-fcst_enlarge_page.Tpo -c -o mode-fcst_enlarge_page.o `test -f 'fcst_enlarge_page.cc' || echo './'`fcst_enlarge_page.cc
mv -f .deps/mode-fcst_enlarge_page.Tpo .deps/mode-fcst_enlarge_page.Po
/bin/g++ -DHAVE_CONFIG_H -I. -I../../../..  -I../../../../src/basic/vx_cal -I../../../../src/basic/vx_config -I../../../../src/basic/vx_log -I../../../../src/basic/vx_math -I../../../../src/basic/vx_util -I../../../../src/libcode/vx_afm -I../../../../src/libcode/vx_analysis_util -I../../../../src/libcode/vx_color -I../../../../src/libcode/vx_data2d -I../../../../src/libcode/vx_data2d_factory -I../../../../src/libcode/vx_data2d_grib -I../../../../src/libcode/vx_data2d_grib2 -I../../../../src/libcode/vx_data2d_nccf -I../../../../src/libcode/vx_data2d_nc_met -I../../../../src/libcode/vx_data2d_nc_pinterp -I../../../../src/libcode/vx_data2d_python -I../../../../src/libcode/vx_python3_utils -I../../../../src/libcode/vx_geodesy -I../../../../src/libcode/vx_gis -I../../../../src/libcode/vx_gnomon -I../../../../src/libcode/vx_grid -I../../../../src/libcode/vx_gsl_prob -I../../../../src/libcode/vx_nav -I../../../../src/libcode/vx_nc_obs -I../../../../src/libcode/vx_nc_util -I../../../../src/libcode/vx_pb_util -I../../../../src/libcode/vx_plot_util -I../../../../src/libcode/vx_ps -I../../../../src/libcode/vx_pxm -I../../../../src/libcode/vx_render -I../../../../src/libcode/vx_regrid -I../../../../src/libcode/vx_shapedata -I../../../../src/libcode/vx_solar -I../../../../src/libcode/vx_statistics -I../../../../src/libcode/vx_stat_out -I../../../../src/libcode/vx_summary -I../../../../src/libcode/vx_time_series -I../../../../src/libcode/vx_series_data -I../../../../src/libcode/vx_tc_util -I/home/hank.fisher/MET/external_libs/include -I/home/hank.fisher/MET9_0_1_nopython/external_libs/include -I/home/hank.fisher/MET9_0_1_nopython/external_libs/include -I/home/hank.fisher/MET9_0_1_nopython/external_libs/include -I/home/hank.fisher/MET9_0_1_nopython/external_libs/include -I/home/hank.fisher/MET9_0_1_nopython/external_libs/include -I/home/hank.fisher/MET9_0_1_nopython/external_libs/include -DBLOCK4 -DWITH_GRIB2 -DMET_BASE="\"/home/hank.fisher/MET9_0_1_nopython/share/met\""  -g -MT mode-obs_enlarge_page.o -MD -MP -MF .deps/mode-obs_enlarge_page.Tpo -c -o mode-obs_enlarge_page.o `test -f 'obs_enlarge_page.cc' || echo './'`obs_enlarge_page.cc
mv -f .deps/mode-obs_enlarge_page.Tpo .deps/mode-obs_enlarge_page.Po
/bin/g++ -DHAVE_CONFIG_H -I. -I../../../..  -I../../../../src/basic/vx_cal -I../../../../src/basic/vx_config -I../../../../src/basic/vx_log -I../../../../src/basic/vx_math -I../../../../src/basic/vx_util -I../../../../src/libcode/vx_afm -I../../../../src/libcode/vx_analysis_util -I../../../../src/libcode/vx_color -I../../../../src/libcode/vx_data2d -I../../../../src/libcode/vx_data2d_factory -I../../../../src/libcode/vx_data2d_grib -I../../../../src/libcode/vx_data2d_grib2 -I../../../../src/libcode/vx_data2d_nccf -I../../../../src/libcode/vx_data2d_nc_met -I../../../../src/libcode/vx_data2d_nc_pinterp -I../../../../src/libcode/vx_data2d_python -I../../../../src/libcode/vx_python3_utils -I../../../../src/libcode/vx_geodesy -I../../../../src/libcode/vx_gis -I../../../../src/libcode/vx_gnomon -I../../../../src/libcode/vx_grid -I../../../../src/libcode/vx_gsl_prob -I../../../../src/libcode/vx_nav -I../../../../src/libcode/vx_nc_obs -I../../../../src/libcode/vx_nc_util -I../../../../src/libcode/vx_pb_util -I../../../../src/libcode/vx_plot_util -I../../../../src/libcode/vx_ps -I../../../../src/libcode/vx_pxm -I../../../../src/libcode/vx_render -I../../../../src/libcode/vx_regrid -I../../../../src/libcode/vx_shapedata -I../../../../src/libcode/vx_solar -I../../../../src/libcode/vx_statistics -I../../../../src/libcode/vx_stat_out -I../../../../src/libcode/vx_summary -I../../../../src/libcode/vx_time_series -I../../../../src/libcode/vx_series_data -I../../../../src/libcode/vx_tc_util -I/home/hank.fisher/MET/external_libs/include -I/home/hank.fisher/MET9_0_1_nopython/external_libs/include -I/home/hank.fisher/MET9_0_1_nopython/external_libs/include -I/home/hank.fisher/MET9_0_1_nopython/external_libs/include -I/home/hank.fisher/MET9_0_1_nopython/external_libs/include -I/home/hank.fisher/MET9_0_1_nopython/external_libs/include -I/home/hank.fisher/MET9_0_1_nopython/external_libs/include -DBLOCK4 -DWITH_GRIB2 -DMET_BASE="\"/home/hank.fisher/MET9_0_1_nopython/share/met\""  -g -MT mode-cluster_page.o -MD -MP -MF .deps/mode-cluster_page.Tpo -c -o mode-cluster_page.o `test -f 'cluster_page.cc' || echo './'`cluster_page.cc
mv -f .deps/mode-cluster_page.Tpo .deps/mode-cluster_page.Po
/bin/g++ -DHAVE_CONFIG_H -I. -I../../../..  -I../../../../src/basic/vx_cal -I../../../../src/basic/vx_config -I../../../../src/basic/vx_log -I../../../../src/basic/vx_math -I../../../../src/basic/vx_util -I../../../../src/libcode/vx_afm -I../../../../src/libcode/vx_analysis_util -I../../../../src/libcode/vx_color -I../../../../src/libcode/vx_data2d -I../../../../src/libcode/vx_data2d_factory -I../../../../src/libcode/vx_data2d_grib -I../../../../src/libcode/vx_data2d_grib2 -I../../../../src/libcode/vx_data2d_nccf -I../../../../src/libcode/vx_data2d_nc_met -I../../../../src/libcode/vx_data2d_nc_pinterp -I../../../../src/libcode/vx_data2d_python -I../../../../src/libcode/vx_python3_utils -I../../../../src/libcode/vx_geodesy -I../../../../src/libcode/vx_gis -I../../../../src/libcode/vx_gnomon -I../../../../src/libcode/vx_grid -I../../../../src/libcode/vx_gsl_prob -I../../../../src/libcode/vx_nav -I../../../../src/libcode/vx_nc_obs -I../../../../src/libcode/vx_nc_util -I../../../../src/libcode/vx_pb_util -I../../../../src/libcode/vx_plot_util -I../../../../src/libcode/vx_ps -I../../../../src/libcode/vx_pxm -I../../../../src/libcode/vx_render -I../../../../src/libcode/vx_regrid -I../../../../src/libcode/vx_shapedata -I../../../../src/libcode/vx_solar -I../../../../src/libcode/vx_statistics -I../../../../src/libcode/vx_stat_out -I../../../../src/libcode/vx_summary -I../../../../src/libcode/vx_time_series -I../../../../src/libcode/vx_series_data -I../../../../src/libcode/vx_tc_util -I/home/hank.fisher/MET/external_libs/include -I/home/hank.fisher/MET9_0_1_nopython/external_libs/include -I/home/hank.fisher/MET9_0_1_nopython/external_libs/include -I/home/hank.fisher/MET9_0_1_nopython/external_libs/include -I/home/hank.fisher/MET9_0_1_nopython/external_libs/include -I/home/hank.fisher/MET9_0_1_nopython/external_libs/include -I/home/hank.fisher/MET9_0_1_nopython/external_libs/include -DBLOCK4 -DWITH_GRIB2 -DMET_BASE="\"/home/hank.fisher/MET9_0_1_nopython/share/met\""  -g -MT mode-overlap_page.o -MD -MP -MF .deps/mode-overlap_page.Tpo -c -o mode-overlap_page.o `test -f 'overlap_page.cc' || echo './'`overlap_page.cc
mv -f .deps/mode-overlap_page.Tpo .deps/mode-overlap_page.Po
/bin/g++ -DHAVE_CONFIG_H -I. -I../../../..  -I../../../../src/basic/vx_cal -I../../../../src/basic/vx_config -I../../../../src/basic/vx_log -I../../../../src/basic/vx_math -I../../../../src/basic/vx_util -I../../../../src/libcode/vx_afm -I../../../../src/libcode/vx_analysis_util -I../../../../src/libcode/vx_color -I../../../../src/libcode/vx_data2d -I../../../../src/libcode/vx_data2d_factory -I../../../../src/libcode/vx_data2d_grib -I../../../../src/libcode/vx_data2d_grib2 -I../../../../src/libcode/vx_data2d_nccf -I../../../../src/libcode/vx_data2d_nc_met -I../../../../src/libcode/vx_data2d_nc_pinterp -I../../../../src/libcode/vx_data2d_python -I../../../../src/libcode/vx_python3_utils -I../../../../src/libcode/vx_geodesy -I../../../../src/libcode/vx_gis -I../../../../src/libcode/vx_gnomon -I../../../../src/libcode/vx_grid -I../../../../src/libcode/vx_gsl_prob -I../../../../src/libcode/vx_nav -I../../../../src/libcode/vx_nc_obs -I../../../../src/libcode/vx_nc_util -I../../../../src/libcode/vx_pb_util -I../../../../src/libcode/vx_plot_util -I../../../../src/libcode/vx_ps -I../../../../src/libcode/vx_pxm -I../../../../src/libcode/vx_render -I../../../../src/libcode/vx_regrid -I../../../../src/libcode/vx_shapedata -I../../../../src/libcode/vx_solar -I../../../../src/libcode/vx_statistics -I../../../../src/libcode/vx_stat_out -I../../../../src/libcode/vx_summary -I../../../../src/libcode/vx_time_series -I../../../../src/libcode/vx_series_data -I../../../../src/libcode/vx_tc_util -I/home/hank.fisher/MET/external_libs/include -I/home/hank.fisher/MET9_0_1_nopython/external_libs/include -I/home/hank.fisher/MET9_0_1_nopython/external_libs/include -I/home/hank.fisher/MET9_0_1_nopython/external_libs/include -I/home/hank.fisher/MET9_0_1_nopython/external_libs/include -I/home/hank.fisher/MET9_0_1_nopython/external_libs/include -I/home/hank.fisher/MET9_0_1_nopython/external_libs/include -DBLOCK4 -DWITH_GRIB2 -DMET_BASE="\"/home/hank.fisher/MET9_0_1_nopython/share/met\""  -g -MT mode-mode_exec.o -MD -MP -MF .deps/mode-mode_exec.Tpo -c -o mode-mode_exec.o `test -f 'mode_exec.cc' || echo './'`mode_exec.cc
mv -f .deps/mode-mode_exec.Tpo .deps/mode-mode_exec.Po
/bin/g++  -g -L../../../../src/basic/vx_cal -L../../../../src/basic/vx_config -L../../../../src/basic/vx_log -L../../../../src/basic/vx_math -L../../../../src/basic/vx_util -L../../../../src/libcode/vx_afm -L../../../../src/libcode/vx_analysis_util -L../../../../src/libcode/vx_color -L../../../../src/libcode/vx_data2d -L../../../../src/libcode/vx_data2d_factory -L../../../../src/libcode/vx_data2d_grib -L../../../../src/libcode/vx_data2d_grib2 -L../../../../src/libcode/vx_data2d_nccf -L../../../../src/libcode/vx_data2d_nc_met -L../../../../src/libcode/vx_data2d_nc_pinterp -L../../../../src/libcode/vx_data2d_python -L../../../../src/libcode/vx_python3_utils -L../../../../src/libcode/vx_geodesy -L../../../../src/libcode/vx_gis -L../../../../src/libcode/vx_gnomon -L../../../../src/libcode/vx_grid -L../../../../src/libcode/vx_gsl_prob -L../../../../src/libcode/vx_nav -L../../../../src/libcode/vx_nc_obs -L../../../../src/libcode/vx_nc_util -L../../../../src/libcode/vx_pb_util -L../../../../src/libcode/vx_plot_util -L../../../../src/libcode/vx_ps -L../../../../src/libcode/vx_pxm -L../../../../src/libcode/vx_render -L../../../../src/libcode/vx_regrid -L../../../../src/libcode/vx_shapedata -L../../../../src/libcode/vx_solar -L../../../../src/libcode/vx_statistics -L../../../../src/libcode/vx_stat_out -L../../../../src/libcode/vx_summary -L../../../../src/libcode/vx_time_series -L../../../../src/libcode/vx_series_data -L../../../../src/libcode/vx_tc_util -Wl,--disable-new-dtags -Wl,-rpath,/home/hank.fisher/MET9_0_1_nopython/external_libs/lib:/home/hank.fisher/MET9_0_1_nopython/external_libs/lib:/home/hank.fisher/MET9_0_1_nopython/external_libs/lib:/home/hank.fisher/MET9_0_1_nopython/external_libs/lib::/lib -Wl,-rpath,:: -L -L/home/hank.fisher/MET9_0_1_nopython/external_libs/lib -L/home/hank.fisher/MET9_0_1_nopython/external_libs/lib -L/home/hank.fisher/MET9_0_1_nopython/external_libs/lib -L/home/hank.fisher/MET9_0_1_nopython/external_libs/lib -L/home/hank.fisher/MET9_0_1_nopython/external_libs/lib -L/home/hank.fisher/MET9_0_1_nopython/external_libs/lib -L/home/hank.fisher/MET9_0_1_nopython/external_libs/lib -L/home/hank.fisher/MET9_0_1_nopython/external_libs/lib -o mode mode-mode.o mode-mode_ps_file.o mode-plot_engine.o mode-page_1.o mode-fcst_enlarge_page.o mode-obs_enlarge_page.o mode-cluster_page.o mode-overlap_page.o mode-mode_exec.o -lvx_pxm -lvx_plot_util -lvx_nav -lvx_render -lvx_ps -lvx_afm -lvx_stat_out -lvx_statistics -lvx_shapedata -lvx_gsl_prob -lvx_analysis_util -lvx_data2d_factory -lvx_data2d_nc_met -lvx_data2d_grib -lvx_data2d_grib2 -lgrib2c -ljasper -lpng -lz -lvx_data2d_nc_pinterp  -lvx_data2d_nccf -lvx_data2d -lvx_nc_util -lvx_regrid -lvx_grid -lvx_config -lvx_cal -lvx_util -lvx_math -lvx_color -lvx_log -lm -lnetcdf_c++4 -lnetcdf -lgsl -lgslcblas -lz 
/home/hank.fisher/MET9_0_1_nopython/external_libs/lib/libjasper.a(jas_stream.o): In function `jas_stream_tmpfile':
/home/hank.fisher/MET9_0_1_nopython/external_libs/jasper/jasper-1.900.1/src/libjasper/base/jas_stream.c:368: warning: the use of `tmpnam' is dangerous, better use `mkstemp'
make[5]: Leaving directory `/home/hank.fisher/MET9_0_1_nopython/met-9.0.1/src/tools/core/mode'
Making all in mode_analysis
make[5]: Entering directory `/home/hank.fisher/MET9_0_1_nopython/met-9.0.1/src/tools/core/mode_analysis'
/bin/g++ -DHAVE_CONFIG_H -I. -I../../../..  -I../../../../src/basic/vx_cal -I../../../../src/basic/vx_config -I../../../../src/basic/vx_log -I../../../../src/basic/vx_math -I../../../../src/basic/vx_util -I../../../../src/libcode/vx_afm -I../../../../src/libcode/vx_analysis_util -I../../../../src/libcode/vx_color -I../../../../src/libcode/vx_data2d -I../../../../src/libcode/vx_data2d_factory -I../../../../src/libcode/vx_data2d_grib -I../../../../src/libcode/vx_data2d_grib2 -I../../../../src/libcode/vx_data2d_nccf -I../../../../src/libcode/vx_data2d_nc_met -I../../../../src/libcode/vx_data2d_nc_pinterp -I../../../../src/libcode/vx_data2d_python -I../../../../src/libcode/vx_python3_utils -I../../../../src/libcode/vx_geodesy -I../../../../src/libcode/vx_gis -I../../../../src/libcode/vx_gnomon -I../../../../src/libcode/vx_grid -I../../../../src/libcode/vx_gsl_prob -I../../../../src/libcode/vx_nav -I../../../../src/libcode/vx_nc_obs -I../../../../src/libcode/vx_nc_util -I../../../../src/libcode/vx_pb_util -I../../../../src/libcode/vx_plot_util -I../../../../src/libcode/vx_ps -I../../../../src/libcode/vx_pxm -I../../../../src/libcode/vx_render -I../../../../src/libcode/vx_regrid -I../../../../src/libcode/vx_shapedata -I../../../../src/libcode/vx_solar -I../../../../src/libcode/vx_statistics -I../../../../src/libcode/vx_stat_out -I../../../../src/libcode/vx_summary -I../../../../src/libcode/vx_time_series -I../../../../src/libcode/vx_series_data -I../../../../src/libcode/vx_tc_util -I/home/hank.fisher/MET/external_libs/include -I/home/hank.fisher/MET9_0_1_nopython/external_libs/include -I/home/hank.fisher/MET9_0_1_nopython/external_libs/include -I/home/hank.fisher/MET9_0_1_nopython/external_libs/include -I/home/hank.fisher/MET9_0_1_nopython/external_libs/include -I/home/hank.fisher/MET9_0_1_nopython/external_libs/include -I/home/hank.fisher/MET9_0_1_nopython/external_libs/include -DBLOCK4 -DWITH_GRIB2 -DMET_BASE="\"/home/hank.fisher/MET9_0_1_nopython/share/met\""  -g -MT mode_analysis-mode_analysis.o -MD -MP -MF .deps/mode_analysis-mode_analysis.Tpo -c -o mode_analysis-mode_analysis.o `test -f 'mode_analysis.cc' || echo './'`mode_analysis.cc
mv -f .deps/mode_analysis-mode_analysis.Tpo .deps/mode_analysis-mode_analysis.Po
/bin/g++ -DHAVE_CONFIG_H -I. -I../../../..  -I../../../../src/basic/vx_cal -I../../../../src/basic/vx_config -I../../../../src/basic/vx_log -I../../../../src/basic/vx_math -I../../../../src/basic/vx_util -I../../../../src/libcode/vx_afm -I../../../../src/libcode/vx_analysis_util -I../../../../src/libcode/vx_color -I../../../../src/libcode/vx_data2d -I../../../../src/libcode/vx_data2d_factory -I../../../../src/libcode/vx_data2d_grib -I../../../../src/libcode/vx_data2d_grib2 -I../../../../src/libcode/vx_data2d_nccf -I../../../../src/libcode/vx_data2d_nc_met -I../../../../src/libcode/vx_data2d_nc_pinterp -I../../../../src/libcode/vx_data2d_python -I../../../../src/libcode/vx_python3_utils -I../../../../src/libcode/vx_geodesy -I../../../../src/libcode/vx_gis -I../../../../src/libcode/vx_gnomon -I../../../../src/libcode/vx_grid -I../../../../src/libcode/vx_gsl_prob -I../../../../src/libcode/vx_nav -I../../../../src/libcode/vx_nc_obs -I../../../../src/libcode/vx_nc_util -I../../../../src/libcode/vx_pb_util -I../../../../src/libcode/vx_plot_util -I../../../../src/libcode/vx_ps -I../../../../src/libcode/vx_pxm -I../../../../src/libcode/vx_render -I../../../../src/libcode/vx_regrid -I../../../../src/libcode/vx_shapedata -I../../../../src/libcode/vx_solar -I../../../../src/libcode/vx_statistics -I../../../../src/libcode/vx_stat_out -I../../../../src/libcode/vx_summary -I../../../../src/libcode/vx_time_series -I../../../../src/libcode/vx_series_data -I../../../../src/libcode/vx_tc_util -I/home/hank.fisher/MET/external_libs/include -I/home/hank.fisher/MET9_0_1_nopython/external_libs/include -I/home/hank.fisher/MET9_0_1_nopython/external_libs/include -I/home/hank.fisher/MET9_0_1_nopython/external_libs/include -I/home/hank.fisher/MET9_0_1_nopython/external_libs/include -I/home/hank.fisher/MET9_0_1_nopython/external_libs/include -I/home/hank.fisher/MET9_0_1_nopython/external_libs/include -DBLOCK4 -DWITH_GRIB2 -DMET_BASE="\"/home/hank.fisher/MET9_0_1_nopython/share/met\""  -g -MT mode_analysis-config_to_att.o -MD -MP -MF .deps/mode_analysis-config_to_att.Tpo -c -o mode_analysis-config_to_att.o `test -f 'config_to_att.cc' || echo './'`config_to_att.cc
mv -f .deps/mode_analysis-config_to_att.Tpo .deps/mode_analysis-config_to_att.Po
/bin/g++  -g -L../../../../src/basic/vx_cal -L../../../../src/basic/vx_config -L../../../../src/basic/vx_log -L../../../../src/basic/vx_math -L../../../../src/basic/vx_util -L../../../../src/libcode/vx_afm -L../../../../src/libcode/vx_analysis_util -L../../../../src/libcode/vx_color -L../../../../src/libcode/vx_data2d -L../../../../src/libcode/vx_data2d_factory -L../../../../src/libcode/vx_data2d_grib -L../../../../src/libcode/vx_data2d_grib2 -L../../../../src/libcode/vx_data2d_nccf -L../../../../src/libcode/vx_data2d_nc_met -L../../../../src/libcode/vx_data2d_nc_pinterp -L../../../../src/libcode/vx_data2d_python -L../../../../src/libcode/vx_python3_utils -L../../../../src/libcode/vx_geodesy -L../../../../src/libcode/vx_gis -L../../../../src/libcode/vx_gnomon -L../../../../src/libcode/vx_grid -L../../../../src/libcode/vx_gsl_prob -L../../../../src/libcode/vx_nav -L../../../../src/libcode/vx_nc_obs -L../../../../src/libcode/vx_nc_util -L../../../../src/libcode/vx_pb_util -L../../../../src/libcode/vx_plot_util -L../../../../src/libcode/vx_ps -L../../../../src/libcode/vx_pxm -L../../../../src/libcode/vx_render -L../../../../src/libcode/vx_regrid -L../../../../src/libcode/vx_shapedata -L../../../../src/libcode/vx_solar -L../../../../src/libcode/vx_statistics -L../../../../src/libcode/vx_stat_out -L../../../../src/libcode/vx_summary -L../../../../src/libcode/vx_time_series -L../../../../src/libcode/vx_series_data -L../../../../src/libcode/vx_tc_util -Wl,--disable-new-dtags -Wl,-rpath,/home/hank.fisher/MET9_0_1_nopython/external_libs/lib:/home/hank.fisher/MET9_0_1_nopython/external_libs/lib:/home/hank.fisher/MET9_0_1_nopython/external_libs/lib:/home/hank.fisher/MET9_0_1_nopython/external_libs/lib::/lib -Wl,-rpath,:: -L -L/home/hank.fisher/MET9_0_1_nopython/external_libs/lib -L/home/hank.fisher/MET9_0_1_nopython/external_libs/lib -L/home/hank.fisher/MET9_0_1_nopython/external_libs/lib -L/home/hank.fisher/MET9_0_1_nopython/external_libs/lib -L/home/hank.fisher/MET9_0_1_nopython/external_libs/lib -L/home/hank.fisher/MET9_0_1_nopython/external_libs/lib -L/home/hank.fisher/MET9_0_1_nopython/external_libs/lib -L/home/hank.fisher/MET9_0_1_nopython/external_libs/lib  -o mode_analysis mode_analysis-mode_analysis.o mode_analysis-config_to_att.o -lvx_stat_out -lvx_statistics -lvx_shapedata -lvx_gsl_prob -lvx_analysis_util -lvx_shapedata -lvx_data2d_factory -lvx_data2d_nc_met -lvx_data2d_nc_pinterp  -lvx_data2d_nccf -lvx_data2d_grib -lvx_data2d_grib2 -lgrib2c -ljasper -lpng -lz -lvx_data2d -lvx_nc_util -lvx_grid -lvx_config -lvx_gsl_prob -lvx_cal -lvx_util -lvx_math -lvx_color -lvx_log -lm -lnetcdf_c++4 -lnetcdf -lgsl -lgslcblas -lvx_util  
make[5]: Leaving directory `/home/hank.fisher/MET9_0_1_nopython/met-9.0.1/src/tools/core/mode_analysis'
Making all in pcp_combine
make[5]: Entering directory `/home/hank.fisher/MET9_0_1_nopython/met-9.0.1/src/tools/core/pcp_combine'
/bin/g++ -DHAVE_CONFIG_H -I. -I../../../..  -I../../../../src/basic/vx_cal -I../../../../src/basic/vx_config -I../../../../src/basic/vx_log -I../../../../src/basic/vx_math -I../../../../src/basic/vx_util -I../../../../src/libcode/vx_afm -I../../../../src/libcode/vx_analysis_util -I../../../../src/libcode/vx_color -I../../../../src/libcode/vx_data2d -I../../../../src/libcode/vx_data2d_factory -I../../../../src/libcode/vx_data2d_grib -I../../../../src/libcode/vx_data2d_grib2 -I../../../../src/libcode/vx_data2d_nccf -I../../../../src/libcode/vx_data2d_nc_met -I../../../../src/libcode/vx_data2d_nc_pinterp -I../../../../src/libcode/vx_data2d_python -I../../../../src/libcode/vx_python3_utils -I../../../../src/libcode/vx_geodesy -I../../../../src/libcode/vx_gis -I../../../../src/libcode/vx_gnomon -I../../../../src/libcode/vx_grid -I../../../../src/libcode/vx_gsl_prob -I../../../../src/libcode/vx_nav -I../../../../src/libcode/vx_nc_obs -I../../../../src/libcode/vx_nc_util -I../../../../src/libcode/vx_pb_util -I../../../../src/libcode/vx_plot_util -I../../../../src/libcode/vx_ps -I../../../../src/libcode/vx_pxm -I../../../../src/libcode/vx_render -I../../../../src/libcode/vx_regrid -I../../../../src/libcode/vx_shapedata -I../../../../src/libcode/vx_solar -I../../../../src/libcode/vx_statistics -I../../../../src/libcode/vx_stat_out -I../../../../src/libcode/vx_summary -I../../../../src/libcode/vx_time_series -I../../../../src/libcode/vx_series_data -I../../../../src/libcode/vx_tc_util -I/home/hank.fisher/MET/external_libs/include -I/home/hank.fisher/MET9_0_1_nopython/external_libs/include -I/home/hank.fisher/MET9_0_1_nopython/external_libs/include -I/home/hank.fisher/MET9_0_1_nopython/external_libs/include -I/home/hank.fisher/MET9_0_1_nopython/external_libs/include -I/home/hank.fisher/MET9_0_1_nopython/external_libs/include -I/home/hank.fisher/MET9_0_1_nopython/external_libs/include -DBLOCK4 -DWITH_GRIB2 -DMET_BASE="\"/home/hank.fisher/MET9_0_1_nopython/share/met\""  -g -MT pcp_combine-pcp_combine.o -MD -MP -MF .deps/pcp_combine-pcp_combine.Tpo -c -o pcp_combine-pcp_combine.o `test -f 'pcp_combine.cc' || echo './'`pcp_combine.cc
mv -f .deps/pcp_combine-pcp_combine.Tpo .deps/pcp_combine-pcp_combine.Po
/bin/g++  -g -L../../../../src/basic/vx_cal -L../../../../src/basic/vx_config -L../../../../src/basic/vx_log -L../../../../src/basic/vx_math -L../../../../src/basic/vx_util -L../../../../src/libcode/vx_afm -L../../../../src/libcode/vx_analysis_util -L../../../../src/libcode/vx_color -L../../../../src/libcode/vx_data2d -L../../../../src/libcode/vx_data2d_factory -L../../../../src/libcode/vx_data2d_grib -L../../../../src/libcode/vx_data2d_grib2 -L../../../../src/libcode/vx_data2d_nccf -L../../../../src/libcode/vx_data2d_nc_met -L../../../../src/libcode/vx_data2d_nc_pinterp -L../../../../src/libcode/vx_data2d_python -L../../../../src/libcode/vx_python3_utils -L../../../../src/libcode/vx_geodesy -L../../../../src/libcode/vx_gis -L../../../../src/libcode/vx_gnomon -L../../../../src/libcode/vx_grid -L../../../../src/libcode/vx_gsl_prob -L../../../../src/libcode/vx_nav -L../../../../src/libcode/vx_nc_obs -L../../../../src/libcode/vx_nc_util -L../../../../src/libcode/vx_pb_util -L../../../../src/libcode/vx_plot_util -L../../../../src/libcode/vx_ps -L../../../../src/libcode/vx_pxm -L../../../../src/libcode/vx_render -L../../../../src/libcode/vx_regrid -L../../../../src/libcode/vx_shapedata -L../../../../src/libcode/vx_solar -L../../../../src/libcode/vx_statistics -L../../../../src/libcode/vx_stat_out -L../../../../src/libcode/vx_summary -L../../../../src/libcode/vx_time_series -L../../../../src/libcode/vx_series_data -L../../../../src/libcode/vx_tc_util -Wl,--disable-new-dtags -Wl,-rpath,/home/hank.fisher/MET9_0_1_nopython/external_libs/lib:/home/hank.fisher/MET9_0_1_nopython/external_libs/lib:/home/hank.fisher/MET9_0_1_nopython/external_libs/lib:/home/hank.fisher/MET9_0_1_nopython/external_libs/lib::/lib -Wl,-rpath,:: -L -L/home/hank.fisher/MET9_0_1_nopython/external_libs/lib -L/home/hank.fisher/MET9_0_1_nopython/external_libs/lib -L/home/hank.fisher/MET9_0_1_nopython/external_libs/lib -L/home/hank.fisher/MET9_0_1_nopython/external_libs/lib -L/home/hank.fisher/MET9_0_1_nopython/external_libs/lib -L/home/hank.fisher/MET9_0_1_nopython/external_libs/lib -L/home/hank.fisher/MET9_0_1_nopython/external_libs/lib -L/home/hank.fisher/MET9_0_1_nopython/external_libs/lib -o pcp_combine pcp_combine-pcp_combine.o -lvx_data2d_factory -lvx_data2d_nc_met -lvx_data2d_grib -lvx_data2d_grib2 -lgrib2c -ljasper -lpng -lz -lvx_data2d_nc_pinterp  -lvx_data2d_nccf -lvx_data2d -lvx_nc_util -lvx_grid -lvx_config -lvx_cal -lvx_util -lvx_gsl_prob -lvx_math -lvx_color -lvx_log -lm -lnetcdf_c++4 -lnetcdf -lgsl -lgslcblas 
/home/hank.fisher/MET9_0_1_nopython/external_libs/lib/libjasper.a(jas_stream.o): In function `jas_stream_tmpfile':
/home/hank.fisher/MET9_0_1_nopython/external_libs/jasper/jasper-1.900.1/src/libjasper/base/jas_stream.c:368: warning: the use of `tmpnam' is dangerous, better use `mkstemp'
make[5]: Leaving directory `/home/hank.fisher/MET9_0_1_nopython/met-9.0.1/src/tools/core/pcp_combine'
Making all in point_stat
make[5]: Entering directory `/home/hank.fisher/MET9_0_1_nopython/met-9.0.1/src/tools/core/point_stat'
/bin/g++ -DHAVE_CONFIG_H -I. -I../../../..  -I../../../../src/basic/vx_cal -I../../../../src/basic/vx_config -I../../../../src/basic/vx_log -I../../../../src/basic/vx_math -I../../../../src/basic/vx_util -I../../../../src/libcode/vx_afm -I../../../../src/libcode/vx_analysis_util -I../../../../src/libcode/vx_color -I../../../../src/libcode/vx_data2d -I../../../../src/libcode/vx_data2d_factory -I../../../../src/libcode/vx_data2d_grib -I../../../../src/libcode/vx_data2d_grib2 -I../../../../src/libcode/vx_data2d_nccf -I../../../../src/libcode/vx_data2d_nc_met -I../../../../src/libcode/vx_data2d_nc_pinterp -I../../../../src/libcode/vx_data2d_python -I../../../../src/libcode/vx_python3_utils -I../../../../src/libcode/vx_geodesy -I../../../../src/libcode/vx_gis -I../../../../src/libcode/vx_gnomon -I../../../../src/libcode/vx_grid -I../../../../src/libcode/vx_gsl_prob -I../../../../src/libcode/vx_nav -I../../../../src/libcode/vx_nc_obs -I../../../../src/libcode/vx_nc_util -I../../../../src/libcode/vx_pb_util -I../../../../src/libcode/vx_plot_util -I../../../../src/libcode/vx_ps -I../../../../src/libcode/vx_pxm -I../../../../src/libcode/vx_render -I../../../../src/libcode/vx_regrid -I../../../../src/libcode/vx_shapedata -I../../../../src/libcode/vx_solar -I../../../../src/libcode/vx_statistics -I../../../../src/libcode/vx_stat_out -I../../../../src/libcode/vx_summary -I../../../../src/libcode/vx_time_series -I../../../../src/libcode/vx_series_data -I../../../../src/libcode/vx_tc_util -I/home/hank.fisher/MET/external_libs/include -I/home/hank.fisher/MET9_0_1_nopython/external_libs/include -I/home/hank.fisher/MET9_0_1_nopython/external_libs/include -I/home/hank.fisher/MET9_0_1_nopython/external_libs/include -I/home/hank.fisher/MET9_0_1_nopython/external_libs/include -I/home/hank.fisher/MET9_0_1_nopython/external_libs/include -I/home/hank.fisher/MET9_0_1_nopython/external_libs/include -DBLOCK4 -DWITH_GRIB2 -DMET_BASE="\"/home/hank.fisher/MET9_0_1_nopython/share/met\""  -g -MT point_stat-point_stat.o -MD -MP -MF .deps/point_stat-point_stat.Tpo -c -o point_stat-point_stat.o `test -f 'point_stat.cc' || echo './'`point_stat.cc
mv -f .deps/point_stat-point_stat.Tpo .deps/point_stat-point_stat.Po
/bin/g++ -DHAVE_CONFIG_H -I. -I../../../..  -I../../../../src/basic/vx_cal -I../../../../src/basic/vx_config -I../../../../src/basic/vx_log -I../../../../src/basic/vx_math -I../../../../src/basic/vx_util -I../../../../src/libcode/vx_afm -I../../../../src/libcode/vx_analysis_util -I../../../../src/libcode/vx_color -I../../../../src/libcode/vx_data2d -I../../../../src/libcode/vx_data2d_factory -I../../../../src/libcode/vx_data2d_grib -I../../../../src/libcode/vx_data2d_grib2 -I../../../../src/libcode/vx_data2d_nccf -I../../../../src/libcode/vx_data2d_nc_met -I../../../../src/libcode/vx_data2d_nc_pinterp -I../../../../src/libcode/vx_data2d_python -I../../../../src/libcode/vx_python3_utils -I../../../../src/libcode/vx_geodesy -I../../../../src/libcode/vx_gis -I../../../../src/libcode/vx_gnomon -I../../../../src/libcode/vx_grid -I../../../../src/libcode/vx_gsl_prob -I../../../../src/libcode/vx_nav -I../../../../src/libcode/vx_nc_obs -I../../../../src/libcode/vx_nc_util -I../../../../src/libcode/vx_pb_util -I../../../../src/libcode/vx_plot_util -I../../../../src/libcode/vx_ps -I../../../../src/libcode/vx_pxm -I../../../../src/libcode/vx_render -I../../../../src/libcode/vx_regrid -I../../../../src/libcode/vx_shapedata -I../../../../src/libcode/vx_solar -I../../../../src/libcode/vx_statistics -I../../../../src/libcode/vx_stat_out -I../../../../src/libcode/vx_summary -I../../../../src/libcode/vx_time_series -I../../../../src/libcode/vx_series_data -I../../../../src/libcode/vx_tc_util -I/home/hank.fisher/MET/external_libs/include -I/home/hank.fisher/MET9_0_1_nopython/external_libs/include -I/home/hank.fisher/MET9_0_1_nopython/external_libs/include -I/home/hank.fisher/MET9_0_1_nopython/external_libs/include -I/home/hank.fisher/MET9_0_1_nopython/external_libs/include -I/home/hank.fisher/MET9_0_1_nopython/external_libs/include -I/home/hank.fisher/MET9_0_1_nopython/external_libs/include -DBLOCK4 -DWITH_GRIB2 -DMET_BASE="\"/home/hank.fisher/MET9_0_1_nopython/share/met\""  -g -MT point_stat-point_stat_conf_info.o -MD -MP -MF .deps/point_stat-point_stat_conf_info.Tpo -c -o point_stat-point_stat_conf_info.o `test -f 'point_stat_conf_info.cc' || echo './'`point_stat_conf_info.cc
mv -f .deps/point_stat-point_stat_conf_info.Tpo .deps/point_stat-point_stat_conf_info.Po
/bin/g++  -g -L../../../../src/basic/vx_cal -L../../../../src/basic/vx_config -L../../../../src/basic/vx_log -L../../../../src/basic/vx_math -L../../../../src/basic/vx_util -L../../../../src/libcode/vx_afm -L../../../../src/libcode/vx_analysis_util -L../../../../src/libcode/vx_color -L../../../../src/libcode/vx_data2d -L../../../../src/libcode/vx_data2d_factory -L../../../../src/libcode/vx_data2d_grib -L../../../../src/libcode/vx_data2d_grib2 -L../../../../src/libcode/vx_data2d_nccf -L../../../../src/libcode/vx_data2d_nc_met -L../../../../src/libcode/vx_data2d_nc_pinterp -L../../../../src/libcode/vx_data2d_python -L../../../../src/libcode/vx_python3_utils -L../../../../src/libcode/vx_geodesy -L../../../../src/libcode/vx_gis -L../../../../src/libcode/vx_gnomon -L../../../../src/libcode/vx_grid -L../../../../src/libcode/vx_gsl_prob -L../../../../src/libcode/vx_nav -L../../../../src/libcode/vx_nc_obs -L../../../../src/libcode/vx_nc_util -L../../../../src/libcode/vx_pb_util -L../../../../src/libcode/vx_plot_util -L../../../../src/libcode/vx_ps -L../../../../src/libcode/vx_pxm -L../../../../src/libcode/vx_render -L../../../../src/libcode/vx_regrid -L../../../../src/libcode/vx_shapedata -L../../../../src/libcode/vx_solar -L../../../../src/libcode/vx_statistics -L../../../../src/libcode/vx_stat_out -L../../../../src/libcode/vx_summary -L../../../../src/libcode/vx_time_series -L../../../../src/libcode/vx_series_data -L../../../../src/libcode/vx_tc_util -Wl,--disable-new-dtags -Wl,-rpath,/home/hank.fisher/MET9_0_1_nopython/external_libs/lib:/home/hank.fisher/MET9_0_1_nopython/external_libs/lib:/home/hank.fisher/MET9_0_1_nopython/external_libs/lib:/home/hank.fisher/MET9_0_1_nopython/external_libs/lib::/lib -Wl,-rpath,:: -L -L/home/hank.fisher/MET9_0_1_nopython/external_libs/lib -L/home/hank.fisher/MET9_0_1_nopython/external_libs/lib -L/home/hank.fisher/MET9_0_1_nopython/external_libs/lib -L/home/hank.fisher/MET9_0_1_nopython/external_libs/lib -L/home/hank.fisher/MET9_0_1_nopython/external_libs/lib -L/home/hank.fisher/MET9_0_1_nopython/external_libs/lib -L/home/hank.fisher/MET9_0_1_nopython/external_libs/lib -L/home/hank.fisher/MET9_0_1_nopython/external_libs/lib -o point_stat point_stat-point_stat.o point_stat-point_stat_conf_info.o -lvx_stat_out -lvx_statistics -lvx_shapedata -lvx_gsl_prob -lvx_analysis_util -lvx_data2d_factory -lvx_data2d_nc_met -lvx_data2d_grib -lvx_data2d_grib2 -lgrib2c -ljasper -lpng -lz -lvx_data2d_nc_pinterp  -lvx_data2d_nccf -lvx_data2d -lvx_nc_obs -lvx_nc_util -lvx_regrid -lvx_grid -lvx_config -lvx_cal -lvx_util -lvx_math -lvx_color -lvx_log -lm -lnetcdf_c++4 -lnetcdf -lgsl -lgslcblas 
/home/hank.fisher/MET9_0_1_nopython/external_libs/lib/libjasper.a(jas_stream.o): In function `jas_stream_tmpfile':
/home/hank.fisher/MET9_0_1_nopython/external_libs/jasper/jasper-1.900.1/src/libjasper/base/jas_stream.c:368: warning: the use of `tmpnam' is dangerous, better use `mkstemp'
make[5]: Leaving directory `/home/hank.fisher/MET9_0_1_nopython/met-9.0.1/src/tools/core/point_stat'
Making all in stat_analysis
make[5]: Entering directory `/home/hank.fisher/MET9_0_1_nopython/met-9.0.1/src/tools/core/stat_analysis'
/bin/g++ -DHAVE_CONFIG_H -I. -I../../../..  -I../../../../src/basic/vx_cal -I../../../../src/basic/vx_config -I../../../../src/basic/vx_log -I../../../../src/basic/vx_math -I../../../../src/basic/vx_util -I../../../../src/libcode/vx_afm -I../../../../src/libcode/vx_analysis_util -I../../../../src/libcode/vx_color -I../../../../src/libcode/vx_data2d -I../../../../src/libcode/vx_data2d_factory -I../../../../src/libcode/vx_data2d_grib -I../../../../src/libcode/vx_data2d_grib2 -I../../../../src/libcode/vx_data2d_nccf -I../../../../src/libcode/vx_data2d_nc_met -I../../../../src/libcode/vx_data2d_nc_pinterp -I../../../../src/libcode/vx_data2d_python -I../../../../src/libcode/vx_python3_utils -I../../../../src/libcode/vx_geodesy -I../../../../src/libcode/vx_gis -I../../../../src/libcode/vx_gnomon -I../../../../src/libcode/vx_grid -I../../../../src/libcode/vx_gsl_prob -I../../../../src/libcode/vx_nav -I../../../../src/libcode/vx_nc_obs -I../../../../src/libcode/vx_nc_util -I../../../../src/libcode/vx_pb_util -I../../../../src/libcode/vx_plot_util -I../../../../src/libcode/vx_ps -I../../../../src/libcode/vx_pxm -I../../../../src/libcode/vx_render -I../../../../src/libcode/vx_regrid -I../../../../src/libcode/vx_shapedata -I../../../../src/libcode/vx_solar -I../../../../src/libcode/vx_statistics -I../../../../src/libcode/vx_stat_out -I../../../../src/libcode/vx_summary -I../../../../src/libcode/vx_time_series -I../../../../src/libcode/vx_series_data -I../../../../src/libcode/vx_tc_util -I/home/hank.fisher/MET/external_libs/include -I/home/hank.fisher/MET9_0_1_nopython/external_libs/include -I/home/hank.fisher/MET9_0_1_nopython/external_libs/include -I/home/hank.fisher/MET9_0_1_nopython/external_libs/include -I/home/hank.fisher/MET9_0_1_nopython/external_libs/include -I/home/hank.fisher/MET9_0_1_nopython/external_libs/include -I/home/hank.fisher/MET9_0_1_nopython/external_libs/include -DBLOCK4 -DWITH_GRIB2 -DMET_BASE="\"/home/hank.fisher/MET9_0_1_nopython/share/met\""  -g -MT stat_analysis-stat_analysis.o -MD -MP -MF .deps/stat_analysis-stat_analysis.Tpo -c -o stat_analysis-stat_analysis.o `test -f 'stat_analysis.cc' || echo './'`stat_analysis.cc
mv -f .deps/stat_analysis-stat_analysis.Tpo .deps/stat_analysis-stat_analysis.Po
/bin/g++ -DHAVE_CONFIG_H -I. -I../../../..  -I../../../../src/basic/vx_cal -I../../../../src/basic/vx_config -I../../../../src/basic/vx_log -I../../../../src/basic/vx_math -I../../../../src/basic/vx_util -I../../../../src/libcode/vx_afm -I../../../../src/libcode/vx_analysis_util -I../../../../src/libcode/vx_color -I../../../../src/libcode/vx_data2d -I../../../../src/libcode/vx_data2d_factory -I../../../../src/libcode/vx_data2d_grib -I../../../../src/libcode/vx_data2d_grib2 -I../../../../src/libcode/vx_data2d_nccf -I../../../../src/libcode/vx_data2d_nc_met -I../../../../src/libcode/vx_data2d_nc_pinterp -I../../../../src/libcode/vx_data2d_python -I../../../../src/libcode/vx_python3_utils -I../../../../src/libcode/vx_geodesy -I../../../../src/libcode/vx_gis -I../../../../src/libcode/vx_gnomon -I../../../../src/libcode/vx_grid -I../../../../src/libcode/vx_gsl_prob -I../../../../src/libcode/vx_nav -I../../../../src/libcode/vx_nc_obs -I../../../../src/libcode/vx_nc_util -I../../../../src/libcode/vx_pb_util -I../../../../src/libcode/vx_plot_util -I../../../../src/libcode/vx_ps -I../../../../src/libcode/vx_pxm -I../../../../src/libcode/vx_render -I../../../../src/libcode/vx_regrid -I../../../../src/libcode/vx_shapedata -I../../../../src/libcode/vx_solar -I../../../../src/libcode/vx_statistics -I../../../../src/libcode/vx_stat_out -I../../../../src/libcode/vx_summary -I../../../../src/libcode/vx_time_series -I../../../../src/libcode/vx_series_data -I../../../../src/libcode/vx_tc_util -I/home/hank.fisher/MET/external_libs/include -I/home/hank.fisher/MET9_0_1_nopython/external_libs/include -I/home/hank.fisher/MET9_0_1_nopython/external_libs/include -I/home/hank.fisher/MET9_0_1_nopython/external_libs/include -I/home/hank.fisher/MET9_0_1_nopython/external_libs/include -I/home/hank.fisher/MET9_0_1_nopython/external_libs/include -I/home/hank.fisher/MET9_0_1_nopython/external_libs/include -DBLOCK4 -DWITH_GRIB2 -DMET_BASE="\"/home/hank.fisher/MET9_0_1_nopython/share/met\""  -g -MT stat_analysis-aggr_stat_line.o -MD -MP -MF .deps/stat_analysis-aggr_stat_line.Tpo -c -o stat_analysis-aggr_stat_line.o `test -f 'aggr_stat_line.cc' || echo './'`aggr_stat_line.cc
mv -f .deps/stat_analysis-aggr_stat_line.Tpo .deps/stat_analysis-aggr_stat_line.Po
/bin/g++ -DHAVE_CONFIG_H -I. -I../../../..  -I../../../../src/basic/vx_cal -I../../../../src/basic/vx_config -I../../../../src/basic/vx_log -I../../../../src/basic/vx_math -I../../../../src/basic/vx_util -I../../../../src/libcode/vx_afm -I../../../../src/libcode/vx_analysis_util -I../../../../src/libcode/vx_color -I../../../../src/libcode/vx_data2d -I../../../../src/libcode/vx_data2d_factory -I../../../../src/libcode/vx_data2d_grib -I../../../../src/libcode/vx_data2d_grib2 -I../../../../src/libcode/vx_data2d_nccf -I../../../../src/libcode/vx_data2d_nc_met -I../../../../src/libcode/vx_data2d_nc_pinterp -I../../../../src/libcode/vx_data2d_python -I../../../../src/libcode/vx_python3_utils -I../../../../src/libcode/vx_geodesy -I../../../../src/libcode/vx_gis -I../../../../src/libcode/vx_gnomon -I../../../../src/libcode/vx_grid -I../../../../src/libcode/vx_gsl_prob -I../../../../src/libcode/vx_nav -I../../../../src/libcode/vx_nc_obs -I../../../../src/libcode/vx_nc_util -I../../../../src/libcode/vx_pb_util -I../../../../src/libcode/vx_plot_util -I../../../../src/libcode/vx_ps -I../../../../src/libcode/vx_pxm -I../../../../src/libcode/vx_render -I../../../../src/libcode/vx_regrid -I../../../../src/libcode/vx_shapedata -I../../../../src/libcode/vx_solar -I../../../../src/libcode/vx_statistics -I../../../../src/libcode/vx_stat_out -I../../../../src/libcode/vx_summary -I../../../../src/libcode/vx_time_series -I../../../../src/libcode/vx_series_data -I../../../../src/libcode/vx_tc_util -I/home/hank.fisher/MET/external_libs/include -I/home/hank.fisher/MET9_0_1_nopython/external_libs/include -I/home/hank.fisher/MET9_0_1_nopython/external_libs/include -I/home/hank.fisher/MET9_0_1_nopython/external_libs/include -I/home/hank.fisher/MET9_0_1_nopython/external_libs/include -I/home/hank.fisher/MET9_0_1_nopython/external_libs/include -I/home/hank.fisher/MET9_0_1_nopython/external_libs/include -DBLOCK4 -DWITH_GRIB2 -DMET_BASE="\"/home/hank.fisher/MET9_0_1_nopython/share/met\""  -g -MT stat_analysis-parse_stat_line.o -MD -MP -MF .deps/stat_analysis-parse_stat_line.Tpo -c -o stat_analysis-parse_stat_line.o `test -f 'parse_stat_line.cc' || echo './'`parse_stat_line.cc
mv -f .deps/stat_analysis-parse_stat_line.Tpo .deps/stat_analysis-parse_stat_line.Po
/bin/g++ -DHAVE_CONFIG_H -I. -I../../../..  -I../../../../src/basic/vx_cal -I../../../../src/basic/vx_config -I../../../../src/basic/vx_log -I../../../../src/basic/vx_math -I../../../../src/basic/vx_util -I../../../../src/libcode/vx_afm -I../../../../src/libcode/vx_analysis_util -I../../../../src/libcode/vx_color -I../../../../src/libcode/vx_data2d -I../../../../src/libcode/vx_data2d_factory -I../../../../src/libcode/vx_data2d_grib -I../../../../src/libcode/vx_data2d_grib2 -I../../../../src/libcode/vx_data2d_nccf -I../../../../src/libcode/vx_data2d_nc_met -I../../../../src/libcode/vx_data2d_nc_pinterp -I../../../../src/libcode/vx_data2d_python -I../../../../src/libcode/vx_python3_utils -I../../../../src/libcode/vx_geodesy -I../../../../src/libcode/vx_gis -I../../../../src/libcode/vx_gnomon -I../../../../src/libcode/vx_grid -I../../../../src/libcode/vx_gsl_prob -I../../../../src/libcode/vx_nav -I../../../../src/libcode/vx_nc_obs -I../../../../src/libcode/vx_nc_util -I../../../../src/libcode/vx_pb_util -I../../../../src/libcode/vx_plot_util -I../../../../src/libcode/vx_ps -I../../../../src/libcode/vx_pxm -I../../../../src/libcode/vx_render -I../../../../src/libcode/vx_regrid -I../../../../src/libcode/vx_shapedata -I../../../../src/libcode/vx_solar -I../../../../src/libcode/vx_statistics -I../../../../src/libcode/vx_stat_out -I../../../../src/libcode/vx_summary -I../../../../src/libcode/vx_time_series -I../../../../src/libcode/vx_series_data -I../../../../src/libcode/vx_tc_util -I/home/hank.fisher/MET/external_libs/include -I/home/hank.fisher/MET9_0_1_nopython/external_libs/include -I/home/hank.fisher/MET9_0_1_nopython/external_libs/include -I/home/hank.fisher/MET9_0_1_nopython/external_libs/include -I/home/hank.fisher/MET9_0_1_nopython/external_libs/include -I/home/hank.fisher/MET9_0_1_nopython/external_libs/include -I/home/hank.fisher/MET9_0_1_nopython/external_libs/include -DBLOCK4 -DWITH_GRIB2 -DMET_BASE="\"/home/hank.fisher/MET9_0_1_nopython/share/met\""  -g -MT stat_analysis-stat_analysis_job.o -MD -MP -MF .deps/stat_analysis-stat_analysis_job.Tpo -c -o stat_analysis-stat_analysis_job.o `test -f 'stat_analysis_job.cc' || echo './'`stat_analysis_job.cc
mv -f .deps/stat_analysis-stat_analysis_job.Tpo .deps/stat_analysis-stat_analysis_job.Po
/bin/g++  -g -L../../../../src/basic/vx_cal -L../../../../src/basic/vx_config -L../../../../src/basic/vx_log -L../../../../src/basic/vx_math -L../../../../src/basic/vx_util -L../../../../src/libcode/vx_afm -L../../../../src/libcode/vx_analysis_util -L../../../../src/libcode/vx_color -L../../../../src/libcode/vx_data2d -L../../../../src/libcode/vx_data2d_factory -L../../../../src/libcode/vx_data2d_grib -L../../../../src/libcode/vx_data2d_grib2 -L../../../../src/libcode/vx_data2d_nccf -L../../../../src/libcode/vx_data2d_nc_met -L../../../../src/libcode/vx_data2d_nc_pinterp -L../../../../src/libcode/vx_data2d_python -L../../../../src/libcode/vx_python3_utils -L../../../../src/libcode/vx_geodesy -L../../../../src/libcode/vx_gis -L../../../../src/libcode/vx_gnomon -L../../../../src/libcode/vx_grid -L../../../../src/libcode/vx_gsl_prob -L../../../../src/libcode/vx_nav -L../../../../src/libcode/vx_nc_obs -L../../../../src/libcode/vx_nc_util -L../../../../src/libcode/vx_pb_util -L../../../../src/libcode/vx_plot_util -L../../../../src/libcode/vx_ps -L../../../../src/libcode/vx_pxm -L../../../../src/libcode/vx_render -L../../../../src/libcode/vx_regrid -L../../../../src/libcode/vx_shapedata -L../../../../src/libcode/vx_solar -L../../../../src/libcode/vx_statistics -L../../../../src/libcode/vx_stat_out -L../../../../src/libcode/vx_summary -L../../../../src/libcode/vx_time_series -L../../../../src/libcode/vx_series_data -L../../../../src/libcode/vx_tc_util -Wl,--disable-new-dtags -Wl,-rpath,/home/hank.fisher/MET9_0_1_nopython/external_libs/lib:/home/hank.fisher/MET9_0_1_nopython/external_libs/lib:/home/hank.fisher/MET9_0_1_nopython/external_libs/lib:/home/hank.fisher/MET9_0_1_nopython/external_libs/lib::/lib -Wl,-rpath,:: -L -L/home/hank.fisher/MET9_0_1_nopython/external_libs/lib -L/home/hank.fisher/MET9_0_1_nopython/external_libs/lib -L/home/hank.fisher/MET9_0_1_nopython/external_libs/lib -L/home/hank.fisher/MET9_0_1_nopython/external_libs/lib -L/home/hank.fisher/MET9_0_1_nopython/external_libs/lib -L/home/hank.fisher/MET9_0_1_nopython/external_libs/lib -L/home/hank.fisher/MET9_0_1_nopython/external_libs/lib -L/home/hank.fisher/MET9_0_1_nopython/external_libs/lib  -o stat_analysis stat_analysis-stat_analysis.o stat_analysis-aggr_stat_line.o stat_analysis-parse_stat_line.o stat_analysis-stat_analysis_job.o  -lvx_stat_out -lvx_analysis_util -lvx_statistics -lvx_shapedata -lvx_gsl_prob -lvx_data2d_factory -lvx_data2d_nc_met -lvx_data2d_grib -lvx_data2d_grib2 -lgrib2c -ljasper -lpng -lz -lvx_data2d_nc_pinterp  -lvx_data2d_nccf -lvx_data2d -lvx_nc_util -lvx_regrid -lvx_grid -lvx_config -lvx_time_series -lvx_pb_util -lvx_cal -lvx_util -lvx_math -lvx_color -lvx_log -lvx_summary -lm -lnetcdf_c++4 -lnetcdf -lgsl -lgslcblas 
/home/hank.fisher/MET9_0_1_nopython/external_libs/lib/libjasper.a(jas_stream.o): In function `jas_stream_tmpfile':
/home/hank.fisher/MET9_0_1_nopython/external_libs/jasper/jasper-1.900.1/src/libjasper/base/jas_stream.c:368: warning: the use of `tmpnam' is dangerous, better use `mkstemp'
make[5]: Leaving directory `/home/hank.fisher/MET9_0_1_nopython/met-9.0.1/src/tools/core/stat_analysis'
Making all in wavelet_stat
make[5]: Entering directory `/home/hank.fisher/MET9_0_1_nopython/met-9.0.1/src/tools/core/wavelet_stat'
/bin/g++ -DHAVE_CONFIG_H -I. -I../../../..  -I../../../../src/basic/vx_cal -I../../../../src/basic/vx_config -I../../../../src/basic/vx_log -I../../../../src/basic/vx_math -I../../../../src/basic/vx_util -I../../../../src/libcode/vx_afm -I../../../../src/libcode/vx_analysis_util -I../../../../src/libcode/vx_color -I../../../../src/libcode/vx_data2d -I../../../../src/libcode/vx_data2d_factory -I../../../../src/libcode/vx_data2d_grib -I../../../../src/libcode/vx_data2d_grib2 -I../../../../src/libcode/vx_data2d_nccf -I../../../../src/libcode/vx_data2d_nc_met -I../../../../src/libcode/vx_data2d_nc_pinterp -I../../../../src/libcode/vx_data2d_python -I../../../../src/libcode/vx_python3_utils -I../../../../src/libcode/vx_geodesy -I../../../../src/libcode/vx_gis -I../../../../src/libcode/vx_gnomon -I../../../../src/libcode/vx_grid -I../../../../src/libcode/vx_gsl_prob -I../../../../src/libcode/vx_nav -I../../../../src/libcode/vx_nc_obs -I../../../../src/libcode/vx_nc_util -I../../../../src/libcode/vx_pb_util -I../../../../src/libcode/vx_plot_util -I../../../../src/libcode/vx_ps -I../../../../src/libcode/vx_pxm -I../../../../src/libcode/vx_render -I../../../../src/libcode/vx_regrid -I../../../../src/libcode/vx_shapedata -I../../../../src/libcode/vx_solar -I../../../../src/libcode/vx_statistics -I../../../../src/libcode/vx_stat_out -I../../../../src/libcode/vx_summary -I../../../../src/libcode/vx_time_series -I../../../../src/libcode/vx_series_data -I../../../../src/libcode/vx_tc_util -I/home/hank.fisher/MET/external_libs/include -I/home/hank.fisher/MET9_0_1_nopython/external_libs/include -I/home/hank.fisher/MET9_0_1_nopython/external_libs/include -I/home/hank.fisher/MET9_0_1_nopython/external_libs/include -I/home/hank.fisher/MET9_0_1_nopython/external_libs/include -I/home/hank.fisher/MET9_0_1_nopython/external_libs/include -I/home/hank.fisher/MET9_0_1_nopython/external_libs/include -DBLOCK4 -DWITH_GRIB2 -DMET_BASE="\"/home/hank.fisher/MET9_0_1_nopython/share/met\""  -g -MT wavelet_stat-wavelet_stat.o -MD -MP -MF .deps/wavelet_stat-wavelet_stat.Tpo -c -o wavelet_stat-wavelet_stat.o `test -f 'wavelet_stat.cc' || echo './'`wavelet_stat.cc
mv -f .deps/wavelet_stat-wavelet_stat.Tpo .deps/wavelet_stat-wavelet_stat.Po
/bin/g++ -DHAVE_CONFIG_H -I. -I../../../..  -I../../../../src/basic/vx_cal -I../../../../src/basic/vx_config -I../../../../src/basic/vx_log -I../../../../src/basic/vx_math -I../../../../src/basic/vx_util -I../../../../src/libcode/vx_afm -I../../../../src/libcode/vx_analysis_util -I../../../../src/libcode/vx_color -I../../../../src/libcode/vx_data2d -I../../../../src/libcode/vx_data2d_factory -I../../../../src/libcode/vx_data2d_grib -I../../../../src/libcode/vx_data2d_grib2 -I../../../../src/libcode/vx_data2d_nccf -I../../../../src/libcode/vx_data2d_nc_met -I../../../../src/libcode/vx_data2d_nc_pinterp -I../../../../src/libcode/vx_data2d_python -I../../../../src/libcode/vx_python3_utils -I../../../../src/libcode/vx_geodesy -I../../../../src/libcode/vx_gis -I../../../../src/libcode/vx_gnomon -I../../../../src/libcode/vx_grid -I../../../../src/libcode/vx_gsl_prob -I../../../../src/libcode/vx_nav -I../../../../src/libcode/vx_nc_obs -I../../../../src/libcode/vx_nc_util -I../../../../src/libcode/vx_pb_util -I../../../../src/libcode/vx_plot_util -I../../../../src/libcode/vx_ps -I../../../../src/libcode/vx_pxm -I../../../../src/libcode/vx_render -I../../../../src/libcode/vx_regrid -I../../../../src/libcode/vx_shapedata -I../../../../src/libcode/vx_solar -I../../../../src/libcode/vx_statistics -I../../../../src/libcode/vx_stat_out -I../../../../src/libcode/vx_summary -I../../../../src/libcode/vx_time_series -I../../../../src/libcode/vx_series_data -I../../../../src/libcode/vx_tc_util -I/home/hank.fisher/MET/external_libs/include -I/home/hank.fisher/MET9_0_1_nopython/external_libs/include -I/home/hank.fisher/MET9_0_1_nopython/external_libs/include -I/home/hank.fisher/MET9_0_1_nopython/external_libs/include -I/home/hank.fisher/MET9_0_1_nopython/external_libs/include -I/home/hank.fisher/MET9_0_1_nopython/external_libs/include -I/home/hank.fisher/MET9_0_1_nopython/external_libs/include -DBLOCK4 -DWITH_GRIB2 -DMET_BASE="\"/home/hank.fisher/MET9_0_1_nopython/share/met\""  -g -MT wavelet_stat-wavelet_stat_conf_info.o -MD -MP -MF .deps/wavelet_stat-wavelet_stat_conf_info.Tpo -c -o wavelet_stat-wavelet_stat_conf_info.o `test -f 'wavelet_stat_conf_info.cc' || echo './'`wavelet_stat_conf_info.cc
mv -f .deps/wavelet_stat-wavelet_stat_conf_info.Tpo .deps/wavelet_stat-wavelet_stat_conf_info.Po
/bin/g++  -g -L../../../../src/basic/vx_cal -L../../../../src/basic/vx_config -L../../../../src/basic/vx_log -L../../../../src/basic/vx_math -L../../../../src/basic/vx_util -L../../../../src/libcode/vx_afm -L../../../../src/libcode/vx_analysis_util -L../../../../src/libcode/vx_color -L../../../../src/libcode/vx_data2d -L../../../../src/libcode/vx_data2d_factory -L../../../../src/libcode/vx_data2d_grib -L../../../../src/libcode/vx_data2d_grib2 -L../../../../src/libcode/vx_data2d_nccf -L../../../../src/libcode/vx_data2d_nc_met -L../../../../src/libcode/vx_data2d_nc_pinterp -L../../../../src/libcode/vx_data2d_python -L../../../../src/libcode/vx_python3_utils -L../../../../src/libcode/vx_geodesy -L../../../../src/libcode/vx_gis -L../../../../src/libcode/vx_gnomon -L../../../../src/libcode/vx_grid -L../../../../src/libcode/vx_gsl_prob -L../../../../src/libcode/vx_nav -L../../../../src/libcode/vx_nc_obs -L../../../../src/libcode/vx_nc_util -L../../../../src/libcode/vx_pb_util -L../../../../src/libcode/vx_plot_util -L../../../../src/libcode/vx_ps -L../../../../src/libcode/vx_pxm -L../../../../src/libcode/vx_render -L../../../../src/libcode/vx_regrid -L../../../../src/libcode/vx_shapedata -L../../../../src/libcode/vx_solar -L../../../../src/libcode/vx_statistics -L../../../../src/libcode/vx_stat_out -L../../../../src/libcode/vx_summary -L../../../../src/libcode/vx_time_series -L../../../../src/libcode/vx_series_data -L../../../../src/libcode/vx_tc_util -Wl,--disable-new-dtags -Wl,-rpath,/home/hank.fisher/MET9_0_1_nopython/external_libs/lib:/home/hank.fisher/MET9_0_1_nopython/external_libs/lib:/home/hank.fisher/MET9_0_1_nopython/external_libs/lib:/home/hank.fisher/MET9_0_1_nopython/external_libs/lib::/lib -Wl,-rpath,:: -L -L/home/hank.fisher/MET9_0_1_nopython/external_libs/lib -L/home/hank.fisher/MET9_0_1_nopython/external_libs/lib -L/home/hank.fisher/MET9_0_1_nopython/external_libs/lib -L/home/hank.fisher/MET9_0_1_nopython/external_libs/lib -L/home/hank.fisher/MET9_0_1_nopython/external_libs/lib -L/home/hank.fisher/MET9_0_1_nopython/external_libs/lib -L/home/hank.fisher/MET9_0_1_nopython/external_libs/lib -L/home/hank.fisher/MET9_0_1_nopython/external_libs/lib -o wavelet_stat wavelet_stat-wavelet_stat.o wavelet_stat-wavelet_stat_conf_info.o -lvx_pxm -lvx_plot_util -lvx_nav -lvx_render -lvx_ps -lvx_afm -lvx_stat_out -lvx_statistics -lvx_shapedata -lvx_gsl_prob -lvx_analysis_util -lvx_data2d_factory -lvx_data2d_nc_met -lvx_data2d_grib -lvx_data2d_grib2 -lgrib2c -ljasper -lpng -lz -lvx_data2d_nc_pinterp  -lvx_data2d_nccf -lvx_data2d -lvx_nc_util -lvx_regrid -lvx_grid -lvx_config -lvx_cal -lvx_util -lvx_math -lvx_color -lvx_log -lm -lz -lnetcdf_c++4 -lnetcdf -lgsl -lgslcblas 
/home/hank.fisher/MET9_0_1_nopython/external_libs/lib/libjasper.a(jas_stream.o): In function `jas_stream_tmpfile':
/home/hank.fisher/MET9_0_1_nopython/external_libs/jasper/jasper-1.900.1/src/libjasper/base/jas_stream.c:368: warning: the use of `tmpnam' is dangerous, better use `mkstemp'
make[5]: Leaving directory `/home/hank.fisher/MET9_0_1_nopython/met-9.0.1/src/tools/core/wavelet_stat'
Making all in series_analysis
make[5]: Entering directory `/home/hank.fisher/MET9_0_1_nopython/met-9.0.1/src/tools/core/series_analysis'
/bin/g++ -DHAVE_CONFIG_H -I. -I../../../..  -I../../../../src/basic/vx_cal -I../../../../src/basic/vx_config -I../../../../src/basic/vx_log -I../../../../src/basic/vx_math -I../../../../src/basic/vx_util -I../../../../src/libcode/vx_afm -I../../../../src/libcode/vx_analysis_util -I../../../../src/libcode/vx_color -I../../../../src/libcode/vx_data2d -I../../../../src/libcode/vx_data2d_factory -I../../../../src/libcode/vx_data2d_grib -I../../../../src/libcode/vx_data2d_grib2 -I../../../../src/libcode/vx_data2d_nccf -I../../../../src/libcode/vx_data2d_nc_met -I../../../../src/libcode/vx_data2d_nc_pinterp -I../../../../src/libcode/vx_data2d_python -I../../../../src/libcode/vx_python3_utils -I../../../../src/libcode/vx_geodesy -I../../../../src/libcode/vx_gis -I../../../../src/libcode/vx_gnomon -I../../../../src/libcode/vx_grid -I../../../../src/libcode/vx_gsl_prob -I../../../../src/libcode/vx_nav -I../../../../src/libcode/vx_nc_obs -I../../../../src/libcode/vx_nc_util -I../../../../src/libcode/vx_pb_util -I../../../../src/libcode/vx_plot_util -I../../../../src/libcode/vx_ps -I../../../../src/libcode/vx_pxm -I../../../../src/libcode/vx_render -I../../../../src/libcode/vx_regrid -I../../../../src/libcode/vx_shapedata -I../../../../src/libcode/vx_solar -I../../../../src/libcode/vx_statistics -I../../../../src/libcode/vx_stat_out -I../../../../src/libcode/vx_summary -I../../../../src/libcode/vx_time_series -I../../../../src/libcode/vx_series_data -I../../../../src/libcode/vx_tc_util -I/home/hank.fisher/MET/external_libs/include -I/home/hank.fisher/MET9_0_1_nopython/external_libs/include -I/home/hank.fisher/MET9_0_1_nopython/external_libs/include -I/home/hank.fisher/MET9_0_1_nopython/external_libs/include -I/home/hank.fisher/MET9_0_1_nopython/external_libs/include -I/home/hank.fisher/MET9_0_1_nopython/external_libs/include -I/home/hank.fisher/MET9_0_1_nopython/external_libs/include -DBLOCK4 -DWITH_GRIB2 -DMET_BASE="\"/home/hank.fisher/MET9_0_1_nopython/share/met\""  -g -MT series_analysis-series_analysis.o -MD -MP -MF .deps/series_analysis-series_analysis.Tpo -c -o series_analysis-series_analysis.o `test -f 'series_analysis.cc' || echo './'`series_analysis.cc
mv -f .deps/series_analysis-series_analysis.Tpo .deps/series_analysis-series_analysis.Po
/bin/g++ -DHAVE_CONFIG_H -I. -I../../../..  -I../../../../src/basic/vx_cal -I../../../../src/basic/vx_config -I../../../../src/basic/vx_log -I../../../../src/basic/vx_math -I../../../../src/basic/vx_util -I../../../../src/libcode/vx_afm -I../../../../src/libcode/vx_analysis_util -I../../../../src/libcode/vx_color -I../../../../src/libcode/vx_data2d -I../../../../src/libcode/vx_data2d_factory -I../../../../src/libcode/vx_data2d_grib -I../../../../src/libcode/vx_data2d_grib2 -I../../../../src/libcode/vx_data2d_nccf -I../../../../src/libcode/vx_data2d_nc_met -I../../../../src/libcode/vx_data2d_nc_pinterp -I../../../../src/libcode/vx_data2d_python -I../../../../src/libcode/vx_python3_utils -I../../../../src/libcode/vx_geodesy -I../../../../src/libcode/vx_gis -I../../../../src/libcode/vx_gnomon -I../../../../src/libcode/vx_grid -I../../../../src/libcode/vx_gsl_prob -I../../../../src/libcode/vx_nav -I../../../../src/libcode/vx_nc_obs -I../../../../src/libcode/vx_nc_util -I../../../../src/libcode/vx_pb_util -I../../../../src/libcode/vx_plot_util -I../../../../src/libcode/vx_ps -I../../../../src/libcode/vx_pxm -I../../../../src/libcode/vx_render -I../../../../src/libcode/vx_regrid -I../../../../src/libcode/vx_shapedata -I../../../../src/libcode/vx_solar -I../../../../src/libcode/vx_statistics -I../../../../src/libcode/vx_stat_out -I../../../../src/libcode/vx_summary -I../../../../src/libcode/vx_time_series -I../../../../src/libcode/vx_series_data -I../../../../src/libcode/vx_tc_util -I/home/hank.fisher/MET/external_libs/include -I/home/hank.fisher/MET9_0_1_nopython/external_libs/include -I/home/hank.fisher/MET9_0_1_nopython/external_libs/include -I/home/hank.fisher/MET9_0_1_nopython/external_libs/include -I/home/hank.fisher/MET9_0_1_nopython/external_libs/include -I/home/hank.fisher/MET9_0_1_nopython/external_libs/include -I/home/hank.fisher/MET9_0_1_nopython/external_libs/include -DBLOCK4 -DWITH_GRIB2 -DMET_BASE="\"/home/hank.fisher/MET9_0_1_nopython/share/met\""  -g -MT series_analysis-series_analysis_conf_info.o -MD -MP -MF .deps/series_analysis-series_analysis_conf_info.Tpo -c -o series_analysis-series_analysis_conf_info.o `test -f 'series_analysis_conf_info.cc' || echo './'`series_analysis_conf_info.cc
mv -f .deps/series_analysis-series_analysis_conf_info.Tpo .deps/series_analysis-series_analysis_conf_info.Po
/bin/g++  -g -L../../../../src/basic/vx_cal -L../../../../src/basic/vx_config -L../../../../src/basic/vx_log -L../../../../src/basic/vx_math -L../../../../src/basic/vx_util -L../../../../src/libcode/vx_afm -L../../../../src/libcode/vx_analysis_util -L../../../../src/libcode/vx_color -L../../../../src/libcode/vx_data2d -L../../../../src/libcode/vx_data2d_factory -L../../../../src/libcode/vx_data2d_grib -L../../../../src/libcode/vx_data2d_grib2 -L../../../../src/libcode/vx_data2d_nccf -L../../../../src/libcode/vx_data2d_nc_met -L../../../../src/libcode/vx_data2d_nc_pinterp -L../../../../src/libcode/vx_data2d_python -L../../../../src/libcode/vx_python3_utils -L../../../../src/libcode/vx_geodesy -L../../../../src/libcode/vx_gis -L../../../../src/libcode/vx_gnomon -L../../../../src/libcode/vx_grid -L../../../../src/libcode/vx_gsl_prob -L../../../../src/libcode/vx_nav -L../../../../src/libcode/vx_nc_obs -L../../../../src/libcode/vx_nc_util -L../../../../src/libcode/vx_pb_util -L../../../../src/libcode/vx_plot_util -L../../../../src/libcode/vx_ps -L../../../../src/libcode/vx_pxm -L../../../../src/libcode/vx_render -L../../../../src/libcode/vx_regrid -L../../../../src/libcode/vx_shapedata -L../../../../src/libcode/vx_solar -L../../../../src/libcode/vx_statistics -L../../../../src/libcode/vx_stat_out -L../../../../src/libcode/vx_summary -L../../../../src/libcode/vx_time_series -L../../../../src/libcode/vx_series_data -L../../../../src/libcode/vx_tc_util -Wl,--disable-new-dtags -Wl,-rpath,/home/hank.fisher/MET9_0_1_nopython/external_libs/lib:/home/hank.fisher/MET9_0_1_nopython/external_libs/lib:/home/hank.fisher/MET9_0_1_nopython/external_libs/lib:/home/hank.fisher/MET9_0_1_nopython/external_libs/lib::/lib -Wl,-rpath,:: -L -L/home/hank.fisher/MET9_0_1_nopython/external_libs/lib -L/home/hank.fisher/MET9_0_1_nopython/external_libs/lib -L/home/hank.fisher/MET9_0_1_nopython/external_libs/lib -L/home/hank.fisher/MET9_0_1_nopython/external_libs/lib -L/home/hank.fisher/MET9_0_1_nopython/external_libs/lib -L/home/hank.fisher/MET9_0_1_nopython/external_libs/lib -L/home/hank.fisher/MET9_0_1_nopython/external_libs/lib -L/home/hank.fisher/MET9_0_1_nopython/external_libs/lib -o series_analysis series_analysis-series_analysis.o series_analysis-series_analysis_conf_info.o -lvx_stat_out -lvx_statistics -lvx_shapedata -lvx_gsl_prob -lvx_analysis_util -lvx_data2d_factory -lvx_data2d_nc_met -lvx_data2d_grib -lvx_data2d_grib2 -lgrib2c -ljasper -lpng -lz -lvx_data2d_nc_pinterp  -lvx_data2d_nccf -lvx_data2d -lvx_nc_util -lvx_regrid -lvx_grid -lvx_config -lvx_cal -lvx_util -lvx_math -lvx_color -lvx_log -lm -lnetcdf_c++4 -lnetcdf -lgsl -lgslcblas 
/home/hank.fisher/MET9_0_1_nopython/external_libs/lib/libjasper.a(jas_stream.o): In function `jas_stream_tmpfile':
/home/hank.fisher/MET9_0_1_nopython/external_libs/jasper/jasper-1.900.1/src/libjasper/base/jas_stream.c:368: warning: the use of `tmpnam' is dangerous, better use `mkstemp'
make[5]: Leaving directory `/home/hank.fisher/MET9_0_1_nopython/met-9.0.1/src/tools/core/series_analysis'
make[5]: Entering directory `/home/hank.fisher/MET9_0_1_nopython/met-9.0.1/src/tools/core'
make[5]: Nothing to be done for `all-am'.
make[5]: Leaving directory `/home/hank.fisher/MET9_0_1_nopython/met-9.0.1/src/tools/core'
make[4]: Leaving directory `/home/hank.fisher/MET9_0_1_nopython/met-9.0.1/src/tools/core'
Making all in other
make[4]: Entering directory `/home/hank.fisher/MET9_0_1_nopython/met-9.0.1/src/tools/other'
Making all in gis_utils
make[5]: Entering directory `/home/hank.fisher/MET9_0_1_nopython/met-9.0.1/src/tools/other/gis_utils'
/bin/g++ -DHAVE_CONFIG_H -I. -I../../../..  -I../../../../src/basic/vx_cal -I../../../../src/basic/vx_config -I../../../../src/basic/vx_log -I../../../../src/basic/vx_math -I../../../../src/basic/vx_util -I../../../../src/libcode/vx_afm -I../../../../src/libcode/vx_analysis_util -I../../../../src/libcode/vx_color -I../../../../src/libcode/vx_data2d -I../../../../src/libcode/vx_data2d_factory -I../../../../src/libcode/vx_data2d_grib -I../../../../src/libcode/vx_data2d_grib2 -I../../../../src/libcode/vx_data2d_nccf -I../../../../src/libcode/vx_data2d_nc_met -I../../../../src/libcode/vx_data2d_nc_pinterp -I../../../../src/libcode/vx_data2d_python -I../../../../src/libcode/vx_python3_utils -I../../../../src/libcode/vx_geodesy -I../../../../src/libcode/vx_gis -I../../../../src/libcode/vx_gnomon -I../../../../src/libcode/vx_grid -I../../../../src/libcode/vx_gsl_prob -I../../../../src/libcode/vx_nav -I../../../../src/libcode/vx_nc_obs -I../../../../src/libcode/vx_nc_util -I../../../../src/libcode/vx_pb_util -I../../../../src/libcode/vx_plot_util -I../../../../src/libcode/vx_ps -I../../../../src/libcode/vx_pxm -I../../../../src/libcode/vx_render -I../../../../src/libcode/vx_regrid -I../../../../src/libcode/vx_shapedata -I../../../../src/libcode/vx_solar -I../../../../src/libcode/vx_statistics -I../../../../src/libcode/vx_stat_out -I../../../../src/libcode/vx_summary -I../../../../src/libcode/vx_time_series -I../../../../src/libcode/vx_series_data -I../../../../src/libcode/vx_tc_util -I/home/hank.fisher/MET/external_libs/include -I/home/hank.fisher/MET9_0_1_nopython/external_libs/include -I/home/hank.fisher/MET9_0_1_nopython/external_libs/include -I/home/hank.fisher/MET9_0_1_nopython/external_libs/include -I/home/hank.fisher/MET9_0_1_nopython/external_libs/include -I/home/hank.fisher/MET9_0_1_nopython/external_libs/include -I/home/hank.fisher/MET9_0_1_nopython/external_libs/include -DBLOCK4 -DWITH_GRIB2 -DMET_BASE="\"/home/hank.fisher/MET9_0_1_nopython/share/met\""  -g -MT gis_dump_shp-gis_dump_shp.o -MD -MP -MF .deps/gis_dump_shp-gis_dump_shp.Tpo -c -o gis_dump_shp-gis_dump_shp.o `test -f 'gis_dump_shp.cc' || echo './'`gis_dump_shp.cc
mv -f .deps/gis_dump_shp-gis_dump_shp.Tpo .deps/gis_dump_shp-gis_dump_shp.Po
/bin/g++  -g -L../../../../src/basic/vx_cal -L../../../../src/basic/vx_config -L../../../../src/basic/vx_log -L../../../../src/basic/vx_math -L../../../../src/basic/vx_util -L../../../../src/libcode/vx_afm -L../../../../src/libcode/vx_analysis_util -L../../../../src/libcode/vx_color -L../../../../src/libcode/vx_data2d -L../../../../src/libcode/vx_data2d_factory -L../../../../src/libcode/vx_data2d_grib -L../../../../src/libcode/vx_data2d_grib2 -L../../../../src/libcode/vx_data2d_nccf -L../../../../src/libcode/vx_data2d_nc_met -L../../../../src/libcode/vx_data2d_nc_pinterp -L../../../../src/libcode/vx_data2d_python -L../../../../src/libcode/vx_python3_utils -L../../../../src/libcode/vx_geodesy -L../../../../src/libcode/vx_gis -L../../../../src/libcode/vx_gnomon -L../../../../src/libcode/vx_grid -L../../../../src/libcode/vx_gsl_prob -L../../../../src/libcode/vx_nav -L../../../../src/libcode/vx_nc_obs -L../../../../src/libcode/vx_nc_util -L../../../../src/libcode/vx_pb_util -L../../../../src/libcode/vx_plot_util -L../../../../src/libcode/vx_ps -L../../../../src/libcode/vx_pxm -L../../../../src/libcode/vx_render -L../../../../src/libcode/vx_regrid -L../../../../src/libcode/vx_shapedata -L../../../../src/libcode/vx_solar -L../../../../src/libcode/vx_statistics -L../../../../src/libcode/vx_stat_out -L../../../../src/libcode/vx_summary -L../../../../src/libcode/vx_time_series -L../../../../src/libcode/vx_series_data -L../../../../src/libcode/vx_tc_util -Wl,--disable-new-dtags -Wl,-rpath,/home/hank.fisher/MET9_0_1_nopython/external_libs/lib:/home/hank.fisher/MET9_0_1_nopython/external_libs/lib:/home/hank.fisher/MET9_0_1_nopython/external_libs/lib:/home/hank.fisher/MET9_0_1_nopython/external_libs/lib::/lib -Wl,-rpath,:: -L -L/home/hank.fisher/MET9_0_1_nopython/external_libs/lib -L/home/hank.fisher/MET9_0_1_nopython/external_libs/lib -L/home/hank.fisher/MET9_0_1_nopython/external_libs/lib -L/home/hank.fisher/MET9_0_1_nopython/external_libs/lib -L/home/hank.fisher/MET9_0_1_nopython/external_libs/lib -L/home/hank.fisher/MET9_0_1_nopython/external_libs/lib -L/home/hank.fisher/MET9_0_1_nopython/external_libs/lib -L/home/hank.fisher/MET9_0_1_nopython/external_libs/lib -o gis_dump_shp gis_dump_shp-gis_dump_shp.o -lvx_config -lvx_gis -lvx_util -lvx_cal -lvx_log -lm 
/bin/g++ -DHAVE_CONFIG_H -I. -I../../../..  -I../../../../src/basic/vx_cal -I../../../../src/basic/vx_config -I../../../../src/basic/vx_log -I../../../../src/basic/vx_math -I../../../../src/basic/vx_util -I../../../../src/libcode/vx_afm -I../../../../src/libcode/vx_analysis_util -I../../../../src/libcode/vx_color -I../../../../src/libcode/vx_data2d -I../../../../src/libcode/vx_data2d_factory -I../../../../src/libcode/vx_data2d_grib -I../../../../src/libcode/vx_data2d_grib2 -I../../../../src/libcode/vx_data2d_nccf -I../../../../src/libcode/vx_data2d_nc_met -I../../../../src/libcode/vx_data2d_nc_pinterp -I../../../../src/libcode/vx_data2d_python -I../../../../src/libcode/vx_python3_utils -I../../../../src/libcode/vx_geodesy -I../../../../src/libcode/vx_gis -I../../../../src/libcode/vx_gnomon -I../../../../src/libcode/vx_grid -I../../../../src/libcode/vx_gsl_prob -I../../../../src/libcode/vx_nav -I../../../../src/libcode/vx_nc_obs -I../../../../src/libcode/vx_nc_util -I../../../../src/libcode/vx_pb_util -I../../../../src/libcode/vx_plot_util -I../../../../src/libcode/vx_ps -I../../../../src/libcode/vx_pxm -I../../../../src/libcode/vx_render -I../../../../src/libcode/vx_regrid -I../../../../src/libcode/vx_shapedata -I../../../../src/libcode/vx_solar -I../../../../src/libcode/vx_statistics -I../../../../src/libcode/vx_stat_out -I../../../../src/libcode/vx_summary -I../../../../src/libcode/vx_time_series -I../../../../src/libcode/vx_series_data -I../../../../src/libcode/vx_tc_util -I/home/hank.fisher/MET/external_libs/include -I/home/hank.fisher/MET9_0_1_nopython/external_libs/include -I/home/hank.fisher/MET9_0_1_nopython/external_libs/include -I/home/hank.fisher/MET9_0_1_nopython/external_libs/include -I/home/hank.fisher/MET9_0_1_nopython/external_libs/include -I/home/hank.fisher/MET9_0_1_nopython/external_libs/include -I/home/hank.fisher/MET9_0_1_nopython/external_libs/include -DBLOCK4 -DWITH_GRIB2 -DMET_BASE="\"/home/hank.fisher/MET9_0_1_nopython/share/met\""  -g -MT gis_dump_shx-gis_dump_shx.o -MD -MP -MF .deps/gis_dump_shx-gis_dump_shx.Tpo -c -o gis_dump_shx-gis_dump_shx.o `test -f 'gis_dump_shx.cc' || echo './'`gis_dump_shx.cc
mv -f .deps/gis_dump_shx-gis_dump_shx.Tpo .deps/gis_dump_shx-gis_dump_shx.Po
/bin/g++  -g -L../../../../src/basic/vx_cal -L../../../../src/basic/vx_config -L../../../../src/basic/vx_log -L../../../../src/basic/vx_math -L../../../../src/basic/vx_util -L../../../../src/libcode/vx_afm -L../../../../src/libcode/vx_analysis_util -L../../../../src/libcode/vx_color -L../../../../src/libcode/vx_data2d -L../../../../src/libcode/vx_data2d_factory -L../../../../src/libcode/vx_data2d_grib -L../../../../src/libcode/vx_data2d_grib2 -L../../../../src/libcode/vx_data2d_nccf -L../../../../src/libcode/vx_data2d_nc_met -L../../../../src/libcode/vx_data2d_nc_pinterp -L../../../../src/libcode/vx_data2d_python -L../../../../src/libcode/vx_python3_utils -L../../../../src/libcode/vx_geodesy -L../../../../src/libcode/vx_gis -L../../../../src/libcode/vx_gnomon -L../../../../src/libcode/vx_grid -L../../../../src/libcode/vx_gsl_prob -L../../../../src/libcode/vx_nav -L../../../../src/libcode/vx_nc_obs -L../../../../src/libcode/vx_nc_util -L../../../../src/libcode/vx_pb_util -L../../../../src/libcode/vx_plot_util -L../../../../src/libcode/vx_ps -L../../../../src/libcode/vx_pxm -L../../../../src/libcode/vx_render -L../../../../src/libcode/vx_regrid -L../../../../src/libcode/vx_shapedata -L../../../../src/libcode/vx_solar -L../../../../src/libcode/vx_statistics -L../../../../src/libcode/vx_stat_out -L../../../../src/libcode/vx_summary -L../../../../src/libcode/vx_time_series -L../../../../src/libcode/vx_series_data -L../../../../src/libcode/vx_tc_util -Wl,--disable-new-dtags -Wl,-rpath,/home/hank.fisher/MET9_0_1_nopython/external_libs/lib:/home/hank.fisher/MET9_0_1_nopython/external_libs/lib:/home/hank.fisher/MET9_0_1_nopython/external_libs/lib:/home/hank.fisher/MET9_0_1_nopython/external_libs/lib::/lib -Wl,-rpath,:: -L -L/home/hank.fisher/MET9_0_1_nopython/external_libs/lib -L/home/hank.fisher/MET9_0_1_nopython/external_libs/lib -L/home/hank.fisher/MET9_0_1_nopython/external_libs/lib -L/home/hank.fisher/MET9_0_1_nopython/external_libs/lib -L/home/hank.fisher/MET9_0_1_nopython/external_libs/lib -L/home/hank.fisher/MET9_0_1_nopython/external_libs/lib -L/home/hank.fisher/MET9_0_1_nopython/external_libs/lib -L/home/hank.fisher/MET9_0_1_nopython/external_libs/lib -o gis_dump_shx gis_dump_shx-gis_dump_shx.o -lvx_config -lvx_gis -lvx_util -lvx_cal -lvx_log -lm 
/bin/g++ -DHAVE_CONFIG_H -I. -I../../../..  -I../../../../src/basic/vx_cal -I../../../../src/basic/vx_config -I../../../../src/basic/vx_log -I../../../../src/basic/vx_math -I../../../../src/basic/vx_util -I../../../../src/libcode/vx_afm -I../../../../src/libcode/vx_analysis_util -I../../../../src/libcode/vx_color -I../../../../src/libcode/vx_data2d -I../../../../src/libcode/vx_data2d_factory -I../../../../src/libcode/vx_data2d_grib -I../../../../src/libcode/vx_data2d_grib2 -I../../../../src/libcode/vx_data2d_nccf -I../../../../src/libcode/vx_data2d_nc_met -I../../../../src/libcode/vx_data2d_nc_pinterp -I../../../../src/libcode/vx_data2d_python -I../../../../src/libcode/vx_python3_utils -I../../../../src/libcode/vx_geodesy -I../../../../src/libcode/vx_gis -I../../../../src/libcode/vx_gnomon -I../../../../src/libcode/vx_grid -I../../../../src/libcode/vx_gsl_prob -I../../../../src/libcode/vx_nav -I../../../../src/libcode/vx_nc_obs -I../../../../src/libcode/vx_nc_util -I../../../../src/libcode/vx_pb_util -I../../../../src/libcode/vx_plot_util -I../../../../src/libcode/vx_ps -I../../../../src/libcode/vx_pxm -I../../../../src/libcode/vx_render -I../../../../src/libcode/vx_regrid -I../../../../src/libcode/vx_shapedata -I../../../../src/libcode/vx_solar -I../../../../src/libcode/vx_statistics -I../../../../src/libcode/vx_stat_out -I../../../../src/libcode/vx_summary -I../../../../src/libcode/vx_time_series -I../../../../src/libcode/vx_series_data -I../../../../src/libcode/vx_tc_util -I/home/hank.fisher/MET/external_libs/include -I/home/hank.fisher/MET9_0_1_nopython/external_libs/include -I/home/hank.fisher/MET9_0_1_nopython/external_libs/include -I/home/hank.fisher/MET9_0_1_nopython/external_libs/include -I/home/hank.fisher/MET9_0_1_nopython/external_libs/include -I/home/hank.fisher/MET9_0_1_nopython/external_libs/include -I/home/hank.fisher/MET9_0_1_nopython/external_libs/include -DBLOCK4 -DWITH_GRIB2 -DMET_BASE="\"/home/hank.fisher/MET9_0_1_nopython/share/met\""  -g -MT gis_dump_dbf-gis_dump_dbf.o -MD -MP -MF .deps/gis_dump_dbf-gis_dump_dbf.Tpo -c -o gis_dump_dbf-gis_dump_dbf.o `test -f 'gis_dump_dbf.cc' || echo './'`gis_dump_dbf.cc
mv -f .deps/gis_dump_dbf-gis_dump_dbf.Tpo .deps/gis_dump_dbf-gis_dump_dbf.Po
/bin/g++  -g -L../../../../src/basic/vx_cal -L../../../../src/basic/vx_config -L../../../../src/basic/vx_log -L../../../../src/basic/vx_math -L../../../../src/basic/vx_util -L../../../../src/libcode/vx_afm -L../../../../src/libcode/vx_analysis_util -L../../../../src/libcode/vx_color -L../../../../src/libcode/vx_data2d -L../../../../src/libcode/vx_data2d_factory -L../../../../src/libcode/vx_data2d_grib -L../../../../src/libcode/vx_data2d_grib2 -L../../../../src/libcode/vx_data2d_nccf -L../../../../src/libcode/vx_data2d_nc_met -L../../../../src/libcode/vx_data2d_nc_pinterp -L../../../../src/libcode/vx_data2d_python -L../../../../src/libcode/vx_python3_utils -L../../../../src/libcode/vx_geodesy -L../../../../src/libcode/vx_gis -L../../../../src/libcode/vx_gnomon -L../../../../src/libcode/vx_grid -L../../../../src/libcode/vx_gsl_prob -L../../../../src/libcode/vx_nav -L../../../../src/libcode/vx_nc_obs -L../../../../src/libcode/vx_nc_util -L../../../../src/libcode/vx_pb_util -L../../../../src/libcode/vx_plot_util -L../../../../src/libcode/vx_ps -L../../../../src/libcode/vx_pxm -L../../../../src/libcode/vx_render -L../../../../src/libcode/vx_regrid -L../../../../src/libcode/vx_shapedata -L../../../../src/libcode/vx_solar -L../../../../src/libcode/vx_statistics -L../../../../src/libcode/vx_stat_out -L../../../../src/libcode/vx_summary -L../../../../src/libcode/vx_time_series -L../../../../src/libcode/vx_series_data -L../../../../src/libcode/vx_tc_util -Wl,--disable-new-dtags -Wl,-rpath,/home/hank.fisher/MET9_0_1_nopython/external_libs/lib:/home/hank.fisher/MET9_0_1_nopython/external_libs/lib:/home/hank.fisher/MET9_0_1_nopython/external_libs/lib:/home/hank.fisher/MET9_0_1_nopython/external_libs/lib::/lib -Wl,-rpath,:: -L -L/home/hank.fisher/MET9_0_1_nopython/external_libs/lib -L/home/hank.fisher/MET9_0_1_nopython/external_libs/lib -L/home/hank.fisher/MET9_0_1_nopython/external_libs/lib -L/home/hank.fisher/MET9_0_1_nopython/external_libs/lib -L/home/hank.fisher/MET9_0_1_nopython/external_libs/lib -L/home/hank.fisher/MET9_0_1_nopython/external_libs/lib -L/home/hank.fisher/MET9_0_1_nopython/external_libs/lib -L/home/hank.fisher/MET9_0_1_nopython/external_libs/lib -o gis_dump_dbf gis_dump_dbf-gis_dump_dbf.o -lvx_config -lvx_gis -lvx_util -lvx_cal -lvx_log -lm 
make[5]: Leaving directory `/home/hank.fisher/MET9_0_1_nopython/met-9.0.1/src/tools/other/gis_utils'
Making all in gen_vx_mask
make[5]: Entering directory `/home/hank.fisher/MET9_0_1_nopython/met-9.0.1/src/tools/other/gen_vx_mask'
/bin/g++ -DHAVE_CONFIG_H -I. -I../../../..  -I../../../../src/basic/vx_cal -I../../../../src/basic/vx_config -I../../../../src/basic/vx_log -I../../../../src/basic/vx_math -I../../../../src/basic/vx_util -I../../../../src/libcode/vx_afm -I../../../../src/libcode/vx_analysis_util -I../../../../src/libcode/vx_color -I../../../../src/libcode/vx_data2d -I../../../../src/libcode/vx_data2d_factory -I../../../../src/libcode/vx_data2d_grib -I../../../../src/libcode/vx_data2d_grib2 -I../../../../src/libcode/vx_data2d_nccf -I../../../../src/libcode/vx_data2d_nc_met -I../../../../src/libcode/vx_data2d_nc_pinterp -I../../../../src/libcode/vx_data2d_python -I../../../../src/libcode/vx_python3_utils -I../../../../src/libcode/vx_geodesy -I../../../../src/libcode/vx_gis -I../../../../src/libcode/vx_gnomon -I../../../../src/libcode/vx_grid -I../../../../src/libcode/vx_gsl_prob -I../../../../src/libcode/vx_nav -I../../../../src/libcode/vx_nc_obs -I../../../../src/libcode/vx_nc_util -I../../../../src/libcode/vx_pb_util -I../../../../src/libcode/vx_plot_util -I../../../../src/libcode/vx_ps -I../../../../src/libcode/vx_pxm -I../../../../src/libcode/vx_render -I../../../../src/libcode/vx_regrid -I../../../../src/libcode/vx_shapedata -I../../../../src/libcode/vx_solar -I../../../../src/libcode/vx_statistics -I../../../../src/libcode/vx_stat_out -I../../../../src/libcode/vx_summary -I../../../../src/libcode/vx_time_series -I../../../../src/libcode/vx_series_data -I../../../../src/libcode/vx_tc_util -I/home/hank.fisher/MET/external_libs/include -I/home/hank.fisher/MET9_0_1_nopython/external_libs/include -I/home/hank.fisher/MET9_0_1_nopython/external_libs/include -I/home/hank.fisher/MET9_0_1_nopython/external_libs/include -I/home/hank.fisher/MET9_0_1_nopython/external_libs/include -I/home/hank.fisher/MET9_0_1_nopython/external_libs/include -I/home/hank.fisher/MET9_0_1_nopython/external_libs/include -DBLOCK4 -DWITH_GRIB2 -DMET_BASE="\"/home/hank.fisher/MET9_0_1_nopython/share/met\""  -g -MT gen_vx_mask-gen_vx_mask.o -MD -MP -MF .deps/gen_vx_mask-gen_vx_mask.Tpo -c -o gen_vx_mask-gen_vx_mask.o `test -f 'gen_vx_mask.cc' || echo './'`gen_vx_mask.cc
mv -f .deps/gen_vx_mask-gen_vx_mask.Tpo .deps/gen_vx_mask-gen_vx_mask.Po
/bin/g++ -DHAVE_CONFIG_H -I. -I../../../..  -I../../../../src/basic/vx_cal -I../../../../src/basic/vx_config -I../../../../src/basic/vx_log -I../../../../src/basic/vx_math -I../../../../src/basic/vx_util -I../../../../src/libcode/vx_afm -I../../../../src/libcode/vx_analysis_util -I../../../../src/libcode/vx_color -I../../../../src/libcode/vx_data2d -I../../../../src/libcode/vx_data2d_factory -I../../../../src/libcode/vx_data2d_grib -I../../../../src/libcode/vx_data2d_grib2 -I../../../../src/libcode/vx_data2d_nccf -I../../../../src/libcode/vx_data2d_nc_met -I../../../../src/libcode/vx_data2d_nc_pinterp -I../../../../src/libcode/vx_data2d_python -I../../../../src/libcode/vx_python3_utils -I../../../../src/libcode/vx_geodesy -I../../../../src/libcode/vx_gis -I../../../../src/libcode/vx_gnomon -I../../../../src/libcode/vx_grid -I../../../../src/libcode/vx_gsl_prob -I../../../../src/libcode/vx_nav -I../../../../src/libcode/vx_nc_obs -I../../../../src/libcode/vx_nc_util -I../../../../src/libcode/vx_pb_util -I../../../../src/libcode/vx_plot_util -I../../../../src/libcode/vx_ps -I../../../../src/libcode/vx_pxm -I../../../../src/libcode/vx_render -I../../../../src/libcode/vx_regrid -I../../../../src/libcode/vx_shapedata -I../../../../src/libcode/vx_solar -I../../../../src/libcode/vx_statistics -I../../../../src/libcode/vx_stat_out -I../../../../src/libcode/vx_summary -I../../../../src/libcode/vx_time_series -I../../../../src/libcode/vx_series_data -I../../../../src/libcode/vx_tc_util -I/home/hank.fisher/MET/external_libs/include -I/home/hank.fisher/MET9_0_1_nopython/external_libs/include -I/home/hank.fisher/MET9_0_1_nopython/external_libs/include -I/home/hank.fisher/MET9_0_1_nopython/external_libs/include -I/home/hank.fisher/MET9_0_1_nopython/external_libs/include -I/home/hank.fisher/MET9_0_1_nopython/external_libs/include -I/home/hank.fisher/MET9_0_1_nopython/external_libs/include -DBLOCK4 -DWITH_GRIB2 -DMET_BASE="\"/home/hank.fisher/MET9_0_1_nopython/share/met\""  -g -MT gen_vx_mask-grid_closed_poly.o -MD -MP -MF .deps/gen_vx_mask-grid_closed_poly.Tpo -c -o gen_vx_mask-grid_closed_poly.o `test -f 'grid_closed_poly.cc' || echo './'`grid_closed_poly.cc
mv -f .deps/gen_vx_mask-grid_closed_poly.Tpo .deps/gen_vx_mask-grid_closed_poly.Po
/bin/g++  -g -L../../../../src/basic/vx_cal -L../../../../src/basic/vx_config -L../../../../src/basic/vx_log -L../../../../src/basic/vx_math -L../../../../src/basic/vx_util -L../../../../src/libcode/vx_afm -L../../../../src/libcode/vx_analysis_util -L../../../../src/libcode/vx_color -L../../../../src/libcode/vx_data2d -L../../../../src/libcode/vx_data2d_factory -L../../../../src/libcode/vx_data2d_grib -L../../../../src/libcode/vx_data2d_grib2 -L../../../../src/libcode/vx_data2d_nccf -L../../../../src/libcode/vx_data2d_nc_met -L../../../../src/libcode/vx_data2d_nc_pinterp -L../../../../src/libcode/vx_data2d_python -L../../../../src/libcode/vx_python3_utils -L../../../../src/libcode/vx_geodesy -L../../../../src/libcode/vx_gis -L../../../../src/libcode/vx_gnomon -L../../../../src/libcode/vx_grid -L../../../../src/libcode/vx_gsl_prob -L../../../../src/libcode/vx_nav -L../../../../src/libcode/vx_nc_obs -L../../../../src/libcode/vx_nc_util -L../../../../src/libcode/vx_pb_util -L../../../../src/libcode/vx_plot_util -L../../../../src/libcode/vx_ps -L../../../../src/libcode/vx_pxm -L../../../../src/libcode/vx_render -L../../../../src/libcode/vx_regrid -L../../../../src/libcode/vx_shapedata -L../../../../src/libcode/vx_solar -L../../../../src/libcode/vx_statistics -L../../../../src/libcode/vx_stat_out -L../../../../src/libcode/vx_summary -L../../../../src/libcode/vx_time_series -L../../../../src/libcode/vx_series_data -L../../../../src/libcode/vx_tc_util -Wl,--disable-new-dtags -Wl,-rpath,/home/hank.fisher/MET9_0_1_nopython/external_libs/lib:/home/hank.fisher/MET9_0_1_nopython/external_libs/lib:/home/hank.fisher/MET9_0_1_nopython/external_libs/lib:/home/hank.fisher/MET9_0_1_nopython/external_libs/lib::/lib -Wl,-rpath,:: -L -L/home/hank.fisher/MET9_0_1_nopython/external_libs/lib -L/home/hank.fisher/MET9_0_1_nopython/external_libs/lib -L/home/hank.fisher/MET9_0_1_nopython/external_libs/lib -L/home/hank.fisher/MET9_0_1_nopython/external_libs/lib -L/home/hank.fisher/MET9_0_1_nopython/external_libs/lib -L/home/hank.fisher/MET9_0_1_nopython/external_libs/lib -L/home/hank.fisher/MET9_0_1_nopython/external_libs/lib -L/home/hank.fisher/MET9_0_1_nopython/external_libs/lib -o gen_vx_mask gen_vx_mask-gen_vx_mask.o gen_vx_mask-grid_closed_poly.o -lvx_shapedata -lvx_analysis_util -lvx_data2d_factory -lvx_data2d_nccf -lvx_data2d_grib -lvx_data2d_grib2 -lgrib2c -ljasper -lpng -lz -lvx_data2d_nc_met -lvx_data2d_nc_pinterp  -lvx_gis -lvx_nc_util -lvx_data2d -lvx_render -lvx_plot_util -lvx_pxm -lvx_color -lvx_ps -lvx_afm -lvx_pb_util -lvx_nav -lvx_gnomon -lvx_stat_out -lvx_statistics -lvx_gsl_prob -lvx_grid -lvx_config -lvx_gsl_prob -lvx_util -lvx_math -lvx_solar -lvx_cal -lvx_log -lm -lnetcdf_c++4 -lnetcdf -lgsl -lgslcblas 
/home/hank.fisher/MET9_0_1_nopython/external_libs/lib/libjasper.a(jas_stream.o): In function `jas_stream_tmpfile':
/home/hank.fisher/MET9_0_1_nopython/external_libs/jasper/jasper-1.900.1/src/libjasper/base/jas_stream.c:368: warning: the use of `tmpnam' is dangerous, better use `mkstemp'
make[5]: Leaving directory `/home/hank.fisher/MET9_0_1_nopython/met-9.0.1/src/tools/other/gen_vx_mask'
Making all in plot_data_plane
make[5]: Entering directory `/home/hank.fisher/MET9_0_1_nopython/met-9.0.1/src/tools/other/plot_data_plane'
/bin/g++ -DHAVE_CONFIG_H -I. -I../../../..  -I../../../../src/basic/vx_cal -I../../../../src/basic/vx_config -I../../../../src/basic/vx_log -I../../../../src/basic/vx_math -I../../../../src/basic/vx_util -I../../../../src/libcode/vx_afm -I../../../../src/libcode/vx_analysis_util -I../../../../src/libcode/vx_color -I../../../../src/libcode/vx_data2d -I../../../../src/libcode/vx_data2d_factory -I../../../../src/libcode/vx_data2d_grib -I../../../../src/libcode/vx_data2d_grib2 -I../../../../src/libcode/vx_data2d_nccf -I../../../../src/libcode/vx_data2d_nc_met -I../../../../src/libcode/vx_data2d_nc_pinterp -I../../../../src/libcode/vx_data2d_python -I../../../../src/libcode/vx_python3_utils -I../../../../src/libcode/vx_geodesy -I../../../../src/libcode/vx_gis -I../../../../src/libcode/vx_gnomon -I../../../../src/libcode/vx_grid -I../../../../src/libcode/vx_gsl_prob -I../../../../src/libcode/vx_nav -I../../../../src/libcode/vx_nc_obs -I../../../../src/libcode/vx_nc_util -I../../../../src/libcode/vx_pb_util -I../../../../src/libcode/vx_plot_util -I../../../../src/libcode/vx_ps -I../../../../src/libcode/vx_pxm -I../../../../src/libcode/vx_render -I../../../../src/libcode/vx_regrid -I../../../../src/libcode/vx_shapedata -I../../../../src/libcode/vx_solar -I../../../../src/libcode/vx_statistics -I../../../../src/libcode/vx_stat_out -I../../../../src/libcode/vx_summary -I../../../../src/libcode/vx_time_series -I../../../../src/libcode/vx_series_data -I../../../../src/libcode/vx_tc_util -I/home/hank.fisher/MET/external_libs/include -I/home/hank.fisher/MET9_0_1_nopython/external_libs/include -I/home/hank.fisher/MET9_0_1_nopython/external_libs/include -I/home/hank.fisher/MET9_0_1_nopython/external_libs/include -I/home/hank.fisher/MET9_0_1_nopython/external_libs/include -I/home/hank.fisher/MET9_0_1_nopython/external_libs/include -I/home/hank.fisher/MET9_0_1_nopython/external_libs/include -DBLOCK4 -DWITH_GRIB2 -DMET_BASE="\"/home/hank.fisher/MET9_0_1_nopython/share/met\""  -g -MT plot_data_plane-plot_data_plane.o -MD -MP -MF .deps/plot_data_plane-plot_data_plane.Tpo -c -o plot_data_plane-plot_data_plane.o `test -f 'plot_data_plane.cc' || echo './'`plot_data_plane.cc
mv -f .deps/plot_data_plane-plot_data_plane.Tpo .deps/plot_data_plane-plot_data_plane.Po
/bin/g++  -g -L../../../../src/basic/vx_cal -L../../../../src/basic/vx_config -L../../../../src/basic/vx_log -L../../../../src/basic/vx_math -L../../../../src/basic/vx_util -L../../../../src/libcode/vx_afm -L../../../../src/libcode/vx_analysis_util -L../../../../src/libcode/vx_color -L../../../../src/libcode/vx_data2d -L../../../../src/libcode/vx_data2d_factory -L../../../../src/libcode/vx_data2d_grib -L../../../../src/libcode/vx_data2d_grib2 -L../../../../src/libcode/vx_data2d_nccf -L../../../../src/libcode/vx_data2d_nc_met -L../../../../src/libcode/vx_data2d_nc_pinterp -L../../../../src/libcode/vx_data2d_python -L../../../../src/libcode/vx_python3_utils -L../../../../src/libcode/vx_geodesy -L../../../../src/libcode/vx_gis -L../../../../src/libcode/vx_gnomon -L../../../../src/libcode/vx_grid -L../../../../src/libcode/vx_gsl_prob -L../../../../src/libcode/vx_nav -L../../../../src/libcode/vx_nc_obs -L../../../../src/libcode/vx_nc_util -L../../../../src/libcode/vx_pb_util -L../../../../src/libcode/vx_plot_util -L../../../../src/libcode/vx_ps -L../../../../src/libcode/vx_pxm -L../../../../src/libcode/vx_render -L../../../../src/libcode/vx_regrid -L../../../../src/libcode/vx_shapedata -L../../../../src/libcode/vx_solar -L../../../../src/libcode/vx_statistics -L../../../../src/libcode/vx_stat_out -L../../../../src/libcode/vx_summary -L../../../../src/libcode/vx_time_series -L../../../../src/libcode/vx_series_data -L../../../../src/libcode/vx_tc_util -Wl,--disable-new-dtags -Wl,-rpath,/home/hank.fisher/MET9_0_1_nopython/external_libs/lib:/home/hank.fisher/MET9_0_1_nopython/external_libs/lib:/home/hank.fisher/MET9_0_1_nopython/external_libs/lib:/home/hank.fisher/MET9_0_1_nopython/external_libs/lib::/lib -Wl,-rpath,:: -L -L/home/hank.fisher/MET9_0_1_nopython/external_libs/lib -L/home/hank.fisher/MET9_0_1_nopython/external_libs/lib -L/home/hank.fisher/MET9_0_1_nopython/external_libs/lib -L/home/hank.fisher/MET9_0_1_nopython/external_libs/lib -L/home/hank.fisher/MET9_0_1_nopython/external_libs/lib -L/home/hank.fisher/MET9_0_1_nopython/external_libs/lib -L/home/hank.fisher/MET9_0_1_nopython/external_libs/lib -L/home/hank.fisher/MET9_0_1_nopython/external_libs/lib -o plot_data_plane plot_data_plane-plot_data_plane.o -lvx_data2d_factory -lvx_data2d_nc_met -lvx_data2d_grib -lvx_data2d_grib2 -lgrib2c -ljasper -lpng -lz -lvx_data2d_nc_pinterp  -lvx_data2d_nccf -lvx_nc_util -lvx_data2d -lvx_plot_util -lvx_render -lvx_pxm -lvx_color -lvx_ps -lvx_afm -lvx_nav -lvx_gnomon -lvx_grid -lvx_config -lvx_gsl_prob -lvx_util -lvx_math -lvx_cal -lvx_log -lm -lz -lnetcdf_c++4 -lnetcdf -lgsl -lgslcblas 
/home/hank.fisher/MET9_0_1_nopython/external_libs/lib/libjasper.a(jas_stream.o): In function `jas_stream_tmpfile':
/home/hank.fisher/MET9_0_1_nopython/external_libs/jasper/jasper-1.900.1/src/libjasper/base/jas_stream.c:368: warning: the use of `tmpnam' is dangerous, better use `mkstemp'
make[5]: Leaving directory `/home/hank.fisher/MET9_0_1_nopython/met-9.0.1/src/tools/other/plot_data_plane'
Making all in plot_point_obs
make[5]: Entering directory `/home/hank.fisher/MET9_0_1_nopython/met-9.0.1/src/tools/other/plot_point_obs'
/bin/g++ -DHAVE_CONFIG_H -I. -I../../../..  -I../../../../src/basic/vx_cal -I../../../../src/basic/vx_config -I../../../../src/basic/vx_log -I../../../../src/basic/vx_math -I../../../../src/basic/vx_util -I../../../../src/libcode/vx_afm -I../../../../src/libcode/vx_analysis_util -I../../../../src/libcode/vx_color -I../../../../src/libcode/vx_data2d -I../../../../src/libcode/vx_data2d_factory -I../../../../src/libcode/vx_data2d_grib -I../../../../src/libcode/vx_data2d_grib2 -I../../../../src/libcode/vx_data2d_nccf -I../../../../src/libcode/vx_data2d_nc_met -I../../../../src/libcode/vx_data2d_nc_pinterp -I../../../../src/libcode/vx_data2d_python -I../../../../src/libcode/vx_python3_utils -I../../../../src/libcode/vx_geodesy -I../../../../src/libcode/vx_gis -I../../../../src/libcode/vx_gnomon -I../../../../src/libcode/vx_grid -I../../../../src/libcode/vx_gsl_prob -I../../../../src/libcode/vx_nav -I../../../../src/libcode/vx_nc_obs -I../../../../src/libcode/vx_nc_util -I../../../../src/libcode/vx_pb_util -I../../../../src/libcode/vx_plot_util -I../../../../src/libcode/vx_ps -I../../../../src/libcode/vx_pxm -I../../../../src/libcode/vx_render -I../../../../src/libcode/vx_regrid -I../../../../src/libcode/vx_shapedata -I../../../../src/libcode/vx_solar -I../../../../src/libcode/vx_statistics -I../../../../src/libcode/vx_stat_out -I../../../../src/libcode/vx_summary -I../../../../src/libcode/vx_time_series -I../../../../src/libcode/vx_series_data -I../../../../src/libcode/vx_tc_util -I/home/hank.fisher/MET/external_libs/include -I/home/hank.fisher/MET9_0_1_nopython/external_libs/include -I/home/hank.fisher/MET9_0_1_nopython/external_libs/include -I/home/hank.fisher/MET9_0_1_nopython/external_libs/include -I/home/hank.fisher/MET9_0_1_nopython/external_libs/include -I/home/hank.fisher/MET9_0_1_nopython/external_libs/include -I/home/hank.fisher/MET9_0_1_nopython/external_libs/include -DBLOCK4 -DWITH_GRIB2 -DMET_BASE="\"/home/hank.fisher/MET9_0_1_nopython/share/met\""  -g -MT plot_point_obs-plot_point_obs.o -MD -MP -MF .deps/plot_point_obs-plot_point_obs.Tpo -c -o plot_point_obs-plot_point_obs.o `test -f 'plot_point_obs.cc' || echo './'`plot_point_obs.cc
mv -f .deps/plot_point_obs-plot_point_obs.Tpo .deps/plot_point_obs-plot_point_obs.Po
/bin/g++  -g -L../../../../src/basic/vx_cal -L../../../../src/basic/vx_config -L../../../../src/basic/vx_log -L../../../../src/basic/vx_math -L../../../../src/basic/vx_util -L../../../../src/libcode/vx_afm -L../../../../src/libcode/vx_analysis_util -L../../../../src/libcode/vx_color -L../../../../src/libcode/vx_data2d -L../../../../src/libcode/vx_data2d_factory -L../../../../src/libcode/vx_data2d_grib -L../../../../src/libcode/vx_data2d_grib2 -L../../../../src/libcode/vx_data2d_nccf -L../../../../src/libcode/vx_data2d_nc_met -L../../../../src/libcode/vx_data2d_nc_pinterp -L../../../../src/libcode/vx_data2d_python -L../../../../src/libcode/vx_python3_utils -L../../../../src/libcode/vx_geodesy -L../../../../src/libcode/vx_gis -L../../../../src/libcode/vx_gnomon -L../../../../src/libcode/vx_grid -L../../../../src/libcode/vx_gsl_prob -L../../../../src/libcode/vx_nav -L../../../../src/libcode/vx_nc_obs -L../../../../src/libcode/vx_nc_util -L../../../../src/libcode/vx_pb_util -L../../../../src/libcode/vx_plot_util -L../../../../src/libcode/vx_ps -L../../../../src/libcode/vx_pxm -L../../../../src/libcode/vx_render -L../../../../src/libcode/vx_regrid -L../../../../src/libcode/vx_shapedata -L../../../../src/libcode/vx_solar -L../../../../src/libcode/vx_statistics -L../../../../src/libcode/vx_stat_out -L../../../../src/libcode/vx_summary -L../../../../src/libcode/vx_time_series -L../../../../src/libcode/vx_series_data -L../../../../src/libcode/vx_tc_util -Wl,--disable-new-dtags -Wl,-rpath,/home/hank.fisher/MET9_0_1_nopython/external_libs/lib:/home/hank.fisher/MET9_0_1_nopython/external_libs/lib:/home/hank.fisher/MET9_0_1_nopython/external_libs/lib:/home/hank.fisher/MET9_0_1_nopython/external_libs/lib::/lib -Wl,-rpath,:: -L -L/home/hank.fisher/MET9_0_1_nopython/external_libs/lib -L/home/hank.fisher/MET9_0_1_nopython/external_libs/lib -L/home/hank.fisher/MET9_0_1_nopython/external_libs/lib -L/home/hank.fisher/MET9_0_1_nopython/external_libs/lib -L/home/hank.fisher/MET9_0_1_nopython/external_libs/lib -L/home/hank.fisher/MET9_0_1_nopython/external_libs/lib -L/home/hank.fisher/MET9_0_1_nopython/external_libs/lib -L/home/hank.fisher/MET9_0_1_nopython/external_libs/lib -o plot_point_obs plot_point_obs-plot_point_obs.o -lvx_data2d_factory -lvx_data2d_grib -lvx_data2d_grib2 -lgrib2c -ljasper -lpng -lz -lvx_data2d_nc_met -lvx_data2d_nc_pinterp  -lvx_data2d_nccf -lvx_nc_obs -lvx_nc_util -lvx_data2d -lvx_plot_util -lvx_pxm -lvx_color -lvx_ps -lvx_afm -lvx_render -lvx_pb_util -lvx_nav -lvx_gnomon -lvx_gsl_prob -lvx_grid -lvx_config -lvx_gsl_prob -lvx_cal -lvx_util -lvx_math -lvx_log -lm -lz -lnetcdf_c++4 -lnetcdf -lgsl -lgslcblas 
/home/hank.fisher/MET9_0_1_nopython/external_libs/lib/libjasper.a(jas_stream.o): In function `jas_stream_tmpfile':
/home/hank.fisher/MET9_0_1_nopython/external_libs/jasper/jasper-1.900.1/src/libjasper/base/jas_stream.c:368: warning: the use of `tmpnam' is dangerous, better use `mkstemp'
make[5]: Leaving directory `/home/hank.fisher/MET9_0_1_nopython/met-9.0.1/src/tools/other/plot_point_obs'
Making all in ascii2nc
make[5]: Entering directory `/home/hank.fisher/MET9_0_1_nopython/met-9.0.1/src/tools/other/ascii2nc'
/bin/g++ -DHAVE_CONFIG_H -I. -I../../../..  -I../../../../src/basic/vx_cal -I../../../../src/basic/vx_config -I../../../../src/basic/vx_log -I../../../../src/basic/vx_math -I../../../../src/basic/vx_util -I../../../../src/libcode/vx_afm -I../../../../src/libcode/vx_analysis_util -I../../../../src/libcode/vx_color -I../../../../src/libcode/vx_data2d -I../../../../src/libcode/vx_data2d_factory -I../../../../src/libcode/vx_data2d_grib -I../../../../src/libcode/vx_data2d_grib2 -I../../../../src/libcode/vx_data2d_nccf -I../../../../src/libcode/vx_data2d_nc_met -I../../../../src/libcode/vx_data2d_nc_pinterp -I../../../../src/libcode/vx_data2d_python -I../../../../src/libcode/vx_python3_utils -I../../../../src/libcode/vx_geodesy -I../../../../src/libcode/vx_gis -I../../../../src/libcode/vx_gnomon -I../../../../src/libcode/vx_grid -I../../../../src/libcode/vx_gsl_prob -I../../../../src/libcode/vx_nav -I../../../../src/libcode/vx_nc_obs -I../../../../src/libcode/vx_nc_util -I../../../../src/libcode/vx_pb_util -I../../../../src/libcode/vx_plot_util -I../../../../src/libcode/vx_ps -I../../../../src/libcode/vx_pxm -I../../../../src/libcode/vx_render -I../../../../src/libcode/vx_regrid -I../../../../src/libcode/vx_shapedata -I../../../../src/libcode/vx_solar -I../../../../src/libcode/vx_statistics -I../../../../src/libcode/vx_stat_out -I../../../../src/libcode/vx_summary -I../../../../src/libcode/vx_time_series -I../../../../src/libcode/vx_series_data -I../../../../src/libcode/vx_tc_util -I../../../basic/vx_log -I/home/hank.fisher/MET/external_libs/include -I/home/hank.fisher/MET9_0_1_nopython/external_libs/include -I/home/hank.fisher/MET9_0_1_nopython/external_libs/include -I/home/hank.fisher/MET9_0_1_nopython/external_libs/include -I/home/hank.fisher/MET9_0_1_nopython/external_libs/include -I/home/hank.fisher/MET9_0_1_nopython/external_libs/include -I/home/hank.fisher/MET9_0_1_nopython/external_libs/include -DBLOCK4 -DWITH_GRIB2 -DMET_BASE="\"/home/hank.fisher/MET9_0_1_nopython/share/met\""  -g -MT ascii2nc-ascii2nc.o -MD -MP -MF .deps/ascii2nc-ascii2nc.Tpo -c -o ascii2nc-ascii2nc.o `test -f 'ascii2nc.cc' || echo './'`ascii2nc.cc
In file included from ascii2nc.cc:76:0:
../../../../src/libcode/vx_data2d_python/global_python.h:21:20: fatal error: Python.h: No such file or directory
 #include "Python.h"
                    ^
compilation terminated.
make[5]: *** [ascii2nc-ascii2nc.o] Error 1
make[5]: Leaving directory `/home/hank.fisher/MET9_0_1_nopython/met-9.0.1/src/tools/other/ascii2nc'
make[4]: *** [all-recursive] Error 1
make[4]: Leaving directory `/home/hank.fisher/MET9_0_1_nopython/met-9.0.1/src/tools/other'
make[3]: *** [all-recursive] Error 1
make[3]: Leaving directory `/home/hank.fisher/MET9_0_1_nopython/met-9.0.1/src/tools'
make[2]: *** [all-recursive] Error 1
make[2]: Leaving directory `/home/hank.fisher/MET9_0_1_nopython/met-9.0.1/src'
make[1]: *** [all-recursive] Error 1
make[1]: Leaving directory `/home/hank.fisher/MET9_0_1_nopython/met-9.0.1'
make: *** [all] Error 2
